#! /c/Source/iverilog-install/bin/vvp
:ivl_version "14.0 (devel)";
:ivl_delay_selection "TYPICAL";
:vpi_time_precision - 12;
:vpi_module "C:\iverilog\lib\ivl\system.vpi";
:vpi_module "C:\iverilog\lib\ivl\vhdl_sys.vpi";
:vpi_module "C:\iverilog\lib\ivl\vhdl_textio.vpi";
:vpi_module "C:\iverilog\lib\ivl\v2005_math.vpi";
:vpi_module "C:\iverilog\lib\ivl\va_math.vpi";
S_000001C73D4D8AA0 .scope module, "tb_top" "tb_top" 2 40;
 .timescale -9 -12;
v000001C73D4A4510_0 .var "clk", 0 0;
L_000001C73D6200D0 .functor BUFT 1, C4<1>, C4<0>, C4<0>, C4<0>;
v000001C73D4A4150_0 .net "clk_en", 0 0, L_000001C73D6200D0;  1 drivers
v000001C73D4A3E30_0 .net "led", 0 0, v000001C73D4A46F0_0;  1 drivers
L_000001C73D620088 .functor BUFT 1, C4<1>, C4<0>, C4<0>, C4<0>;
v000001C73D4A4650_0 .net "led_en", 0 0, L_000001C73D620088;  1 drivers
v000001C73D4CCD90_0 .var "rst_n", 0 0;
v000001C73D4CD290_0 .net "spi_miso", 0 0, L_000001C73D53A810;  1 drivers
v000001C73D4CE050_0 .net "spi_miso_en", 0 0, L_000001C73D4CF260;  1 drivers
v000001C73D4CD6F0_0 .var "spi_mosi", 0 0;
v000001C73D4CC430_0 .var "spi_sck", 0 0;
v000001C73D4CD330_0 .var "spi_ss_n", 0 0;
S_000001C73D49A1E0 .scope module, "dut" "top" 2 81, 3 34 0, S_000001C73D4D8AA0;
 .timescale 0 0;
    .port_info 0 /INPUT 1 "clk";
    .port_info 1 /OUTPUT 1 "clk_en";
    .port_info 2 /INPUT 1 "rst_n";
    .port_info 3 /INPUT 1 "spi_ss_n";
    .port_info 4 /INPUT 1 "spi_sck";
    .port_info 5 /INPUT 1 "spi_mosi";
    .port_info 6 /OUTPUT 1 "spi_miso";
    .port_info 7 /OUTPUT 1 "spi_miso_en";
    .port_info 8 /OUTPUT 1 "led";
    .port_info 9 /OUTPUT 1 "led_en";
P_000001C73D4D8400 .param/l "CPHA" 1 3 107, C4<0>;
P_000001C73D4D8438 .param/l "CPOL" 1 3 106, C4<0>;
P_000001C73D4D8470 .param/l "LSB" 1 3 109, C4<0>;
P_000001C73D4D84A8 .param/l "WIDTH" 1 3 108, +C4<00000000000000000000000000001000>;
L_000001C73D4CF570 .functor NOT 1, L_000001C73D4CD3D0, C4<0>, C4<0>, C4<0>;
L_000001C73D4CEC40 .functor AND 1, L_000001C73D4CF570, L_000001C73D4CC2F0, C4<1>, C4<1>;
L_000001C73D4CED20 .functor NOT 1, L_000001C73D4CC570, C4<0>, C4<0>, C4<0>;
L_000001C73D4CF0A0 .functor AND 1, L_000001C73D4CDE70, L_000001C73D4CED20, C4<1>, C4<1>;
L_000001C73D4CEE00 .functor BUFZ 1, L_000001C73D4CEC40, C4<0>, C4<0>, C4<0>;
L_000001C73D4CEEE0 .functor BUFZ 1, L_000001C73D4CF0A0, C4<0>, C4<0>, C4<0>;
L_000001C73D620118 .functor BUFT 1, C4<1>, C4<0>, C4<0>, C4<0>;
L_000001C73D4CEF50 .functor AND 1, L_000001C73D620118, L_000001C73D53B990, C4<1>, C4<1>;
L_000001C73D4CF030 .functor NOT 1, L_000001C73D53A590, C4<0>, C4<0>, C4<0>;
L_000001C73D4CF110 .functor AND 1, L_000001C73D4CEF50, L_000001C73D4CF030, C4<1>, C4<1>;
L_000001C73D4CF180 .functor AND 1, L_000001C73D53BB70, L_000001C73D4CEEE0, C4<1>, C4<1>;
L_000001C73D4CF1F0 .functor OR 1, L_000001C73D4CF110, L_000001C73D4CF180, C4<0>, C4<0>;
L_000001C73D4CF260 .functor NOT 1, L_000001C73D53BE90, C4<0>, C4<0>, C4<0>;
v000001C73D4A4A10_0 .net *"_ivl_13", 0 0, L_000001C73D4CDE70;  1 drivers
v000001C73D4A3250_0 .net *"_ivl_15", 0 0, L_000001C73D4CC570;  1 drivers
v000001C73D4A32F0_0 .net *"_ivl_16", 0 0, L_000001C73D4CED20;  1 drivers
v000001C73D4A3430_0 .net/2u *"_ivl_24", 0 0, L_000001C73D620118;  1 drivers
v000001C73D4A4010_0 .net *"_ivl_27", 0 0, L_000001C73D53B990;  1 drivers
v000001C73D4A45B0_0 .net *"_ivl_28", 0 0, L_000001C73D4CEF50;  1 drivers
v000001C73D4A36B0_0 .net *"_ivl_31", 0 0, L_000001C73D53A590;  1 drivers
v000001C73D4A4790_0 .net *"_ivl_32", 0 0, L_000001C73D4CF030;  1 drivers
v000001C73D4A3390_0 .net *"_ivl_34", 0 0, L_000001C73D4CF110;  1 drivers
v000001C73D4A3D90_0 .net *"_ivl_36", 31 0, L_000001C73D53BAD0;  1 drivers
L_000001C73D620160 .functor BUFT 1, C4<0000000000000000000000000000>, C4<0>, C4<0>, C4<0>;
v000001C73D4A3750_0 .net *"_ivl_39", 27 0, L_000001C73D620160;  1 drivers
L_000001C73D6201A8 .functor BUFT 1, C4<00000000000000000000000000000000>, C4<0>, C4<0>, C4<0>;
v000001C73D4A2D50_0 .net/2u *"_ivl_40", 31 0, L_000001C73D6201A8;  1 drivers
v000001C73D4A3070_0 .net *"_ivl_42", 0 0, L_000001C73D53BB70;  1 drivers
v000001C73D4A3BB0_0 .net *"_ivl_44", 0 0, L_000001C73D4CF180;  1 drivers
v000001C73D4A2DF0_0 .net *"_ivl_5", 0 0, L_000001C73D4CD3D0;  1 drivers
v000001C73D4A3930_0 .net *"_ivl_51", 0 0, L_000001C73D53BE90;  1 drivers
v000001C73D4A4330_0 .net *"_ivl_6", 0 0, L_000001C73D4CF570;  1 drivers
v000001C73D4A3110_0 .net *"_ivl_9", 0 0, L_000001C73D4CC2F0;  1 drivers
v000001C73D4A37F0_0 .net "clk", 0 0, v000001C73D4A4510_0;  1 drivers
v000001C73D4A3570_0 .net "clk_en", 0 0, L_000001C73D6200D0;  alias, 1 drivers
v000001C73D4A46F0_0 .var "led", 0 0;
v000001C73D4A40B0_0 .net "led_en", 0 0, L_000001C73D620088;  alias, 1 drivers
v000001C73D4A4830_0 .net "o_tx_data_hold", 0 0, L_000001C73D4CF1F0;  1 drivers
v000001C73D4A3ED0_0 .var "r_miso_data", 7 0;
v000001C73D4A3A70_0 .var "r_mosi_sync", 2 0;
v000001C73D4A2E90_0 .var "r_sck_sync", 2 0;
v000001C73D4A3C50_0 .var "r_ss_n_sync", 2 0;
v000001C73D4A4B50_0 .var "r_transmision_count", 3 0;
v000001C73D4A48D0_0 .net "rst_n", 0 0, v000001C73D4CCD90_0;  1 drivers
v000001C73D4A3F70_0 .var "rx_data_wire", 7 0;
v000001C73D4A4970_0 .var "rx_valid_pulse", 0 0;
v000001C73D4A4BF0_0 .net "spi_miso", 0 0, L_000001C73D53A810;  alias, 1 drivers
v000001C73D4A43D0_0 .net "spi_miso_en", 0 0, L_000001C73D4CF260;  alias, 1 drivers
v000001C73D4A31B0_0 .net "spi_mosi", 0 0, v000001C73D4CD6F0_0;  1 drivers
v000001C73D4A2FD0_0 .net "spi_sck", 0 0, v000001C73D4CC430_0;  1 drivers
v000001C73D4A34D0_0 .net "spi_ss_n", 0 0, v000001C73D4CD330_0;  1 drivers
v000001C73D4A4AB0_0 .var "tx_data_reg", 7 0;
v000001C73D4A3610_0 .net "w_sck_edge", 0 0, L_000001C73D4CEE00;  1 drivers
v000001C73D4A3890_0 .net "w_sck_edge_op", 0 0, L_000001C73D4CEEE0;  1 drivers
v000001C73D4A39D0_0 .net "w_sck_f_edge", 0 0, L_000001C73D4CF0A0;  1 drivers
v000001C73D4A4290_0 .net "w_sck_r_edge", 0 0, L_000001C73D4CEC40;  1 drivers
E_000001C73D4E2020/0 .event negedge, v000001C73D4A48D0_0;
E_000001C73D4E2020/1 .event posedge, v000001C73D4A37F0_0;
E_000001C73D4E2020 .event/or E_000001C73D4E2020/0, E_000001C73D4E2020/1;
L_000001C73D4CD3D0 .part v000001C73D4A2E90_0, 2, 1;
L_000001C73D4CC2F0 .part v000001C73D4A2E90_0, 1, 1;
L_000001C73D4CDE70 .part v000001C73D4A2E90_0, 2, 1;
L_000001C73D4CC570 .part v000001C73D4A2E90_0, 1, 1;
L_000001C73D53B990 .part v000001C73D4A3C50_0, 2, 1;
L_000001C73D53A590 .part v000001C73D4A3C50_0, 1, 1;
L_000001C73D53BAD0 .concat [ 4 28 0 0], v000001C73D4A4B50_0, L_000001C73D620160;
L_000001C73D53BB70 .cmp/eq 32, L_000001C73D53BAD0, L_000001C73D6201A8;
L_000001C73D53A810 .part v000001C73D4A3ED0_0, 7, 1;
L_000001C73D53BE90 .part v000001C73D4A3C50_0, 2, 1;
S_000001C73D4DED00 .scope task, "spi_transfer" "spi_transfer" 2 327, 2 327 0, S_000001C73D4D8AA0;
 .timescale -9 -12;
v000001C73D4A3B10_0 .var/i "i", 31 0;
v000001C73D4A3CF0_0 .var "rx_byte", 7 0;
v000001C73D4A4470_0 .var "tx_byte", 7 0;
TD_tb_top.spi_transfer ;
    %pushi/vec4 0, 0, 8;
    %store/vec4 v000001C73D4A3CF0_0, 0, 8;
    %pushi/vec4 0, 0, 1;
    %store/vec4 v000001C73D4CD330_0, 0, 1;
    %delay 100000, 0;
    %pushi/vec4 7, 0, 32;
    %store/vec4 v000001C73D4A3B10_0, 0, 32;
T_0.0 ; Top of for-loop
    %load/vec4 v000001C73D4A3B10_0;
    %cmpi/s 0, 0, 32;
    %flag_inv 5; GE is !LT
	  %jmp/0xz T_0.1, 5;
    %load/vec4 v000001C73D4A4470_0;
    %load/vec4 v000001C73D4A3B10_0;
    %part/s 1;
    %store/vec4 v000001C73D4CD6F0_0, 0, 1;
    %delay 40000, 0;
    %pushi/vec4 1, 0, 1;
    %store/vec4 v000001C73D4CC430_0, 0, 1;
    %delay 40000, 0;
    %load/vec4 v000001C73D4CD290_0;
    %ix/getv/s 4, v000001C73D4A3B10_0;
    %store/vec4 v000001C73D4A3CF0_0, 4, 1;
    %pushi/vec4 0, 0, 1;
    %store/vec4 v000001C73D4CC430_0, 0, 1;
    %delay 40000, 0;
T_0.2 ; for-loop step statement
    %load/vec4 v000001C73D4A3B10_0;
    %subi 1, 0, 32;
    %store/vec4 v000001C73D4A3B10_0, 0, 32;
    %jmp T_0.0;
T_0.1 ; for-loop exit label
    %pushi/vec4 1, 0, 1;
    %store/vec4 v000001C73D4CD330_0, 0, 1;
    %pushi/vec4 0, 0, 1;
    %store/vec4 v000001C73D4CD6F0_0, 0, 1;
    %pushi/vec4 0, 0, 1;
    %store/vec4 v000001C73D4CC430_0, 0, 1;
    %delay 100000, 0;
    %vpi_call 2 416 "$display", "[SPI] TX = 0x%02h, RX = 0x%02h", v000001C73D4A4470_0, v000001C73D4A3CF0_0 {0 0 0};
    %end;
    .scope S_000001C73D49A1E0;
T_1 ;
    %wait E_000001C73D4E2020;
    %load/vec4 v000001C73D4A48D0_0;
    %nor/r;
    %flag_set/vec4 8;
    %jmp/0xz  T_1.0, 8;
    %pushi/vec4 7, 0, 3;
    %assign/vec4 v000001C73D4A3C50_0, 0;
    %jmp T_1.1;
T_1.0 ;
    %load/vec4 v000001C73D4A3C50_0;
    %parti/s 2, 0, 2;
    %load/vec4 v000001C73D4A34D0_0;
    %concat/vec4; draw_concat_vec4
    %assign/vec4 v000001C73D4A3C50_0, 0;
T_1.1 ;
    %jmp T_1;
    .thread T_1;
    .scope S_000001C73D49A1E0;
T_2 ;
    %wait E_000001C73D4E2020;
    %load/vec4 v000001C73D4A48D0_0;
    %nor/r;
    %flag_set/vec4 8;
    %jmp/0xz  T_2.0, 8;
    %pushi/vec4 0, 0, 3;
    %assign/vec4 v000001C73D4A2E90_0, 0;
    %jmp T_2.1;
T_2.0 ;
    %load/vec4 v000001C73D4A2E90_0;
    %parti/s 2, 0, 2;
    %load/vec4 v000001C73D4A2FD0_0;
    %concat/vec4; draw_concat_vec4
    %assign/vec4 v000001C73D4A2E90_0, 0;
T_2.1 ;
    %jmp T_2;
    .thread T_2;
    .scope S_000001C73D49A1E0;
T_3 ;
    %wait E_000001C73D4E2020;
    %load/vec4 v000001C73D4A48D0_0;
    %nor/r;
    %flag_set/vec4 8;
    %jmp/0xz  T_3.0, 8;
    %pushi/vec4 0, 0, 3;
    %assign/vec4 v000001C73D4A3A70_0, 0;
    %jmp T_3.1;
T_3.0 ;
    %load/vec4 v000001C73D4A3A70_0;
    %parti/s 2, 0, 2;
    %load/vec4 v000001C73D4A31B0_0;
    %concat/vec4; draw_concat_vec4
    %assign/vec4 v000001C73D4A3A70_0, 0;
T_3.1 ;
    %jmp T_3;
    .thread T_3;
    .scope S_000001C73D49A1E0;
T_4 ;
    %wait E_000001C73D4E2020;
    %load/vec4 v000001C73D4A48D0_0;
    %nor/r;
    %flag_set/vec4 8;
    %jmp/0xz  T_4.0, 8;
    %pushi/vec4 0, 0, 4;
    %assign/vec4 v000001C73D4A4B50_0, 0;
    %jmp T_4.1;
T_4.0 ;
    %load/vec4 v000001C73D4A3C50_0;
    %parti/s 1, 1, 2;
    %flag_set/vec4 8;
    %jmp/0xz  T_4.2, 8;
    %pushi/vec4 0, 0, 4;
    %assign/vec4 v000001C73D4A4B50_0, 0;
    %jmp T_4.3;
T_4.2 ;
    %load/vec4 v000001C73D4A3610_0;
    %flag_set/vec4 8;
    %jmp/0xz  T_4.4, 8;
    %load/vec4 v000001C73D4A4B50_0;
    %pad/u 32;
    %cmpi/e 7, 0, 32;
    %jmp/0xz  T_4.6, 4;
    %pushi/vec4 0, 0, 4;
    %assign/vec4 v000001C73D4A4B50_0, 0;
    %jmp T_4.7;
T_4.6 ;
    %load/vec4 v000001C73D4A4B50_0;
    %addi 1, 0, 4;
    %assign/vec4 v000001C73D4A4B50_0, 0;
T_4.7 ;
T_4.4 ;
T_4.3 ;
T_4.1 ;
    %jmp T_4;
    .thread T_4;
    .scope S_000001C73D49A1E0;
T_5 ;
    %wait E_000001C73D4E2020;
    %load/vec4 v000001C73D4A48D0_0;
    %nor/r;
    %flag_set/vec4 8;
    %jmp/0xz  T_5.0, 8;
    %pushi/vec4 0, 0, 8;
    %assign/vec4 v000001C73D4A3F70_0, 0;
    %jmp T_5.1;
T_5.0 ;
    %load/vec4 v000001C73D4A3610_0;
    %flag_set/vec4 8;
    %jmp/0xz  T_5.2, 8;
    %load/vec4 v000001C73D4A3F70_0;
    %parti/s 7, 0, 2;
    %load/vec4 v000001C73D4A3A70_0;
    %parti/s 1, 1, 2;
    %concat/vec4; draw_concat_vec4
    %assign/vec4 v000001C73D4A3F70_0, 0;
T_5.2 ;
T_5.1 ;
    %jmp T_5;
    .thread T_5;
    .scope S_000001C73D49A1E0;
T_6 ;
    %wait E_000001C73D4E2020;
    %load/vec4 v000001C73D4A48D0_0;
    %nor/r;
    %flag_set/vec4 8;
    %jmp/0xz  T_6.0, 8;
    %pushi/vec4 0, 0, 1;
    %assign/vec4 v000001C73D4A4970_0, 0;
    %jmp T_6.1;
T_6.0 ;
    %load/vec4 v000001C73D4A3C50_0;
    %parti/s 1, 1, 2;
    %flag_set/vec4 8;
    %jmp/0xz  T_6.2, 8;
    %pushi/vec4 0, 0, 1;
    %assign/vec4 v000001C73D4A4970_0, 0;
    %jmp T_6.3;
T_6.2 ;
    %load/vec4 v000001C73D4A4B50_0;
    %pad/u 32;
    %cmpi/e 0, 0, 32;
    %flag_get/vec4 4;
    %jmp/0 T_6.6, 4;
    %load/vec4 v000001C73D4A3610_0;
    %and;
T_6.6;
    %flag_set/vec4 8;
    %jmp/0xz  T_6.4, 8;
    %pushi/vec4 0, 0, 1;
    %assign/vec4 v000001C73D4A4970_0, 0;
    %jmp T_6.5;
T_6.4 ;
    %load/vec4 v000001C73D4A3610_0;
    %flag_set/vec4 9;
    %flag_get/vec4 9;
    %jmp/0 T_6.9, 9;
    %load/vec4 v000001C73D4A4B50_0;
    %pad/u 32;
    %pushi/vec4 7, 0, 32;
    %cmp/e;
    %flag_get/vec4 4;
    %and;
T_6.9;
    %flag_set/vec4 8;
    %jmp/0xz  T_6.7, 8;
    %pushi/vec4 1, 0, 1;
    %assign/vec4 v000001C73D4A4970_0, 0;
    %jmp T_6.8;
T_6.7 ;
    %pushi/vec4 0, 0, 1;
    %assign/vec4 v000001C73D4A4970_0, 0;
T_6.8 ;
T_6.5 ;
T_6.3 ;
T_6.1 ;
    %jmp T_6;
    .thread T_6;
    .scope S_000001C73D49A1E0;
T_7 ;
    %wait E_000001C73D4E2020;
    %load/vec4 v000001C73D4A48D0_0;
    %nor/r;
    %flag_set/vec4 8;
    %jmp/0xz  T_7.0, 8;
    %pushi/vec4 0, 0, 8;
    %assign/vec4 v000001C73D4A4AB0_0, 0;
    %jmp T_7.1;
T_7.0 ;
    %load/vec4 v000001C73D4A4970_0;
    %flag_set/vec4 8;
    %jmp/0xz  T_7.2, 8;
    %load/vec4 v000001C73D4A3F70_0;
    %assign/vec4 v000001C73D4A4AB0_0, 0;
T_7.2 ;
T_7.1 ;
    %jmp T_7;
    .thread T_7;
    .scope S_000001C73D49A1E0;
T_8 ;
    %wait E_000001C73D4E2020;
    %load/vec4 v000001C73D4A48D0_0;
    %nor/r;
    %flag_set/vec4 8;
    %jmp/0xz  T_8.0, 8;
    %pushi/vec4 0, 0, 1;
    %assign/vec4 v000001C73D4A46F0_0, 0;
    %jmp T_8.1;
T_8.0 ;
    %load/vec4 v000001C73D4A4970_0;
    %flag_set/vec4 8;
    %jmp/0xz  T_8.2, 8;
    %load/vec4 v000001C73D4A3F70_0;
    %cmpi/e 171, 0, 8;
    %jmp/0xz  T_8.4, 4;
    %pushi/vec4 1, 0, 1;
    %assign/vec4 v000001C73D4A46F0_0, 0;
    %jmp T_8.5;
T_8.4 ;
    %load/vec4 v000001C73D4A3F70_0;
    %cmpi/e 255, 0, 8;
    %jmp/0xz  T_8.6, 4;
    %pushi/vec4 0, 0, 1;
    %assign/vec4 v000001C73D4A46F0_0, 0;
T_8.6 ;
T_8.5 ;
T_8.2 ;
T_8.1 ;
    %jmp T_8;
    .thread T_8;
    .scope S_000001C73D49A1E0;
T_9 ;
    %wait E_000001C73D4E2020;
    %load/vec4 v000001C73D4A48D0_0;
    %nor/r;
    %flag_set/vec4 8;
    %jmp/0xz  T_9.0, 8;
    %pushi/vec4 0, 0, 8;
    %assign/vec4 v000001C73D4A3ED0_0, 0;
    %jmp T_9.1;
T_9.0 ;
    %load/vec4 v000001C73D4A4830_0;
    %flag_set/vec4 8;
    %jmp/0xz  T_9.2, 8;
    %load/vec4 v000001C73D4A4AB0_0;
    %assign/vec4 v000001C73D4A3ED0_0, 0;
    %jmp T_9.3;
T_9.2 ;
    %load/vec4 v000001C73D4A3890_0;
    %flag_set/vec4 8;
    %jmp/0xz  T_9.4, 8;
    %load/vec4 v000001C73D4A3ED0_0;
    %ix/load 4, 1, 0;
    %flag_set/imm 4, 0;
    %shiftl 4;
    %assign/vec4 v000001C73D4A3ED0_0, 0;
T_9.4 ;
T_9.3 ;
T_9.1 ;
    %jmp T_9;
    .thread T_9;
    .scope S_000001C73D4D8AA0;
T_10 ;
    %pushi/vec4 0, 0, 1;
    %store/vec4 v000001C73D4A4510_0, 0, 1;
T_10.0 ;
    %delay 10000, 0;
    %load/vec4 v000001C73D4A4510_0;
    %inv;
    %store/vec4 v000001C73D4A4510_0, 0, 1;
    %jmp T_10.0;
T_10.1 ;
    %end;
    .thread T_10;
    .scope S_000001C73D4D8AA0;
T_11 ;
    %pushi/vec4 0, 0, 1;
    %store/vec4 v000001C73D4CCD90_0, 0, 1;
    %pushi/vec4 1, 0, 1;
    %store/vec4 v000001C73D4CD330_0, 0, 1;
    %pushi/vec4 0, 0, 1;
    %store/vec4 v000001C73D4CC430_0, 0, 1;
    %pushi/vec4 0, 0, 1;
    %store/vec4 v000001C73D4CD6F0_0, 0, 1;
    %vpi_call 2 140 "$display", "\000" {0 0 0};
    %vpi_call 2 141 "$display", "============================================================" {0 0 0};
    %vpi_call 2 142 "$display", "        SHRike Lite SPI TARGET TEST" {0 0 0};
    %vpi_call 2 143 "$display", "============================================================" {0 0 0};
    %vpi_call 2 144 "$display", "\000" {0 0 0};
    %vpi_call 2 146 "$display", "[TEST] Applying reset..." {0 0 0};
    %delay 100000, 0;
    %pushi/vec4 1, 0, 1;
    %store/vec4 v000001C73D4CCD90_0, 0, 1;
    %vpi_call 2 152 "$display", "[TEST] Reset released." {0 0 0};
    %delay 200000, 0;
    %load/vec4 v000001C73D4A4150_0;
    %cmpi/ne 1, 0, 1;
    %jmp/0xz  T_11.0, 6;
    %vpi_call 2 163 "$display", "[FAIL] clk_en is not HIGH." {0 0 0};
    %jmp T_11.1;
T_11.0 ;
    %vpi_call 2 165 "$display", "[PASS] clk_en = 1." {0 0 0};
T_11.1 ;
    %load/vec4 v000001C73D4A4650_0;
    %cmpi/ne 1, 0, 1;
    %jmp/0xz  T_11.2, 6;
    %vpi_call 2 168 "$display", "[FAIL] led_en is not HIGH." {0 0 0};
    %jmp T_11.3;
T_11.2 ;
    %vpi_call 2 170 "$display", "[PASS] led_en = 1." {0 0 0};
T_11.3 ;
    %load/vec4 v000001C73D4A3E30_0;
    %cmpi/ne 0, 0, 1;
    %jmp/0xz  T_11.4, 6;
    %vpi_call 2 173 "$display", "[FAIL] LED is not OFF after reset." {0 0 0};
    %jmp T_11.5;
T_11.4 ;
    %vpi_call 2 175 "$display", "[PASS] LED is OFF after reset." {0 0 0};
T_11.5 ;
    %vpi_call 2 185 "$display", "\000" {0 0 0};
    %vpi_call 2 186 "$display", "------------------------------------------------------------" {0 0 0};
    %vpi_call 2 187 "$display", "TEST 1 : Send 0xAB" {0 0 0};
    %vpi_call 2 188 "$display", "Expected : LED ON" {0 0 0};
    %vpi_call 2 189 "$display", "------------------------------------------------------------" {0 0 0};
    %pushi/vec4 171, 0, 8;
    %store/vec4 v000001C73D4A4470_0, 0, 8;
    %fork TD_tb_top.spi_transfer, S_000001C73D4DED00;
    %join;
    %delay 200000, 0;
    %load/vec4 v000001C73D4A3E30_0;
    %cmpi/e 1, 0, 1;
    %jmp/0xz  T_11.6, 6;
    %vpi_call 2 197 "$display", "[PASS] 0xAB correctly turned LED ON." {0 0 0};
    %jmp T_11.7;
T_11.6 ;
    %vpi_call 2 199 "$display", "[FAIL] 0xAB did not turn LED ON." {0 0 0};
T_11.7 ;
    %vpi_call 2 209 "$display", "\000" {0 0 0};
    %vpi_call 2 210 "$display", "------------------------------------------------------------" {0 0 0};
    %vpi_call 2 211 "$display", "TEST 2 : Send 0xFF" {0 0 0};
    %vpi_call 2 212 "$display", "Expected : LED OFF" {0 0 0};
    %vpi_call 2 213 "$display", "------------------------------------------------------------" {0 0 0};
    %pushi/vec4 255, 0, 8;
    %store/vec4 v000001C73D4A4470_0, 0, 8;
    %fork TD_tb_top.spi_transfer, S_000001C73D4DED00;
    %join;
    %delay 200000, 0;
    %load/vec4 v000001C73D4A3E30_0;
    %cmpi/e 0, 0, 1;
    %jmp/0xz  T_11.8, 6;
    %vpi_call 2 220 "$display", "[PASS] 0xFF correctly turned LED OFF." {0 0 0};
    %jmp T_11.9;
T_11.8 ;
    %vpi_call 2 222 "$display", "[FAIL] 0xFF did not turn LED OFF." {0 0 0};
T_11.9 ;
    %vpi_call 2 233 "$display", "\000" {0 0 0};
    %vpi_call 2 234 "$display", "------------------------------------------------------------" {0 0 0};
    %vpi_call 2 235 "$display", "TEST 3 : Send arbitrary data 0x55" {0 0 0};
    %vpi_call 2 236 "$display", "Expected : LED remains OFF" {0 0 0};
    %vpi_call 2 237 "$display", "------------------------------------------------------------" {0 0 0};
    %pushi/vec4 85, 0, 8;
    %store/vec4 v000001C73D4A4470_0, 0, 8;
    %fork TD_tb_top.spi_transfer, S_000001C73D4DED00;
    %join;
    %delay 200000, 0;
    %load/vec4 v000001C73D4A3E30_0;
    %cmpi/e 0, 0, 1;
    %jmp/0xz  T_11.10, 6;
    %vpi_call 2 244 "$display", "[PASS] Arbitrary data did not change LED." {0 0 0};
    %jmp T_11.11;
T_11.10 ;
    %vpi_call 2 246 "$display", "[FAIL] Arbitrary data unexpectedly changed LED." {0 0 0};
T_11.11 ;
    %vpi_call 2 257 "$display", "\000" {0 0 0};
    %vpi_call 2 258 "$display", "------------------------------------------------------------" {0 0 0};
    %vpi_call 2 259 "$display", "TEST 4 : Check MISO output enable" {0 0 0};
    %vpi_call 2 260 "$display", "------------------------------------------------------------" {0 0 0};
    %pushi/vec4 0, 0, 1;
    %store/vec4 v000001C73D4CD330_0, 0, 1;
    %delay 100000, 0;
    %load/vec4 v000001C73D4CE050_0;
    %cmpi/e 1, 0, 1;
    %jmp/0xz  T_11.12, 6;
    %vpi_call 2 269 "$display", "[PASS] MISO enabled when SS is LOW." {0 0 0};
    %jmp T_11.13;
T_11.12 ;
    %vpi_call 2 271 "$display", "[FAIL] MISO was not enabled when SS is LOW." {0 0 0};
T_11.13 ;
    %pushi/vec4 1, 0, 1;
    %store/vec4 v000001C73D4CD330_0, 0, 1;
    %delay 100000, 0;
    %load/vec4 v000001C73D4CE050_0;
    %cmpi/e 0, 0, 1;
    %jmp/0xz  T_11.14, 6;
    %vpi_call 2 280 "$display", "[PASS] MISO disabled when SS is HIGH." {0 0 0};
    %jmp T_11.15;
T_11.14 ;
    %vpi_call 2 282 "$display", "[FAIL] MISO remained enabled after SS HIGH." {0 0 0};
T_11.15 ;
    %vpi_call 2 289 "$display", "\000" {0 0 0};
    %vpi_call 2 290 "$display", "============================================================" {0 0 0};
    %vpi_call 2 291 "$display", "             TESTBENCH COMPLETE" {0 0 0};
    %vpi_call 2 292 "$display", "============================================================" {0 0 0};
    %vpi_call 2 293 "$display", "\000" {0 0 0};
    %delay 200000, 0;
    %vpi_call 2 297 "$finish" {0 0 0};
    %end;
    .thread T_11;
    .scope S_000001C73D4D8AA0;
T_12 ;
    %vpi_call 2 439 "$dumpfile", "tb_top.vcd" {0 0 0};
    %vpi_call 2 440 "$dumpvars", 32'sb00000000000000000000000000000000, S_000001C73D4D8AA0 {0 0 0};
    %end;
    .thread T_12;
# The file index is used to find the file name in the following table.
:file_names 4;
    "N/A";
    "<interactive>";
    "../../sim/spi_tb.vt";
    "../../src/top.v";
