#! /c/Source/iverilog-install/bin/vvp
:ivl_version "14.0 (devel)";
:ivl_delay_selection "TYPICAL";
:vpi_time_precision - 12;
:vpi_module "C:\iverilog\lib\ivl\system.vpi";
:vpi_module "C:\iverilog\lib\ivl\vhdl_sys.vpi";
:vpi_module "C:\iverilog\lib\ivl\vhdl_textio.vpi";
:vpi_module "C:\iverilog\lib\ivl\v2005_math.vpi";
:vpi_module "C:\iverilog\lib\ivl\va_math.vpi";
S_000001CDBF7AC6D0 .scope module, "top_tb" "top_tb" 2 3;
 .timescale -9 -12;
P_000001CDBF7AB980 .param/l "BAUD_RATE" 0 2 6, +C4<00000000000000011100001000000000>;
P_000001CDBF7AB9B8 .param/l "BIT_TIME_NS" 1 2 14, +C4<00000000000000000010000111101000>;
P_000001CDBF7AB9F0 .param/l "CLK" 0 2 5, +C4<00000010111110101111000010000000>;
P_000001CDBF7ABA28 .param/l "CLOCKS_PER_BIT" 1 2 13, +C4<00000000000000000000000110110010>;
v000001CDBF7D3060_0 .var "clk", 0 0;
v000001CDBF7D3100_0 .net "led", 0 0, L_000001CDBF7D1730;  1 drivers
v000001CDBF7D3380_0 .var "rst", 0 0;
v000001CDBF7D3420_0 .var "rx", 0 0;
S_000001CDBF7ABC20 .scope module, "dut" "top" 2 20, 3 1 0, S_000001CDBF7AC6D0;
 .timescale 0 0;
    .port_info 0 /INPUT 1 "rx";
    .port_info 1 /INPUT 1 "rst";
    .port_info 2 /INPUT 1 "clk";
    .port_info 3 /OUTPUT 1 "led";
P_000001CDBF7AEEE0 .param/l "BAUD_RATE" 0 3 3, +C4<00000000000000011100001000000000>;
P_000001CDBF7AEF18 .param/l "CLEANUP" 1 3 29, C4<100>;
P_000001CDBF7AEF50 .param/l "CLK" 0 3 2, +C4<00000010111110101111000010000000>;
P_000001CDBF7AEF88 .param/l "CLOCKS_PER_BIT" 1 3 20, C4<000000000110110010>;
P_000001CDBF7AEFC0 .param/l "HALF_BIT" 1 3 21, C4<000000000011011001>;
P_000001CDBF7AEFF8 .param/l "IDLE" 1 3 25, C4<000>;
P_000001CDBF7AF030 .param/l "RX_DATA_BITS" 1 3 27, C4<010>;
P_000001CDBF7AF068 .param/l "RX_START_BIT" 1 3 26, C4<001>;
P_000001CDBF7AF0A0 .param/l "RX_STOP_BIT" 1 3 28, C4<011>;
L_000001CDBF7D1730 .functor BUFZ 1, v000001CDBF7D3240_0, C4<0>, C4<0>, C4<0>;
L_000001CDBF7D0E70 .functor BUFZ 8, v000001CDBF7D37E0_0, C4<00000000>, C4<00000000>, C4<00000000>;
L_000001CDBF7D1490 .functor BUFZ 1, v000001CDBF7D2D40_0, C4<0>, C4<0>, C4<0>;
v000001CDBF7D31A0_0 .net "clk", 0 0, v000001CDBF7D3060_0;  1 drivers
v000001CDBF7D2A20_0 .net "data", 7 0, L_000001CDBF7D0E70;  1 drivers
v000001CDBF7D3560_0 .net "data_valid", 0 0, L_000001CDBF7D1490;  1 drivers
v000001CDBF7D2C00_0 .net "led", 0 0, L_000001CDBF7D1730;  alias, 1 drivers
v000001CDBF7D3240_0 .var "led_internal", 0 0;
v000001CDBF7D2CA0_0 .var "r_Bit_Index", 2 0;
v000001CDBF7D3740_0 .var "r_Clock_Count", 17 0;
v000001CDBF7D37E0_0 .var "r_RX_Byte", 7 0;
v000001CDBF7D2D40_0 .var "r_RX_DV", 0 0;
v000001CDBF7D2FC0_0 .var "r_SM_Main", 2 0;
v000001CDBF7D2AC0_0 .net "rst", 0 0, v000001CDBF7D3380_0;  1 drivers
v000001CDBF7D2B60_0 .net "rx", 0 0, v000001CDBF7D3420_0;  1 drivers
E_000001CDBF7ACE30 .event posedge, v000001CDBF7D31A0_0;
S_000001CDBF7AF0E0 .scope task, "uart_send_byte" "uart_send_byte" 2 47, 2 47 0, S_000001CDBF7AC6D0;
 .timescale -9 -12;
v000001CDBF7D2DE0_0 .var "data_byte", 7 0;
v000001CDBF7D2F20_0 .var/i "i", 31 0;
TD_top_tb.uart_send_byte ;
    %pushi/vec4 0, 0, 1;
    %store/vec4 v000001CDBF7D3420_0, 0, 1;
    %delay 8680000, 0;
    %pushi/vec4 0, 0, 32;
    %store/vec4 v000001CDBF7D2F20_0, 0, 32;
T_0.0 ; Top of for-loop
    %load/vec4 v000001CDBF7D2F20_0;
    %cmpi/s 8, 0, 32;
	  %jmp/0xz T_0.1, 5;
    %load/vec4 v000001CDBF7D2DE0_0;
    %load/vec4 v000001CDBF7D2F20_0;
    %part/s 1;
    %store/vec4 v000001CDBF7D3420_0, 0, 1;
    %delay 8680000, 0;
T_0.2 ; for-loop step statement
    %load/vec4 v000001CDBF7D2F20_0;
    %addi 1, 0, 32;
    %store/vec4 v000001CDBF7D2F20_0, 0, 32;
    %jmp T_0.0;
T_0.1 ; for-loop exit label
    %pushi/vec4 1, 0, 1;
    %store/vec4 v000001CDBF7D3420_0, 0, 1;
    %delay 8680000, 0;
    %delay 8680000, 0;
    %end;
    .scope S_000001CDBF7ABC20;
T_1 ;
    %wait E_000001CDBF7ACE30;
    %load/vec4 v000001CDBF7D2AC0_0;
    %flag_set/vec4 8;
    %jmp/0xz  T_1.0, 8;
    %pushi/vec4 0, 0, 18;
    %assign/vec4 v000001CDBF7D3740_0, 0;
    %pushi/vec4 0, 0, 3;
    %assign/vec4 v000001CDBF7D2CA0_0, 0;
    %pushi/vec4 0, 0, 8;
    %assign/vec4 v000001CDBF7D37E0_0, 0;
    %pushi/vec4 0, 0, 1;
    %assign/vec4 v000001CDBF7D2D40_0, 0;
    %pushi/vec4 0, 0, 3;
    %assign/vec4 v000001CDBF7D2FC0_0, 0;
    %jmp T_1.1;
T_1.0 ;
    %load/vec4 v000001CDBF7D2FC0_0;
    %dup/vec4;
    %pushi/vec4 0, 0, 3;
    %cmp/e;
    %jmp/1 T_1.2, 6;
    %dup/vec4;
    %pushi/vec4 1, 0, 3;
    %cmp/e;
    %jmp/1 T_1.3, 6;
    %dup/vec4;
    %pushi/vec4 2, 0, 3;
    %cmp/e;
    %jmp/1 T_1.4, 6;
    %dup/vec4;
    %pushi/vec4 3, 0, 3;
    %cmp/e;
    %jmp/1 T_1.5, 6;
    %dup/vec4;
    %pushi/vec4 4, 0, 3;
    %cmp/e;
    %jmp/1 T_1.6, 6;
    %pushi/vec4 0, 0, 18;
    %assign/vec4 v000001CDBF7D3740_0, 0;
    %pushi/vec4 0, 0, 3;
    %assign/vec4 v000001CDBF7D2CA0_0, 0;
    %pushi/vec4 0, 0, 1;
    %assign/vec4 v000001CDBF7D2D40_0, 0;
    %pushi/vec4 0, 0, 3;
    %assign/vec4 v000001CDBF7D2FC0_0, 0;
    %jmp T_1.8;
T_1.2 ;
    %pushi/vec4 0, 0, 1;
    %assign/vec4 v000001CDBF7D2D40_0, 0;
    %pushi/vec4 0, 0, 18;
    %assign/vec4 v000001CDBF7D3740_0, 0;
    %pushi/vec4 0, 0, 3;
    %assign/vec4 v000001CDBF7D2CA0_0, 0;
    %load/vec4 v000001CDBF7D2B60_0;
    %cmpi/e 0, 0, 1;
    %jmp/0xz  T_1.9, 4;
    %pushi/vec4 1, 0, 3;
    %assign/vec4 v000001CDBF7D2FC0_0, 0;
    %jmp T_1.10;
T_1.9 ;
    %pushi/vec4 0, 0, 3;
    %assign/vec4 v000001CDBF7D2FC0_0, 0;
T_1.10 ;
    %jmp T_1.8;
T_1.3 ;
    %load/vec4 v000001CDBF7D3740_0;
    %cmpi/e 217, 0, 18;
    %jmp/0xz  T_1.11, 4;
    %load/vec4 v000001CDBF7D2B60_0;
    %cmpi/e 0, 0, 1;
    %jmp/0xz  T_1.13, 4;
    %pushi/vec4 0, 0, 18;
    %assign/vec4 v000001CDBF7D3740_0, 0;
    %pushi/vec4 2, 0, 3;
    %assign/vec4 v000001CDBF7D2FC0_0, 0;
    %jmp T_1.14;
T_1.13 ;
    %pushi/vec4 0, 0, 3;
    %assign/vec4 v000001CDBF7D2FC0_0, 0;
T_1.14 ;
    %jmp T_1.12;
T_1.11 ;
    %load/vec4 v000001CDBF7D3740_0;
    %addi 1, 0, 18;
    %assign/vec4 v000001CDBF7D3740_0, 0;
T_1.12 ;
    %jmp T_1.8;
T_1.4 ;
    %load/vec4 v000001CDBF7D3740_0;
    %cmpi/u 433, 0, 18;
    %jmp/0xz  T_1.15, 5;
    %load/vec4 v000001CDBF7D3740_0;
    %addi 1, 0, 18;
    %assign/vec4 v000001CDBF7D3740_0, 0;
    %jmp T_1.16;
T_1.15 ;
    %pushi/vec4 0, 0, 18;
    %assign/vec4 v000001CDBF7D3740_0, 0;
    %load/vec4 v000001CDBF7D2B60_0;
    %ix/load 5, 0, 0;
    %ix/getv 4, v000001CDBF7D2CA0_0;
    %assign/vec4/off/d v000001CDBF7D37E0_0, 4, 5;
    %load/vec4 v000001CDBF7D2CA0_0;
    %cmpi/u 7, 0, 3;
    %jmp/0xz  T_1.17, 5;
    %load/vec4 v000001CDBF7D2CA0_0;
    %addi 1, 0, 3;
    %assign/vec4 v000001CDBF7D2CA0_0, 0;
    %jmp T_1.18;
T_1.17 ;
    %pushi/vec4 0, 0, 3;
    %assign/vec4 v000001CDBF7D2CA0_0, 0;
    %pushi/vec4 3, 0, 3;
    %assign/vec4 v000001CDBF7D2FC0_0, 0;
T_1.18 ;
T_1.16 ;
    %jmp T_1.8;
T_1.5 ;
    %load/vec4 v000001CDBF7D3740_0;
    %cmpi/u 433, 0, 18;
    %jmp/0xz  T_1.19, 5;
    %load/vec4 v000001CDBF7D3740_0;
    %addi 1, 0, 18;
    %assign/vec4 v000001CDBF7D3740_0, 0;
    %jmp T_1.20;
T_1.19 ;
    %pushi/vec4 1, 0, 1;
    %assign/vec4 v000001CDBF7D2D40_0, 0;
    %pushi/vec4 0, 0, 18;
    %assign/vec4 v000001CDBF7D3740_0, 0;
    %pushi/vec4 4, 0, 3;
    %assign/vec4 v000001CDBF7D2FC0_0, 0;
T_1.20 ;
    %jmp T_1.8;
T_1.6 ;
    %pushi/vec4 0, 0, 1;
    %assign/vec4 v000001CDBF7D2D40_0, 0;
    %pushi/vec4 0, 0, 3;
    %assign/vec4 v000001CDBF7D2FC0_0, 0;
    %jmp T_1.8;
T_1.8 ;
    %pop/vec4 1;
T_1.1 ;
    %jmp T_1;
    .thread T_1;
    .scope S_000001CDBF7ABC20;
T_2 ;
    %wait E_000001CDBF7ACE30;
    %load/vec4 v000001CDBF7D2AC0_0;
    %flag_set/vec4 8;
    %jmp/0xz  T_2.0, 8;
    %pushi/vec4 0, 0, 1;
    %assign/vec4 v000001CDBF7D3240_0, 0;
    %jmp T_2.1;
T_2.0 ;
    %load/vec4 v000001CDBF7D3560_0;
    %flag_set/vec4 8;
    %jmp/0xz  T_2.2, 8;
    %load/vec4 v000001CDBF7D2A20_0;
    %cmpi/e 171, 0, 8;
    %jmp/0xz  T_2.4, 4;
    %pushi/vec4 1, 0, 1;
    %assign/vec4 v000001CDBF7D3240_0, 0;
    %jmp T_2.5;
T_2.4 ;
    %load/vec4 v000001CDBF7D2A20_0;
    %cmpi/e 255, 0, 8;
    %jmp/0xz  T_2.6, 4;
    %pushi/vec4 0, 0, 1;
    %assign/vec4 v000001CDBF7D3240_0, 0;
T_2.6 ;
T_2.5 ;
T_2.2 ;
T_2.1 ;
    %jmp T_2;
    .thread T_2;
    .scope S_000001CDBF7AC6D0;
T_3 ;
    %vpi_call 2 31 "$dumpfile", "top_tb.fst" {0 0 0};
    %vpi_call 2 32 "$dumpvars", 32'sb00000000000000000000000000000000, S_000001CDBF7AC6D0 {0 0 0};
    %end;
    .thread T_3;
    .scope S_000001CDBF7AC6D0;
T_4 ;
    %pushi/vec4 0, 0, 1;
    %store/vec4 v000001CDBF7D3060_0, 0, 1;
T_4.0 ;
    %delay 10000, 0;
    %load/vec4 v000001CDBF7D3060_0;
    %inv;
    %store/vec4 v000001CDBF7D3060_0, 0, 1;
    %jmp T_4.0;
T_4.1 ;
    %end;
    .thread T_4;
    .scope S_000001CDBF7AC6D0;
T_5 ;
    %pushi/vec4 1, 0, 1;
    %store/vec4 v000001CDBF7D3420_0, 0, 1;
    %pushi/vec4 1, 0, 1;
    %store/vec4 v000001CDBF7D3380_0, 0, 1;
    %delay 200000, 0;
    %pushi/vec4 0, 0, 1;
    %store/vec4 v000001CDBF7D3380_0, 0, 1;
    %delay 200000, 0;
    %vpi_call 2 87 "$display", "Sending 0xAB..." {0 0 0};
    %pushi/vec4 171, 0, 8;
    %store/vec4 v000001CDBF7D2DE0_0, 0, 8;
    %fork TD_top_tb.uart_send_byte, S_000001CDBF7AF0E0;
    %join;
    %delay 1000000, 0;
    %load/vec4 v000001CDBF7D3100_0;
    %cmpi/e 1, 0, 1;
    %jmp/0xz  T_5.0, 6;
    %vpi_call 2 93 "$display", "TEST 1 PASS: LED ON" {0 0 0};
    %jmp T_5.1;
T_5.0 ;
    %vpi_call 2 95 "$display", "TEST 1 FAIL: LED should be ON" {0 0 0};
T_5.1 ;
    %vpi_call 2 98 "$display", "Sending 0xFF..." {0 0 0};
    %pushi/vec4 255, 0, 8;
    %store/vec4 v000001CDBF7D2DE0_0, 0, 8;
    %fork TD_top_tb.uart_send_byte, S_000001CDBF7AF0E0;
    %join;
    %delay 1000000, 0;
    %load/vec4 v000001CDBF7D3100_0;
    %cmpi/e 0, 0, 1;
    %jmp/0xz  T_5.2, 6;
    %vpi_call 2 104 "$display", "TEST 2 PASS: LED OFF" {0 0 0};
    %jmp T_5.3;
T_5.2 ;
    %vpi_call 2 106 "$display", "TEST 2 FAIL: LED should be OFF" {0 0 0};
T_5.3 ;
    %vpi_call 2 109 "$display", "Sending 0x55..." {0 0 0};
    %pushi/vec4 85, 0, 8;
    %store/vec4 v000001CDBF7D2DE0_0, 0, 8;
    %fork TD_top_tb.uart_send_byte, S_000001CDBF7AF0E0;
    %join;
    %delay 1000000, 0;
    %load/vec4 v000001CDBF7D3100_0;
    %cmpi/e 0, 0, 1;
    %jmp/0xz  T_5.4, 6;
    %vpi_call 2 115 "$display", "TEST 3 PASS: LED remains OFF" {0 0 0};
    %jmp T_5.5;
T_5.4 ;
    %vpi_call 2 117 "$display", "TEST 3 FAIL: LED changed unexpectedly" {0 0 0};
T_5.5 ;
    %delay 1000000, 0;
    %vpi_call 2 121 "$display", "Simulation completed." {0 0 0};
    %vpi_call 2 122 "$finish" {0 0 0};
    %end;
    .thread T_5;
# The file index is used to find the file name in the following table.
:file_names 4;
    "N/A";
    "<interactive>";
    "../../sim/tb_top_tb.vt";
    "../../src/top.v";
