#! /c/Source/iverilog-install/bin/vvp
:ivl_version "14.0 (devel)";
:ivl_delay_selection "TYPICAL";
:vpi_time_precision - 12;
:vpi_module "C:\iverilog\lib\ivl\system.vpi";
:vpi_module "C:\iverilog\lib\ivl\vhdl_sys.vpi";
:vpi_module "C:\iverilog\lib\ivl\vhdl_textio.vpi";
:vpi_module "C:\iverilog\lib\ivl\v2005_math.vpi";
:vpi_module "C:\iverilog\lib\ivl\va_math.vpi";
S_00000285144E4E40 .scope module, "tb_uart_rx" "tb_uart_rx" 2 3;
 .timescale -9 -12;
P_00000285144DBF50 .param/l "CLOCKS_PER_BIT" 1 2 7, +C4<00000000000000000000000000001010>;
P_00000285144DBF88 .param/l "TB_BAUD" 0 2 6, +C4<00000000000000000000000000001010>;
P_00000285144DBFC0 .param/l "TB_CLK" 0 2 5, +C4<00000000000000000000000001100100>;
v00000285144DDBF0_0 .var "clk", 0 0;
v00000285144DDD30_0 .net "o_RX_Byte", 7 0, L_00000285144FF830;  1 drivers
v00000285144DD830_0 .net "o_RX_DV", 0 0, L_00000285144FEFE0;  1 drivers
v00000285144DCED0_0 .var "rx", 0 0;
S_00000285144E5370 .scope task, "send_byte" "send_byte" 2 42, 2 42 0, S_00000285144E4E40;
 .timescale -9 -12;
v00000285144DDB50_0 .var "data", 7 0;
v00000285144DD330_0 .var/i "i", 31 0;
E_00000285144E17B0 .event posedge, v00000285144DCF70_0;
TD_tb_uart_rx.send_byte ;
    %pushi/vec4 0, 0, 1;
    %store/vec4 v00000285144DCED0_0, 0, 1;
    %pushi/vec4 10, 0, 32;
T_0.0 %dup/vec4;
    %cmpi/s 0, 0, 32;
    %jmp/1xz T_0.1, 5;
    %jmp/1 T_0.1, 4;
    %subi 1, 0, 32;
    %wait E_00000285144E17B0;
    %jmp T_0.0;
T_0.1 ;
    %pop/vec4 1;
    %pushi/vec4 0, 0, 32;
    %store/vec4 v00000285144DD330_0, 0, 32;
T_0.2 ; Top of for-loop
    %load/vec4 v00000285144DD330_0;
    %cmpi/s 8, 0, 32;
	  %jmp/0xz T_0.3, 5;
    %load/vec4 v00000285144DDB50_0;
    %load/vec4 v00000285144DD330_0;
    %part/s 1;
    %store/vec4 v00000285144DCED0_0, 0, 1;
    %pushi/vec4 10, 0, 32;
T_0.5 %dup/vec4;
    %cmpi/s 0, 0, 32;
    %jmp/1xz T_0.6, 5;
    %jmp/1 T_0.6, 4;
    %subi 1, 0, 32;
    %wait E_00000285144E17B0;
    %jmp T_0.5;
T_0.6 ;
    %pop/vec4 1;
T_0.4 ; for-loop step statement
    %load/vec4 v00000285144DD330_0;
    %addi 1, 0, 32;
    %store/vec4 v00000285144DD330_0, 0, 32;
    %jmp T_0.2;
T_0.3 ; for-loop exit label
    %pushi/vec4 1, 0, 1;
    %store/vec4 v00000285144DCED0_0, 0, 1;
    %pushi/vec4 10, 0, 32;
T_0.7 %dup/vec4;
    %cmpi/s 0, 0, 32;
    %jmp/1xz T_0.8, 5;
    %jmp/1 T_0.8, 4;
    %subi 1, 0, 32;
    %wait E_00000285144E17B0;
    %jmp T_0.7;
T_0.8 ;
    %pop/vec4 1;
    %pushi/vec4 20, 0, 32;
T_0.9 %dup/vec4;
    %cmpi/s 0, 0, 32;
    %jmp/1xz T_0.10, 5;
    %jmp/1 T_0.10, 4;
    %subi 1, 0, 32;
    %wait E_00000285144E17B0;
    %jmp T_0.9;
T_0.10 ;
    %pop/vec4 1;
    %end;
S_00000285144E6370 .scope module, "uut" "uart_rx" 2 15, 3 1 0, S_00000285144E4E40;
 .timescale 0 0;
    .port_info 0 /INPUT 1 "i_Clock";
    .port_info 1 /INPUT 1 "i_RX_Serial";
    .port_info 2 /OUTPUT 1 "o_RX_DV";
    .port_info 3 /OUTPUT 8 "o_RX_Byte";
P_00000285144E6500 .param/l "BAUD_RATE" 0 3 3, +C4<00000000000000000000000000001010>;
P_00000285144E6538 .param/l "CLEANUP" 1 3 16, C4<100>;
P_00000285144E6570 .param/l "CLK" 0 3 2, +C4<00000000000000000000000001100100>;
P_00000285144E65A8 .param/l "CLOCKS_PER_BIT" 1 3 11, +C4<00000000000000000000000000001010>;
P_00000285144E65E0 .param/l "IDLE" 1 3 12, C4<000>;
P_00000285144E6618 .param/l "RX_DATA_BITS" 1 3 14, C4<010>;
P_00000285144E6650 .param/l "RX_START_BIT" 1 3 13, C4<001>;
P_00000285144E6688 .param/l "RX_STOP_BIT" 1 3 15, C4<011>;
L_00000285144FF830 .functor BUFZ 8, v00000285144DD010_0, C4<00000000>, C4<00000000>, C4<00000000>;
L_00000285144FEFE0 .functor BUFZ 1, v00000285144DD150_0, C4<0>, C4<0>, C4<0>;
v00000285144DCF70_0 .net "i_Clock", 0 0, v00000285144DDBF0_0;  1 drivers
v00000285144DD290_0 .net "i_RX_Serial", 0 0, v00000285144DCED0_0;  1 drivers
v00000285144DD650_0 .net "o_RX_Byte", 7 0, L_00000285144FF830;  alias, 1 drivers
v00000285144DD6F0_0 .net "o_RX_DV", 0 0, L_00000285144FEFE0;  alias, 1 drivers
v00000285144DD790_0 .var "r_Bit_Index", 2 0;
v00000285144DDA10_0 .var "r_Clock_Count", 17 0;
v00000285144DD010_0 .var "r_RX_Byte", 7 0;
v00000285144DD150_0 .var "r_RX_DV", 0 0;
v00000285144DDC90_0 .var "r_SM_Main", 2 0;
S_00000285144E51E0 .scope module, "top" "top" 4 1;
 .timescale 0 0;
    .port_info 0 /INPUT 1 "rx";
    .port_info 1 /INPUT 1 "rst";
    .port_info 2 /INPUT 1 "clk";
    .port_info 3 /OUTPUT 1 "led";
    .port_info 4 /OUTPUT 1 "clk_en";
    .port_info 5 /OUTPUT 1 "led_en";
P_00000285144D4240 .param/l "BAUD_RATE" 0 4 3, +C4<00000000000000011100001000000000>;
P_00000285144D4278 .param/l "CLK" 0 4 2, +C4<00000010111110101111000010000000>;
o0000028514505298 .functor BUFZ 1, c4<z>; HiZ drive
v0000028514557D10_0 .net "clk", 0 0, o0000028514505298;  0 drivers
L_0000028514760088 .functor BUFT 1, C4<1>, C4<0>, C4<0>, C4<0>;
v0000028514558DF0_0 .net "clk_en", 0 0, L_0000028514760088;  1 drivers
v0000028514557310_0 .net "data", 7 0, L_00000285144FF4B0;  1 drivers
v0000028514558AD0_0 .net "data_valid", 0 0, L_00000285144FF050;  1 drivers
v0000028514558CB0_0 .var "led", 0 0;
L_00000285147600D0 .functor BUFT 1, C4<1>, C4<0>, C4<0>, C4<0>;
v0000028514558F30_0 .net "led_en", 0 0, L_00000285147600D0;  1 drivers
o0000028514505598 .functor BUFZ 1, c4<z>; HiZ drive
v0000028514558B70_0 .net "rst", 0 0, o0000028514505598;  0 drivers
o00000285145052C8 .functor BUFZ 1, c4<z>; HiZ drive
v00000285145574F0_0 .net "rx", 0 0, o00000285145052C8;  0 drivers
S_00000285144ACE00 .scope module, "U_uart_rx" "uart_rx" 4 21, 3 1 0, S_00000285144E51E0;
 .timescale 0 0;
    .port_info 0 /INPUT 1 "i_Clock";
    .port_info 1 /INPUT 1 "i_RX_Serial";
    .port_info 2 /OUTPUT 1 "o_RX_DV";
    .port_info 3 /OUTPUT 8 "o_RX_Byte";
P_00000285144ACF90 .param/l "BAUD_RATE" 0 3 3, +C4<00000000000000011100001000000000>;
P_00000285144ACFC8 .param/l "CLEANUP" 1 3 16, C4<100>;
P_00000285144AD000 .param/l "CLK" 0 3 2, +C4<00000010111110101111000010000000>;
P_00000285144AD038 .param/l "CLOCKS_PER_BIT" 1 3 11, +C4<00000000000000000000000110110010>;
P_00000285144AD070 .param/l "IDLE" 1 3 12, C4<000>;
P_00000285144AD0A8 .param/l "RX_DATA_BITS" 1 3 14, C4<010>;
P_00000285144AD0E0 .param/l "RX_START_BIT" 1 3 13, C4<001>;
P_00000285144AD118 .param/l "RX_STOP_BIT" 1 3 15, C4<011>;
L_00000285144FF4B0 .functor BUFZ 8, v0000028514558D50_0, C4<00000000>, C4<00000000>, C4<00000000>;
L_00000285144FF050 .functor BUFZ 1, v0000028514557810_0, C4<0>, C4<0>, C4<0>;
v00000285144DD1F0_0 .net "i_Clock", 0 0, o0000028514505298;  alias, 0 drivers
v00000285144DD8D0_0 .net "i_RX_Serial", 0 0, o00000285145052C8;  alias, 0 drivers
v00000285144DDAB0_0 .net "o_RX_Byte", 7 0, L_00000285144FF4B0;  alias, 1 drivers
v00000285145588F0_0 .net "o_RX_DV", 0 0, L_00000285144FF050;  alias, 1 drivers
v0000028514558530_0 .var "r_Bit_Index", 2 0;
v0000028514557630_0 .var "r_Clock_Count", 17 0;
v0000028514558D50_0 .var "r_RX_Byte", 7 0;
v0000028514557810_0 .var "r_RX_DV", 0 0;
v0000028514557270_0 .var "r_SM_Main", 2 0;
E_00000285144E1BF0 .event posedge, v00000285144DD1F0_0;
    .scope S_00000285144E6370;
T_1 ;
    %wait E_00000285144E17B0;
    %load/vec4 v00000285144DDC90_0;
    %dup/vec4;
    %pushi/vec4 0, 0, 3;
    %cmp/e;
    %jmp/1 T_1.0, 6;
    %dup/vec4;
    %pushi/vec4 1, 0, 3;
    %cmp/e;
    %jmp/1 T_1.1, 6;
    %dup/vec4;
    %pushi/vec4 2, 0, 3;
    %cmp/e;
    %jmp/1 T_1.2, 6;
    %dup/vec4;
    %pushi/vec4 3, 0, 3;
    %cmp/e;
    %jmp/1 T_1.3, 6;
    %dup/vec4;
    %pushi/vec4 4, 0, 3;
    %cmp/e;
    %jmp/1 T_1.4, 6;
    %pushi/vec4 0, 0, 3;
    %assign/vec4 v00000285144DDC90_0, 0;
    %jmp T_1.6;
T_1.0 ;
    %pushi/vec4 0, 0, 1;
    %assign/vec4 v00000285144DD150_0, 0;
    %pushi/vec4 0, 0, 18;
    %assign/vec4 v00000285144DDA10_0, 0;
    %pushi/vec4 0, 0, 3;
    %assign/vec4 v00000285144DD790_0, 0;
    %load/vec4 v00000285144DD290_0;
    %cmpi/e 0, 0, 1;
    %jmp/0xz  T_1.7, 4;
    %pushi/vec4 1, 0, 3;
    %assign/vec4 v00000285144DDC90_0, 0;
    %jmp T_1.8;
T_1.7 ;
    %pushi/vec4 0, 0, 3;
    %assign/vec4 v00000285144DDC90_0, 0;
T_1.8 ;
    %jmp T_1.6;
T_1.1 ;
    %load/vec4 v00000285144DDA10_0;
    %pad/u 32;
    %cmpi/e 5, 0, 32;
    %jmp/0xz  T_1.9, 4;
    %load/vec4 v00000285144DD290_0;
    %cmpi/e 0, 0, 1;
    %jmp/0xz  T_1.11, 4;
    %pushi/vec4 0, 0, 18;
    %assign/vec4 v00000285144DDA10_0, 0;
    %pushi/vec4 2, 0, 3;
    %assign/vec4 v00000285144DDC90_0, 0;
    %jmp T_1.12;
T_1.11 ;
    %pushi/vec4 0, 0, 3;
    %assign/vec4 v00000285144DDC90_0, 0;
T_1.12 ;
    %jmp T_1.10;
T_1.9 ;
    %load/vec4 v00000285144DDA10_0;
    %addi 1, 0, 18;
    %assign/vec4 v00000285144DDA10_0, 0;
    %pushi/vec4 1, 0, 3;
    %assign/vec4 v00000285144DDC90_0, 0;
T_1.10 ;
    %jmp T_1.6;
T_1.2 ;
    %load/vec4 v00000285144DDA10_0;
    %pad/u 32;
    %cmpi/u 9, 0, 32;
    %jmp/0xz  T_1.13, 5;
    %load/vec4 v00000285144DDA10_0;
    %addi 1, 0, 18;
    %assign/vec4 v00000285144DDA10_0, 0;
    %pushi/vec4 2, 0, 3;
    %assign/vec4 v00000285144DDC90_0, 0;
    %jmp T_1.14;
T_1.13 ;
    %pushi/vec4 0, 0, 18;
    %assign/vec4 v00000285144DDA10_0, 0;
    %load/vec4 v00000285144DD290_0;
    %ix/load 5, 0, 0;
    %ix/getv 4, v00000285144DD790_0;
    %assign/vec4/off/d v00000285144DD010_0, 4, 5;
    %load/vec4 v00000285144DD790_0;
    %pad/u 32;
    %cmpi/u 7, 0, 32;
    %jmp/0xz  T_1.15, 5;
    %load/vec4 v00000285144DD790_0;
    %addi 1, 0, 3;
    %assign/vec4 v00000285144DD790_0, 0;
    %pushi/vec4 2, 0, 3;
    %assign/vec4 v00000285144DDC90_0, 0;
    %jmp T_1.16;
T_1.15 ;
    %pushi/vec4 0, 0, 3;
    %assign/vec4 v00000285144DD790_0, 0;
    %pushi/vec4 3, 0, 3;
    %assign/vec4 v00000285144DDC90_0, 0;
T_1.16 ;
T_1.14 ;
    %jmp T_1.6;
T_1.3 ;
    %load/vec4 v00000285144DDA10_0;
    %pad/u 32;
    %cmpi/u 9, 0, 32;
    %jmp/0xz  T_1.17, 5;
    %load/vec4 v00000285144DDA10_0;
    %addi 1, 0, 18;
    %assign/vec4 v00000285144DDA10_0, 0;
    %pushi/vec4 3, 0, 3;
    %assign/vec4 v00000285144DDC90_0, 0;
    %jmp T_1.18;
T_1.17 ;
    %pushi/vec4 1, 0, 1;
    %assign/vec4 v00000285144DD150_0, 0;
    %pushi/vec4 0, 0, 18;
    %assign/vec4 v00000285144DDA10_0, 0;
    %pushi/vec4 4, 0, 3;
    %assign/vec4 v00000285144DDC90_0, 0;
T_1.18 ;
    %jmp T_1.6;
T_1.4 ;
    %pushi/vec4 0, 0, 3;
    %assign/vec4 v00000285144DDC90_0, 0;
    %pushi/vec4 0, 0, 1;
    %assign/vec4 v00000285144DD150_0, 0;
    %jmp T_1.6;
T_1.6 ;
    %pop/vec4 1;
    %jmp T_1;
    .thread T_1;
    .scope S_00000285144E4E40;
T_2 ;
    %pushi/vec4 0, 0, 1;
    %store/vec4 v00000285144DDBF0_0, 0, 1;
    %pushi/vec4 1, 0, 1;
    %store/vec4 v00000285144DCED0_0, 0, 1;
    %end;
    .thread T_2;
    .scope S_00000285144E4E40;
T_3 ;
    %delay 5000, 0;
    %load/vec4 v00000285144DDBF0_0;
    %inv;
    %store/vec4 v00000285144DDBF0_0, 0, 1;
    %jmp T_3;
    .thread T_3;
    .scope S_00000285144E4E40;
T_4 ;
    %vpi_call 2 26 "$dumpfile", "tb_uart_rx.vcd" {0 0 0};
    %vpi_call 2 27 "$dumpvars", 32'sb00000000000000000000000000000000, S_00000285144E4E40 {0 0 0};
    %vpi_call 2 28 "$display", "Starting uart_rx testbench" {0 0 0};
    %delay 20000, 0;
    %pushi/vec4 171, 0, 8;
    %store/vec4 v00000285144DDB50_0, 0, 8;
    %fork TD_tb_uart_rx.send_byte, S_00000285144E5370;
    %join;
    %pushi/vec4 60, 0, 32;
T_4.0 %dup/vec4;
    %cmpi/s 0, 0, 32;
    %jmp/1xz T_4.1, 5;
    %jmp/1 T_4.1, 4;
    %subi 1, 0, 32;
    %wait E_00000285144E17B0;
    %jmp T_4.0;
T_4.1 ;
    %pop/vec4 1;
    %pushi/vec4 255, 0, 8;
    %store/vec4 v00000285144DDB50_0, 0, 8;
    %fork TD_tb_uart_rx.send_byte, S_00000285144E5370;
    %join;
    %pushi/vec4 100, 0, 32;
T_4.2 %dup/vec4;
    %cmpi/s 0, 0, 32;
    %jmp/1xz T_4.3, 5;
    %jmp/1 T_4.3, 4;
    %subi 1, 0, 32;
    %wait E_00000285144E17B0;
    %jmp T_4.2;
T_4.3 ;
    %pop/vec4 1;
    %vpi_call 2 37 "$display", "Testbench finished" {0 0 0};
    %delay 10000, 0;
    %vpi_call 2 38 "$finish" {0 0 0};
    %end;
    .thread T_4;
    .scope S_00000285144E4E40;
T_5 ;
    %wait E_00000285144E17B0;
    %load/vec4 v00000285144DD830_0;
    %flag_set/vec4 8;
    %jmp/0xz  T_5.0, 8;
    %vpi_call 2 66 "$display", "Time %0t: uart_rx -> byte = 0x%02h", $time, v00000285144DDD30_0 {0 0 0};
T_5.0 ;
    %jmp T_5;
    .thread T_5;
    .scope S_00000285144ACE00;
T_6 ;
    %wait E_00000285144E1BF0;
    %load/vec4 v0000028514557270_0;
    %dup/vec4;
    %pushi/vec4 0, 0, 3;
    %cmp/e;
    %jmp/1 T_6.0, 6;
    %dup/vec4;
    %pushi/vec4 1, 0, 3;
    %cmp/e;
    %jmp/1 T_6.1, 6;
    %dup/vec4;
    %pushi/vec4 2, 0, 3;
    %cmp/e;
    %jmp/1 T_6.2, 6;
    %dup/vec4;
    %pushi/vec4 3, 0, 3;
    %cmp/e;
    %jmp/1 T_6.3, 6;
    %dup/vec4;
    %pushi/vec4 4, 0, 3;
    %cmp/e;
    %jmp/1 T_6.4, 6;
    %pushi/vec4 0, 0, 3;
    %assign/vec4 v0000028514557270_0, 0;
    %jmp T_6.6;
T_6.0 ;
    %pushi/vec4 0, 0, 1;
    %assign/vec4 v0000028514557810_0, 0;
    %pushi/vec4 0, 0, 18;
    %assign/vec4 v0000028514557630_0, 0;
    %pushi/vec4 0, 0, 3;
    %assign/vec4 v0000028514558530_0, 0;
    %load/vec4 v00000285144DD8D0_0;
    %cmpi/e 0, 0, 1;
    %jmp/0xz  T_6.7, 4;
    %pushi/vec4 1, 0, 3;
    %assign/vec4 v0000028514557270_0, 0;
    %jmp T_6.8;
T_6.7 ;
    %pushi/vec4 0, 0, 3;
    %assign/vec4 v0000028514557270_0, 0;
T_6.8 ;
    %jmp T_6.6;
T_6.1 ;
    %load/vec4 v0000028514557630_0;
    %pad/u 32;
    %cmpi/e 217, 0, 32;
    %jmp/0xz  T_6.9, 4;
    %load/vec4 v00000285144DD8D0_0;
    %cmpi/e 0, 0, 1;
    %jmp/0xz  T_6.11, 4;
    %pushi/vec4 0, 0, 18;
    %assign/vec4 v0000028514557630_0, 0;
    %pushi/vec4 2, 0, 3;
    %assign/vec4 v0000028514557270_0, 0;
    %jmp T_6.12;
T_6.11 ;
    %pushi/vec4 0, 0, 3;
    %assign/vec4 v0000028514557270_0, 0;
T_6.12 ;
    %jmp T_6.10;
T_6.9 ;
    %load/vec4 v0000028514557630_0;
    %addi 1, 0, 18;
    %assign/vec4 v0000028514557630_0, 0;
    %pushi/vec4 1, 0, 3;
    %assign/vec4 v0000028514557270_0, 0;
T_6.10 ;
    %jmp T_6.6;
T_6.2 ;
    %load/vec4 v0000028514557630_0;
    %pad/u 32;
    %cmpi/u 433, 0, 32;
    %jmp/0xz  T_6.13, 5;
    %load/vec4 v0000028514557630_0;
    %addi 1, 0, 18;
    %assign/vec4 v0000028514557630_0, 0;
    %pushi/vec4 2, 0, 3;
    %assign/vec4 v0000028514557270_0, 0;
    %jmp T_6.14;
T_6.13 ;
    %pushi/vec4 0, 0, 18;
    %assign/vec4 v0000028514557630_0, 0;
    %load/vec4 v00000285144DD8D0_0;
    %ix/load 5, 0, 0;
    %ix/getv 4, v0000028514558530_0;
    %assign/vec4/off/d v0000028514558D50_0, 4, 5;
    %load/vec4 v0000028514558530_0;
    %pad/u 32;
    %cmpi/u 7, 0, 32;
    %jmp/0xz  T_6.15, 5;
    %load/vec4 v0000028514558530_0;
    %addi 1, 0, 3;
    %assign/vec4 v0000028514558530_0, 0;
    %pushi/vec4 2, 0, 3;
    %assign/vec4 v0000028514557270_0, 0;
    %jmp T_6.16;
T_6.15 ;
    %pushi/vec4 0, 0, 3;
    %assign/vec4 v0000028514558530_0, 0;
    %pushi/vec4 3, 0, 3;
    %assign/vec4 v0000028514557270_0, 0;
T_6.16 ;
T_6.14 ;
    %jmp T_6.6;
T_6.3 ;
    %load/vec4 v0000028514557630_0;
    %pad/u 32;
    %cmpi/u 433, 0, 32;
    %jmp/0xz  T_6.17, 5;
    %load/vec4 v0000028514557630_0;
    %addi 1, 0, 18;
    %assign/vec4 v0000028514557630_0, 0;
    %pushi/vec4 3, 0, 3;
    %assign/vec4 v0000028514557270_0, 0;
    %jmp T_6.18;
T_6.17 ;
    %pushi/vec4 1, 0, 1;
    %assign/vec4 v0000028514557810_0, 0;
    %pushi/vec4 0, 0, 18;
    %assign/vec4 v0000028514557630_0, 0;
    %pushi/vec4 4, 0, 3;
    %assign/vec4 v0000028514557270_0, 0;
T_6.18 ;
    %jmp T_6.6;
T_6.4 ;
    %pushi/vec4 0, 0, 3;
    %assign/vec4 v0000028514557270_0, 0;
    %pushi/vec4 0, 0, 1;
    %assign/vec4 v0000028514557810_0, 0;
    %jmp T_6.6;
T_6.6 ;
    %pop/vec4 1;
    %jmp T_6;
    .thread T_6;
    .scope S_00000285144E51E0;
T_7 ;
    %wait E_00000285144E1BF0;
    %load/vec4 v0000028514558B70_0;
    %flag_set/vec4 8;
    %jmp/0xz  T_7.0, 8;
    %pushi/vec4 0, 0, 1;
    %assign/vec4 v0000028514558CB0_0, 0;
T_7.0 ;
    %load/vec4 v0000028514557310_0;
    %cmpi/e 171, 0, 8;
    %jmp/0xz  T_7.2, 4;
    %pushi/vec4 1, 0, 1;
    %assign/vec4 v0000028514558CB0_0, 0;
    %jmp T_7.3;
T_7.2 ;
    %load/vec4 v0000028514557310_0;
    %cmpi/e 255, 0, 8;
    %jmp/0xz  T_7.4, 4;
    %pushi/vec4 0, 0, 1;
    %assign/vec4 v0000028514558CB0_0, 0;
    %jmp T_7.5;
T_7.4 ;
    %load/vec4 v0000028514558CB0_0;
    %assign/vec4 v0000028514558CB0_0, 0;
T_7.5 ;
T_7.3 ;
    %jmp T_7;
    .thread T_7;
# The file index is used to find the file name in the following table.
:file_names 5;
    "N/A";
    "<interactive>";
    "../../sim/tb_uart_rx.vt";
    "../../src/uart_rx.v";
    "../../src/top.v";
