


MINPLACER FLOW STARTS Thu Aug 27 22:15:01 2026
PARRAY=32x32
TILE_SIZE=1,1
MODULE_NAME=top
GRANDITER=-1
FLOW_STRING=eflxexp1500
COMMIT_NLEDIT_IMMEDIATELY=1
USE_NMAX=0
USE_FINDER=1
USE_RTABLE=0
LATENCY_AWARE=1
HAS_PPP=0
FAIL_AS_CRASH=0
RUNTIME_LIMITED=1
MAX_CPU=4 (16 16 4)
REPORT_HOLD=1
IGNORE_REGION=0
IGNORE_REGION_AFTER_WL=0
VERIFY=0
[                                                  ][    2] Running placer flow EXP (version=1500).
[                                                  ][    2] Start 4 jobs with MAX_CPU=4, POOLSIZE=4 and requested_winning_jobs=1.
[                                                  ][    2] Running placer flow WLTD (666).
[              minplacer\00003_pa03_00001_character][    2] Step character
[              minplacer\00003_pa03_00001_character][    3] Step MinPlacerChar minplacer_skip_dont_place=0 do_shortfd=0 do_shortfd_aggressive=0 do_precomb=0 do_precomb_aggressive=0 do_chain_to_tree=0 do_used_rbb_vacan=0 do_rep=1 do_reloc=0 do_repack=0 do_swabsorb=0 do_rplan=1
[              minplacer\00003_pa03_00001_character][    3] RbbUsage=26 PrePlaceTiming=50667.
[                  minplacer\00003_pa03_00002_setup][    3] Step setup
[                  minplacer\00003_pa03_00002_setup][    8] Step setup ends.
[                     minplacer\00003_pa03_00003_wl][    8] Step wl
[                     minplacer\00003_pa03_00003_wl][   24] Step wl returns 0. (timing=6358 cg=0)
[                     minplacer\00003_pa03_00003_wl][   24] Updating timing 6358 vs 2147483647.
[                 minplacer\00003_pa03_00004_repopt][   24] Step repopt
[                 minplacer\00003_pa03_00004_repopt][   34] Step repopt returns 0. (timing=6358 cg=0)
[                 minplacer\00003_pa03_00004_repopt][   34] Step has no netlist change.
[                   minplacer\00003_pa03_00005_post][   34] Step post
[                   minplacer\00003_pa03_00005_post][   49] Step post returns 0. (timing=10458R cg=0)
[                   minplacer\00003_pa03_00005_post][   49] Updating timing 10458R vs 6358.
[                  minplacer\00003_pa03_00006_rplan][   49] Step rplan
[                  minplacer\00003_pa03_00006_rplan][   59] Step rplan returns 0. (timing=10458R cg=50)
[                  minplacer\00003_pa03_00006_rplan][   59] Updating timing 10458R vs 10458R.
[                                                  ][   59] Running placer flow WLTD ends with TRUE.
[                  minplacer\00003_pa03_00006_rplan][   59] Placer job(3) finished okay with timing=10458.
[                                                  ][    2] Running placer flow WLTD (666).
[              minplacer\00002_pa02_00001_character][    2] Step character
[              minplacer\00002_pa02_00001_character][    3] Step MinPlacerChar minplacer_skip_dont_place=0 do_shortfd=0 do_shortfd_aggressive=0 do_precomb=0 do_precomb_aggressive=0 do_chain_to_tree=0 do_used_rbb_vacan=0 do_rep=1 do_reloc=0 do_repack=0 do_swabsorb=0 do_rplan=1
[              minplacer\00002_pa02_00001_character][    3] RbbUsage=26 PrePlaceTiming=50667.
[                  minplacer\00002_pa02_00002_setup][    3] Step setup
[                  minplacer\00002_pa02_00002_setup][    7] Step setup ends.
[                     minplacer\00002_pa02_00003_wl][    7] Step wl
[                     minplacer\00002_pa02_00003_wl][   29] Step wl returns 0. (timing=6355 cg=0)
[                     minplacer\00002_pa02_00003_wl][   29] Updating timing 6355 vs 2147483647.
[                 minplacer\00002_pa02_00004_repopt][   29] Step repopt
[                 minplacer\00002_pa02_00004_repopt][   39] Step repopt returns 0. (timing=6355 cg=0)
[                 minplacer\00002_pa02_00004_repopt][   39] Step has no netlist change.
[                   minplacer\00002_pa02_00005_post][   39] Step post
[                   minplacer\00002_pa02_00005_post][   54] Step post returns 0. (timing=10674R cg=0)
[                   minplacer\00002_pa02_00005_post][   54] Updating timing 10674R vs 6355.
[                  minplacer\00002_pa02_00006_rplan][   54] Step rplan
[                  minplacer\00002_pa02_00006_rplan][   64] Step rplan returns 0. (timing=10674R cg=50)
[                  minplacer\00002_pa02_00006_rplan][   64] Updating timing 10674R vs 10674R.
[                                                  ][   64] Running placer flow WLTD ends with TRUE.
[                  minplacer\00002_pa02_00006_rplan][   64] Placer job(2) finished okay with timing=10674.
[                                                  ][    2] Running placer flow WLTD (666).
[              minplacer\00000_pa00_00001_character][    2] Step character
[              minplacer\00000_pa00_00001_character][    2] Step MinPlacerChar minplacer_skip_dont_place=0 do_shortfd=0 do_shortfd_aggressive=0 do_precomb=0 do_precomb_aggressive=0 do_chain_to_tree=0 do_used_rbb_vacan=0 do_rep=1 do_reloc=0 do_repack=0 do_swabsorb=0 do_rplan=1
[              minplacer\00000_pa00_00001_character][    2] RbbUsage=26 PrePlaceTiming=50667.
[                  minplacer\00000_pa00_00002_setup][    2] Step setup
[                  minplacer\00000_pa00_00002_setup][    4] Step setup ends.
[                     minplacer\00000_pa00_00003_wl][    4] Step wl
[                     minplacer\00000_pa00_00003_wl][   24] Step wl returns 0. (timing=6486 cg=0)
[                     minplacer\00000_pa00_00003_wl][   24] Updating timing 6486 vs 2147483647.
[                 minplacer\00000_pa00_00004_repopt][   24] Step repopt
[                 minplacer\00000_pa00_00004_repopt][   34] Step repopt returns 0. (timing=6486 cg=0)
[                 minplacer\00000_pa00_00004_repopt][   34] Step has no netlist change.
[                   minplacer\00000_pa00_00005_post][   34] Step post
[                   minplacer\00000_pa00_00005_post][   54] Step post returns 0. (timing=9927R cg=0)
[                   minplacer\00000_pa00_00005_post][   54] Updating timing 9927R vs 6486.
[                  minplacer\00000_pa00_00006_rplan][   54] Step rplan
[                  minplacer\00000_pa00_00006_rplan][   64] Step rplan returns 0. (timing=9927R cg=50)
[                  minplacer\00000_pa00_00006_rplan][   64] Updating timing 9927R vs 9927R.
[                                                  ][   64] Running placer flow WLTD ends with TRUE.
[                  minplacer\00000_pa00_00006_rplan][   64] Placer job(0) finished okay with timing=9927.
[                                                  ][    2] Running placer flow WLTD (666).
[              minplacer\00001_pa01_00001_character][    2] Step character
[              minplacer\00001_pa01_00001_character][    2] Step MinPlacerChar minplacer_skip_dont_place=0 do_shortfd=0 do_shortfd_aggressive=0 do_precomb=0 do_precomb_aggressive=0 do_chain_to_tree=0 do_used_rbb_vacan=0 do_rep=1 do_reloc=0 do_repack=0 do_swabsorb=0 do_rplan=1
[              minplacer\00001_pa01_00001_character][    3] RbbUsage=26 PrePlaceTiming=50667.
[                  minplacer\00001_pa01_00002_setup][    3] Step setup
[                  minplacer\00001_pa01_00002_setup][    6] Step setup ends.
[                     minplacer\00001_pa01_00003_wl][    6] Step wl
[                     minplacer\00001_pa01_00003_wl][   24] Step wl returns 0. (timing=6616 cg=0)
[                     minplacer\00001_pa01_00003_wl][   24] Updating timing 6616 vs 2147483647.
[                 minplacer\00001_pa01_00004_repopt][   24] Step repopt
[                 minplacer\00001_pa01_00004_repopt][   34] Step repopt returns 0. (timing=6616 cg=0)
[                 minplacer\00001_pa01_00004_repopt][   34] Step has no netlist change.
[                   minplacer\00001_pa01_00005_post][   34] Step post
[                   minplacer\00001_pa01_00005_post][   54] Step post returns 0. (timing=10257R cg=0)
[                   minplacer\00001_pa01_00005_post][   54] Updating timing 10257R vs 6616.
[                  minplacer\00001_pa01_00006_rplan][   54] Step rplan
[                  minplacer\00001_pa01_00006_rplan][   64] Step rplan returns 0. (timing=10257R cg=50)
[                  minplacer\00001_pa01_00006_rplan][   64] Updating timing 10257R vs 10257R.
[                                                  ][   64] Running placer flow WLTD ends with TRUE.
[                  minplacer\00001_pa01_00006_rplan][   65] Placer job(1) finished okay with timing=10257.
[                                                  ][   65] End 4 jobs with 1 being accepted: [0,expjob_0]=minplacer\00000_pa00_00006_rplan
[                                                  ][   65] End 4 jobs with 3 being abandoned: [1,expjob_1]=minplacer\00001_pa01_00006_rplan [3,expjob_3]=minplacer\00003_pa03_00006_rplan [2,expjob_2]=minplacer\00002_pa02_00006_rplan
[                                                  ][   65] Running placer flow EXP receives (0).
[                  minplacer\00000_pa00_00006_rplan][   65] Updating timing 9927R vs 2147483647.
[                                                  ][   65] Running placer flow EXP ends with [minplacer\00000_pa00_00006_rplan] timing=9927.
[                  minplacer\00000_pa00_00006_rplan][   65] Step readback plc starts.
[                  minplacer\00000_pa00_00006_rplan][   65] Step readback plc ended.
MINPLACER FLOW QORSTAT REP=0 BUF=0 PPP=0 COMB=0 SHORTFD=0 RELOC=0 SWABSORB=0 PREABSORB=0
MINPLACER FLOW ENDS RET=PASS Thu Aug 27 22:16:04 2026
