#COLLECTE 4 WINNING_JOBS
##PARALLEL JOB[3] (2,expjob_2) timing=10674 dir=minplacer\00002_pa02_00006_rplan
##PARALLEL JOB[2] (3,expjob_3) timing=10458 dir=minplacer\00003_pa03_00006_rplan
##PARALLEL JOB[1] (1,expjob_1) timing=10257 dir=minplacer\00001_pa01_00006_rplan
##PARALLEL JOB[0] (0,expjob_0) timing=9927 dir=minplacer\00000_pa00_00006_rplan
PrePlaceDly=50667
#PLC_RUNDIR=minplacer\00000_pa00_00003_wl timing=6486 cg=0
PlaceDly=6486
TWL=10210
PEAKMEM=1304MB
#PLC_RUNDIR=minplacer\00000_pa00_00004_repopt timing=6486 cg=0
PlaceDly=6486
TWL=10210
PEAKMEM=1337MB
#PLC_RUNDIR=minplacer\00000_pa00_00005_post timing=9927 cg=0
PostIter=19
PlaceDly=9927
TWL=12120
PEAKMEM=1415MB
TotPostIter=19
#PLC_RUNDIR=minplacer\00000_pa00_00006_rplan timing=9927 cg=50
FinderPnRatio=50
FinderPnIter=0
PlaceDly=9927
PEAKMEM=1374MB
ParWin                              =expjob_0
