net 3: (22 0)->(22 0) 0 0 0 0 #timing (1 1) ps polarity 1
net 3: (22 0)->(22 0) 1 0 0 0 #timing (87 90) ps polarity 0
net 3: (22 0)->(26 0) 4 5 0 0 #timing (415 364) ps polarity 0
net 3: (26 0)->(26 0) 5 0 0 0 #timing (547 508) ps polarity 1
net 3: (26 0)->(10 0) 13 2 0 0 #timing (1180 1093) ps polarity 0
net 3: (10 0)->(10 0) 5 0 0 1 #timing (1417 1342) ps  polarity 0
net 3: (10 0)->(10 4) 3 1 0 1 #timing (1773 1627) ps  polarity 1
net 3: (10 4)->(8 6) 1 3 0 1 #timing (1926 1769) ps  polarity 0
net 3: (8 6)->(8 6) 0 0 0 1 #timing (1913 2081) ps  polarity 1
net 3: (26 0)->(11 0) 13 2 1 0 #timing (1146 1067) ps polarity 0
net 3: (11 0)->(11 0) 5 0 0 1 #timing (1398 1331) ps  polarity 0
net 3: (11 0)->(11 0) 1 0 0 1 #timing (1541 1470) ps  polarity 0
net 3: (11 0)->(10 0) 0 2 0 1 #timing (1589 1653) ps  polarity 1
net 3: (22 0)->(20 0) 1 2 0 0 #timing (138 124) ps polarity 0
net 3: (20 0)->(20 4) 3 1 0 0 #timing (438 416) ps polarity 0
net 3: (20 4)->(20 6) 1 1 0 1 #timing (692 624) ps  polarity 1
net 3: (20 6)->(20 6) 0 0 0 1 #timing (764 840) ps  polarity 0
net 3: (20 4)->(16 4) 4 2 0 0 #timing (785 711) ps polarity 0
net 3: (16 4)->(16 6) 1 1 0 1 #timing (967 1002) ps  polarity 1
net 3: (16 6)->(16 7) 0 1 0 1 #timing (1110 1094) ps  polarity 0
net 3: (20 4)->(24 4) 4 5 0 0 #timing (877 775) ps polarity 0
net 3: (24 4)->(24 6) 1 1 0 1 #timing (1014 1077) ps  polarity 1
net 3: (24 6)->(24 6) 0 0 0 1 #timing (1195 1146) ps  polarity 0
net 3: (20 4)->(20 4) 5 0 0 0 #timing (564 556) ps polarity 1
net 3: (20 4)->(20 21) 13 1 1 0 #timing (1185 1069) ps polarity 0
net 3: (20 21)->(5 21) 13 2 1 0 #timing (1718 1743) ps polarity 1
net 3: (5 21)->(5 29) 5 1 0 1 #timing (2164 2171) ps  polarity 0
net 3: (5 29)->(7 31) 1 3 0 1 #timing (2438 2376) ps  polarity 1
net 3: (7 31)->(6 31) 0 2 0 1 #timing (2534 2615) ps  polarity 0
net 3: (20 0)->(16 0) 4 2 0 0 #timing (484 466) ps polarity 0
net 3: (16 0)->(16 0) 1 0 1 1 #timing (679 667) ps  polarity 1
net 3: (16 0)->(16 1) 0 1 0 1 #timing (819 809) ps  polarity 0
net 3: (22 0)->(23 0) 0 2 0 0 #timing (1 1) ps polarity 1
net 3: (23 0)->(23 0) 1 0 0 0 #timing (93 92) ps polarity 0
net 3: (23 0)->(19 0) 4 2 0 0 #timing (326 309) ps polarity 0
net 3: (19 0)->(19 0) 5 0 0 0 #timing (460 461) ps polarity 1
net 3: (19 0)->(19 8) 5 1 0 1 #timing (812 815) ps  polarity 0
net 3: (19 8)->(19 8) 1 0 0 1 #timing (1018 983) ps  polarity 1
net 3: (19 8)->(19 8) 0 0 0 1 #timing (1116 1137) ps  polarity 0
net 3: (19 8)->(15 8) 4 5 0 1 #timing (1123 1070) ps  polarity 0
net 3: (15 8)->(15 12) 3 1 0 1 #timing (1417 1305) ps  polarity 0
net 3: (15 12)->(13 12) 1 2 0 1 #timing (1553 1434) ps  polarity 1
net 3: (13 12)->(12 12) 0 2 0 1 #timing (1580 1709) ps  polarity 0
net 3: (23 0)->(23 2) 1 1 0 0 #timing (124 114) ps polarity 0
net 3: (23 2)->(19 2) 4 2 0 0 #timing (361 377) ps polarity 0
net 3: (19 2)->(15 2) 4 5 0 1 #timing (700 679) ps  polarity 0
net 3: (15 2)->(15 6) 3 1 0 1 #timing (976 908) ps  polarity 0
net 3: (15 6)->(15 6) 1 0 0 1 #timing (1075 1012) ps  polarity 1
net 3: (15 6)->(14 6) 0 2 0 1 #timing (1143 1193) ps  polarity 0
net 3: (22 0)->(23 1) 0 3 0 0 #timing (2 2) ps polarity 1
net 3: (23 1)->(23 1) 1 0 0 0 #timing (78 83) ps polarity 0
net 3: (23 1)->(23 1) 1 0 1 1 #timing (282 254) ps  polarity 1
net 3: (23 1)->(23 0) 0 1 0 1 #timing (353 381) ps  polarity 0
net 3: (23 1)->(21 1) 1 2 0 1 #timing (308 274) ps  polarity 1
net 3: (21 1)->(21 0) 0 1 0 1 #timing (381 431) ps  polarity 0
net 3: (21 1)->(20 1) 0 2 0 1 #timing (431 459) ps  polarity 0
net 3: (21 1)->(20 0) 0 3 0 1 #timing (380 431) ps  polarity 0
net 3: (23 1)->(19 1) 4 2 0 0 #timing (324 299) ps polarity 0
net 3: (19 1)->(19 1) 1 0 1 1 #timing (515 512) ps  polarity 1
net 3: (19 1)->(19 0) 0 1 0 1 #timing (616 617) ps  polarity 0
net 3: (19 1)->(18 1) 0 2 0 1 #timing (643 634) ps  polarity 0
net 3: (19 1)->(18 0) 0 3 0 1 #timing (645 633) ps  polarity 0
net 3: (19 1)->(19 5) 3 1 0 1 #timing (722 648) ps  polarity 0
net 3: (19 5)->(19 7) 1 1 0 1 #timing (867 786) ps  polarity 1
net 3: (19 7)->(18 7) 0 2 0 1 #timing (930 1016) ps  polarity 0
net 3: (19 1)->(15 1) 4 5 0 1 #timing (656 593) ps  polarity 0
net 3: (15 1)->(15 5) 3 1 0 1 #timing (951 833) ps  polarity 0
net 3: (15 5)->(13 7) 1 3 0 1 #timing (1128 988) ps  polarity 1
net 3: (13 7)->(12 7) 0 2 0 1 #timing (1148 1310) ps  polarity 0
net 3: (19 1)->(19 1) 5 0 0 0 #timing (454 449) ps polarity 1
net 3: (19 1)->(19 9) 5 1 0 1 #timing (794 792) ps  polarity 0
net 3: (19 9)->(19 13) 3 1 0 1 #timing (1187 1098) ps  polarity 0
net 3: (19 13)->(19 13) 1 0 1 1 #timing (1284 1200) ps  polarity 1
net 3: (19 13)->(18 12) 0 3 0 1 #timing (1350 1410) ps  polarity 0
net 3: (19 9)->(15 9) 4 5 0 1 #timing (1098 1045) ps  polarity 0
net 3: (15 9)->(15 13) 3 1 0 1 #timing (1384 1280) ps  polarity 0
net 3: (15 13)->(15 13) 1 0 0 1 #timing (1488 1387) ps  polarity 1
net 3: (15 13)->(14 12) 0 3 0 1 #timing (1536 1613) ps  polarity 0
net 4: (10 0)->(11 1) 0 3 0 0 #timing (1 1) ps polarity 1
net 4: (11 1)->(9 1) 1 2 0 0 #timing (138 127) ps polarity 0
net 4: (9 1)->(9 5) 3 1 0 0 #timing (490 456) ps polarity 0
net 4: (9 5)->(9 5) 1 0 1 1 #timing (706 638) ps  polarity 1
net 4: (9 5)->(9 5) 0 0 0 1 #timing (746 811) ps  polarity 0
net 7: (12 4)->(13 4) 0 2 0 0 #timing (201 201) ps polarity 0
net 7: (13 4)->(13 4) 1 0 0 0 #timing (278 282) ps polarity 1
net 7: (13 4)->(17 4) 4 5 0 0 #timing (621 559) ps polarity 1
net 7: (17 4)->(21 4) 4 2 0 1 #timing (895 809) ps  polarity 1
net 7: (21 4)->(21 0) 3 1 0 1 #timing (1231 1064) ps  polarity 1
net 7: (21 0)->(23 0) 1 2 0 1 #timing (1374 1200) ps  polarity 0
net 7: (23 0)->(23 0) 0 0 0 1 #timing (1306 1491) ps  polarity 1
net 9: (19 12)->(19 12) 0 0 0 0 #timing (661 661) ps polarity 1
net 9: (19 12)->(17 12) 1 2 0 0 #timing (786 774) ps polarity 0
net 9: (17 12)->(17 8) 3 1 0 0 #timing (1078 1062) ps polarity 0
net 9: (17 8)->(19 10) 1 3 0 1 #timing (1394 1305) ps  polarity 1
net 9: (19 10)->(19 11) 0 1 0 1 #timing (1473 1570) ps  polarity 0
net 9: (17 8)->(21 8) 4 2 0 0 #timing (1406 1350) ps polarity 0
net 9: (21 8)->(23 10) 1 3 0 1 #timing (1636 1631) ps  polarity 1
net 9: (23 10)->(23 10) 0 0 0 1 #timing (1786 1803) ps  polarity 0
net 10: (18 12)->(18 12) 0 0 0 0 #timing (704 704) ps polarity 1
net 10: (18 12)->(18 14) 1 1 0 0 #timing (804 800) ps polarity 0
net 10: (18 14)->(18 10) 3 1 0 1 #timing (1229 1137) ps  polarity 0
net 10: (18 10)->(18 10) 1 0 1 1 #timing (1327 1240) ps  polarity 1
net 10: (18 10)->(19 10) 0 2 0 1 #timing (1360 1438) ps  polarity 0
net 10: (18 14)->(18 14) 5 0 0 0 #timing (914 956) ps polarity 1
net 10: (18 14)->(26 6) 5 3 0 1 #timing (1545 1584) ps  polarity 1
net 10: (26 6)->(22 6) 4 5 0 1 #timing (1948 1874) ps  polarity 0
net 10: (22 6)->(22 2) 3 1 0 1 #timing (2348 2174) ps  polarity 0
net 10: (22 2)->(22 2) 1 0 1 1 #timing (2449 2278) ps  polarity 1
net 10: (22 2)->(22 3) 0 1 0 1 #timing (2392 2557) ps  polarity 0
net 11: (18 10)->(19 10) 0 2 0 0 #timing (658 658) ps polarity 1
net 11: (19 10)->(19 10) 1 0 0 0 #timing (735 739) ps polarity 0
net 11: (19 10)->(19 6) 3 4 0 0 #timing (989 946) ps polarity 0
net 11: (19 6)->(23 6) 4 2 0 0 #timing (1277 1223) ps polarity 0
net 11: (23 6)->(21 4) 1 3 0 1 #timing (1514 1507) ps  polarity 1
net 11: (21 4)->(20 4) 0 2 0 1 #timing (1654 1675) ps  polarity 0
net 11: (19 10)->(19 10) 5 0 0 0 #timing (839 852) ps polarity 1
net 11: (19 10)->(27 2) 5 3 0 1 #timing (1449 1458) ps  polarity 1
net 11: (27 2)->(25 2) 1 2 0 1 #timing (1677 1662) ps  polarity 1
net 11: (25 2)->(24 3) 0 3 0 1 #timing (1822 1848) ps  polarity 0
net 12: (20 4)->(20 5) 0 1 0 0 #timing (656 656) ps polarity 1
net 12: (20 5)->(22 7) 1 3 0 0 #timing (822 786) ps polarity 0
net 12: (22 7)->(20 5) 1 3 0 1 #timing (1157 1074) ps  polarity 1
net 12: (20 5)->(21 5) 0 2 0 1 #timing (1213 1321) ps  polarity 0
net 12: (22 7)->(22 3) 3 1 0 0 #timing (1108 1131) ps polarity 0
net 12: (22 3)->(26 3) 4 5 0 0 #timing (1430 1415) ps polarity 0
net 12: (26 3)->(26 3) 1 0 0 1 #timing (1616 1604) ps  polarity 1
net 12: (26 3)->(26 3) 0 0 0 1 #timing (1718 1726) ps  polarity 0
net 13: (21 5)->(21 5) 0 0 0 0 #timing (156 156) ps polarity 1
net 13: (21 5)->(21 5) 1 0 0 0 #timing (233 235) ps polarity 0
net 13: (21 5)->(21 5) 1 0 1 1 #timing (436 405) ps  polarity 1
net 13: (21 5)->(20 5) 0 2 0 1 #timing (539 556) ps  polarity 0
net 13: (21 5)->(21 4) 0 1 0 0 #timing (157 157) ps polarity 1
net 13: (21 4)->(23 4) 1 2 0 0 #timing (279 268) ps polarity 0
net 13: (23 4)->(23 8) 3 4 0 0 #timing (619 584) ps polarity 0
net 13: (23 8)->(27 8) 4 5 0 0 #timing (989 899) ps polarity 0
net 13: (27 8)->(27 8) 1 0 1 1 #timing (1112 1172) ps  polarity 1
net 13: (27 8)->(26 9) 0 3 0 1 #timing (1316 1235) ps  polarity 0
net 14: (20 6)->(20 6) 0 0 0 0 #timing (704 704) ps polarity 1
net 14: (20 6)->(20 6) 1 0 0 0 #timing (775 779) ps polarity 0
net 14: (20 6)->(20 10) 3 4 0 0 #timing (1103 1032) ps polarity 0
net 14: (20 10)->(16 10) 4 2 0 0 #timing (1399 1299) ps polarity 0
net 14: (16 10)->(18 10) 1 2 0 1 #timing (1547 1610) ps  polarity 1
net 14: (18 10)->(18 11) 0 1 0 1 #timing (1723 1683) ps  polarity 0
net 14: (20 6)->(21 6) 0 2 0 0 #timing (704 704) ps polarity 1
net 14: (21 6)->(21 4) 1 1 0 0 #timing (828 818) ps polarity 0
net 14: (21 4)->(21 4) 1 0 0 1 #timing (1046 1009) ps  polarity 1
net 14: (21 4)->(21 4) 0 0 0 1 #timing (1157 1173) ps  polarity 0
net 15: (18 11)->(18 10) 0 1 0 0 #timing (161 161) ps polarity 1
net 15: (18 10)->(16 8) 1 3 0 0 #timing (345 302) ps polarity 0
net 15: (16 8)->(18 10) 1 3 0 1 #timing (677 576) ps  polarity 1
net 15: (18 10)->(19 11) 0 3 0 1 #timing (722 853) ps  polarity 0
net 15: (16 8)->(20 8) 4 2 0 0 #timing (588 647) ps polarity 0
net 15: (20 8)->(24 8) 4 5 0 1 #timing (923 936) ps  polarity 0
net 15: (24 8)->(24 4) 3 4 0 1 #timing (1317 1236) ps  polarity 0
net 15: (24 4)->(26 4) 1 2 0 1 #timing (1435 1352) ps  polarity 1
net 15: (26 4)->(26 5) 0 1 0 1 #timing (1483 1560) ps  polarity 0
net 17: (9 5)->(9 5) 0 0 0 0 #timing (216 216) ps polarity 1
net 17: (9 5)->(11 7) 1 3 0 0 #timing (384 354) ps polarity 0
net 17: (11 7)->(11 7) 5 0 1 0 #timing (491 576) ps polarity 1
net 17: (11 7)->(26 7) 13 2 1 0 #timing (1190 989) ps polarity 0
net 17: (26 7)->(26 7) 5 0 1 1 #timing (1429 1241) ps  polarity 0
net 17: (26 7)->(26 3) 3 1 0 1 #timing (1803 1534) ps  polarity 1
net 17: (26 3)->(24 1) 1 3 0 1 #timing (1953 1673) ps  polarity 0
net 17: (24 1)->(25 0) 0 3 0 1 #timing (1843 2115) ps  polarity 1
net 18: (10 0)->(10 1) 0 1 0 0 #timing (1 1) ps polarity 0
net 18: (10 1)->(10 3) 1 1 0 0 #timing (112 104) ps polarity 1
net 18: (10 3)->(14 3) 4 2 0 0 #timing (395 395) ps polarity 1
net 18: (14 3)->(18 3) 4 5 0 1 #timing (712 670) ps  polarity 1
net 18: (18 3)->(16 1) 1 3 0 1 #timing (1005 900) ps  polarity 0
net 18: (16 1)->(16 1) 0 0 0 1 #timing (1033 1158) ps  polarity 1
net 19: (17 3)->(17 3) 0 0 0 0 #timing (686 686) ps polarity 0
net 19: (17 3)->(17 3) 1 0 0 0 #timing (760 765) ps polarity 1
net 19: (17 3)->(17 3) 1 0 1 1 #timing (965 937) ps  polarity 0
net 19: (17 3)->(17 2) 0 1 0 1 #timing (1050 1072) ps  polarity 1
net 19: (17 3)->(13 3) 4 5 0 0 #timing (1017 984) ps polarity 1
net 19: (13 3)->(13 3) 1 0 0 1 #timing (1188 1194) ps  polarity 0
net 19: (13 3)->(12 3) 0 2 0 1 #timing (1318 1303) ps  polarity 1
net 19: (13 3)->(13 7) 3 1 0 1 #timing (1361 1315) ps  polarity 1
net 19: (13 7)->(13 7) 1 0 0 1 #timing (1459 1418) ps  polarity 0
net 19: (13 7)->(13 7) 0 0 0 1 #timing (1531 1568) ps  polarity 1
net 19: (13 7)->(13 5) 1 1 0 1 #timing (1503 1448) ps  polarity 0
net 19: (13 5)->(13 5) 0 0 0 1 #timing (1571 1640) ps  polarity 1
net 19: (17 3)->(19 3) 1 2 0 0 #timing (822 805) ps polarity 1
net 19: (19 3)->(19 3) 1 0 1 1 #timing (1046 1008) ps  polarity 0
net 19: (19 3)->(18 3) 0 2 0 1 #timing (1130 1160) ps  polarity 1
net 19: (17 3)->(16 2) 0 3 0 0 #timing (702 702) ps polarity 0
net 19: (16 2)->(16 2) 1 0 0 0 #timing (794 794) ps polarity 1
net 19: (16 2)->(16 2) 1 0 0 1 #timing (997 964) ps  polarity 0
net 19: (16 2)->(16 2) 0 0 0 1 #timing (1067 1097) ps  polarity 1
net 20: (17 1)->(16 1) 0 2 0 0 #timing (711 711) ps polarity 0
net 20: (16 1)->(16 1) 1 0 0 0 #timing (791 794) ps polarity 1
net 20: (16 1)->(16 3) 1 1 0 1 #timing (1035 994) ps  polarity 0
net 20: (16 3)->(16 2) 0 1 0 1 #timing (1110 1164) ps  polarity 1
net 20: (16 1)->(16 3) 1 1 0 0 #timing (819 814) ps polarity 1
net 20: (16 3)->(12 3) 4 5 0 1 #timing (1232 1161) ps  polarity 1
net 20: (12 3)->(12 3) 1 0 0 1 #timing (1424 1328) ps  polarity 0
net 20: (12 3)->(12 3) 0 0 0 1 #timing (1442 1533) ps  polarity 1
net 20: (12 3)->(12 7) 3 1 0 1 #timing (1517 1396) ps  polarity 1
net 20: (12 7)->(12 7) 1 0 0 1 #timing (1619 1502) ps  polarity 0
net 20: (12 7)->(12 7) 0 0 0 1 #timing (1639 1741) ps  polarity 1
net 20: (12 7)->(12 5) 1 1 0 1 #timing (1660 1533) ps  polarity 0
net 20: (12 5)->(13 5) 0 2 0 1 #timing (1639 1783) ps  polarity 1
net 21: (23 0)->(23 0) 0 0 0 0 #timing (1 1) ps polarity 0
net 21: (23 0)->(21 2) 1 3 0 0 #timing (164 137) ps polarity 1
net 21: (21 2)->(17 2) 4 2 0 1 #timing (622 517) ps  polarity 1
net 21: (17 2)->(17 2) 1 0 0 1 #timing (815 685) ps  polarity 0
net 21: (17 2)->(16 3) 0 3 0 1 #timing (828 938) ps  polarity 1
net 22: (16 2)->(17 2) 0 2 0 0 #timing (180 180) ps polarity 0
net 22: (17 2)->(17 2) 1 0 0 0 #timing (261 262) ps polarity 1
net 22: (17 2)->(17 2) 1 0 1 1 #timing (464 433) ps  polarity 0
net 22: (17 2)->(17 2) 0 0 0 1 #timing (565 582) ps  polarity 1
net 22: (17 2)->(16 2) 0 2 0 1 #timing (552 575) ps  polarity 1
net 22: (17 2)->(17 0) 1 1 0 1 #timing (505 462) ps  polarity 0
net 22: (17 0)->(16 1) 0 3 0 1 #timing (614 652) ps  polarity 1
net 22: (17 2)->(19 2) 1 2 0 1 #timing (535 479) ps  polarity 0
net 22: (19 2)->(18 3) 0 3 0 1 #timing (636 693) ps  polarity 1
net 22: (17 2)->(17 6) 3 1 0 0 #timing (548 494) ps polarity 1
net 22: (17 6)->(13 6) 4 5 0 0 #timing (837 756) ps polarity 1
net 22: (13 6)->(13 10) 3 4 0 1 #timing (1174 1156) ps  polarity 1
net 22: (13 10)->(13 8) 1 1 0 1 #timing (1319 1292) ps  polarity 0
net 22: (13 8)->(13 9) 0 1 0 1 #timing (1467 1482) ps  polarity 1
net 23: (12 12)->(12 13) 0 1 0 0 #timing (678 678) ps polarity 1
net 23: (12 13)->(12 13) 1 0 0 0 #timing (758 760) ps polarity 0
net 23: (12 13)->(16 13) 4 5 0 0 #timing (1052 1014) ps polarity 0
net 23: (16 13)->(16 13) 5 0 0 0 #timing (1175 1152) ps polarity 1
net 23: (16 13)->(16 5) 5 1 0 1 #timing (1517 1498) ps  polarity 0
net 23: (16 5)->(20 5) 4 2 0 1 #timing (1774 1725) ps  polarity 0
net 23: (20 5)->(20 5) 1 0 1 1 #timing (1964 1891) ps  polarity 1
net 23: (20 5)->(20 4) 0 1 0 1 #timing (2001 2069) ps  polarity 0
net 23: (12 13)->(14 15) 1 3 0 0 #timing (840 810) ps polarity 0
net 23: (14 15)->(14 11) 3 1 0 0 #timing (1098 1123) ps polarity 0
net 23: (14 11)->(18 11) 4 5 0 0 #timing (1406 1403) ps polarity 0
net 23: (18 11)->(18 11) 1 0 1 1 #timing (1598 1575) ps  polarity 1
net 23: (18 11)->(18 10) 0 1 0 1 #timing (1687 1705) ps  polarity 0
net 23: (18 11)->(18 11) 5 0 0 0 #timing (1528 1540) ps polarity 1
net 23: (18 11)->(18 3) 5 1 0 1 #timing (1868 1888) ps  polarity 0
net 23: (18 3)->(18 1) 1 1 0 1 #timing (2141 2072) ps  polarity 1
net 23: (18 1)->(18 0) 0 1 0 1 #timing (2207 2283) ps  polarity 0
net 23: (12 12)->(13 13) 0 3 0 0 #timing (674 674) ps polarity 1
net 23: (13 13)->(13 15) 1 1 0 0 #timing (792 787) ps polarity 0
net 23: (13 15)->(13 11) 3 1 0 0 #timing (1068 1049) ps polarity 0
net 23: (13 11)->(13 11) 1 0 0 1 #timing (1280 1227) ps  polarity 1
net 23: (13 11)->(12 11) 0 2 0 1 #timing (1361 1400) ps  polarity 0
net 24: (19 1)->(19 0) 0 1 0 0 #timing (720 720) ps polarity 1
net 24: (19 0)->(19 2) 1 1 0 0 #timing (837 828) ps polarity 0
net 24: (19 2)->(19 2) 1 0 1 1 #timing (1060 1028) ps  polarity 1
net 24: (19 2)->(19 2) 0 0 0 1 #timing (1160 1178) ps  polarity 0
net 24: (19 1)->(18 1) 0 2 0 0 #timing (711 711) ps polarity 1
net 24: (18 1)->(16 3) 1 3 0 0 #timing (867 839) ps polarity 0
net 24: (16 3)->(18 1) 1 3 0 1 #timing (1181 1111) ps  polarity 1
net 24: (18 1)->(19 0) 0 3 0 1 #timing (1284 1358) ps  polarity 0
net 24: (16 3)->(16 7) 3 1 0 0 #timing (1168 1173) ps polarity 0
net 24: (16 7)->(12 7) 4 5 0 0 #timing (1504 1463) ps polarity 0
net 24: (12 7)->(12 7) 5 0 0 0 #timing (1628 1606) ps polarity 1
net 24: (12 7)->(29 7) 13 2 1 0 #timing (2275 2170) ps polarity 0
net 24: (29 7)->(21 7) 5 2 0 1 #timing (2780 2653) ps  polarity 1
net 24: (21 7)->(21 7) 1 0 0 1 #timing (2854 2948) ps  polarity 0
net 24: (21 7)->(20 6) 0 3 0 1 #timing (3089 2976) ps  polarity 1
net 24: (19 1)->(18 0) 0 3 0 0 #timing (724 724) ps polarity 1
net 24: (18 0)->(18 0) 1 0 0 0 #timing (814 815) ps polarity 0
net 24: (18 0)->(18 0) 5 0 0 0 #timing (918 933) ps polarity 1
net 24: (18 0)->(18 8) 5 1 0 1 #timing (1251 1270) ps  polarity 0
net 24: (18 8)->(18 10) 1 1 0 1 #timing (1517 1452) ps  polarity 1
net 24: (18 10)->(18 10) 0 0 0 1 #timing (1566 1645) ps  polarity 0
net 25: (19 3)->(19 2) 0 1 0 0 #timing (700 700) ps polarity 1
net 25: (19 2)->(19 2) 1 0 0 0 #timing (781 781) ps polarity 0
net 25: (19 2)->(19 2) 1 0 0 1 #timing (985 953) ps  polarity 1
net 25: (19 2)->(19 3) 0 1 0 1 #timing (1098 1109) ps  polarity 0
net 25: (19 3)->(18 3) 0 2 0 0 #timing (692 692) ps polarity 1
net 25: (18 3)->(18 1) 1 1 0 0 #timing (823 810) ps polarity 0
net 25: (18 1)->(18 1) 5 0 0 0 #timing (918 961) ps polarity 1
net 25: (18 1)->(18 9) 5 1 0 1 #timing (1238 1288) ps  polarity 0
net 25: (18 9)->(18 13) 3 1 0 1 #timing (1683 1542) ps  polarity 0
net 25: (18 13)->(18 13) 1 0 1 1 #timing (1781 1645) ps  polarity 1
net 25: (18 13)->(19 12) 0 3 0 1 #timing (1757 1888) ps  polarity 0
net 25: (18 3)->(16 3) 1 2 0 0 #timing (825 809) ps polarity 0
net 25: (16 3)->(20 3) 4 2 0 0 #timing (1087 1101) ps polarity 0
net 25: (20 3)->(20 1) 1 1 0 1 #timing (1348 1293) ps  polarity 1
net 25: (20 1)->(20 0) 0 1 0 1 #timing (1427 1489) ps  polarity 0
net 26: (24 5)->(24 5) 0 0 0 0 #timing (198 198) ps polarity 1
net 26: (24 5)->(26 7) 1 3 0 0 #timing (345 325) ps polarity 0
net 26: (26 7)->(26 3) 3 1 0 0 #timing (629 645) ps polarity 0
net 26: (26 3)->(22 3) 4 5 0 0 #timing (981 942) ps polarity 0
net 26: (22 3)->(22 3) 1 0 0 1 #timing (1146 1159) ps  polarity 1
net 26: (22 3)->(22 3) 0 0 0 1 #timing (1267 1251) ps  polarity 0
net 27: (24 4)->(24 5) 0 1 0 0 #timing (672 672) ps polarity 1
net 27: (24 5)->(24 7) 1 1 0 0 #timing (798 789) ps polarity 0
net 27: (24 7)->(24 3) 3 1 0 0 #timing (1111 1077) ps polarity 0
net 27: (24 3)->(24 3) 1 0 0 1 #timing (1333 1262) ps  polarity 1
net 27: (24 3)->(24 3) 0 0 0 1 #timing (1370 1438) ps  polarity 0
net 28: (25 5)->(24 4) 0 3 0 0 #timing (225 225) ps polarity 1
net 28: (24 4)->(26 6) 1 3 0 0 #timing (394 362) ps polarity 0
net 28: (26 6)->(26 2) 3 1 0 1 #timing (912 762) ps  polarity 0
net 28: (26 2)->(26 2) 1 0 1 1 #timing (1006 862) ps  polarity 1
net 28: (26 2)->(26 3) 0 1 0 1 #timing (981 1118) ps  polarity 0
net 29: (25 6)->(24 6) 0 2 0 0 #timing (739 739) ps polarity 1
net 29: (24 6)->(26 4) 1 3 0 0 #timing (913 875) ps polarity 0
net 29: (26 4)->(26 8) 3 4 0 1 #timing (1378 1234) ps  polarity 0
net 29: (26 8)->(26 8) 1 0 1 1 #timing (1482 1339) ps  polarity 1
net 29: (26 8)->(26 9) 0 1 0 1 #timing (1460 1594) ps  polarity 0
net 30: (24 6)->(24 7) 0 1 0 0 #timing (696 696) ps polarity 1
net 30: (24 7)->(24 7) 1 0 0 0 #timing (790 791) ps polarity 0
net 30: (24 7)->(20 7) 4 5 0 0 #timing (1131 1065) ps polarity 0
net 30: (20 7)->(16 7) 4 2 0 1 #timing (1400 1316) ps  polarity 0
net 30: (16 7)->(16 11) 3 4 0 1 #timing (1692 1556) ps  polarity 0
net 30: (16 11)->(18 11) 1 2 0 1 #timing (1833 1690) ps  polarity 1
net 30: (18 11)->(18 11) 0 0 0 1 #timing (1834 1986) ps  polarity 0
net 31: (25 5)->(24 5) 0 2 0 0 #timing (219 219) ps polarity 1
net 31: (24 5)->(26 5) 1 2 0 0 #timing (364 340) ps polarity 0
net 31: (26 5)->(26 5) 1 0 0 1 #timing (578 528) ps  polarity 1
net 31: (26 5)->(26 5) 0 0 0 1 #timing (659 696) ps  polarity 0
net 32: (25 4)->(25 4) 0 0 0 0 #timing (679 679) ps polarity 1
net 32: (25 4)->(25 4) 1 0 0 0 #timing (761 765) ps polarity 0
net 32: (25 4)->(25 4) 5 0 0 0 #timing (867 880) ps polarity 1
net 32: (25 4)->(17 4) 5 2 0 1 #timing (1222 1239) ps  polarity 0
net 32: (17 4)->(13 4) 4 5 0 1 #timing (1534 1520) ps  polarity 0
net 32: (13 4)->(13 4) 1 0 1 1 #timing (1723 1684) ps  polarity 1
net 32: (13 4)->(12 4) 0 2 0 1 #timing (1812 1839) ps  polarity 0
net 33: (17 9)->(17 8) 0 1 0 0 #timing (700 700) ps polarity 0
net 33: (17 8)->(17 10) 1 1 0 0 #timing (824 810) ps polarity 1
net 33: (17 10)->(13 10) 4 5 0 0 #timing (1083 1084) ps polarity 1
net 33: (13 10)->(13 10) 1 0 1 1 #timing (1283 1258) ps  polarity 0
net 33: (13 10)->(12 10) 0 2 0 1 #timing (1386 1400) ps  polarity 1
net 33: (17 9)->(16 9) 0 2 0 0 #timing (692 692) ps polarity 0
net 33: (16 9)->(18 11) 1 3 0 0 #timing (851 827) ps polarity 1
net 33: (18 11)->(18 9) 1 1 0 1 #timing (1141 1087) ps  polarity 0
net 33: (18 9)->(18 9) 0 0 0 1 #timing (1222 1281) ps  polarity 1
net 33: (18 11)->(18 7) 3 4 0 0 #timing (1137 1157) ps polarity 1
net 33: (18 7)->(18 3) 3 1 0 1 #timing (1571 1487) ps  polarity 1
net 33: (18 3)->(16 3) 1 2 0 1 #timing (1727 1627) ps  polarity 0
net 33: (16 3)->(16 3) 0 0 0 1 #timing (1752 1861) ps  polarity 1
net 34: (21 3)->(21 3) 0 0 0 0 #timing (686 686) ps polarity 1
net 34: (21 3)->(21 3) 1 0 0 0 #timing (760 765) ps polarity 0
net 34: (21 3)->(21 3) 1 0 1 1 #timing (965 936) ps  polarity 1
net 34: (21 3)->(21 3) 0 0 0 1 #timing (1036 1066) ps  polarity 0
net 34: (21 3)->(21 2) 0 1 0 0 #timing (700 700) ps polarity 1
net 34: (21 2)->(21 2) 1 0 0 0 #timing (782 781) ps polarity 0
net 34: (21 2)->(21 0) 1 1 0 1 #timing (1027 981) ps  polarity 1
net 34: (21 0)->(21 0) 0 0 0 1 #timing (1125 1172) ps  polarity 0
net 34: (21 2)->(21 2) 5 0 0 0 #timing (883 900) ps polarity 1
net 34: (21 2)->(21 10) 5 1 0 1 #timing (1217 1235) ps  polarity 0
net 34: (21 10)->(17 10) 4 2 0 1 #timing (1510 1483) ps  polarity 0
net 34: (17 10)->(19 10) 1 2 0 1 #timing (1753 1684) ps  polarity 1
net 34: (19 10)->(18 10) 0 2 0 1 #timing (1823 1896) ps  polarity 0
net 34: (17 10)->(17 14) 3 1 0 1 #timing (1780 1706) ps  polarity 0
net 34: (17 14)->(19 12) 1 3 0 1 #timing (1977 1869) ps  polarity 1
net 34: (19 12)->(18 12) 0 2 0 1 #timing (2012 2142) ps  polarity 0
net 35: (14 12)->(14 12) 0 0 0 0 #timing (704 704) ps polarity 0
net 35: (14 12)->(14 12) 1 0 0 0 #timing (775 780) ps polarity 1
net 35: (14 12)->(14 8) 3 1 0 0 #timing (1032 990) ps polarity 1
net 35: (14 8)->(18 8) 4 5 0 0 #timing (1320 1256) ps polarity 1
net 35: (18 8)->(18 8) 1 0 0 1 #timing (1460 1495) ps  polarity 0
net 35: (18 8)->(19 9) 0 3 0 1 #timing (1610 1568) ps  polarity 1
net 35: (14 12)->(12 14) 1 3 0 0 #timing (853 828) ps polarity 1
net 35: (12 14)->(16 14) 4 5 0 0 #timing (1126 1169) ps polarity 1
net 35: (16 14)->(16 14) 5 0 0 0 #timing (1250 1307) ps polarity 0
net 35: (16 14)->(16 6) 5 1 0 1 #timing (1602 1661) ps  polarity 1
net 35: (16 6)->(20 6) 4 2 0 1 #timing (1855 1888) ps  polarity 1
net 35: (20 6)->(20 2) 3 1 0 1 #timing (2173 2137) ps  polarity 1
net 35: (20 2)->(20 2) 1 0 0 1 #timing (2267 2237) ps  polarity 0
net 35: (20 2)->(21 3) 0 3 0 1 #timing (2353 2376) ps  polarity 1
net 35: (14 12)->(14 13) 0 1 0 0 #timing (679 679) ps polarity 0
net 35: (14 13)->(14 13) 1 0 0 0 #timing (762 762) ps polarity 1
net 35: (14 13)->(14 13) 1 0 0 1 #timing (967 933) ps  polarity 0
net 35: (14 13)->(15 12) 0 3 0 1 #timing (1056 1080) ps  polarity 1
net 35: (14 13)->(12 13) 1 2 0 1 #timing (1027 974) ps  polarity 0
net 35: (12 13)->(13 12) 0 3 0 1 #timing (1106 1165) ps  polarity 1
net 35: (14 13)->(14 13) 5 0 0 0 #timing (864 880) ps polarity 0
net 35: (14 13)->(14 5) 5 1 0 1 #timing (1226 1240) ps  polarity 1
net 35: (14 5)->(18 5) 4 5 0 1 #timing (1518 1488) ps  polarity 1
net 35: (18 5)->(18 1) 3 1 0 1 #timing (1849 1743) ps  polarity 1
net 35: (18 1)->(18 3) 1 1 0 1 #timing (1987 1875) ps  polarity 0
net 35: (18 3)->(18 2) 0 1 0 1 #timing (1992 2118) ps  polarity 1
net 35: (18 3)->(19 3) 0 2 0 1 #timing (1982 2112) ps  polarity 1
net 35: (18 3)->(19 2) 0 3 0 1 #timing (2018 2132) ps  polarity 1
net 35: (18 1)->(16 3) 1 3 0 1 #timing (2023 1894) ps  polarity 0
net 35: (16 3)->(17 3) 0 2 0 1 #timing (2014 2173) ps  polarity 1
net 36: (12 11)->(12 11) 0 0 0 0 #timing (161 161) ps polarity 1
net 36: (12 11)->(12 11) 1 0 0 0 #timing (236 239) ps polarity 0
net 36: (12 11)->(16 11) 4 5 0 0 #timing (520 484) ps polarity 0
net 36: (16 11)->(16 11) 5 0 0 0 #timing (644 622) ps polarity 1
net 36: (16 11)->(16 3) 5 1 0 1 #timing (987 967) ps  polarity 0
net 36: (16 3)->(20 3) 4 2 0 1 #timing (1240 1192) ps  polarity 0
net 36: (20 3)->(20 3) 1 0 1 1 #timing (1429 1357) ps  polarity 1
net 36: (20 3)->(21 3) 0 2 0 1 #timing (1468 1536) ps  polarity 0
net 36: (12 11)->(12 10) 0 1 0 0 #timing (174 174) ps polarity 1
net 36: (12 10)->(12 10) 1 0 0 0 #timing (252 253) ps polarity 0
net 36: (12 10)->(12 10) 1 0 1 1 #timing (455 422) ps  polarity 1
net 36: (12 10)->(12 11) 0 1 0 1 #timing (519 552) ps  polarity 0
net 36: (12 10)->(13 10) 0 2 0 1 #timing (543 567) ps  polarity 0
net 36: (12 10)->(12 6) 3 4 0 0 #timing (509 470) ps polarity 0
net 36: (12 6)->(16 6) 4 5 0 0 #timing (806 743) ps polarity 0
net 36: (16 6)->(18 6) 1 2 0 1 #timing (975 1002) ps  polarity 1
net 36: (18 6)->(18 7) 0 1 0 1 #timing (1166 1144) ps  polarity 0
net 36: (12 10)->(16 10) 4 5 0 0 #timing (511 488) ps polarity 0
net 36: (16 10)->(16 10) 5 0 0 0 #timing (633 623) ps polarity 1
net 36: (16 10)->(16 2) 5 1 0 1 #timing (973 967) ps  polarity 0
net 36: (16 2)->(18 2) 1 2 0 1 #timing (1224 1177) ps  polarity 1
net 36: (18 2)->(18 2) 0 0 0 1 #timing (1298 1365) ps  polarity 0
net 36: (18 2)->(19 2) 0 2 0 1 #timing (1332 1387) ps  polarity 0
net 36: (18 2)->(19 3) 0 3 0 1 #timing (1310 1375) ps  polarity 0
net 36: (12 11)->(13 11) 0 2 0 0 #timing (176 176) ps polarity 1
net 36: (13 11)->(15 9) 1 3 0 0 #timing (368 327) ps polarity 0
net 36: (15 9)->(19 9) 4 5 0 1 #timing (802 696) ps  polarity 0
net 36: (19 9)->(17 9) 1 2 0 1 #timing (1027 884) ps  polarity 1
net 36: (17 9)->(17 9) 0 0 0 1 #timing (1001 1168) ps  polarity 0
net 37: (13 11)->(13 11) 0 0 0 0 #timing (156 156) ps polarity 1
net 37: (13 11)->(13 11) 1 0 0 0 #timing (233 235) ps polarity 0
net 37: (13 11)->(13 11) 1 0 1 1 #timing (437 405) ps  polarity 1
net 37: (13 11)->(13 10) 0 1 0 1 #timing (525 548) ps  polarity 0
net 37: (13 11)->(13 11) 5 0 0 0 #timing (337 351) ps polarity 1
net 37: (13 11)->(13 3) 5 1 0 1 #timing (655 682) ps  polarity 0
net 37: (13 3)->(17 3) 4 5 0 1 #timing (954 934) ps  polarity 0
net 37: (17 3)->(19 3) 1 2 0 1 #timing (1201 1136) ps  polarity 1
net 37: (19 3)->(19 3) 0 0 0 1 #timing (1248 1331) ps  polarity 0
net 37: (19 3)->(19 2) 0 1 0 1 #timing (1259 1336) ps  polarity 0
net 37: (19 3)->(18 2) 0 3 0 1 #timing (1284 1351) ps  polarity 0
net 37: (13 11)->(13 10) 0 1 0 0 #timing (157 157) ps polarity 1
net 37: (13 10)->(15 10) 1 2 0 0 #timing (296 276) ps polarity 0
net 37: (15 10)->(13 10) 1 2 0 1 #timing (584 517) ps  polarity 1
net 37: (13 10)->(12 11) 0 3 0 1 #timing (699 767) ps  polarity 0
net 37: (15 10)->(19 10) 4 5 0 0 #timing (609 605) ps polarity 0
net 37: (19 10)->(19 10) 5 0 1 0 #timing (732 744) ps polarity 1
net 37: (19 10)->(19 2) 5 1 0 1 #timing (1075 1092) ps  polarity 0
net 37: (19 2)->(23 2) 4 2 0 1 #timing (1323 1328) ps  polarity 0
net 37: (23 2)->(21 2) 1 2 0 1 #timing (1563 1528) ps  polarity 1
net 37: (21 2)->(21 3) 0 1 0 1 #timing (1646 1691) ps  polarity 0
net 37: (13 11)->(12 11) 0 2 0 0 #timing (172 172) ps polarity 1
net 37: (12 11)->(12 9) 1 1 0 0 #timing (313 291) ps polarity 0
net 37: (12 9)->(16 9) 4 5 0 0 #timing (586 593) ps polarity 0
net 37: (16 9)->(16 9) 1 0 1 1 #timing (786 755) ps  polarity 1
net 37: (16 9)->(16 9) 0 0 0 1 #timing (867 894) ps  polarity 0
net 37: (13 11)->(12 10) 0 3 0 0 #timing (180 180) ps polarity 1
net 37: (12 10)->(12 8) 1 1 0 0 #timing (324 303) ps polarity 0
net 37: (12 8)->(12 8) 1 0 1 1 #timing (543 497) ps  polarity 1
net 37: (12 8)->(12 9) 0 1 0 1 #timing (619 656) ps  polarity 0
net 38: (16 3)->(16 3) 0 0 0 0 #timing (726 726) ps polarity 0
net 38: (16 3)->(16 3) 1 0 0 0 #timing (797 802) ps polarity 1
net 38: (16 3)->(16 1) 1 1 0 1 #timing (1043 1003) ps  polarity 0
net 38: (16 1)->(17 1) 0 2 0 1 #timing (1122 1175) ps  polarity 1
net 38: (16 3)->(12 3) 4 5 0 0 #timing (1096 1044) ps polarity 1
net 38: (12 3)->(12 3) 1 0 1 1 #timing (1243 1271) ps  polarity 0
net 38: (12 3)->(13 3) 0 2 0 1 #timing (1382 1350) ps  polarity 1
net 38: (16 3)->(16 3) 5 0 0 0 #timing (904 915) ps polarity 0
net 38: (16 3)->(16 11) 5 1 0 1 #timing (1235 1251) ps  polarity 1
net 38: (16 11)->(18 9) 1 3 0 1 #timing (1536 1460) ps  polarity 0
net 38: (18 9)->(18 8) 0 1 0 1 #timing (1601 1707) ps  polarity 1
net 38: (18 9)->(19 9) 0 2 0 1 #timing (1626 1723) ps  polarity 1
net 38: (16 11)->(16 15) 3 1 0 1 #timing (1643 1539) ps  polarity 1
net 38: (16 15)->(18 13) 1 3 0 1 #timing (1831 1699) ps  polarity 0
net 38: (18 13)->(18 12) 0 1 0 1 #timing (1851 2002) ps  polarity 1
net 38: (16 11)->(12 11) 4 5 0 1 #timing (1512 1489) ps  polarity 1
net 38: (12 11)->(12 11) 1 0 1 1 #timing (1700 1653) ps  polarity 0
net 38: (12 11)->(12 11) 0 0 0 1 #timing (1780 1817) ps  polarity 1
net 38: (12 11)->(13 10) 0 3 0 1 #timing (1782 1816) ps  polarity 1
net 38: (16 3)->(16 1) 1 1 0 0 #timing (842 834) ps polarity 1
net 38: (16 1)->(18 1) 1 2 0 1 #timing (1100 1054) ps  polarity 0
net 38: (18 1)->(19 1) 0 2 0 1 #timing (1164 1232) ps  polarity 1
net 38: (16 1)->(20 1) 4 2 0 0 #timing (1088 1102) ps polarity 1
net 38: (20 1)->(20 1) 1 0 1 1 #timing (1306 1263) ps  polarity 0
net 38: (20 1)->(21 1) 0 2 0 1 #timing (1359 1404) ps  polarity 1
net 38: (20 1)->(21 0) 0 3 0 1 #timing (1400 1426) ps  polarity 1
net 38: (16 1)->(12 1) 4 5 0 0 #timing (1152 1129) ps polarity 1
net 38: (12 1)->(8 1) 4 2 0 1 #timing (1404 1370) ps  polarity 1
net 38: (8 1)->(8 5) 3 1 0 1 #timing (1699 1606) ps  polarity 1
net 38: (8 5)->(8 7) 1 1 0 1 #timing (1847 1747) ps  polarity 0
net 38: (8 7)->(8 6) 0 1 0 1 #timing (1861 1982) ps  polarity 1
net 38: (16 1)->(16 1) 5 0 0 0 #timing (942 978) ps polarity 0
net 38: (16 1)->(16 9) 5 1 0 1 #timing (1274 1314) ps  polarity 1
net 38: (16 9)->(12 9) 4 5 0 1 #timing (1559 1556) ps  polarity 1
net 38: (12 9)->(12 9) 1 0 1 1 #timing (1746 1720) ps  polarity 0
net 38: (12 9)->(13 9) 0 2 0 1 #timing (1832 1854) ps  polarity 1
net 40: (15 5)->(14 4) 0 3 0 0 #timing (202 202) ps polarity 1
net 40: (14 4)->(12 6) 1 3 0 0 #timing (357 334) ps polarity 0
net 40: (12 6)->(12 2) 3 1 0 0 #timing (662 672) ps polarity 0
net 40: (12 2)->(16 2) 4 5 0 0 #timing (978 958) ps polarity 0
net 40: (16 2)->(18 0) 1 3 0 1 #timing (1244 1205) ps  polarity 1
net 40: (18 0)->(18 0) 0 0 0 1 #timing (1335 1403) ps  polarity 0
net 40: (18 0)->(19 0) 0 2 0 1 #timing (1370 1426) ps  polarity 0
net 40: (16 2)->(20 2) 4 2 0 1 #timing (1231 1196) ps  polarity 0
net 40: (20 2)->(20 0) 1 1 0 1 #timing (1462 1393) ps  polarity 1
net 40: (20 0)->(20 0) 0 0 0 1 #timing (1507 1587) ps  polarity 0
net 40: (20 0)->(21 0) 0 2 0 1 #timing (1542 1610) ps  polarity 0
net 40: (12 6)->(12 6) 5 0 0 0 #timing (468 546) ps polarity 1
net 40: (12 6)->(12 14) 5 1 0 1 #timing (823 901) ps  polarity 0
net 40: (12 14)->(16 14) 4 5 0 1 #timing (1104 1144) ps  polarity 0
net 40: (16 14)->(18 12) 1 3 0 1 #timing (1373 1358) ps  polarity 1
net 40: (18 12)->(18 12) 0 0 0 1 #timing (1488 1529) ps  polarity 0
net 40: (12 6)->(29 6) 13 2 1 0 #timing (1186 987) ps polarity 0
net 40: (29 6)->(21 6) 5 2 0 1 #timing (1697 1474) ps  polarity 1
net 40: (21 6)->(21 6) 1 0 1 1 #timing (1677 1865) ps  polarity 0
net 40: (21 6)->(20 6) 0 2 0 1 #timing (1997 1795) ps  polarity 1
net 41: (14 2)->(14 3) 0 1 0 0 #timing (183 183) ps polarity 1
net 41: (14 3)->(14 3) 1 0 0 0 #timing (262 264) ps polarity 0
net 41: (14 3)->(14 7) 3 1 0 0 #timing (554 494) ps polarity 0
net 41: (14 7)->(14 7) 1 0 1 1 #timing (765 671) ps  polarity 1
net 41: (14 7)->(14 6) 0 1 0 1 #timing (817 890) ps  polarity 0
net 42: (10 2)->(10 3) 0 1 0 0 #timing (183 183) ps polarity 1
net 42: (10 3)->(8 3) 1 2 0 0 #timing (297 288) ps polarity 0
net 42: (8 3)->(8 7) 3 1 0 0 #timing (629 575) ps polarity 0
net 42: (8 7)->(12 7) 4 2 0 0 #timing (921 853) ps polarity 0
net 42: (12 7)->(14 5) 1 3 0 1 #timing (1118 1140) ps  polarity 1
net 42: (14 5)->(15 5) 0 2 0 1 #timing (1258 1266) ps  polarity 0
net 43: (18 8)->(19 9) 0 3 0 0 #timing (191 191) ps polarity 1
net 43: (19 9)->(17 11) 1 3 0 0 #timing (363 332) ps polarity 0
net 43: (17 11)->(13 11) 4 5 0 0 #timing (634 666) ps polarity 0
net 43: (13 11)->(13 11) 5 0 1 0 #timing (764 813) ps polarity 1
net 43: (13 11)->(13 26) 13 1 1 0 #timing (1408 1247) ps polarity 0
net 43: (13 26)->(5 26) 5 2 0 1 #timing (1845 1667) ps  polarity 1
net 43: (5 26)->(5 30) 3 1 0 1 #timing (2071 2150) ps  polarity 1
net 43: (5 30)->(7 30) 1 2 0 1 #timing (2215 2285) ps  polarity 0
net 43: (7 30)->(6 31) 0 3 0 1 #timing (2420 2353) ps  polarity 1
net 47: (16 5)->(16 5) 0 0 0 0 #timing (161 161) ps polarity 1
net 47: (16 5)->(18 5) 1 2 0 0 #timing (295 278) ps polarity 0
net 47: (18 5)->(14 5) 4 5 0 0 #timing (593 585) ps polarity 0
net 47: (14 5)->(14 5) 1 0 0 1 #timing (784 768) ps  polarity 1
net 47: (14 5)->(14 5) 0 0 0 1 #timing (897 902) ps  polarity 0
net 52: (21 4)->(20 4) 0 2 0 0 #timing (190 190) ps polarity 0
net 52: (20 4)->(20 6) 1 1 0 0 #timing (302 295) ps polarity 1
net 52: (20 6)->(16 6) 4 2 0 0 #timing (585 576) ps polarity 1
net 52: (16 6)->(16 6) 1 0 1 1 #timing (784 765) ps  polarity 0
net 52: (16 6)->(17 7) 0 3 0 1 #timing (888 897) ps  polarity 1
net 53: (17 2)->(17 3) 0 1 0 0 #timing (174 174) ps polarity 1
net 53: (17 3)->(17 1) 1 1 0 0 #timing (305 291) ps polarity 0
net 53: (17 1)->(17 5) 3 1 0 0 #timing (614 573) ps polarity 0
net 53: (17 5)->(21 5) 4 2 0 0 #timing (942 868) ps polarity 0
net 53: (21 5)->(21 5) 1 0 0 1 #timing (1071 1118) ps  polarity 1
net 53: (21 5)->(21 4) 0 1 0 1 #timing (1236 1181) ps  polarity 0
net 54: (14 6)->(15 6) 0 2 0 0 #timing (704 704) ps polarity 1
net 54: (15 6)->(15 6) 1 0 0 0 #timing (783 787) ps polarity 0
net 54: (15 6)->(13 4) 1 3 0 1 #timing (1060 1005) ps  polarity 1
net 54: (13 4)->(13 5) 0 1 0 1 #timing (1157 1231) ps  polarity 0
net 54: (13 4)->(12 5) 0 3 0 1 #timing (1185 1245) ps  polarity 0
net 54: (15 6)->(15 10) 3 4 0 0 #timing (1052 1004) ps polarity 0
net 54: (15 10)->(13 8) 1 3 0 1 #timing (1334 1228) ps  polarity 1
net 54: (13 8)->(13 8) 0 0 0 1 #timing (1399 1514) ps  polarity 0
net 54: (14 6)->(15 7) 0 3 0 0 #timing (675 675) ps polarity 1
net 54: (15 7)->(15 7) 1 0 0 0 #timing (765 767) ps polarity 0
net 54: (15 7)->(15 7) 1 0 1 1 #timing (969 937) ps  polarity 1
net 54: (15 7)->(14 7) 0 2 0 1 #timing (1068 1088) ps  polarity 0
net 54: (15 7)->(15 5) 1 1 0 1 #timing (1022 974) ps  polarity 1
net 54: (15 5)->(15 5) 0 0 0 1 #timing (1097 1159) ps  polarity 0
net 54: (15 5)->(14 4) 0 3 0 1 #timing (1134 1176) ps  polarity 0
net 54: (15 7)->(13 5) 1 3 0 1 #timing (1046 987) ps  polarity 1
net 54: (13 5)->(12 4) 0 3 0 1 #timing (1157 1223) ps  polarity 0
net 54: (15 7)->(15 3) 3 1 0 0 #timing (1023 979) ps polarity 0
net 54: (15 3)->(15 1) 1 1 0 1 #timing (1286 1190) ps  polarity 1
net 54: (15 1)->(14 1) 0 2 0 1 #timing (1321 1424) ps  polarity 0
net 54: (15 3)->(13 3) 1 2 0 1 #timing (1277 1184) ps  polarity 1
net 54: (13 3)->(13 3) 0 0 0 1 #timing (1300 1416) ps  polarity 0
net 54: (15 3)->(11 3) 4 2 0 0 #timing (1294 1228) ps polarity 0
net 54: (11 3)->(11 1) 1 1 0 1 #timing (1485 1510) ps  polarity 1
net 54: (11 1)->(10 1) 0 2 0 1 #timing (1642 1625) ps  polarity 0
net 54: (15 7)->(15 11) 3 4 0 1 #timing (1146 1060) ps  polarity 0
net 54: (15 11)->(15 9) 1 1 0 1 #timing (1296 1199) ps  polarity 1
net 54: (15 9)->(14 8) 0 3 0 1 #timing (1331 1434) ps  polarity 0
net 54: (15 7)->(11 7) 4 2 0 0 #timing (1012 986) ps polarity 0
net 54: (11 7)->(9 7) 1 2 0 1 #timing (1248 1232) ps  polarity 1
net 54: (9 7)->(9 6) 0 1 0 1 #timing (1377 1411) ps  polarity 0
net 54: (15 7)->(19 7) 4 5 0 0 #timing (1084 1034) ps polarity 0
net 54: (19 7)->(17 7) 1 2 0 1 #timing (1268 1281) ps  polarity 1
net 54: (17 7)->(16 6) 0 3 0 1 #timing (1438 1434) ps  polarity 0
net 55: (15 5)->(15 5) 0 0 0 0 #timing (156 156) ps polarity 1
net 55: (15 5)->(15 5) 1 0 0 0 #timing (232 235) ps polarity 0
net 55: (15 5)->(15 9) 3 4 0 0 #timing (485 446) ps polarity 0
net 55: (15 9)->(15 9) 1 0 1 1 #timing (696 623) ps  polarity 1
net 55: (15 9)->(15 8) 0 1 0 1 #timing (738 805) ps  polarity 0
net 55: (15 9)->(15 11) 1 1 0 1 #timing (742 655) ps  polarity 1
net 55: (15 11)->(15 11) 0 0 0 1 #timing (766 871) ps  polarity 0
net 55: (15 9)->(13 9) 1 2 0 1 #timing (734 649) ps  polarity 1
net 55: (13 9)->(13 8) 0 1 0 1 #timing (782 889) ps  polarity 0
net 55: (15 5)->(11 5) 4 2 0 0 #timing (488 456) ps polarity 0
net 55: (11 5)->(9 5) 1 2 0 1 #timing (711 702) ps  polarity 1
net 55: (9 5)->(9 4) 0 1 0 1 #timing (849 884) ps  polarity 0
net 55: (15 5)->(15 4) 0 1 0 0 #timing (157 157) ps polarity 1
net 55: (15 4)->(15 4) 1 0 0 0 #timing (236 237) ps polarity 0
net 55: (15 4)->(15 4) 1 0 0 1 #timing (439 407) ps  polarity 1
net 55: (15 4)->(15 5) 0 1 0 1 #timing (568 572) ps  polarity 0
net 55: (15 4)->(14 4) 0 2 0 1 #timing (535 555) ps  polarity 0
net 55: (15 4)->(15 6) 1 1 0 1 #timing (487 439) ps  polarity 1
net 55: (15 6)->(14 7) 0 3 0 1 #timing (610 649) ps  polarity 0
net 55: (15 4)->(13 6) 1 3 0 1 #timing (515 457) ps  polarity 1
net 55: (13 6)->(12 6) 0 2 0 1 #timing (607 682) ps  polarity 0
net 55: (15 4)->(15 0) 3 1 0 0 #timing (526 471) ps polarity 0
net 55: (15 0)->(15 0) 1 0 1 1 #timing (742 651) ps  polarity 1
net 55: (15 0)->(14 1) 0 3 0 1 #timing (792 865) ps  polarity 0
net 55: (15 0)->(13 0) 1 2 0 1 #timing (795 688) ps  polarity 1
net 55: (13 0)->(13 1) 0 1 0 1 #timing (844 969) ps  polarity 0
net 55: (15 0)->(11 0) 4 2 0 0 #timing (807 730) ps polarity 0
net 55: (11 0)->(11 0) 1 0 1 1 #timing (952 995) ps  polarity 1
net 55: (11 0)->(10 1) 0 3 0 1 #timing (1133 1073) ps  polarity 0
net 55: (15 4)->(11 4) 4 2 0 0 #timing (490 463) ps polarity 0
net 55: (11 4)->(9 4) 1 2 0 1 #timing (730 710) ps  polarity 1
net 55: (9 4)->(9 5) 0 1 0 1 #timing (894 913) ps  polarity 0
net 55: (9 4)->(8 4) 0 2 0 1 #timing (858 893) ps  polarity 0
net 55: (15 5)->(14 5) 0 2 0 0 #timing (172 172) ps polarity 1
net 55: (14 5)->(14 5) 1 0 0 0 #timing (254 254) ps polarity 0
net 55: (14 5)->(18 5) 4 5 0 0 #timing (517 494) ps polarity 0
net 55: (18 5)->(16 7) 1 3 0 1 #timing (770 739) ps  polarity 1
net 55: (16 7)->(16 6) 0 1 0 1 #timing (872 928) ps  polarity 0
net 56: (16 5)->(16 4) 0 1 0 0 #timing (161 161) ps polarity 1
net 56: (16 4)->(16 4) 1 0 0 0 #timing (239 241) ps polarity 0
net 56: (16 4)->(16 4) 1 0 1 1 #timing (442 411) ps  polarity 1
net 56: (16 4)->(16 5) 0 1 0 1 #timing (509 539) ps  polarity 0
net 56: (16 4)->(12 4) 4 5 0 0 #timing (521 481) ps polarity 0
net 56: (12 4)->(12 8) 3 4 0 1 #timing (881 832) ps  polarity 0
net 56: (12 8)->(12 8) 1 0 0 1 #timing (977 934) ps  polarity 1
net 56: (12 8)->(12 8) 0 0 0 1 #timing (1037 1078) ps  polarity 0
net 56: (12 4)->(8 4) 4 2 0 1 #timing (782 731) ps  polarity 0
net 56: (8 4)->(8 4) 1 0 1 1 #timing (969 896) ps  polarity 1
net 56: (8 4)->(8 4) 0 0 0 1 #timing (1005 1074) ps  polarity 0
net 56: (8 4)->(9 5) 0 3 0 1 #timing (1025 1085) ps  polarity 0
net 56: (8 4)->(8 0) 3 1 0 1 #timing (1168 1031) ps  polarity 0
net 56: (8 0)->(10 2) 1 3 0 1 #timing (1314 1170) ps  polarity 1
net 56: (10 2)->(11 3) 0 3 0 1 #timing (1322 1468) ps  polarity 0
net 56: (16 5)->(17 4) 0 3 0 0 #timing (174 174) ps polarity 1
net 56: (17 4)->(17 4) 1 0 0 0 #timing (257 257) ps polarity 0
net 56: (17 4)->(17 0) 3 1 0 0 #timing (536 488) ps polarity 0
net 56: (17 0)->(13 0) 4 5 0 0 #timing (866 780) ps polarity 0
net 56: (13 0)->(13 2) 1 1 0 1 #timing (1025 1071) ps  polarity 1
net 56: (13 2)->(12 2) 0 2 0 1 #timing (1201 1162) ps  polarity 0
net 57: (12 6)->(12 6) 0 0 0 0 #timing (191 191) ps polarity 0
net 57: (12 6)->(12 6) 1 0 0 0 #timing (262 267) ps polarity 1
net 57: (12 6)->(12 10) 3 4 0 0 #timing (589 517) ps polarity 1
net 57: (12 10)->(14 10) 1 2 0 1 #timing (836 721) ps  polarity 0
net 57: (14 10)->(14 11) 0 1 0 1 #timing (834 973) ps  polarity 1
net 57: (12 6)->(12 4) 1 1 0 0 #timing (315 301) ps polarity 1
net 57: (12 4)->(8 4) 4 2 0 0 #timing (554 567) ps polarity 1
net 57: (8 4)->(10 4) 1 2 0 1 #timing (817 764) ps  polarity 0
net 57: (10 4)->(10 5) 0 1 0 1 #timing (893 941) ps  polarity 1
net 57: (12 6)->(12 7) 0 1 0 0 #timing (199 199) ps polarity 0
net 57: (12 7)->(12 5) 1 1 0 0 #timing (332 316) ps polarity 1
net 57: (12 5)->(16 5) 4 5 0 1 #timing (740 659) ps  polarity 1
net 57: (16 5)->(16 9) 3 4 0 1 #timing (1032 892) ps  polarity 1
net 57: (16 9)->(16 9) 1 0 0 1 #timing (1132 995) ps  polarity 0
net 57: (16 9)->(17 9) 0 2 0 1 #timing (1106 1239) ps  polarity 1
net 57: (12 6)->(13 6) 0 2 0 0 #timing (204 204) ps polarity 0
net 57: (13 6)->(13 6) 1 0 0 0 #timing (283 286) ps polarity 1
net 57: (13 6)->(13 6) 5 0 0 0 #timing (388 401) ps polarity 0
net 57: (13 6)->(13 14) 5 1 0 1 #timing (727 743) ps  polarity 1
net 57: (13 14)->(17 14) 4 5 0 1 #timing (1031 997) ps  polarity 1
net 57: (17 14)->(17 10) 3 1 0 1 #timing (1312 1224) ps  polarity 1
net 57: (17 10)->(17 8) 1 1 0 1 #timing (1447 1353) ps  polarity 0
net 57: (17 8)->(16 9) 0 3 0 1 #timing (1529 1611) ps  polarity 1
net 58: (11 6)->(10 6) 0 2 0 0 #timing (193 193) ps polarity 0
net 58: (10 6)->(10 6) 1 0 0 0 #timing (270 270) ps polarity 1
net 58: (10 6)->(10 6) 1 0 1 1 #timing (473 440) ps  polarity 0
net 58: (10 6)->(11 6) 0 2 0 1 #timing (537 573) ps  polarity 1
net 59: (17 2)->(16 2) 0 2 0 0 #timing (193 193) ps polarity 1
net 59: (16 2)->(18 2) 1 2 0 0 #timing (338 317) ps polarity 0
net 59: (18 2)->(14 2) 4 5 0 0 #timing (654 641) ps polarity 0
net 59: (14 2)->(10 2) 4 2 0 1 #timing (968 923) ps  polarity 0
net 59: (10 2)->(10 2) 1 0 0 1 #timing (1161 1091) ps  polarity 1
net 59: (10 2)->(11 2) 0 2 0 1 #timing (1230 1284) ps  polarity 0
net 67: (16 7)->(17 6) 0 3 0 0 #timing (184 184) ps polarity 0
net 67: (17 6)->(17 4) 1 1 0 0 #timing (317 305) ps polarity 1
net 67: (17 4)->(17 8) 3 4 0 1 #timing (741 631) ps  polarity 1
net 67: (17 8)->(17 8) 1 0 0 1 #timing (843 737) ps  polarity 0
net 67: (17 8)->(17 9) 0 1 0 1 #timing (884 968) ps  polarity 1
net 68: (15 12)->(15 12) 0 0 0 0 #timing (184 184) ps polarity 0
net 68: (15 12)->(13 14) 1 3 0 0 #timing (325 305) ps polarity 1
net 68: (13 14)->(15 12) 1 3 0 1 #timing (645 582) ps  polarity 0
net 68: (15 12)->(14 12) 0 2 0 1 #timing (724 807) ps  polarity 1
net 71: (15 6)->(15 7) 0 1 0 0 #timing (193 193) ps polarity 0
net 71: (15 7)->(15 5) 1 1 0 0 #timing (320 307) ps polarity 1
net 71: (15 5)->(11 5) 4 2 0 1 #timing (724 649) ps  polarity 1
net 71: (11 5)->(11 5) 1 0 1 1 #timing (914 815) ps  polarity 0
net 71: (11 5)->(11 4) 0 1 0 1 #timing (934 1025) ps  polarity 1
net 71: (15 7)->(13 5) 1 3 0 0 #timing (376 336) ps polarity 1
net 71: (13 5)->(13 9) 3 4 0 0 #timing (642 667) ps polarity 1
net 71: (13 9)->(15 11) 1 3 0 1 #timing (930 897) ps  polarity 0
net 71: (15 11)->(14 11) 0 2 0 1 #timing (1048 1106) ps  polarity 1
net 71: (15 6)->(14 6) 0 2 0 0 #timing (193 193) ps polarity 0
net 71: (14 6)->(12 6) 1 2 0 0 #timing (318 304) ps polarity 1
net 71: (12 6)->(14 4) 1 3 0 1 #timing (624 562) ps  polarity 0
net 71: (14 4)->(15 4) 0 2 0 1 #timing (686 780) ps  polarity 1
net 71: (12 6)->(16 6) 4 5 0 1 #timing (734 658) ps  polarity 1
net 71: (16 6)->(16 10) 3 4 0 1 #timing (1017 881) ps  polarity 1
net 71: (16 10)->(16 8) 1 1 0 1 #timing (1159 1016) ps  polarity 0
net 71: (16 8)->(16 9) 0 1 0 1 #timing (1124 1286) ps  polarity 1
net 71: (16 8)->(17 9) 0 3 0 1 #timing (1169 1313) ps  polarity 1
net 72: (10 4)->(10 4) 0 0 0 0 #timing (190 190) ps polarity 0
net 72: (10 4)->(10 4) 1 0 0 0 #timing (261 267) ps polarity 1
net 72: (10 4)->(10 4) 1 0 1 1 #timing (465 437) ps  polarity 0
net 72: (10 4)->(11 4) 0 2 0 1 #timing (557 576) ps  polarity 1
net 72: (10 4)->(11 5) 0 3 0 1 #timing (579 589) ps  polarity 1
net 72: (10 4)->(10 6) 1 1 0 0 #timing (296 291) ps polarity 1
net 72: (10 6)->(10 2) 3 1 0 0 #timing (587 560) ps polarity 1
net 72: (10 2)->(14 2) 4 2 0 0 #timing (879 836) ps polarity 1
net 72: (14 2)->(12 2) 1 2 0 1 #timing (1064 1074) ps  polarity 0
net 72: (12 2)->(13 2) 0 2 0 1 #timing (1227 1219) ps  polarity 1
net 73: (14 5)->(14 5) 0 0 0 0 #timing (155 155) ps polarity 1
net 73: (14 5)->(12 5) 1 2 0 0 #timing (286 269) ps polarity 0
net 73: (12 5)->(16 5) 4 5 0 0 #timing (553 572) ps polarity 0
net 73: (16 5)->(16 5) 1 0 1 1 #timing (771 725) ps  polarity 1
net 73: (16 5)->(16 5) 0 0 0 1 #timing (853 889) ps  polarity 0
net 73: (16 5)->(17 4) 0 3 0 1 #timing (855 888) ps  polarity 0
net 73: (14 5)->(14 4) 0 1 0 0 #timing (161 161) ps polarity 1
net 73: (14 4)->(14 4) 1 0 0 0 #timing (238 240) ps polarity 0
net 73: (14 4)->(14 4) 1 0 1 1 #timing (441 409) ps  polarity 1
net 73: (14 4)->(14 5) 0 1 0 1 #timing (506 538) ps  polarity 0
net 73: (14 4)->(15 5) 0 3 0 1 #timing (550 565) ps  polarity 0
net 73: (14 4)->(14 6) 1 1 0 1 #timing (487 443) ps  polarity 1
net 73: (14 6)->(14 7) 0 1 0 1 #timing (547 607) ps  polarity 0
net 73: (14 4)->(12 4) 1 2 0 1 #timing (502 451) ps  polarity 1
net 73: (12 4)->(12 4) 0 0 0 1 #timing (589 645) ps  polarity 0
net 73: (12 4)->(13 5) 0 3 0 1 #timing (603 654) ps  polarity 0
net 73: (14 4)->(14 0) 3 1 0 0 #timing (537 478) ps polarity 0
net 73: (14 0)->(12 2) 1 3 0 1 #timing (842 713) ps  polarity 1
net 73: (12 2)->(13 3) 0 3 0 1 #timing (854 1010) ps  polarity 0
net 73: (14 4)->(14 8) 3 4 0 0 #timing (521 470) ps polarity 0
net 73: (14 8)->(14 8) 1 0 1 1 #timing (731 647) ps  polarity 1
net 73: (14 8)->(15 9) 0 3 0 1 #timing (764 841) ps  polarity 0
net 73: (14 8)->(12 8) 1 2 0 1 #timing (789 686) ps  polarity 1
net 73: (12 8)->(13 8) 0 2 0 1 #timing (836 937) ps  polarity 0
net 73: (14 5)->(15 5) 0 2 0 0 #timing (174 174) ps polarity 1
net 73: (15 5)->(15 7) 1 1 0 0 #timing (296 288) ps polarity 0
net 73: (15 7)->(15 3) 3 1 0 1 #timing (783 661) ps  polarity 0
net 73: (15 3)->(15 3) 1 0 1 1 #timing (877 761) ps  polarity 1
net 73: (15 3)->(15 2) 0 1 0 1 #timing (873 984) ps  polarity 0
net 73: (15 7)->(11 7) 4 2 0 1 #timing (705 631) ps  polarity 0
net 73: (11 7)->(11 3) 3 1 0 1 #timing (1072 909) ps  polarity 0
net 73: (11 3)->(11 3) 1 0 0 1 #timing (1168 1011) ps  polarity 1
net 73: (11 3)->(11 2) 0 1 0 1 #timing (1125 1276) ps  polarity 0
net 73: (14 5)->(15 4) 0 3 0 0 #timing (174 174) ps polarity 1
net 73: (15 4)->(13 4) 1 2 0 0 #timing (316 298) ps polarity 0
net 73: (13 4)->(9 4) 4 2 0 1 #timing (735 664) ps  polarity 0
net 73: (9 4)->(9 4) 1 0 0 1 #timing (928 831) ps  polarity 1
net 73: (9 4)->(9 4) 0 0 0 1 #timing (907 1013) ps  polarity 0
net 74: (10 5)->(10 5) 0 0 0 0 #timing (161 161) ps polarity 1
net 74: (10 5)->(10 5) 1 0 0 0 #timing (236 239) ps polarity 0
net 74: (10 5)->(8 5) 1 2 0 1 #timing (456 421) ps  polarity 1
net 74: (8 5)->(8 4) 0 1 0 1 #timing (533 569) ps  polarity 0
net 74: (10 5)->(14 5) 4 2 0 0 #timing (501 476) ps polarity 0
net 74: (14 5)->(12 7) 1 3 0 1 #timing (737 718) ps  polarity 1
net 74: (12 7)->(13 7) 0 2 0 1 #timing (878 913) ps  polarity 0
net 75: (19 12)->(19 13) 0 1 0 0 #timing (194 194) ps polarity 0
net 75: (19 13)->(17 15) 1 3 0 0 #timing (364 327) ps polarity 1
net 75: (17 15)->(17 15) 5 0 1 0 #timing (454 537) ps polarity 0
net 75: (17 15)->(25 7) 5 3 0 1 #timing (1080 1145) ps  polarity 0
net 75: (25 7)->(25 5) 1 1 0 1 #timing (1303 1343) ps  polarity 0
net 75: (25 5)->(24 4) 0 3 0 1 #timing (1491 1449) ps  polarity 1
net 81: (14 2)->(14 2) 0 0 0 0 #timing (163 163) ps polarity 1
net 81: (14 2)->(14 2) 1 0 0 0 #timing (239 241) ps polarity 0
net 81: (14 2)->(14 2) 1 0 1 1 #timing (442 410) ps  polarity 1
net 81: (14 2)->(15 2) 0 2 0 1 #timing (550 565) ps  polarity 0
net 81: (14 2)->(15 2) 0 2 0 0 #timing (180 180) ps polarity 1
net 81: (15 2)->(15 2) 1 0 0 0 #timing (260 262) ps polarity 0
net 81: (15 2)->(15 6) 3 1 0 0 #timing (570 503) ps polarity 0
net 81: (15 6)->(19 6) 4 5 0 0 #timing (912 798) ps polarity 0
net 81: (19 6)->(17 4) 1 3 0 1 #timing (1065 1132) ps  polarity 1
net 81: (17 4)->(17 4) 0 0 0 1 #timing (1261 1220) ps  polarity 0
net 83: (13 1)->(13 1) 0 0 0 0 #timing (204 204) ps polarity 0
net 83: (13 1)->(13 3) 1 1 0 0 #timing (311 300) ps polarity 1
net 83: (13 3)->(13 7) 3 1 0 0 #timing (659 614) ps polarity 1
net 83: (13 7)->(17 7) 4 5 0 0 #timing (992 907) ps polarity 1
net 83: (17 7)->(17 7) 5 0 0 0 #timing (1111 1043) ps polarity 0
net 83: (17 7)->(25 7) 5 2 0 1 #timing (1513 1436) ps  polarity 1
net 83: (25 7)->(25 7) 1 0 1 1 #timing (1636 1681) ps  polarity 0
net 83: (25 7)->(24 6) 0 3 0 1 #timing (1821 1758) ps  polarity 1
net 84: (13 6)->(13 6) 0 0 0 0 #timing (184 184) ps polarity 0
net 84: (13 6)->(13 4) 1 1 0 0 #timing (304 293) ps polarity 1
net 84: (13 4)->(9 4) 4 2 0 0 #timing (582 584) ps polarity 1
net 84: (9 4)->(9 4) 1 0 1 1 #timing (797 764) ps  polarity 0
net 84: (9 4)->(8 5) 0 3 0 1 #timing (875 904) ps  polarity 1
net 85: (9 6)->(8 7) 0 3 0 0 #timing (190 191) ps polarity 0
net 85: (8 7)->(8 5) 1 1 0 0 #timing (317 306) ps polarity 1
net 85: (8 5)->(8 5) 1 0 0 1 #timing (535 496) ps  polarity 0
net 85: (8 5)->(8 5) 0 0 0 1 #timing (625 653) ps  polarity 1
net 86: (15 4)->(15 4) 0 0 0 0 #timing (183 183) ps polarity 0
net 86: (15 4)->(13 6) 1 3 0 0 #timing (335 310) ps polarity 1
net 86: (13 6)->(9 6) 4 2 0 0 #timing (624 671) ps polarity 1
net 86: (9 6)->(11 4) 1 3 0 1 #timing (964 863) ps  polarity 0
net 86: (11 4)->(10 5) 0 3 0 1 #timing (1051 1164) ps  polarity 1
net 86: (15 4)->(14 4) 0 2 0 0 #timing (190 190) ps polarity 0
net 86: (14 4)->(14 6) 1 1 0 0 #timing (300 295) ps polarity 1
net 86: (14 6)->(10 6) 4 2 0 0 #timing (619 599) ps polarity 1
net 86: (10 6)->(8 4) 1 3 0 1 #timing (881 848) ps  polarity 0
net 86: (8 4)->(8 5) 0 1 0 1 #timing (1022 1044) ps  polarity 1
net 87: (12 7)->(12 7) 0 0 0 0 #timing (186 186) ps polarity 0
net 87: (12 7)->(12 7) 1 0 0 0 #timing (257 263) ps polarity 1
net 87: (12 7)->(8 7) 4 2 0 0 #timing (493 469) ps polarity 1
net 87: (8 7)->(8 7) 1 0 1 1 #timing (680 677) ps  polarity 0
net 87: (8 7)->(9 6) 0 3 0 1 #timing (824 803) ps  polarity 1
net 88: (11 4)->(11 5) 0 1 0 0 #timing (190 190) ps polarity 0
net 88: (11 5)->(9 7) 1 3 0 0 #timing (359 326) ps polarity 1
net 88: (9 7)->(9 7) 1 0 1 1 #timing (612 560) ps  polarity 0
net 88: (9 7)->(8 6) 0 3 0 1 #timing (712 739) ps  polarity 1
net 89: (12 11)->(13 10) 0 3 0 0 #timing (174 174) ps polarity 1
net 89: (13 10)->(15 8) 1 3 0 0 #timing (356 313) ps polarity 0
net 89: (15 8)->(15 4) 3 4 0 0 #timing (598 632) ps polarity 0
net 89: (15 4)->(15 4) 1 0 1 1 #timing (809 810) ps  polarity 1
net 89: (15 4)->(15 4) 0 0 0 1 #timing (956 935) ps  polarity 0
net 89: (15 4)->(11 4) 4 2 0 1 #timing (991 950) ps  polarity 0
net 89: (11 4)->(11 6) 1 1 0 1 #timing (1229 1149) ps  polarity 1
net 89: (11 6)->(11 6) 0 0 0 1 #timing (1308 1383) ps  polarity 0
net 89: (15 4)->(19 4) 4 5 0 1 #timing (1040 983) ps  polarity 0
net 89: (19 4)->(19 6) 1 1 0 1 #timing (1275 1180) ps  polarity 1
net 89: (19 6)->(19 7) 0 1 0 1 #timing (1355 1438) ps  polarity 0
net 89: (15 8)->(15 8) 5 0 0 0 #timing (435 524) ps polarity 1
net 89: (15 8)->(15 0) 5 1 0 1 #timing (761 859) ps  polarity 0
net 89: (15 0)->(13 2) 1 3 0 1 #timing (1144 984) ps  polarity 1
net 89: (13 2)->(13 2) 0 0 0 1 #timing (1110 1308) ps  polarity 0
net 90: (8 4)->(9 4) 0 2 0 0 #timing (214 214) ps polarity 0
net 90: (9 4)->(9 4) 1 0 0 0 #timing (297 300) ps polarity 1
net 90: (9 4)->(9 6) 1 1 0 1 #timing (534 495) ps  polarity 0
net 90: (9 6)->(8 6) 0 2 0 1 #timing (580 643) ps  polarity 1
net 91: (18 7)->(18 7) 0 0 0 0 #timing (186 186) ps polarity 0
net 91: (18 7)->(18 5) 1 1 0 0 #timing (293 288) ps polarity 1
net 91: (18 5)->(18 9) 3 4 0 1 #timing (679 600) ps  polarity 1
net 91: (18 9)->(18 9) 1 0 0 1 #timing (783 708) ps  polarity 0
net 91: (18 9)->(19 8) 0 3 0 1 #timing (861 913) ps  polarity 1
net 93: (16 9)->(16 9) 0 0 0 0 #timing (726 726) ps polarity 0
net 93: (16 9)->(16 11) 1 1 0 0 #timing (830 826) ps polarity 1
net 93: (16 11)->(12 11) 4 5 0 0 #timing (1136 1114) ps polarity 1
net 93: (12 11)->(12 9) 1 1 0 1 #timing (1356 1341) ps  polarity 0
net 93: (12 9)->(12 9) 0 0 0 1 #timing (1477 1497) ps  polarity 1
net 93: (16 9)->(17 8) 0 3 0 0 #timing (743 743) ps polarity 0
net 93: (17 8)->(17 8) 1 0 0 0 #timing (831 832) ps polarity 1
net 93: (17 8)->(13 8) 4 5 0 0 #timing (1106 1071) ps polarity 1
net 93: (13 8)->(13 10) 1 1 0 1 #timing (1320 1314) ps  polarity 0
net 93: (13 10)->(13 11) 0 1 0 1 #timing (1471 1473) ps  polarity 1
net 93: (17 8)->(17 8) 5 0 1 0 #timing (938 953) ps polarity 0
net 93: (17 8)->(17 0) 5 1 0 1 #timing (1306 1319) ps  polarity 1
net 93: (17 0)->(17 2) 1 1 0 1 #timing (1565 1505) ps  polarity 0
net 93: (17 2)->(17 3) 0 1 0 1 #timing (1645 1708) ps  polarity 1
net 94: (16 2)->(16 2) 0 0 0 0 #timing (166 166) ps polarity 1
net 94: (16 2)->(18 0) 1 3 0 0 #timing (341 306) ps polarity 0
net 94: (18 0)->(16 0) 1 2 0 1 #timing (620 551) ps  polarity 1
net 94: (16 0)->(17 1) 0 3 0 1 #timing (675 757) ps  polarity 0
net 94: (18 0)->(18 4) 3 1 0 0 #timing (629 640) ps polarity 0
net 94: (18 4)->(18 8) 3 4 0 1 #timing (973 917) ps  polarity 0
net 94: (18 8)->(18 8) 1 0 1 1 #timing (1069 1017) ps  polarity 1
net 94: (18 8)->(18 9) 0 1 0 1 #timing (1139 1182) ps  polarity 0
net 94: (18 4)->(14 4) 4 5 0 0 #timing (979 931) ps polarity 0
net 94: (14 4)->(14 8) 3 4 0 1 #timing (1311 1281) ps  polarity 0
net 94: (14 8)->(14 10) 1 1 0 1 #timing (1459 1419) ps  polarity 1
net 94: (14 10)->(15 10) 0 2 0 1 #timing (1570 1609) ps  polarity 0
net 94: (14 4)->(10 4) 4 2 0 1 #timing (1265 1196) ps  polarity 0
net 94: (10 4)->(10 6) 1 1 0 1 #timing (1503 1396) ps  polarity 1
net 94: (10 6)->(10 6) 0 0 0 1 #timing (1534 1648) ps  polarity 0
net 94: (10 4)->(8 4) 1 2 0 1 #timing (1511 1397) ps  polarity 1
net 94: (8 4)->(9 4) 0 2 0 1 #timing (1520 1632) ps  polarity 0
net 95: (17 1)->(17 1) 0 0 0 0 #timing (204 204) ps polarity 0
net 95: (17 1)->(17 3) 1 1 0 0 #timing (308 298) ps polarity 1
net 95: (17 3)->(17 3) 1 0 0 1 #timing (532 498) ps  polarity 0
net 95: (17 3)->(16 3) 0 2 0 1 #timing (621 647) ps  polarity 1
net 95: (17 3)->(17 7) 3 1 0 1 #timing (724 626) ps  polarity 1
net 95: (17 7)->(17 7) 1 0 0 1 #timing (831 736) ps  polarity 0
net 95: (17 7)->(17 7) 0 0 0 1 #timing (849 940) ps  polarity 1
net 95: (17 3)->(17 3) 5 0 0 0 #timing (411 457) ps polarity 0
net 95: (17 3)->(0 3) 13 2 1 0 #timing (1165 981) ps polarity 1
net 95: (0 3)->(8 3) 5 2 0 1 #timing (1764 1537) ps  polarity 0
net 95: (8 3)->(10 3) 1 2 0 1 #timing (1797 1971) ps  polarity 1
net 95: (10 3)->(11 2) 0 3 0 1 #timing (2108 1924) ps  polarity 0
net 95: (8 3)->(8 7) 3 1 0 1 #timing (1933 2073) ps  polarity 0
net 95: (8 7)->(8 5) 1 1 0 1 #timing (2087 2216) ps  polarity 1
net 95: (8 5)->(9 5) 0 2 0 1 #timing (2347 2230) ps  polarity 0
net 95: (17 1)->(17 0) 0 1 0 0 #timing (203 203) ps polarity 0
net 95: (17 0)->(17 0) 1 0 0 0 #timing (289 290) ps polarity 1
net 95: (17 0)->(17 0) 5 0 0 0 #timing (392 408) ps polarity 0
net 95: (17 0)->(17 8) 5 1 0 1 #timing (726 751) ps  polarity 1
net 95: (17 8)->(19 8) 1 2 0 1 #timing (1036 948) ps  polarity 0
net 95: (19 8)->(18 9) 0 3 0 1 #timing (1106 1193) ps  polarity 1
net 95: (17 8)->(13 8) 4 5 0 1 #timing (1048 1012) ps  polarity 1
net 95: (13 8)->(13 8) 1 0 1 1 #timing (1237 1176) ps  polarity 0
net 95: (13 8)->(12 9) 0 3 0 1 #timing (1321 1361) ps  polarity 1
net 95: (13 8)->(15 10) 1 3 0 1 #timing (1326 1232) ps  polarity 0
net 95: (15 10)->(15 10) 0 0 0 1 #timing (1387 1497) ps  polarity 1
net 95: (15 10)->(14 11) 0 3 0 1 #timing (1398 1502) ps  polarity 1
net 95: (17 0)->(19 0) 1 2 0 0 #timing (357 336) ps polarity 1
net 95: (19 0)->(15 0) 4 5 0 0 #timing (682 676) ps polarity 1
net 95: (15 0)->(11 0) 4 2 0 1 #timing (986 953) ps  polarity 1
net 95: (11 0)->(11 4) 3 1 0 1 #timing (1268 1188) ps  polarity 1
net 95: (11 4)->(11 4) 1 0 0 1 #timing (1369 1294) ps  polarity 0
net 95: (11 4)->(11 5) 0 1 0 1 #timing (1458 1504) ps  polarity 1
net 95: (17 1)->(16 0) 0 3 0 0 #timing (203 203) ps polarity 0
net 95: (16 0)->(16 2) 1 1 0 0 #timing (325 316) ps polarity 1
net 95: (16 2)->(16 2) 1 0 1 1 #timing (548 515) ps  polarity 0
net 95: (16 2)->(17 3) 0 3 0 1 #timing (631 657) ps  polarity 1
net 95: (16 2)->(12 2) 4 5 0 0 #timing (662 631) ps polarity 1
net 95: (12 2)->(8 2) 4 2 0 1 #timing (933 894) ps  polarity 1
net 95: (8 2)->(10 0) 1 3 0 1 #timing (1200 1108) ps  polarity 0
net 95: (10 0)->(10 1) 0 1 0 1 #timing (1232 1337) ps  polarity 1
net 96: (14 6)->(14 6) 0 0 0 0 #timing (191 191) ps polarity 0
net 96: (14 6)->(14 6) 1 0 0 0 #timing (262 267) ps polarity 1
net 96: (14 6)->(14 4) 1 1 0 1 #timing (506 466) ps  polarity 0
net 96: (14 4)->(14 4) 0 0 0 1 #timing (605 652) ps  polarity 1
net 96: (14 6)->(18 6) 4 5 0 0 #timing (535 503) ps polarity 1
net 96: (18 6)->(16 6) 1 2 0 1 #timing (760 747) ps  polarity 0
net 96: (16 6)->(16 6) 0 0 0 1 #timing (886 901) ps  polarity 1
net 96: (14 6)->(14 7) 0 1 0 0 #timing (198 198) ps polarity 0
net 96: (14 7)->(14 5) 1 1 0 0 #timing (331 314) ps polarity 1
net 96: (14 5)->(14 1) 3 1 0 0 #timing (592 580) ps polarity 1
net 96: (14 1)->(14 3) 1 1 0 1 #timing (852 791) ps  polarity 0
net 96: (14 3)->(15 3) 0 2 0 1 #timing (897 975) ps  polarity 1
net 96: (14 1)->(10 1) 4 2 0 0 #timing (912 862) ps polarity 1
net 96: (10 1)->(10 1) 1 0 1 1 #timing (1074 1095) ps  polarity 0
net 96: (10 1)->(11 1) 0 2 0 1 #timing (1191 1172) ps  polarity 1
net 96: (14 5)->(10 5) 4 2 0 0 #timing (611 606) ps polarity 1
net 96: (10 5)->(10 5) 1 0 1 1 #timing (817 794) ps  polarity 0
net 96: (10 5)->(10 4) 0 1 0 1 #timing (905 923) ps  polarity 1
net 97: (12 3)->(12 3) 0 0 0 0 #timing (191 191) ps polarity 0
net 97: (12 3)->(12 3) 1 0 0 0 #timing (262 268) ps polarity 1
net 97: (12 3)->(12 1) 1 1 0 1 #timing (507 469) ps  polarity 0
net 97: (12 1)->(12 1) 0 0 0 1 #timing (591 637) ps  polarity 1
net 97: (12 3)->(14 1) 1 3 0 1 #timing (548 493) ps  polarity 0
net 97: (14 1)->(15 1) 0 2 0 1 #timing (629 714) ps  polarity 1
net 97: (12 3)->(12 7) 3 1 0 0 #timing (528 477) ps polarity 1
net 97: (12 7)->(14 7) 1 2 0 1 #timing (783 683) ps  polarity 0
net 97: (14 7)->(15 6) 0 3 0 1 #timing (808 920) ps  polarity 1
net 97: (12 3)->(12 2) 0 1 0 0 #timing (198 198) ps polarity 0
net 97: (12 2)->(12 2) 1 0 0 0 #timing (284 282) ps polarity 1
net 97: (12 2)->(12 6) 3 1 0 0 #timing (550 506) ps polarity 1
net 97: (12 6)->(8 6) 4 2 0 0 #timing (810 752) ps polarity 1
net 97: (8 6)->(10 4) 1 3 0 1 #timing (1044 1045) ps  polarity 0
net 97: (10 4)->(10 4) 0 0 0 1 #timing (1199 1196) ps  polarity 1
net 97: (12 3)->(13 3) 0 2 0 0 #timing (203 203) ps polarity 0
net 97: (13 3)->(13 3) 1 0 0 0 #timing (280 284) ps polarity 1
net 97: (13 3)->(17 3) 4 5 0 0 #timing (583 538) ps polarity 1
net 97: (17 3)->(17 1) 1 1 0 1 #timing (775 783) ps  polarity 0
net 97: (17 1)->(16 1) 0 2 0 1 #timing (915 914) ps  polarity 1
net 98: (18 3)->(18 3) 0 0 0 0 #timing (191 191) ps polarity 0
net 98: (18 3)->(18 3) 1 0 0 0 #timing (262 268) ps polarity 1
net 98: (18 3)->(14 3) 4 5 0 0 #timing (594 529) ps polarity 1
net 98: (14 3)->(14 7) 3 1 0 1 #timing (922 901) ps  polarity 1
net 98: (14 7)->(14 5) 1 1 0 1 #timing (1064 1035) ps  polarity 0
net 98: (14 5)->(14 4) 0 1 0 1 #timing (1190 1214) ps  polarity 1
net 98: (14 5)->(15 4) 0 3 0 1 #timing (1161 1198) ps  polarity 1
net 98: (18 3)->(16 1) 1 3 0 0 #timing (346 320) ps polarity 1
net 98: (16 1)->(16 5) 3 1 0 0 #timing (685 667) ps polarity 1
net 98: (16 5)->(12 5) 4 5 0 0 #timing (1024 953) ps polarity 1
net 98: (12 5)->(8 5) 4 2 0 1 #timing (1298 1217) ps  polarity 1
net 98: (8 5)->(10 5) 1 2 0 1 #timing (1527 1409) ps  polarity 0
net 98: (10 5)->(11 4) 0 3 0 1 #timing (1542 1653) ps  polarity 1
net 98: (18 3)->(19 3) 0 2 0 0 #timing (203 203) ps polarity 0
net 98: (19 3)->(19 3) 1 0 0 0 #timing (280 284) ps polarity 1
net 98: (19 3)->(19 7) 3 1 0 0 #timing (579 515) ps polarity 1
net 98: (19 7)->(17 5) 1 3 0 1 #timing (867 744) ps  polarity 0
net 98: (17 5)->(16 4) 0 3 0 1 #timing (909 1049) ps  polarity 1
net 98: (19 3)->(15 3) 4 5 0 0 #timing (541 507) ps polarity 1
net 98: (15 3)->(15 3) 1 0 0 1 #timing (714 720) ps  polarity 0
net 98: (15 3)->(14 3) 0 2 0 1 #timing (842 828) ps  polarity 1
net 98: (15 3)->(11 3) 4 2 0 1 #timing (817 767) ps  polarity 1
net 98: (11 3)->(11 7) 3 1 0 1 #timing (1109 1005) ps  polarity 1
net 98: (11 7)->(11 5) 1 1 0 1 #timing (1261 1146) ps  polarity 0
net 98: (11 5)->(10 4) 0 3 0 1 #timing (1298 1414) ps  polarity 1
net 98: (11 7)->(9 5) 1 3 0 1 #timing (1328 1179) ps  polarity 0
net 98: (9 5)->(8 5) 0 2 0 1 #timing (1346 1521) ps  polarity 1
net 99: (16 1)->(16 1) 0 0 0 0 #timing (186 186) ps polarity 0
net 99: (16 1)->(18 1) 1 2 0 0 #timing (316 302) ps polarity 1
net 99: (18 1)->(14 1) 4 5 0 0 #timing (683 655) ps polarity 1
net 99: (14 1)->(10 1) 4 2 0 1 #timing (992 934) ps  polarity 1
net 99: (10 1)->(10 5) 3 1 0 1 #timing (1304 1182) ps  polarity 1
net 99: (10 5)->(10 5) 1 0 0 1 #timing (1406 1287) ps  polarity 0
net 99: (10 5)->(10 5) 0 0 0 1 #timing (1418 1525) ps  polarity 1
net 99: (16 1)->(18 3) 1 3 0 0 #timing (329 308) ps polarity 1
net 99: (18 3)->(18 3) 5 0 0 0 #timing (432 500) ps polarity 0
net 99: (18 3)->(18 11) 5 1 0 1 #timing (766 838) ps  polarity 1
net 99: (18 11)->(14 11) 4 5 0 1 #timing (1071 1095) ps  polarity 1
net 99: (14 11)->(14 11) 1 0 1 1 #timing (1256 1256) ps  polarity 0
net 99: (14 11)->(14 11) 0 0 0 1 #timing (1385 1374) ps  polarity 1
net 99: (16 1)->(16 0) 0 1 0 0 #timing (189 189) ps polarity 0
net 99: (16 0)->(16 0) 1 0 0 0 #timing (275 276) ps polarity 1
net 99: (16 0)->(12 0) 4 5 0 0 #timing (628 556) ps polarity 1
net 99: (12 0)->(12 2) 1 1 0 1 #timing (802 833) ps  polarity 0
net 99: (12 2)->(12 2) 0 0 0 1 #timing (941 929) ps  polarity 1
net 99: (12 0)->(14 2) 1 3 0 1 #timing (833 853) ps  polarity 0
net 99: (14 2)->(15 3) 0 3 0 1 #timing (988 993) ps  polarity 1
net 99: (16 1)->(17 1) 0 2 0 0 #timing (198 198) ps polarity 0
net 99: (17 1)->(17 1) 1 0 0 0 #timing (278 274) ps polarity 1
net 99: (17 1)->(17 5) 3 1 0 1 #timing (695 589) ps  polarity 1
net 99: (17 5)->(17 5) 1 0 0 1 #timing (793 693) ps  polarity 0
net 99: (17 5)->(17 5) 0 0 0 1 #timing (819 909) ps  polarity 1
net 99: (17 5)->(16 5) 0 2 0 1 #timing (824 911) ps  polarity 1
net 99: (17 5)->(17 7) 1 1 0 1 #timing (833 721) ps  polarity 0
net 99: (17 7)->(16 7) 0 2 0 1 #timing (863 979) ps  polarity 1
net 100: (15 11)->(15 10) 0 1 0 0 #timing (157 157) ps polarity 1
net 100: (15 10)->(15 8) 1 1 0 0 #timing (281 267) ps polarity 0
net 100: (15 8)->(15 10) 1 1 0 1 #timing (542 491) ps  polarity 1
net 100: (15 10)->(15 11) 0 1 0 1 #timing (648 694) ps  polarity 0
net 100: (15 10)->(13 8) 1 3 0 0 #timing (339 299) ps polarity 0
net 100: (13 8)->(17 8) 4 5 0 0 #timing (658 682) ps polarity 0
net 100: (17 8)->(17 8) 1 0 1 1 #timing (876 827) ps  polarity 1
net 100: (17 8)->(16 8) 0 2 0 1 #timing (948 988) ps  polarity 0
net 100: (15 11)->(14 11) 0 2 0 0 #timing (172 172) ps polarity 1
net 100: (14 11)->(14 11) 1 0 0 0 #timing (254 256) ps polarity 0
net 100: (14 11)->(14 7) 3 4 0 0 #timing (518 471) ps polarity 0
net 100: (14 7)->(18 7) 4 5 0 0 #timing (824 752) ps polarity 0
net 100: (18 7)->(18 7) 5 0 1 0 #timing (952 894) ps polarity 1
net 100: (18 7)->(26 7) 5 2 0 1 #timing (1353 1279) ps  polarity 0
net 100: (26 7)->(24 7) 1 2 0 1 #timing (1535 1553) ps  polarity 1
net 100: (24 7)->(25 6) 0 3 0 1 #timing (1676 1655) ps  polarity 0
net 101: (19 7)->(18 7) 0 2 0 0 #timing (221 221) ps polarity 0
net 101: (18 7)->(18 7) 1 0 0 0 #timing (300 304) ps polarity 1
net 101: (18 7)->(14 7) 4 5 0 0 #timing (609 557) ps polarity 1
net 101: (14 7)->(14 7) 5 0 0 0 #timing (734 699) ps polarity 0
net 101: (14 7)->(14 22) 13 1 1 0 #timing (1244 1178) ps polarity 1
net 101: (14 22)->(6 30) 5 3 0 1 #timing (1948 1855) ps  polarity 1
net 101: (6 30)->(6 30) 1 0 1 1 #timing (2125 2019) ps  polarity 1
net 101: (6 30)->(6 31) 0 1 0 1 #timing (2136 2235) ps  polarity 0
net 102: (13 7)->(13 7) 0 0 0 0 #timing (204 204) ps polarity 0
net 102: (13 7)->(13 7) 1 0 0 0 #timing (279 279) ps polarity 1
net 102: (13 7)->(9 7) 4 2 0 1 #timing (689 621) ps  polarity 1
net 102: (9 7)->(11 5) 1 3 0 1 #timing (976 848) ps  polarity 0
net 102: (11 5)->(10 5) 0 2 0 1 #timing (1027 1178) ps  polarity 1
net 102: (13 7)->(13 5) 1 1 0 0 #timing (317 305) ps polarity 1
net 102: (13 5)->(13 9) 3 4 0 1 #timing (748 638) ps  polarity 1
net 102: (13 9)->(13 9) 1 0 1 1 #timing (851 742) ps  polarity 0
net 102: (13 9)->(12 8) 0 3 0 1 #timing (880 972) ps  polarity 1
net 103: (13 9)->(13 8) 0 1 0 0 #timing (190 190) ps polarity 0
net 103: (13 8)->(13 8) 1 0 0 0 #timing (272 270) ps polarity 1
net 103: (13 8)->(13 8) 1 0 0 1 #timing (478 443) ps  polarity 0
net 103: (13 8)->(12 8) 0 2 0 1 #timing (565 591) ps  polarity 1
net 104: (13 8)->(13 8) 0 0 0 0 #timing (185 185) ps polarity 1
net 104: (13 8)->(13 10) 1 1 0 0 #timing (297 289) ps polarity 0
net 104: (13 10)->(13 6) 3 4 0 1 #timing (764 648) ps  polarity 0
net 104: (13 6)->(13 6) 1 0 0 1 #timing (860 749) ps  polarity 1
net 104: (13 6)->(12 7) 0 3 0 1 #timing (905 990) ps  polarity 0
net 105: (8 6)->(9 7) 0 3 0 0 #timing (200 200) ps polarity 0
net 105: (9 7)->(11 7) 1 2 0 0 #timing (312 306) ps polarity 1
net 105: (11 7)->(15 7) 4 2 0 0 #timing (630 633) ps polarity 1
net 105: (15 7)->(15 7) 1 0 0 1 #timing (837 806) ps  polarity 0
net 105: (15 7)->(14 6) 0 3 0 1 #timing (954 961) ps  polarity 1
net 106: (13 9)->(12 9) 0 2 0 0 #timing (692 692) ps polarity 1
net 106: (12 9)->(12 9) 1 0 0 0 #timing (770 774) ps polarity 0
net 106: (12 9)->(12 5) 3 4 0 0 #timing (1087 1019) ps polarity 0
net 106: (12 5)->(12 5) 1 0 1 1 #timing (1302 1198) ps  polarity 1
net 106: (12 5)->(12 4) 0 1 0 1 #timing (1310 1408) ps  polarity 0
net 106: (12 9)->(8 9) 4 2 0 0 #timing (999 979) ps polarity 0
net 106: (8 9)->(8 9) 5 0 0 0 #timing (1123 1122) ps polarity 1
net 106: (8 9)->(8 1) 5 1 0 1 #timing (1502 1496) ps  polarity 0
net 106: (8 1)->(10 3) 1 3 0 1 #timing (1756 1707) ps  polarity 1
net 106: (10 3)->(10 2) 0 1 0 1 #timing (1839 1902) ps  polarity 0
net 106: (12 9)->(12 9) 5 0 0 0 #timing (876 888) ps polarity 1
net 106: (12 9)->(12 1) 5 1 0 1 #timing (1234 1247) ps  polarity 0
net 106: (12 1)->(14 3) 1 3 0 1 #timing (1522 1453) ps  polarity 1
net 106: (14 3)->(14 2) 0 1 0 1 #timing (1589 1690) ps  polarity 0
net 107: (16 6)->(16 6) 0 0 0 0 #timing (191 191) ps polarity 0
net 107: (16 6)->(18 6) 1 2 0 0 #timing (315 301) ps polarity 1
net 107: (18 6)->(14 6) 4 5 0 0 #timing (625 614) ps polarity 1
net 107: (14 6)->(14 2) 3 1 0 1 #timing (1027 943) ps  polarity 1
net 107: (14 2)->(14 0) 1 1 0 1 #timing (1158 1070) ps  polarity 0
net 107: (14 0)->(14 1) 0 1 0 1 #timing (1203 1299) ps  polarity 1
net 107: (16 6)->(17 6) 0 2 0 0 #timing (204 204) ps polarity 0
net 107: (17 6)->(19 6) 1 2 0 0 #timing (335 321) ps polarity 1
net 107: (19 6)->(19 2) 3 1 0 0 #timing (625 610) ps polarity 1
net 107: (19 2)->(15 2) 4 5 0 0 #timing (906 867) ps polarity 1
net 107: (15 2)->(15 2) 1 0 1 1 #timing (1070 1082) ps  polarity 0
net 107: (15 2)->(14 3) 0 3 0 1 #timing (1226 1193) ps  polarity 1
net 107: (15 2)->(11 2) 4 2 0 1 #timing (1195 1134) ps  polarity 1
net 107: (11 2)->(11 2) 1 0 1 1 #timing (1388 1301) ps  polarity 0
net 107: (11 2)->(10 2) 0 2 0 1 #timing (1422 1501) ps  polarity 1
net 107: (11 2)->(10 3) 0 3 0 1 #timing (1445 1511) ps  polarity 1
net 108: (18 1)->(18 1) 0 0 0 0 #timing (680 680) ps polarity 1
net 108: (18 1)->(18 1) 1 0 0 0 #timing (752 757) ps polarity 0
net 108: (18 1)->(18 5) 3 1 0 0 #timing (1095 1015) ps polarity 0
net 108: (18 5)->(22 5) 4 2 0 0 #timing (1396 1292) ps polarity 0
net 108: (22 5)->(20 7) 1 3 0 1 #timing (1583 1627) ps  polarity 1
net 108: (20 7)->(20 6) 0 1 0 1 #timing (1753 1742) ps  polarity 0
net 108: (18 1)->(18 0) 0 1 0 0 #timing (700 700) ps polarity 1
net 108: (18 0)->(18 2) 1 1 0 0 #timing (819 810) ps polarity 0
net 108: (18 2)->(18 2) 5 0 0 0 #timing (922 967) ps polarity 1
net 108: (18 2)->(18 10) 5 1 0 1 #timing (1263 1310) ps  polarity 0
net 108: (18 10)->(18 8) 1 1 0 1 #timing (1560 1466) ps  polarity 1
net 108: (18 8)->(18 8) 0 0 0 1 #timing (1602 1702) ps  polarity 0
net 108: (18 1)->(19 0) 0 3 0 0 #timing (706 706) ps polarity 1
net 108: (19 0)->(19 0) 1 0 0 0 #timing (795 796) ps polarity 0
net 108: (19 0)->(19 2) 1 1 0 1 #timing (1039 996) ps  polarity 1
net 108: (19 2)->(18 2) 0 2 0 1 #timing (1122 1173) ps  polarity 0
net 108: (19 0)->(23 0) 4 2 0 0 #timing (1107 1068) ps polarity 0
net 108: (23 0)->(21 0) 1 2 0 1 #timing (1312 1311) ps  polarity 1
net 108: (21 0)->(20 0) 0 2 0 1 #timing (1409 1438) ps  polarity 0
net 109: (19 9)->(19 8) 0 1 0 0 #timing (700 700) ps polarity 1
net 109: (19 8)->(19 8) 1 0 0 0 #timing (781 780) ps polarity 0
net 109: (19 8)->(19 8) 1 0 1 1 #timing (984 950) ps  polarity 1
net 109: (19 8)->(19 9) 0 1 0 1 #timing (1099 1111) ps  polarity 0
net 109: (19 8)->(18 8) 0 2 0 1 #timing (1071 1097) ps  polarity 0
net 109: (19 8)->(19 4) 3 4 0 0 #timing (1071 1018) ps polarity 0
net 109: (19 4)->(23 4) 4 2 0 0 #timing (1345 1288) ps polarity 0
net 109: (23 4)->(21 4) 1 2 0 1 #timing (1528 1546) ps  polarity 1
net 109: (21 4)->(21 5) 0 1 0 1 #timing (1650 1649) ps  polarity 0
net 109: (19 8)->(19 8) 5 0 0 0 #timing (882 899) ps polarity 1
net 109: (19 8)->(19 0) 5 1 0 1 #timing (1212 1242) ps  polarity 0
net 109: (19 0)->(19 0) 1 0 1 1 #timing (1445 1381) ps  polarity 1
net 109: (19 0)->(19 0) 0 0 0 1 #timing (1480 1546) ps  polarity 0
net 110: (13 10)->(13 10) 0 0 0 0 #timing (637 637) ps polarity 1
net 110: (13 10)->(13 10) 1 0 0 0 #timing (708 714) ps polarity 0
net 110: (13 10)->(13 10) 1 0 0 1 #timing (912 885) ps  polarity 1
net 110: (13 10)->(13 10) 0 0 0 1 #timing (1034 1040) ps  polarity 0
net 110: (13 10)->(13 10) 5 0 0 0 #timing (816 827) ps polarity 1
net 110: (13 10)->(13 2) 5 1 0 1 #timing (1170 1182) ps  polarity 0
net 110: (13 2)->(17 2) 4 5 0 1 #timing (1465 1431) ps  polarity 0
net 110: (17 2)->(19 0) 1 3 0 1 #timing (1746 1653) ps  polarity 1
net 110: (19 0)->(18 0) 0 2 0 1 #timing (1790 1900) ps  polarity 0
net 110: (13 10)->(13 11) 0 1 0 0 #timing (642 642) ps polarity 1
net 110: (13 11)->(15 11) 1 2 0 0 #timing (781 759) ps polarity 0
net 110: (15 11)->(19 11) 4 5 0 1 #timing (1223 1131) ps  polarity 0
net 110: (19 11)->(19 11) 1 0 0 1 #timing (1412 1295) ps  polarity 1
net 110: (19 11)->(18 10) 0 3 0 1 #timing (1418 1525) ps  polarity 0
net 110: (19 11)->(19 9) 1 1 0 1 #timing (1454 1325) ps  polarity 1
net 110: (19 9)->(18 8) 0 3 0 1 #timing (1455 1586) ps  polarity 0
net 111: (18 10)->(18 10) 0 0 0 0 #timing (190 190) ps polarity 0
net 111: (18 10)->(18 10) 1 0 0 0 #timing (262 267) ps polarity 1
net 111: (18 10)->(18 6) 3 4 0 0 #timing (534 484) ps polarity 1
net 111: (18 6)->(18 6) 1 0 1 1 #timing (749 664) ps  polarity 0
net 111: (18 6)->(19 7) 0 3 0 1 #timing (777 856) ps  polarity 1
net 112: (14 8)->(14 9) 0 1 0 0 #timing (183 183) ps polarity 1
net 112: (14 9)->(14 11) 1 1 0 0 #timing (297 288) ps polarity 0
net 112: (14 11)->(12 9) 1 3 0 1 #timing (613 546) ps  polarity 1
net 112: (12 9)->(12 8) 0 1 0 1 #timing (675 764) ps  polarity 0
net 112: (14 8)->(15 8) 0 2 0 0 #timing (180 180) ps polarity 1
net 112: (15 8)->(15 8) 1 0 0 0 #timing (261 262) ps polarity 0
net 112: (15 8)->(11 8) 4 2 0 1 #timing (645 577) ps  polarity 0
net 112: (11 8)->(11 4) 3 4 0 1 #timing (959 827) ps  polarity 0
net 112: (11 4)->(11 4) 1 0 1 1 #timing (1055 927) ps  polarity 1
net 112: (11 4)->(10 4) 0 2 0 1 #timing (1055 1172) ps  polarity 0
net 113: (19 8)->(19 9) 0 1 0 0 #timing (192 192) ps polarity 1
net 113: (19 9)->(17 9) 1 2 0 0 #timing (326 309) ps polarity 0
net 113: (17 9)->(17 9) 5 0 0 0 #timing (424 475) ps polarity 1
net 113: (17 9)->(17 1) 5 1 0 1 #timing (775 828) ps  polarity 0
net 113: (17 1)->(17 1) 1 0 0 1 #timing (1031 944) ps  polarity 1
net 113: (17 1)->(17 0) 0 1 0 1 #timing (1048 1133) ps  polarity 0
net 114: (27 1)->(26 1) 0 2 0 0 #timing (221 221) ps polarity 0
net 114: (26 1)->(24 3) 1 3 0 0 #timing (393 357) ps polarity 1
net 114: (24 3)->(24 7) 3 1 0 1 #timing (845 719) ps  polarity 1
net 114: (24 7)->(24 5) 1 1 0 1 #timing (1001 865) ps  polarity 0
net 114: (24 5)->(25 5) 0 2 0 1 #timing (994 1144) ps  polarity 1
net 115: (20 4)->(21 4) 0 2 0 0 #timing (201 201) ps polarity 0
net 115: (21 4)->(23 6) 1 3 0 0 #timing (361 332) ps polarity 1
net 115: (23 6)->(27 6) 4 5 0 1 #timing (835 729) ps  polarity 1
net 115: (27 6)->(25 4) 1 3 0 1 #timing (1119 959) ps  polarity 0
net 115: (25 4)->(25 5) 0 1 0 1 #timing (1118 1304) ps  polarity 1
net 116: (14 10)->(14 10) 0 0 0 0 #timing (190 190) ps polarity 0
net 116: (14 10)->(12 8) 1 3 0 0 #timing (356 326) ps polarity 1
net 116: (12 8)->(14 10) 1 3 0 1 #timing (678 594) ps  polarity 0
net 116: (14 10)->(15 11) 0 3 0 1 #timing (738 850) ps  polarity 1
net 117: (27 4)->(27 4) 0 0 0 0 #timing (183 183) ps polarity 0
net 117: (27 4)->(25 6) 1 3 0 0 #timing (337 312) ps polarity 1
net 117: (25 6)->(25 4) 1 1 0 1 #timing (625 569) ps  polarity 0
net 117: (25 4)->(25 4) 0 0 0 1 #timing (666 739) ps  polarity 1
net 118: (21 5)->(20 5) 0 2 0 0 #timing (235 235) ps polarity 1
net 118: (20 5)->(20 5) 1 0 0 0 #timing (317 317) ps polarity 0
net 118: (20 5)->(24 5) 4 5 0 1 #timing (798 687) ps  polarity 0
net 118: (24 5)->(24 5) 1 0 1 1 #timing (991 853) ps  polarity 1
net 118: (24 5)->(25 4) 0 3 0 1 #timing (985 1108) ps  polarity 0
net 119: (23 10)->(23 10) 0 0 0 0 #timing (199 199) ps polarity 0
net 119: (23 10)->(21 8) 1 3 0 0 #timing (355 331) ps polarity 1
net 119: (21 8)->(21 4) 3 4 0 0 #timing (673 660) ps polarity 1
net 119: (21 4)->(25 4) 4 5 0 0 #timing (1054 993) ps polarity 1
net 119: (25 4)->(25 4) 1 0 1 1 #timing (1190 1225) ps  polarity 0
net 119: (25 4)->(24 4) 0 2 0 1 #timing (1300 1273) ps  polarity 1
net 121: (19 10)->(19 11) 0 1 0 0 #timing (190 190) ps polarity 0
net 121: (19 11)->(19 11) 1 0 0 0 #timing (271 270) ps polarity 1
net 121: (19 11)->(19 7) 3 4 0 0 #timing (518 483) ps polarity 1
net 121: (19 7)->(19 7) 5 0 0 0 #timing (643 623) ps polarity 0
net 121: (19 7)->(27 7) 5 2 0 1 #timing (995 972) ps  polarity 1
net 121: (27 7)->(25 5) 1 3 0 1 #timing (1260 1222) ps  polarity 0
net 121: (25 5)->(25 4) 0 1 0 1 #timing (1379 1443) ps  polarity 1
net 122: (20 6)->(20 7) 0 1 0 0 #timing (199 199) ps polarity 0
net 122: (20 7)->(20 5) 1 1 0 0 #timing (323 306) ps polarity 1
net 122: (20 5)->(24 5) 4 5 0 0 #timing (672 642) ps polarity 1
net 122: (24 5)->(24 5) 1 0 0 1 #timing (843 845) ps  polarity 0
net 122: (24 5)->(24 5) 0 0 0 1 #timing (976 961) ps  polarity 1
net 124: (27 7)->(26 6) 0 3 0 0 #timing (202 202) ps polarity 0
net 124: (26 6)->(24 4) 1 3 0 0 #timing (405 360) ps polarity 1
net 124: (24 4)->(24 4) 1 0 1 1 #timing (633 567) ps  polarity 0
net 124: (24 4)->(24 5) 0 1 0 1 #timing (696 749) ps  polarity 1
net 125: (21 6)->(20 6) 0 2 0 0 #timing (192 192) ps polarity 0
net 125: (20 6)->(20 4) 1 1 0 0 #timing (315 300) ps polarity 1
net 125: (20 4)->(24 4) 4 5 0 1 #timing (854 728) ps  polarity 1
net 125: (24 4)->(24 4) 1 0 0 1 #timing (1049 895) ps  polarity 0
net 125: (24 4)->(25 5) 0 3 0 1 #timing (1021 1165) ps  polarity 1
net 128: (21 1)->(21 1) 0 0 0 0 #timing (204 204) ps polarity 0
net 128: (21 1)->(21 1) 1 0 0 0 #timing (280 278) ps polarity 1
net 128: (21 1)->(21 5) 3 1 0 0 #timing (605 535) ps polarity 1
net 128: (21 5)->(25 5) 4 5 0 0 #timing (996 870) ps polarity 1
net 128: (25 5)->(25 5) 1 0 0 1 #timing (1069 1168) ps  polarity 0
net 128: (25 5)->(24 5) 0 2 0 1 #timing (1264 1167) ps  polarity 1
net 129: (20 5)->(21 4) 0 3 0 0 #timing (174 174) ps polarity 1
net 129: (21 4)->(21 4) 1 0 0 0 #timing (258 259) ps polarity 0
net 129: (21 4)->(25 4) 4 5 0 1 #timing (720 630) ps  polarity 0
net 129: (25 4)->(25 4) 1 0 0 1 #timing (910 796) ps  polarity 1
net 129: (25 4)->(24 5) 0 3 0 1 #timing (906 1017) ps  polarity 0
net 130: (25 1)->(25 1) 0 0 0 0 #timing (199 199) ps polarity 0
net 130: (25 1)->(25 1) 1 0 0 0 #timing (283 286) ps polarity 1
net 130: (25 1)->(25 5) 3 1 0 0 #timing (634 553) ps polarity 1
net 130: (25 5)->(25 5) 1 0 1 1 #timing (852 735) ps  polarity 0
net 130: (25 5)->(25 5) 0 0 0 1 #timing (842 956) ps  polarity 1
net 131: (19 11)->(19 10) 0 1 0 0 #timing (201 201) ps polarity 1
net 131: (19 10)->(17 10) 1 2 0 0 #timing (333 317) ps polarity 0
net 131: (17 10)->(17 14) 3 1 0 0 #timing (609 596) ps polarity 0
net 131: (17 14)->(13 14) 4 5 0 0 #timing (903 860) ps polarity 0
net 131: (13 14)->(13 14) 5 0 0 0 #timing (1032 1005) ps polarity 1
net 131: (13 14)->(28 14) 13 2 1 0 #timing (1688 1580) ps polarity 0
net 131: (28 14)->(28 6) 5 1 0 1 #timing (2155 2029) ps  polarity 1
net 131: (28 6)->(24 6) 4 2 0 1 #timing (2381 2237) ps  polarity 1
net 131: (24 6)->(24 4) 1 1 0 1 #timing (2613 2433) ps  polarity 0
net 131: (24 4)->(24 4) 0 0 0 1 #timing (2587 2765) ps  polarity 1
net 133: (19 11)->(18 10) 0 3 0 0 #timing (180 180) ps polarity 1
net 133: (18 10)->(18 8) 1 1 0 0 #timing (319 300) ps polarity 0
net 133: (18 8)->(22 8) 4 2 0 0 #timing (585 601) ps polarity 0
net 133: (22 8)->(26 8) 4 5 0 1 #timing (918 888) ps  polarity 0
net 133: (26 8)->(26 4) 3 4 0 1 #timing (1291 1170) ps  polarity 0
net 133: (26 4)->(24 4) 1 2 0 1 #timing (1405 1283) ps  polarity 1
net 133: (24 4)->(25 4) 0 2 0 1 #timing (1408 1528) ps  polarity 0
net 134: (23 1)->(22 1) 0 2 0 0 #timing (207 207) ps polarity 0
net 134: (22 1)->(22 1) 1 0 0 0 #timing (289 292) ps polarity 1
net 134: (22 1)->(22 5) 3 1 0 0 #timing (609 543) ps polarity 1
net 134: (22 5)->(26 5) 4 5 0 0 #timing (935 830) ps polarity 1
net 134: (26 5)->(24 5) 1 2 0 1 #timing (1099 1148) ps  polarity 0
net 134: (24 5)->(24 4) 0 1 0 1 #timing (1262 1217) ps  polarity 1
net 135: (10 6)->(10 7) 0 1 0 0 #timing (199 199) ps polarity 0
net 135: (10 7)->(10 5) 1 1 0 0 #timing (329 311) ps polarity 1
net 135: (10 5)->(10 5) 5 0 0 0 #timing (420 470) ps polarity 0
net 135: (10 5)->(10 13) 5 1 0 1 #timing (761 814) ps  polarity 1
net 135: (10 13)->(14 13) 4 2 0 1 #timing (1024 1046) ps  polarity 1
net 135: (14 13)->(14 13) 1 0 1 1 #timing (1217 1214) ps  polarity 0
net 135: (14 13)->(14 12) 0 1 0 1 #timing (1351 1338) ps  polarity 1
net 135: (10 6)->(11 6) 0 2 0 0 #timing (204 204) ps polarity 0
net 135: (11 6)->(9 6) 1 2 0 0 #timing (330 319) ps polarity 1
net 135: (9 6)->(13 6) 4 2 0 0 #timing (633 635) ps polarity 1
net 135: (13 6)->(17 6) 4 5 0 1 #timing (930 905) ps  polarity 1
net 135: (17 6)->(17 6) 1 0 1 1 #timing (1119 1069) ps  polarity 0
net 135: (17 6)->(16 7) 0 3 0 1 #timing (1225 1249) ps  polarity 1
net 139: (14 11)->(14 11) 0 0 0 0 #timing (161 161) ps polarity 1
net 139: (14 11)->(14 9) 1 1 0 0 #timing (272 264) ps polarity 0
net 139: (14 9)->(14 11) 1 1 0 1 #timing (535 487) ps  polarity 1
net 139: (14 11)->(15 11) 0 2 0 1 #timing (609 669) ps  polarity 0
net 142: (16 8)->(17 9) 0 3 0 0 #timing (191 191) ps polarity 1
net 142: (17 9)->(17 11) 1 1 0 0 #timing (318 307) ps polarity 0
net 142: (17 11)->(17 9) 1 1 0 1 #timing (583 534) ps  polarity 1
net 142: (17 9)->(16 9) 0 2 0 1 #timing (677 728) ps  polarity 0
net 146: (21 6)->(21 6) 0 0 0 0 #timing (661 661) ps polarity 1
net 146: (21 6)->(21 6) 1 0 0 0 #timing (734 739) ps polarity 0
net 146: (21 6)->(21 4) 1 1 0 1 #timing (975 936) ps  polarity 1
net 146: (21 4)->(20 5) 0 3 0 1 #timing (1102 1132) ps  polarity 0
net 146: (21 6)->(21 2) 3 1 0 0 #timing (1046 977) ps polarity 0
net 146: (21 2)->(21 2) 1 0 0 1 #timing (1259 1156) ps  polarity 1
net 146: (21 2)->(20 3) 0 3 0 1 #timing (1298 1381) ps  polarity 0
net 147: (24 5)->(24 4) 0 1 0 0 #timing (200 201) ps polarity 1
net 147: (24 4)->(24 4) 1 0 0 0 #timing (284 285) ps polarity 0
net 147: (24 4)->(24 0) 3 1 0 0 #timing (596 530) ps polarity 0
net 147: (24 0)->(20 0) 4 5 0 0 #timing (1018 879) ps polarity 0
net 147: (20 0)->(20 2) 1 1 0 1 #timing (1140 1232) ps  polarity 1
net 147: (20 2)->(20 3) 0 1 0 1 #timing (1396 1299) ps  polarity 0
net 148: (15 9)->(15 9) 0 0 0 0 #timing (423 423) ps polarity 0
net 148: (15 9)->(15 9) 1 0 0 0 #timing (496 502) ps polarity 1
net 148: (15 9)->(15 5) 3 4 0 0 #timing (802 739) ps polarity 1
net 148: (15 5)->(19 5) 4 5 0 0 #timing (1151 1043) ps polarity 1
net 148: (19 5)->(19 5) 5 0 0 0 #timing (1268 1177) ps polarity 0
net 148: (19 5)->(27 5) 5 2 0 1 #timing (1648 1548) ps  polarity 1
net 148: (27 5)->(27 5) 1 0 0 1 #timing (1749 1817) ps  polarity 0
net 148: (27 5)->(26 5) 0 2 0 1 #timing (1949 1869) ps  polarity 1
net 148: (15 9)->(19 9) 4 5 0 0 #timing (806 758) ps polarity 1
net 148: (19 9)->(19 9) 1 0 1 1 #timing (953 976) ps  polarity 0
net 148: (19 9)->(18 9) 0 2 0 1 #timing (1100 1068) ps  polarity 1
net 148: (19 9)->(19 11) 1 1 0 1 #timing (994 1005) ps  polarity 0
net 148: (19 11)->(18 11) 0 2 0 1 #timing (1139 1134) ps  polarity 1
net 148: (19 9)->(19 9) 5 0 0 0 #timing (928 895) ps polarity 0
net 148: (19 9)->(19 1) 5 1 0 1 #timing (1248 1226) ps  polarity 1
net 148: (19 1)->(23 1) 4 2 0 1 #timing (1489 1452) ps  polarity 1
net 148: (23 1)->(21 3) 1 3 0 1 #timing (1747 1663) ps  polarity 0
net 148: (21 3)->(20 3) 0 2 0 1 #timing (1835 1933) ps  polarity 1
net 148: (19 9)->(27 9) 5 2 0 1 #timing (1275 1240) ps  polarity 1
net 148: (27 9)->(27 9) 1 0 1 1 #timing (1439 1442) ps  polarity 0
net 148: (27 9)->(26 9) 0 2 0 1 #timing (1564 1553) ps  polarity 1
net 148: (19 9)->(27 1) 5 3 0 1 #timing (1539 1506) ps  polarity 0
net 148: (27 1)->(27 3) 1 1 0 1 #timing (1748 1694) ps  polarity 0
net 148: (27 3)->(26 3) 0 2 0 1 #timing (1835 1892) ps  polarity 1
net 148: (15 9)->(15 11) 1 1 0 0 #timing (521 519) ps polarity 1
net 148: (15 11)->(15 11) 1 0 1 1 #timing (745 718) ps  polarity 0
net 148: (15 11)->(15 10) 0 1 0 1 #timing (838 856) ps  polarity 1
net 148: (15 11)->(19 11) 4 5 0 0 #timing (846 828) ps polarity 1
net 148: (19 11)->(19 11) 5 0 0 0 #timing (965 963) ps polarity 0
net 148: (19 11)->(19 3) 5 1 0 1 #timing (1321 1319) ps  polarity 1
net 148: (19 3)->(23 3) 4 2 0 1 #timing (1557 1541) ps  polarity 1
net 148: (23 3)->(23 3) 1 0 1 1 #timing (1747 1708) ps  polarity 0
net 148: (23 3)->(22 3) 0 2 0 1 #timing (1788 1835) ps  polarity 1
net 148: (15 9)->(13 9) 1 2 0 0 #timing (549 536) ps polarity 1
net 148: (13 9)->(13 9) 1 0 0 1 #timing (771 736) ps  polarity 0
net 148: (13 9)->(12 9) 0 2 0 1 #timing (860 886) ps  polarity 1
net 148: (13 9)->(13 5) 3 4 0 0 #timing (857 837) ps polarity 1
net 148: (13 5)->(13 5) 1 0 1 1 #timing (1068 1014) ps  polarity 0
net 148: (13 5)->(12 5) 0 2 0 1 #timing (1147 1187) ps  polarity 1
net 148: (15 9)->(13 11) 1 3 0 0 #timing (569 548) ps polarity 1
net 148: (13 11)->(17 11) 4 5 0 0 #timing (876 897) ps polarity 1
net 148: (17 11)->(17 11) 5 0 0 0 #timing (996 1033) ps polarity 0
net 148: (17 11)->(25 3) 5 3 0 1 #timing (1643 1681) ps  polarity 0
net 148: (25 3)->(25 3) 1 0 1 1 #timing (1818 1842) ps  polarity 0
net 148: (25 3)->(24 3) 0 2 0 1 #timing (1923 1906) ps  polarity 1
net 148: (15 9)->(14 9) 0 2 0 0 #timing (436 436) ps polarity 0
net 148: (14 9)->(14 9) 1 0 0 0 #timing (514 518) ps polarity 1
net 148: (14 9)->(18 9) 4 5 0 0 #timing (795 762) ps polarity 1
net 148: (18 9)->(22 9) 4 2 0 1 #timing (1082 1019) ps  polarity 1
net 148: (22 9)->(22 13) 3 1 0 1 #timing (1376 1261) ps  polarity 1
net 148: (22 13)->(22 13) 1 0 1 1 #timing (1484 1371) ps  polarity 0
net 148: (22 13)->(23 12) 0 3 0 1 #timing (1511 1605) ps  polarity 1
net 150: (12 9)->(13 9) 0 2 0 0 #timing (203 203) ps polarity 0
net 150: (13 9)->(13 9) 1 0 0 0 #timing (280 284) ps polarity 1
net 150: (13 9)->(17 9) 4 5 0 0 #timing (599 548) ps polarity 1
net 150: (17 9)->(17 9) 1 0 0 1 #timing (747 771) ps  polarity 0
net 150: (17 9)->(17 8) 0 1 0 1 #timing (886 856) ps  polarity 1
net 151: (15 6)->(15 6) 0 0 0 0 #timing (661 661) ps polarity 1
net 151: (15 6)->(15 4) 1 1 0 0 #timing (776 768) ps polarity 0
net 151: (15 4)->(15 8) 3 4 0 0 #timing (1038 1023) ps polarity 0
net 151: (15 8)->(15 8) 1 0 1 1 #timing (1247 1200) ps  polarity 1
net 151: (15 8)->(14 9) 0 3 0 1 #timing (1342 1369) ps  polarity 0
net 151: (15 6)->(13 6) 1 2 0 0 #timing (779 770) ps polarity 0
net 151: (13 6)->(13 6) 1 0 1 1 #timing (999 968) ps  polarity 1
net 151: (13 6)->(13 6) 0 0 0 1 #timing (1075 1103) ps  polarity 0
net 151: (13 6)->(15 6) 1 2 0 1 #timing (1050 1003) ps  polarity 1
net 151: (15 6)->(15 6) 0 0 0 1 #timing (1122 1185) ps  polarity 0
net 151: (13 6)->(13 2) 3 1 0 0 #timing (1061 1042) ps polarity 0
net 151: (13 2)->(13 2) 1 0 1 1 #timing (1276 1221) ps  polarity 1
net 151: (13 2)->(13 3) 0 1 0 1 #timing (1368 1402) ps  polarity 0
net 151: (13 2)->(15 2) 1 2 0 1 #timing (1343 1267) ps  polarity 1
net 151: (15 2)->(15 2) 0 0 0 1 #timing (1412 1493) ps  polarity 0
net 151: (13 2)->(9 2) 4 2 0 0 #timing (1359 1318) ps polarity 0
net 151: (9 2)->(11 2) 1 2 0 1 #timing (1591 1581) ps  polarity 1
net 151: (11 2)->(11 2) 0 0 0 1 #timing (1695 1732) ps  polarity 0
net 151: (13 6)->(17 6) 4 5 0 0 #timing (1083 1075) ps polarity 0
net 151: (17 6)->(17 6) 1 0 0 1 #timing (1269 1253) ps  polarity 1
net 151: (17 6)->(17 6) 0 0 0 1 #timing (1357 1373) ps  polarity 0
net 151: (15 6)->(14 7) 0 3 0 0 #timing (675 675) ps polarity 1
net 151: (14 7)->(12 5) 1 3 0 0 #timing (869 828) ps polarity 0
net 151: (12 5)->(14 7) 1 3 0 1 #timing (1197 1102) ps  polarity 1
net 151: (14 7)->(14 7) 0 0 0 1 #timing (1259 1378) ps  polarity 0
net 151: (12 5)->(12 9) 3 4 0 0 #timing (1178 1194) ps polarity 0
net 151: (12 9)->(12 9) 1 0 0 1 #timing (1393 1374) ps  polarity 1
net 151: (12 9)->(13 8) 0 3 0 1 #timing (1531 1524) ps  polarity 0
net 151: (12 5)->(8 5) 4 2 0 0 #timing (1117 1167) ps polarity 0
net 151: (8 5)->(8 5) 1 0 1 1 #timing (1374 1298) ps  polarity 1
net 151: (8 5)->(9 4) 0 3 0 1 #timing (1429 1491) ps  polarity 0
net 152: (14 7)->(14 7) 0 0 0 0 #timing (406 406) ps polarity 0
net 152: (14 7)->(14 7) 1 0 0 0 #timing (477 483) ps polarity 1
net 152: (14 7)->(14 3) 3 1 0 0 #timing (749 701) ps polarity 1
net 152: (14 3)->(18 3) 4 5 0 0 #timing (1070 991) ps polarity 1
net 152: (18 3)->(18 3) 5 0 1 0 #timing (1198 1132) ps polarity 0
net 152: (18 3)->(26 3) 5 2 0 1 #timing (1583 1503) ps  polarity 1
net 152: (26 3)->(26 3) 1 0 1 1 #timing (1708 1754) ps  polarity 0
net 152: (26 3)->(27 2) 0 3 0 1 #timing (1911 1839) ps  polarity 1
net 152: (14 7)->(14 11) 3 4 0 0 #timing (775 715) ps polarity 1
net 152: (14 11)->(14 11) 1 0 0 1 #timing (984 891) ps  polarity 0
net 152: (14 11)->(14 10) 0 1 0 1 #timing (1000 1089) ps  polarity 1
net 152: (14 7)->(18 7) 4 5 0 1 #timing (874 805) ps  polarity 1
net 152: (18 7)->(18 11) 3 4 0 1 #timing (1146 1024) ps  polarity 1
net 152: (18 11)->(18 11) 1 0 0 1 #timing (1245 1127) ps  polarity 0
net 152: (18 11)->(19 11) 0 2 0 1 #timing (1262 1366) ps  polarity 1
net 152: (18 11)->(19 10) 0 3 0 1 #timing (1254 1361) ps  polarity 1
net 152: (18 11)->(16 9) 1 3 0 1 #timing (1350 1187) ps  polarity 0
net 152: (16 9)->(17 8) 0 3 0 1 #timing (1335 1512) ps  polarity 1
net 152: (14 7)->(12 7) 1 2 0 0 #timing (540 524) ps polarity 1
net 152: (12 7)->(16 7) 4 5 0 0 #timing (816 831) ps polarity 1
net 152: (16 7)->(20 7) 4 2 0 1 #timing (1061 1062) ps  polarity 1
net 152: (20 7)->(20 7) 1 0 1 1 #timing (1251 1228) ps  polarity 0
net 152: (20 7)->(21 6) 0 3 0 1 #timing (1349 1362) ps  polarity 1
net 152: (20 7)->(20 3) 3 1 0 1 #timing (1376 1313) ps  polarity 1
net 152: (20 3)->(20 3) 1 0 0 1 #timing (1468 1412) ps  polarity 0
net 152: (20 3)->(21 2) 0 3 0 1 #timing (1567 1598) ps  polarity 1
net 152: (20 7)->(20 11) 3 4 0 1 #timing (1339 1282) ps  polarity 1
net 152: (20 11)->(22 11) 1 2 0 1 #timing (1483 1416) ps  polarity 0
net 152: (22 11)->(23 10) 0 3 0 1 #timing (1564 1643) ps  polarity 1
net 152: (16 7)->(16 7) 5 0 0 0 #timing (940 969) ps polarity 0
net 152: (16 7)->(24 7) 5 2 0 1 #timing (1342 1351) ps  polarity 1
net 152: (24 7)->(24 11) 3 4 0 1 #timing (1819 1692) ps  polarity 1
net 152: (24 11)->(26 9) 1 3 0 1 #timing (1986 1843) ps  polarity 0
net 152: (26 9)->(27 8) 0 3 0 1 #timing (1985 2132) ps  polarity 1
net 152: (14 7)->(14 6) 0 1 0 0 #timing (377 377) ps polarity 0
net 152: (14 6)->(14 4) 1 1 0 0 #timing (505 497) ps polarity 1
net 152: (14 4)->(18 4) 4 5 0 0 #timing (774 777) ps polarity 1
net 152: (18 4)->(22 4) 4 2 0 1 #timing (1054 1031) ps  polarity 1
net 152: (22 4)->(22 0) 3 1 0 1 #timing (1473 1354) ps  polarity 1
net 152: (22 0)->(22 2) 1 1 0 1 #timing (1613 1490) ps  polarity 0
net 152: (22 2)->(23 2) 0 2 0 1 #timing (1604 1744) ps  polarity 1
net 152: (18 4)->(18 4) 5 0 0 0 #timing (897 914) ps polarity 0
net 152: (18 4)->(26 4) 5 2 0 1 #timing (1258 1275) ps  polarity 1
net 152: (26 4)->(26 4) 1 0 0 1 #timing (1476 1427) ps  polarity 0
net 152: (26 4)->(27 4) 0 2 0 1 #timing (1547 1588) ps  polarity 1
net 152: (26 4)->(26 0) 3 1 0 1 #timing (1742 1598) ps  polarity 1
net 152: (26 0)->(24 2) 1 3 0 1 #timing (1879 1729) ps  polarity 0
net 152: (24 2)->(25 2) 0 2 0 1 #timing (1866 2028) ps  polarity 1
net 152: (14 7)->(15 7) 0 2 0 0 #timing (389 389) ps polarity 0
net 152: (15 7)->(13 7) 1 2 0 0 #timing (533 507) ps polarity 1
net 152: (13 7)->(13 7) 1 0 1 1 #timing (757 708) ps  polarity 0
net 152: (13 7)->(12 6) 0 3 0 1 #timing (852 881) ps  polarity 1
net 153: (16 3)->(16 2) 0 1 0 0 #timing (198 198) ps polarity 0
net 153: (16 2)->(16 0) 1 1 0 0 #timing (330 313) ps polarity 1
net 153: (16 0)->(12 0) 4 5 0 1 #timing (786 693) ps  polarity 1
net 153: (12 0)->(12 4) 3 1 0 1 #timing (1089 939) ps  polarity 1
net 153: (12 4)->(12 4) 1 0 1 1 #timing (1189 1043) ps  polarity 0
net 153: (12 4)->(13 4) 0 2 0 1 #timing (1164 1301) ps  polarity 1
net 154: (18 9)->(18 8) 0 1 0 0 #timing (198 198) ps polarity 0
net 154: (18 8)->(18 8) 1 0 0 0 #timing (283 281) ps polarity 1
net 154: (18 8)->(16 8) 1 2 0 1 #timing (546 492) ps  polarity 0
net 154: (16 8)->(17 8) 0 2 0 1 #timing (642 697) ps  polarity 1
net 155: (17 3)->(17 2) 0 1 0 0 #timing (190 190) ps polarity 0
net 155: (17 2)->(19 2) 1 2 0 0 #timing (334 310) ps polarity 1
net 155: (19 2)->(19 6) 3 1 0 0 #timing (623 618) ps polarity 1
net 155: (19 6)->(15 6) 4 5 0 0 #timing (901 871) ps polarity 1
net 155: (15 6)->(15 6) 5 0 0 0 #timing (1029 1014) ps polarity 0
net 155: (15 6)->(15 14) 5 1 0 1 #timing (1361 1350) ps  polarity 1
net 155: (15 14)->(15 12) 1 1 0 1 #timing (1604 1567) ps  polarity 0
net 155: (15 12)->(15 12) 0 0 0 1 #timing (1714 1757) ps  polarity 1
net 156: (24 3)->(24 3) 0 0 0 0 #timing (204 204) ps polarity 0
net 156: (24 3)->(24 3) 1 0 0 0 #timing (286 287) ps polarity 1
net 156: (24 3)->(24 3) 1 0 1 1 #timing (492 458) ps  polarity 0
net 156: (24 3)->(25 2) 0 3 0 1 #timing (595 612) ps  polarity 1
net 157: (15 10)->(15 10) 0 0 0 0 #timing (183 183) ps polarity 0
net 157: (15 10)->(15 10) 1 0 0 0 #timing (255 261) ps polarity 1
net 157: (15 10)->(15 10) 1 0 1 1 #timing (458 432) ps  polarity 0
net 157: (15 10)->(14 10) 0 2 0 1 #timing (559 574) ps  polarity 1
net 158: (18 12)->(19 12) 0 2 0 0 #timing (204 204) ps polarity 0
net 158: (19 12)->(19 14) 1 1 0 0 #timing (313 308) ps polarity 1
net 158: (19 14)->(19 10) 3 1 0 1 #timing (756 651) ps  polarity 1
net 158: (19 10)->(19 10) 1 0 1 1 #timing (850 751) ps  polarity 0
net 158: (19 10)->(19 10) 0 0 0 1 #timing (898 976) ps  polarity 1
net 159: (9 6)->(9 7) 0 1 0 0 #timing (740 740) ps polarity 1
net 159: (9 7)->(9 7) 1 0 0 0 #timing (816 819) ps polarity 0
net 159: (9 7)->(9 3) 3 1 0 0 #timing (1158 1085) ps polarity 0
net 159: (9 3)->(13 3) 4 2 0 0 #timing (1526 1408) ps polarity 0
net 159: (13 3)->(13 3) 1 0 1 1 #timing (1620 1710) ps  polarity 1
net 159: (13 3)->(12 2) 0 3 0 1 #timing (1848 1741) ps  polarity 0
net 159: (9 6)->(8 6) 0 2 0 0 #timing (739 739) ps polarity 1
net 159: (8 6)->(8 6) 1 0 0 0 #timing (816 818) ps polarity 0
net 159: (8 6)->(8 2) 3 1 0 1 #timing (1313 1175) ps  polarity 0
net 159: (8 2)->(10 2) 1 2 0 1 #timing (1432 1296) ps  polarity 1
net 159: (10 2)->(10 3) 0 1 0 1 #timing (1412 1550) ps  polarity 0
net 159: (8 6)->(12 6) 4 2 0 0 #timing (1062 1049) ps polarity 0
net 159: (12 6)->(12 2) 3 1 0 1 #timing (1506 1397) ps  polarity 0
net 159: (12 2)->(14 2) 1 2 0 1 #timing (1642 1526) ps  polarity 1
net 159: (14 2)->(14 3) 0 1 0 1 #timing (1663 1795) ps  polarity 0
net 160: (13 3)->(12 3) 0 2 0 0 #timing (183 183) ps polarity 0
net 160: (12 3)->(14 3) 1 2 0 0 #timing (322 306) ps polarity 1
net 160: (14 3)->(12 3) 1 2 0 1 #timing (596 542) ps  polarity 0
net 160: (12 3)->(12 2) 0 1 0 1 #timing (681 745) ps  polarity 1
net 160: (14 3)->(10 3) 4 2 0 0 #timing (587 599) ps polarity 1
net 160: (10 3)->(10 7) 3 1 0 1 #timing (998 901) ps  polarity 1
net 160: (10 7)->(10 5) 1 1 0 1 #timing (1139 1035) ps  polarity 0
net 160: (10 5)->(11 5) 0 2 0 1 #timing (1146 1271) ps  polarity 1
net 161: (20 3)->(20 2) 0 1 0 0 #timing (198 198) ps polarity 0
net 161: (20 2)->(20 2) 1 0 0 0 #timing (284 282) ps polarity 1
net 161: (20 2)->(20 2) 1 0 1 1 #timing (487 452) ps  polarity 0
net 161: (20 2)->(21 2) 0 2 0 1 #timing (592 610) ps  polarity 1
net 162: (26 3)->(26 2) 0 1 0 0 #timing (198 198) ps polarity 0
net 162: (26 2)->(24 0) 1 3 0 0 #timing (360 330) ps polarity 1
net 162: (24 0)->(26 2) 1 3 0 1 #timing (644 575) ps  polarity 0
net 162: (26 2)->(27 2) 0 2 0 1 #timing (694 784) ps  polarity 1
net 164: (9 4)->(8 5) 0 3 0 0 #timing (197 197) ps polarity 0
net 164: (8 5)->(8 5) 1 0 0 0 #timing (286 286) ps polarity 1
net 164: (8 5)->(8 1) 3 1 0 0 #timing (591 533) ps polarity 1
net 164: (8 1)->(12 1) 4 2 0 0 #timing (865 802) ps polarity 1
net 164: (12 1)->(12 3) 1 1 0 1 #timing (1046 1069) ps  polarity 0
net 164: (12 3)->(13 2) 0 3 0 1 #timing (1210 1189) ps  polarity 1
net 165: (12 1)->(13 1) 0 2 0 0 #timing (198 198) ps polarity 0
net 165: (13 1)->(13 1) 1 0 0 0 #timing (278 274) ps polarity 1
net 165: (13 1)->(13 3) 1 1 0 1 #timing (524 475) ps  polarity 0
net 165: (13 3)->(13 2) 0 1 0 1 #timing (590 654) ps  polarity 1
net 166: (26 9)->(26 8) 0 1 0 0 #timing (198 198) ps polarity 0
net 166: (26 8)->(24 10) 1 3 0 0 #timing (342 320) ps polarity 1
net 166: (24 10)->(26 8) 1 3 0 1 #timing (630 570) ps  polarity 0
net 166: (26 8)->(27 8) 0 2 0 1 #timing (685 766) ps  polarity 1
net 167: (22 3)->(22 3) 0 0 0 0 #timing (204 204) ps polarity 0
net 167: (22 3)->(22 3) 1 0 0 0 #timing (286 287) ps polarity 1
net 167: (22 3)->(22 3) 1 0 1 1 #timing (491 459) ps  polarity 0
net 167: (22 3)->(23 2) 0 3 0 1 #timing (594 610) ps  polarity 1
net 171: (26 6)->(27 6) 0 2 0 0 #timing (204 204) ps polarity 0
net 171: (27 6)->(25 4) 1 3 0 0 #timing (377 352) ps polarity 1
net 171: (25 4)->(27 4) 1 2 0 1 #timing (676 606) ps  polarity 0
net 171: (27 4)->(27 4) 0 0 0 1 #timing (706 813) ps  polarity 1
net 172: (23 11)->(23 11) 0 0 0 0 #timing (211 211) ps polarity 1
net 172: (23 11)->(23 11) 1 0 0 0 #timing (296 297) ps polarity 0
net 172: (23 11)->(23 11) 1 0 1 1 #timing (501 468) ps  polarity 1
net 172: (23 11)->(23 10) 0 1 0 1 #timing (546 586) ps  polarity 0
net 176: (14 4)->(14 4) 0 0 0 0 #timing (190 190) ps polarity 0
net 176: (14 4)->(12 4) 1 2 0 0 #timing (325 308) ps polarity 1
net 176: (12 4)->(16 4) 4 5 0 0 #timing (612 624) ps polarity 1
net 176: (16 4)->(20 4) 4 2 0 1 #timing (856 855) ps  polarity 1
net 176: (20 4)->(20 0) 3 1 0 1 #timing (1219 1118) ps  polarity 1
net 176: (20 0)->(20 0) 1 0 0 1 #timing (1314 1219) ps  polarity 0
net 176: (20 0)->(20 1) 0 1 0 1 #timing (1370 1441) ps  polarity 1
net 176: (14 4)->(15 4) 0 2 0 0 #timing (201 201) ps polarity 0
net 176: (15 4)->(15 6) 1 1 0 0 #timing (312 305) ps polarity 1
net 176: (15 6)->(19 6) 4 5 0 1 #timing (749 664) ps  polarity 1
net 176: (19 6)->(19 6) 1 0 1 1 #timing (937 828) ps  polarity 0
net 176: (19 6)->(18 7) 0 3 0 1 #timing (963 1057) ps  polarity 1
net 176: (19 6)->(19 2) 3 1 0 1 #timing (1071 918) ps  polarity 1
net 176: (19 2)->(19 0) 1 1 0 1 #timing (1209 1051) ps  polarity 0
net 176: (19 0)->(18 1) 0 3 0 1 #timing (1204 1357) ps  polarity 1
net 176: (14 4)->(15 5) 0 3 0 0 #timing (203 203) ps polarity 0
net 176: (15 5)->(13 5) 1 2 0 0 #timing (360 337) ps polarity 1
net 176: (13 5)->(15 5) 1 2 0 1 #timing (624 568) ps  polarity 0
net 176: (15 5)->(15 4) 0 1 0 1 #timing (695 758) ps  polarity 1
net 176: (13 5)->(17 5) 4 5 0 0 #timing (665 667) ps polarity 1
net 176: (17 5)->(17 9) 3 4 0 1 #timing (1058 971) ps  polarity 1
net 176: (17 9)->(19 9) 1 2 0 1 #timing (1211 1108) ps  polarity 0
net 176: (19 9)->(19 8) 0 1 0 1 #timing (1231 1343) ps  polarity 1
net 176: (13 5)->(13 5) 5 0 0 0 #timing (453 512) ps polarity 0
net 176: (13 5)->(13 13) 5 1 0 1 #timing (797 861) ps  polarity 1
net 176: (13 13)->(13 13) 1 0 0 1 #timing (1067 969) ps  polarity 0
net 176: (13 13)->(12 12) 0 3 0 1 #timing (1117 1191) ps  polarity 1
net 180: (17 8)->(17 9) 0 1 0 0 #timing (192 192) ps polarity 1
net 180: (17 9)->(17 9) 1 0 0 0 #timing (275 276) ps polarity 0
net 180: (17 9)->(17 9) 1 0 1 1 #timing (479 447) ps  polarity 1
net 180: (17 9)->(16 8) 0 3 0 1 #timing (585 600) ps  polarity 0
net 181: (13 4)->(12 4) 0 2 0 0 #timing (190 190) ps polarity 0
net 181: (12 4)->(12 4) 1 0 0 0 #timing (267 271) ps polarity 1
net 181: (12 4)->(12 8) 3 4 0 0 #timing (563 503) ps polarity 1
net 181: (12 8)->(16 8) 4 5 0 0 #timing (882 790) ps polarity 1
net 181: (16 8)->(16 8) 1 0 0 1 #timing (994 1057) ps  polarity 0
net 181: (16 8)->(16 8) 0 0 0 1 #timing (1162 1095) ps  polarity 1
net 182: (17 7)->(16 7) 0 2 0 0 #timing (221 221) ps polarity 0
net 182: (16 7)->(16 7) 1 0 0 0 #timing (300 304) ps polarity 1
net 182: (16 7)->(16 11) 3 4 0 0 #timing (652 570) ps polarity 1
net 182: (16 11)->(16 9) 1 1 0 1 #timing (901 776) ps  polarity 0
net 182: (16 9)->(16 8) 0 1 0 1 #timing (898 1035) ps  polarity 1
