####   Resource Utilization Report   ####

    Top level module name: top

    Resource usage:

        CLB LUT5s:    130/1120 (11.61%)
            Lut5:                          130 (11.61%)
            Lut5 for Shift-register:       0 (0.00%)
            Lut5 for Distributed memory:   0 (0.00%)

        FFs:    48
        CLB FFs: 36/1120 (3.21%)
        IOB FFs: 12/736 (1.63%)

        CLBs:      26/140 (18.57%)
        Tiles:     1/1 (100.00%)

        RTL Input ports:     5 
        RTL Output ports:    15 
        GPIOs:               4/19 (21.05%)

        PLLs:        1/1 (100.00%)
        OSCs:        1/1 (100.00%)
        4k BRAMs:    0/8 (0.00%)

        1 Clock
           Clock 0: net     2, i_clk, Fanout: 21 CLBs
           Total 1 unique clocks

####   Resource Utilization Complete   ####

TILE-REQ:		0		0		0		1

### Total FPGA resources from current floorplan: ###
                       184 IOBs
                       140 Logic 6-LUT CLBs
                              40 CLBs support RAM/SR

Usage of Logic CLBs is 18.6%.
    Logic-Memory CLB for RAM/Shift-Register is 0.0%.
Usage of LUTs is 16.1%.
    dual-LUTs is 5.9%.
Usage of FF is 4.8%.
    dual-FF is 1.6%.
Usage of IO CLB is 5.4%.
