net 6: (24 0)->(24 1) 0 1 0 0 #timing (2 2) ps polarity 1
net 6: (24 1)->(26 3) 1 3 0 0 #timing (163 141) ps polarity 0
net 6: (26 3)->(26 3) 5 0 1 0 #timing (266 334) ps polarity 1
net 6: (26 3)->(18 11) 5 3 0 1 #timing (854 924) ps  polarity 1
net 6: (18 11)->(14 11) 4 5 0 1 #timing (1261 1160) ps  polarity 0
net 6: (14 11)->(14 11) 1 0 1 1 #timing (1446 1321) ps  polarity 1
net 6: (14 11)->(14 10) 0 1 0 1 #timing (1432 1552) ps  polarity 0
net 7: (23 0)->(22 1) 0 3 0 0 #timing (3 4) ps polarity 0
net 7: (22 1)->(20 1) 1 2 0 0 #timing (133 121) ps polarity 1
net 7: (20 1)->(20 5) 3 1 0 0 #timing (461 437) ps polarity 1
net 7: (20 5)->(20 5) 5 0 1 0 #timing (586 575) ps polarity 0
net 7: (20 5)->(4 5) 13 2 0 0 #timing (1270 1153) ps polarity 1
net 7: (4 5)->(12 13) 5 3 0 1 #timing (1980 1842) ps  polarity 1
net 7: (12 13)->(14 13) 1 2 0 1 #timing (2211 2045) ps  polarity 1
net 7: (14 13)->(14 12) 0 1 0 1 #timing (2211 2379) ps  polarity 0
net 8: (18 9)->(18 9) 0 0 0 0 #timing (726 726) ps polarity 1
net 8: (18 9)->(16 9) 1 2 0 0 #timing (855 841) ps polarity 0
net 8: (16 9)->(20 9) 4 2 0 1 #timing (1257 1187) ps  polarity 0
net 8: (20 9)->(20 13) 3 1 0 1 #timing (1530 1413) ps  polarity 0
net 8: (20 13)->(20 13) 1 0 0 1 #timing (1627 1515) ps  polarity 1
net 8: (20 13)->(20 12) 0 1 0 1 #timing (1661 1752) ps  polarity 0
net 8: (18 9)->(19 9) 0 2 0 0 #timing (738 738) ps polarity 1
net 8: (19 9)->(19 9) 1 0 0 0 #timing (816 819) ps polarity 0
net 8: (19 9)->(19 9) 1 0 0 1 #timing (1021 990) ps  polarity 1
net 8: (19 9)->(18 9) 0 2 0 1 #timing (1114 1136) ps  polarity 0
net 8: (19 9)->(19 13) 3 1 0 0 #timing (1148 1072) ps polarity 0
net 8: (19 13)->(19 15) 1 1 0 1 #timing (1325 1240) ps 
net 8: (19 13)->(23 13) 4 2 0 0 #timing (1433 1344) ps polarity 0
net 8: (23 13)->(23 13) 1 0 1 1 #timing (1545 1608) ps  polarity 1
net 8: (23 13)->(22 12) 0 3 0 1 #timing (1768 1676) ps  polarity 0
net 8: (19 9)->(19 13) 3 1 0 1 #timing (1198 1115) ps  polarity 0
net 8: (19 13)->(19 15) 1 1 0 1 #timing (1325 1240) ps  polarity 1
net 8: (19 15)->(19 14) 0 1 0 1 #timing (1379 1469) ps  polarity 0
net 9: (16 12)->(16 12) 0 0 0 0 #timing (704 704) ps polarity 1
net 9: (16 12)->(18 14) 1 3 0 0 #timing (844 824) ps polarity 0
net 9: (18 14)->(18 14) 1 0 0 1 #timing (1085 1047) ps  polarity 1
net 9: (18 14)->(18 14) 0 0 0 1 #timing (1151 1186) ps  polarity 0
net 9: (18 14)->(22 14) 4 2 0 0 #timing (1129 1162) ps polarity 0
net 9: (22 14)->(22 12) 1 1 0 1 #timing (1413 1339) ps  polarity 1
net 9: (22 12)->(23 12) 0 2 0 1 #timing (1465 1556) ps  polarity 0
net 9: (16 12)->(17 13) 0 3 0 0 #timing (674 674) ps polarity 1
net 9: (17 13)->(17 13) 1 0 0 0 #timing (764 767) ps polarity 0
net 9: (17 13)->(17 13) 1 0 1 1 #timing (968 938) ps  polarity 1
net 9: (17 13)->(17 13) 0 0 0 1 #timing (1050 1076) ps  polarity 0
net 9: (17 13)->(21 13) 4 2 0 0 #timing (1056 1020) ps polarity 0
net 9: (21 13)->(21 13) 1 0 1 1 #timing (1222 1231) ps  polarity 1
net 9: (21 13)->(21 12) 0 1 0 1 #timing (1366 1340) ps  polarity 0
net 10: (18 12)->(18 12) 0 0 0 0 #timing (704 704) ps polarity 1
net 10: (18 12)->(18 14) 1 1 0 0 #timing (804 800) ps polarity 0
net 10: (18 14)->(18 14) 1 0 1 1 #timing (1030 1003) ps  polarity 1
net 10: (18 14)->(19 15) 0 3 0 1 #timing (1120 1139) ps  polarity 0
net 10: (18 14)->(16 14) 1 2 0 1 #timing (1091 1045) ps  polarity 1
net 10: (16 14)->(16 14) 0 0 0 1 #timing (1160 1219) ps  polarity 0
net 10: (18 12)->(18 13) 0 1 0 0 #timing (678 678) ps polarity 1
net 10: (18 13)->(18 15) 1 1 0 0 #timing (788 781) ps polarity 0
net 10: (18 15)->(18 11) 3 1 0 0 #timing (1077 1050) ps polarity 0
net 10: (18 11)->(22 11) 4 2 0 0 #timing (1365 1321) ps polarity 0
net 10: (22 11)->(22 11) 1 0 1 1 #timing (1527 1541) ps  polarity 1
net 10: (22 11)->(22 11) 0 0 0 1 #timing (1669 1644) ps  polarity 0
net 10: (18 12)->(19 13) 0 3 0 0 #timing (675 675) ps polarity 1
net 10: (19 13)->(19 15) 1 1 0 0 #timing (796 789) ps polarity 0
net 10: (19 15)->(19 11) 3 1 0 0 #timing (1102 1068) ps polarity 0
net 10: (19 11)->(23 11) 4 2 0 0 #timing (1374 1333) ps polarity 0
net 10: (23 11)->(21 11) 1 2 0 1 #timing (1573 1574) ps  polarity 1
net 10: (21 11)->(20 11) 0 2 0 1 #timing (1678 1693) ps  polarity 0
net 11: (16 15)->(16 15) 0 0 0 0 #timing (726 726) ps polarity 1
net 11: (16 15)->(16 15) 1 0 0 0 #timing (797 802) ps polarity 0
net 11: (16 15)->(20 15) 4 2 0 0 #timing (1055 1034) ps polarity 0
net 11: (20 15)->(20 15) 1 0 1 1 #timing (1237 1229) ps  polarity 1
net 11: (20 15)->(21 14) 0 3 0 1 #timing (1385 1368) ps  polarity 0
net 11: (20 15)->(20 11) 3 1 0 1 #timing (1452 1373) ps  polarity 0
net 11: (20 11)->(20 11) 1 0 0 1 #timing (1550 1476) ps  polarity 1
net 11: (20 11)->(20 11) 0 0 0 1 #timing (1604 1667) ps  polarity 0
net 11: (16 15)->(17 15) 0 2 0 0 #timing (738 738) ps polarity 1
net 11: (17 15)->(17 15) 1 0 0 0 #timing (815 819) ps polarity 0
net 11: (17 15)->(21 15) 4 2 0 1 #timing (1199 1135) ps  polarity 0
net 11: (21 15)->(21 11) 3 1 0 1 #timing (1478 1362) ps  polarity 0
net 11: (21 11)->(23 11) 1 2 0 1 #timing (1612 1490) ps  polarity 1
net 11: (23 11)->(22 11) 0 2 0 1 #timing (1632 1751) ps  polarity 0
net 11: (16 15)->(17 14) 0 3 0 0 #timing (743 743) ps polarity 1
net 11: (17 14)->(17 14) 1 0 0 0 #timing (830 830) ps polarity 0
net 11: (17 14)->(17 14) 1 0 0 1 #timing (1033 1001) ps  polarity 1
net 11: (17 14)->(16 14) 0 2 0 1 #timing (1121 1145) ps  polarity 0
net 11: (17 14)->(19 14) 1 2 0 1 #timing (1096 1043) ps  polarity 1
net 11: (19 14)->(18 15) 0 3 0 1 #timing (1195 1247) ps  polarity 0
net 12: (19 9)->(19 9) 0 0 0 0 #timing (686 686) ps polarity 1
net 12: (19 9)->(19 11) 1 1 0 0 #timing (790 786) ps polarity 0
net 12: (19 11)->(19 15) 3 1 0 1 #timing (1201 1118) ps  polarity 0
net 12: (19 15)->(17 15) 1 2 0 1 #timing (1339 1249) ps  polarity 1
net 12: (17 15)->(16 14) 0 3 0 1 #timing (1400 1500) ps  polarity 0
net 12: (19 9)->(19 8) 0 1 0 0 #timing (700 700) ps polarity 1
net 12: (19 8)->(19 8) 1 0 0 0 #timing (781 780) ps polarity 0
net 12: (19 8)->(23 8) 4 2 0 0 #timing (1039 1029) ps polarity 0
net 12: (23 8)->(23 10) 1 1 0 1 #timing (1271 1242) ps  polarity 1
net 12: (23 10)->(22 11) 0 3 0 1 #timing (1337 1388) ps  polarity 0
net 12: (23 8)->(21 10) 1 3 0 1 #timing (1301 1258) ps  polarity 1
net 12: (21 10)->(20 11) 0 3 0 1 #timing (1364 1438) ps  polarity 0
net 12: (23 8)->(23 12) 3 1 0 1 #timing (1466 1379) ps  polarity 0
net 12: (23 12)->(21 14) 1 3 0 1 #timing (1642 1540) ps  polarity 1
net 12: (21 14)->(21 14) 0 0 0 1 #timing (1653 1789) ps  polarity 0
net 12: (19 9)->(18 8) 0 3 0 0 #timing (702 703) ps polarity 1
net 12: (18 8)->(18 8) 1 0 0 0 #timing (794 792) ps polarity 0
net 12: (18 8)->(18 12) 3 1 0 0 #timing (1070 1021) ps polarity 0
net 12: (18 12)->(18 16) 3 4 0 1 #timing (1480 1333) ps  polarity 0
net 12: (18 16)->(18 16) 1 0 0 1 #timing (1576 1435) ps  polarity 1
net 12: (18 16)->(19 16) 0 2 0 1 #timing (1554 1687) ps  polarity 0
net 13: (17 12)->(17 13) 0 1 0 0 #timing (690 690) ps polarity 1
net 13: (17 13)->(17 15) 1 1 0 0 #timing (817 807) ps polarity 0
net 13: (17 15)->(21 15) 4 2 0 0 #timing (1118 1120) ps polarity 0
net 13: (21 15)->(21 15) 1 0 1 1 #timing (1325 1294) ps  polarity 1
net 13: (21 15)->(21 14) 0 1 0 1 #timing (1407 1432) ps  polarity 0
net 13: (17 12)->(16 12) 0 2 0 0 #timing (665 665) ps polarity 1
net 13: (16 12)->(16 14) 1 1 0 0 #timing (776 765) ps polarity 0
net 13: (16 14)->(16 10) 3 1 0 0 #timing (1056 1035) ps polarity 0
net 13: (16 10)->(20 10) 4 2 0 0 #timing (1326 1296) ps polarity 0
net 13: (20 10)->(20 10) 1 0 1 1 #timing (1502 1503) ps  polarity 1
net 13: (20 10)->(20 11) 0 1 0 1 #timing (1600 1599) ps  polarity 0
net 13: (20 10)->(22 10) 1 2 0 1 #timing (1551 1534) ps  polarity 1
net 13: (22 10)->(22 11) 0 1 0 1 #timing (1650 1694) ps  polarity 0
net 13: (16 12)->(18 12) 1 2 0 0 #timing (798 778) ps polarity 0
net 13: (18 12)->(18 16) 3 4 0 0 #timing (1086 1080) ps polarity 0
net 13: (18 16)->(18 16) 1 0 1 1 #timing (1289 1253) ps  polarity 1
net 13: (18 16)->(18 16) 0 0 0 1 #timing (1377 1403) ps  polarity 0
net 13: (17 12)->(16 13) 0 3 0 0 #timing (675 675) ps polarity 1
net 13: (16 13)->(16 15) 1 1 0 0 #timing (798 788) ps polarity 0
net 13: (16 15)->(16 15) 1 0 0 1 #timing (1024 988) ps  polarity 1
net 13: (16 15)->(16 14) 0 1 0 1 #timing (1115 1140) ps  polarity 0
net 14: (19 12)->(19 12) 0 0 0 0 #timing (661 661) ps polarity 1
net 14: (19 12)->(17 14) 1 3 0 0 #timing (825 796) ps polarity 0
net 14: (17 14)->(17 18) 3 4 0 1 #timing (1289 1165) ps  polarity 0
net 14: (17 18)->(19 16) 1 3 0 1 #timing (1465 1320) ps  polarity 1
net 14: (19 16)->(19 17) 0 1 0 1 #timing (1471 1632) ps  polarity 0
net 14: (17 14)->(21 14) 4 2 0 0 #timing (1095 1133) ps polarity 0
net 14: (21 14)->(21 14) 1 0 1 1 #timing (1335 1269) ps  polarity 1
net 14: (21 14)->(20 14) 0 2 0 1 #timing (1390 1448) ps  polarity 0
net 14: (17 14)->(13 14) 4 5 0 0 #timing (1090 1123) ps polarity 0
net 14: (13 14)->(15 14) 1 2 0 1 #timing (1383 1303) ps  polarity 1
net 14: (15 14)->(14 14) 0 2 0 1 #timing (1434 1523) ps  polarity 0
net 15: (17 15)->(17 15) 0 0 0 0 #timing (686 686) ps polarity 1
net 15: (17 15)->(19 13) 1 3 0 0 #timing (841 817) ps polarity 0
net 15: (19 13)->(19 17) 3 4 0 1 #timing (1268 1159) ps  polarity 0
net 15: (19 17)->(19 17) 1 0 1 1 #timing (1363 1259) ps  polarity 1
net 15: (19 17)->(18 17) 0 2 0 1 #timing (1390 1481) ps  polarity 0
net 15: (19 13)->(23 13) 4 2 0 1 #timing (1246 1178) ps  polarity 0
net 15: (23 13)->(21 15) 1 3 0 1 #timing (1500 1384) ps  polarity 1
net 15: (21 15)->(20 14) 0 3 0 1 #timing (1568 1693) ps  polarity 0
net 15: (19 13)->(15 13) 4 5 0 0 #timing (1119 1140) ps polarity 0
net 15: (15 13)->(15 15) 1 1 0 1 #timing (1385 1324) ps  polarity 1
net 15: (15 15)->(14 14) 0 3 0 1 #timing (1484 1536) ps  polarity 0
net 16: (14 12)->(14 12) 0 0 0 0 #timing (704 704) ps polarity 1
net 16: (14 12)->(12 14) 1 3 0 0 #timing (853 828) ps polarity 0
net 16: (12 14)->(14 14) 1 2 0 1 #timing (1148 1089) ps  polarity 1
net 16: (14 14)->(14 14) 0 0 0 1 #timing (1209 1290) ps  polarity 0
net 16: (12 14)->(12 10) 3 1 0 0 #timing (1128 1150) ps polarity 0
net 16: (12 10)->(14 10) 1 2 0 1 #timing (1383 1358) ps  polarity 1
net 16: (14 10)->(14 11) 0 1 0 1 #timing (1471 1520) ps  polarity 0
net 16: (12 10)->(16 10) 4 5 0 0 #timing (1415 1418) ps polarity 0
net 16: (16 10)->(20 10) 4 2 0 1 #timing (1654 1645) ps  polarity 0
net 16: (20 10)->(20 14) 3 1 0 1 #timing (1934 1876) ps  polarity 0
net 16: (20 14)->(20 14) 1 0 1 1 #timing (2032 1978) ps  polarity 1
net 16: (20 14)->(20 14) 0 0 0 1 #timing (2083 2133) ps  polarity 0
net 16: (12 14)->(12 18) 3 4 0 0 #timing (1194 1195) ps polarity 0
net 16: (12 18)->(16 18) 4 5 0 0 #timing (1495 1469) ps polarity 0
net 16: (16 18)->(16 22) 3 1 0 1 #timing (1859 1800) ps  polarity 0
net 16: (16 22)->(18 20) 1 3 0 1 #timing (2039 1956) ps  polarity 1
net 16: (18 20)->(19 20) 0 2 0 1 #timing (2101 2208) ps  polarity 0
net 25: (17 14)->(17 14) 0 0 0 0 #timing (162 162) ps polarity 1
net 25: (17 14)->(19 12) 1 3 0 0 #timing (320 291) ps polarity 0
net 25: (19 12)->(19 16) 3 4 0 1 #timing (780 659) ps  polarity 0
net 25: (19 16)->(19 18) 1 1 0 1 #timing (931 796) ps  polarity 1
net 25: (19 18)->(18 19) 0 3 0 1 #timing (973 1106) ps  polarity 0
net 25: (19 12)->(23 12) 4 2 0 0 #timing (593 637) ps polarity 0
net 25: (23 12)->(21 12) 1 2 0 1 #timing (878 794) ps  polarity 1
net 25: (21 12)->(21 13) 0 1 0 1 #timing (929 1033) ps  polarity 0
net 25: (21 12)->(20 13) 0 3 0 1 #timing (969 1054) ps  polarity 0
net 25: (19 12)->(15 12) 4 5 0 0 #timing (592 626) ps polarity 0
net 25: (15 12)->(15 12) 1 0 1 1 #timing (827 767) ps  polarity 1
net 25: (15 12)->(15 13) 0 1 0 1 #timing (895 942) ps  polarity 0
net 25: (15 12)->(14 13) 0 3 0 1 #timing (904 947) ps  polarity 0
net 26: (15 12)->(15 12) 0 0 0 0 #timing (661 661) ps polarity 1
net 26: (15 12)->(13 14) 1 3 0 0 #timing (802 782) ps polarity 0
net 26: (13 14)->(13 10) 3 1 0 0 #timing (1094 1104) ps polarity 0
net 26: (13 10)->(15 10) 1 2 0 1 #timing (1354 1316) ps  polarity 1
net 26: (15 10)->(15 11) 0 1 0 1 #timing (1490 1516) ps  polarity 0
net 26: (13 14)->(13 18) 3 4 0 1 #timing (1229 1134) ps  polarity 0
net 26: (13 18)->(13 16) 1 1 0 1 #timing (1369 1265) ps  polarity 1
net 26: (13 16)->(13 16) 0 0 0 1 #timing (1383 1504) ps  polarity 0
net 26: (13 18)->(15 16) 1 3 0 1 #timing (1417 1294) ps  polarity 1
net 26: (15 16)->(14 17) 0 3 0 1 #timing (1474 1612) ps  polarity 0
net 26: (13 14)->(9 14) 4 2 0 0 #timing (1094 1128) ps polarity 0
net 26: (9 14)->(9 18) 3 4 0 1 #timing (1554 1433) ps  polarity 0
net 26: (9 18)->(11 16) 1 3 0 1 #timing (1789 1629) ps  polarity 1
net 26: (11 16)->(10 17) 0 3 0 1 #timing (1823 1996) ps  polarity 0
net 26: (15 12)->(14 13) 0 3 0 0 #timing (675 675) ps polarity 1
net 26: (14 13)->(14 13) 1 0 0 0 #timing (763 763) ps polarity 0
net 26: (14 13)->(10 13) 4 2 0 0 #timing (1059 1013) ps polarity 0
net 26: (10 13)->(10 13) 1 0 1 1 #timing (1221 1242) ps  polarity 1
net 26: (10 13)->(11 13) 0 2 0 1 #timing (1341 1321) ps  polarity 0
net 27: (12 14)->(12 14) 0 0 0 0 #timing (163 163) ps polarity 1
net 27: (12 14)->(12 14) 1 0 0 0 #timing (239 241) ps polarity 0
net 27: (12 14)->(8 14) 4 2 0 0 #timing (483 459) ps polarity 0
net 27: (8 14)->(10 14) 1 2 0 1 #timing (707 692) ps  polarity 1
net 27: (10 14)->(10 14) 0 0 0 1 #timing (800 821) ps  polarity 0
net 27: (12 14)->(14 12) 1 3 0 0 #timing (342 302) ps polarity 0
net 27: (14 12)->(14 16) 3 4 0 1 #timing (790 667) ps  polarity 0
net 27: (14 16)->(12 16) 1 2 0 1 #timing (942 805) ps  polarity 1
net 27: (12 16)->(12 16) 0 0 0 1 #timing (944 1089) ps  polarity 0
net 28: (12 15)->(12 15) 0 0 0 0 #timing (726 726) ps polarity 1
net 28: (12 15)->(12 13) 1 1 0 0 #timing (844 835) ps polarity 0
net 28: (12 13)->(12 17) 3 4 0 1 #timing (1242 1153) ps  polarity 0
net 28: (12 17)->(12 17) 1 0 0 1 #timing (1337 1254) ps  polarity 1
net 28: (12 17)->(13 17) 0 2 0 1 #timing (1389 1458) ps  polarity 0
net 28: (12 15)->(13 14) 0 3 0 0 #timing (743 743) ps polarity 1
net 28: (13 14)->(15 14) 1 2 0 0 #timing (888 868) ps polarity 0
net 28: (15 14)->(11 14) 4 2 0 0 #timing (1147 1160) ps polarity 0
net 28: (11 14)->(11 14) 1 0 1 1 #timing (1374 1332) ps  polarity 1
net 28: (11 14)->(11 15) 0 1 0 1 #timing (1478 1499) ps  polarity 0
net 29: (10 18)->(10 18) 0 0 0 0 #timing (704 704) ps polarity 1
net 29: (10 18)->(10 18) 1 0 0 0 #timing (775 780) ps polarity 0
net 29: (10 18)->(10 16) 1 1 0 1 #timing (1024 983) ps  polarity 1
net 29: (10 16)->(10 17) 0 1 0 1 #timing (1142 1179) ps  polarity 0
net 29: (10 18)->(11 18) 0 2 0 0 #timing (704 704) ps polarity 1
net 29: (11 18)->(9 16) 1 3 0 0 #timing (866 841) ps polarity 0
net 29: (9 16)->(9 16) 1 0 1 1 #timing (1104 1061) ps  polarity 1
net 29: (9 16)->(8 16) 0 2 0 1 #timing (1135 1186) ps  polarity 0
net 30: (8 13)->(8 12) 0 1 0 0 #timing (770 770) ps polarity 1
net 30: (8 12)->(10 14) 1 3 0 0 #timing (929 909) ps polarity 0
net 30: (10 14)->(8 14) 1 2 0 1 #timing (1194 1151) ps  polarity 1
net 30: (8 14)->(8 14) 0 0 0 1 #timing (1258 1304) ps  polarity 0
net 30: (10 14)->(10 18) 3 4 0 0 #timing (1287 1266) ps polarity 0
net 30: (10 18)->(8 16) 1 3 0 1 #timing (1562 1486) ps  polarity 1
net 30: (8 16)->(8 16) 0 0 0 1 #timing (1627 1710) ps  polarity 0
net 31: (8 15)->(9 15) 0 2 0 0 #timing (800 800) ps polarity 1
net 31: (9 15)->(11 13) 1 3 0 0 #timing (951 931) ps polarity 0
net 31: (11 13)->(9 15) 1 3 0 1 #timing (1306 1222) ps  polarity 1
net 31: (9 15)->(8 15) 0 2 0 1 #timing (1391 1509) ps  polarity 0
net 31: (11 13)->(11 17) 3 4 0 0 #timing (1261 1259) ps polarity 0
net 31: (11 17)->(9 17) 1 2 0 1 #timing (1549 1485) ps  polarity 1
net 31: (9 17)->(8 16) 0 3 0 1 #timing (1631 1718) ps  polarity 0
net 32: (15 10)->(15 11) 0 1 0 0 #timing (190 190) ps polarity 0
net 32: (15 11)->(15 11) 1 0 0 0 #timing (271 270) ps polarity 1
net 32: (15 11)->(15 9) 1 1 0 1 #timing (520 472) ps  polarity 0
net 32: (15 9)->(14 9) 0 2 0 1 #timing (615 665) ps  polarity 1
net 33: (14 10)->(15 10) 0 2 0 0 #timing (201 201) ps polarity 0
net 33: (15 10)->(13 8) 1 3 0 0 #timing (369 336) ps polarity 1
net 33: (13 8)->(15 8) 1 2 0 1 #timing (650 585) ps  polarity 0
net 33: (15 8)->(14 9) 0 3 0 1 #timing (739 799) ps  polarity 1
net 33: (13 8)->(17 8) 4 5 0 0 #timing (695 712) ps polarity 1
net 33: (17 8)->(17 8) 1 0 1 1 #timing (906 864) ps  polarity 0
net 33: (17 8)->(16 9) 0 3 0 1 #timing (1009 1030) ps  polarity 1
net 34: (10 15)->(10 15) 0 0 0 0 #timing (383 383) ps polarity 0
net 34: (10 15)->(8 13) 1 3 0 0 #timing (539 513) ps polarity 1
net 34: (8 13)->(8 15) 1 1 0 1 #timing (805 746) ps  polarity 0
net 34: (8 15)->(8 15) 0 0 0 1 #timing (917 966) ps  polarity 1
net 34: (8 13)->(8 9) 3 1 0 0 #timing (828 824) ps polarity 1
net 34: (8 9)->(12 9) 4 2 0 0 #timing (1086 1077) ps polarity 1
net 34: (12 9)->(14 9) 1 2 0 1 #timing (1299 1276) ps  polarity 0
net 34: (14 9)->(14 9) 0 0 0 1 #timing (1409 1454) ps  polarity 1
net 34: (12 9)->(12 13) 3 1 0 1 #timing (1484 1397) ps  polarity 1
net 34: (12 13)->(14 15) 1 3 0 1 #timing (1655 1550) ps  polarity 0
net 34: (14 15)->(14 15) 0 0 0 1 #timing (1714 1840) ps  polarity 1
net 35: (16 9)->(16 9) 0 0 0 0 #timing (726 726) ps polarity 1
net 35: (16 9)->(18 11) 1 3 0 0 #timing (884 857) ps polarity 0
net 35: (18 11)->(18 15) 3 1 0 1 #timing (1333 1221) ps  polarity 0
net 35: (18 15)->(16 15) 1 2 0 1 #timing (1484 1360) ps  polarity 1
net 35: (16 15)->(17 14) 0 3 0 1 #timing (1523 1636) ps  polarity 0
net 35: (18 11)->(14 11) 4 5 0 0 #timing (1186 1220) ps polarity 0
net 35: (14 11)->(12 11) 1 2 0 1 #timing (1471 1395) ps  polarity 1
net 35: (12 11)->(12 11) 0 0 0 1 #timing (1538 1622) ps  polarity 0
net 35: (14 11)->(10 11) 4 2 0 1 #timing (1484 1492) ps  polarity 0
net 35: (10 11)->(10 15) 3 1 0 1 #timing (1749 1710) ps  polarity 0
net 35: (10 15)->(10 13) 1 1 0 1 #timing (1897 1850) ps  polarity 1
net 35: (10 13)->(11 12) 0 3 0 1 #timing (2021 2056) ps  polarity 0
net 36: (8 12)->(9 12) 0 2 0 0 #timing (708 708) ps polarity 1
net 36: (9 12)->(11 14) 1 3 0 0 #timing (855 837) ps polarity 0
net 36: (11 14)->(11 10) 3 1 0 0 #timing (1148 1166) ps polarity 0
net 36: (11 10)->(11 10) 1 0 1 1 #timing (1357 1342) ps  polarity 1
net 36: (11 10)->(10 11) 0 3 0 1 #timing (1506 1491) ps  polarity 0
net 36: (11 10)->(15 10) 4 2 0 0 #timing (1474 1459) ps polarity 0
net 36: (15 10)->(15 10) 1 0 0 1 #timing (1663 1649) ps  polarity 1
net 36: (15 10)->(14 11) 0 3 0 1 #timing (1812 1797) ps  polarity 0
net 36: (15 10)->(15 14) 3 1 0 1 #timing (1856 1778) ps  polarity 0
net 36: (15 14)->(13 14) 1 2 0 1 #timing (1998 1910) ps  polarity 1
net 36: (13 14)->(13 15) 0 1 0 1 #timing (2069 2156) ps  polarity 0
net 36: (15 10)->(19 10) 4 5 0 1 #timing (1814 1741) ps  polarity 0
net 36: (19 10)->(19 14) 3 1 0 1 #timing (2084 1967) ps  polarity 0
net 36: (19 14)->(17 14) 1 2 0 1 #timing (2225 2100) ps  polarity 1
net 36: (17 14)->(17 14) 0 0 0 1 #timing (2249 2384) ps  polarity 0
net 36: (11 14)->(11 18) 3 4 0 0 #timing (1191 1190) ps polarity 0
net 36: (11 18)->(7 18) 4 5 0 0 #timing (1562 1509) ps polarity 0
net 36: (7 18)->(7 18) 5 0 0 0 #timing (1696 1657) ps polarity 1
net 36: (7 18)->(7 3) 13 1 1 0 #timing (2335 2247) ps polarity 0
net 36: (7 3)->(15 11) 5 3 0 1 #timing (3112 3005) ps  polarity 0
net 36: (15 11)->(15 11) 1 0 1 1 #timing (3325 3203) ps  polarity 0
net 36: (15 11)->(15 11) 0 0 0 1 #timing (3327 3440) ps  polarity 1
net 37: (14 9)->(14 9) 0 0 0 0 #timing (726 726) ps polarity 1
net 37: (14 9)->(12 11) 1 3 0 0 #timing (881 854) ps polarity 0
net 37: (12 11)->(12 15) 3 1 0 1 #timing (1303 1203) ps  polarity 0
net 37: (12 15)->(12 13) 1 1 0 1 #timing (1447 1338) ps  polarity 1
net 37: (12 13)->(13 13) 0 2 0 1 #timing (1457 1576) ps  polarity 0
net 37: (12 15)->(14 13) 1 3 0 1 #timing (1486 1362) ps  polarity 1
net 37: (14 13)->(15 12) 0 3 0 1 #timing (1543 1676) ps  polarity 0
net 37: (12 11)->(8 11) 4 2 0 0 #timing (1148 1191) ps polarity 0
net 37: (8 11)->(10 11) 1 2 0 1 #timing (1451 1367) ps  polarity 1
net 37: (10 11)->(10 11) 0 0 0 1 #timing (1501 1577) ps  polarity 0
net 37: (8 11)->(8 15) 3 1 0 1 #timing (1601 1471) ps  polarity 0
net 37: (8 15)->(8 13) 1 1 0 1 #timing (1751 1612) ps  polarity 1
net 37: (8 13)->(9 13) 0 2 0 1 #timing (1738 1889) ps  polarity 0
net 37: (8 11)->(8 11) 5 0 0 0 #timing (1277 1340) ps polarity 1
net 37: (8 11)->(8 26) 13 1 1 0 #timing (1983 1793) ps polarity 0
net 37: (8 26)->(8 18) 5 1 0 1 #timing (2481 2266) ps  polarity 1
net 37: (8 18)->(8 16) 1 1 0 1 #timing (2527 2688) ps  polarity 0
net 37: (8 16)->(8 17) 0 1 0 1 #timing (2881 2698) ps  polarity 1
net 37: (8 18)->(10 18) 1 2 0 1 #timing (2502 2670) ps  polarity 0
net 37: (10 18)->(11 18) 0 2 0 1 #timing (2786 2621) ps  polarity 1
net 37: (8 11)->(25 11) 13 2 1 0 #timing (2005 1815) ps polarity 0
net 37: (25 11)->(17 11) 5 2 0 1 #timing (2517 2303) ps  polarity 1
net 37: (17 11)->(13 11) 4 5 0 1 #timing (2823 2577) ps  polarity 1
net 37: (13 11)->(13 15) 3 1 0 1 #timing (3102 2799) ps  polarity 1
net 37: (13 15)->(15 15) 1 2 0 1 #timing (3260 2943) ps  polarity 0
net 37: (15 15)->(14 15) 0 2 0 1 #timing (3075 3400) ps  polarity 1
net 37: (12 11)->(16 11) 4 5 0 0 #timing (1171 1214) ps polarity 0
net 37: (16 11)->(16 11) 1 0 0 1 #timing (1412 1343) ps  polarity 1
net 37: (16 11)->(16 11) 0 0 0 1 #timing (1471 1530) ps  polarity 0
net 37: (16 11)->(17 11) 0 2 0 1 #timing (1480 1533) ps  polarity 0
net 37: (16 11)->(18 11) 1 2 0 1 #timing (1461 1377) ps  polarity 1
net 37: (18 11)->(18 11) 0 0 0 1 #timing (1521 1614) ps  polarity 0
net 37: (18 11)->(19 11) 0 2 0 1 #timing (1529 1617) ps  polarity 0
net 37: (16 11)->(18 9) 1 3 0 1 #timing (1496 1399) ps  polarity 1
net 37: (18 9)->(18 9) 0 0 0 1 #timing (1557 1679) ps  polarity 0
net 37: (18 9)->(19 9) 0 2 0 1 #timing (1565 1683) ps  polarity 0
net 37: (16 11)->(16 15) 3 1 0 1 #timing (1600 1474) ps  polarity 0
net 37: (16 15)->(16 15) 1 0 1 1 #timing (1697 1575) ps  polarity 1
net 37: (16 15)->(16 15) 0 0 0 1 #timing (1691 1808) ps  polarity 0
net 37: (16 15)->(17 15) 0 2 0 1 #timing (1684 1803) ps  polarity 0
net 38: (12 12)->(12 12) 0 0 0 0 #timing (704 704) ps polarity 1
net 38: (12 12)->(12 12) 1 0 0 0 #timing (775 779) ps polarity 0
net 38: (12 12)->(12 8) 3 1 0 0 #timing (1052 998) ps polarity 0
net 38: (12 8)->(14 8) 1 2 0 1 #timing (1305 1204) ps  polarity 1
net 38: (14 8)->(14 9) 0 1 0 1 #timing (1341 1455) ps  polarity 0
net 38: (12 8)->(8 8) 4 2 0 1 #timing (1394 1284) ps  polarity 0
net 38: (8 8)->(10 10) 1 3 0 1 #timing (1644 1488) ps  polarity 1
net 38: (10 10)->(10 11) 0 1 0 1 #timing (1614 1783) ps  polarity 0
net 38: (12 8)->(16 8) 4 5 0 0 #timing (1350 1273) ps polarity 0
net 38: (16 8)->(16 8) 1 0 1 1 #timing (1474 1523) ps  polarity 1
net 38: (16 8)->(16 9) 0 1 0 1 #timing (1641 1585) ps  polarity 0
net 38: (16 8)->(18 8) 1 2 0 1 #timing (1516 1552) ps  polarity 1
net 38: (18 8)->(18 9) 0 1 0 1 #timing (1685 1667) ps  polarity 0
net 38: (18 8)->(19 9) 0 3 0 1 #timing (1683 1665) ps  polarity 0
net 38: (16 8)->(18 10) 1 3 0 1 #timing (1545 1571) ps  polarity 1
net 38: (18 10)->(18 11) 0 1 0 1 #timing (1719 1725) ps  polarity 0
net 38: (18 10)->(19 11) 0 3 0 1 #timing (1717 1721) ps  polarity 0
net 38: (12 12)->(12 14) 1 1 0 0 #timing (806 802) ps polarity 0
net 38: (12 14)->(16 14) 4 5 0 0 #timing (1068 1068) ps polarity 0
net 38: (16 14)->(16 14) 1 0 1 1 #timing (1266 1238) ps  polarity 1
net 38: (16 14)->(16 15) 0 1 0 1 #timing (1356 1377) ps  polarity 0
net 38: (16 14)->(17 15) 0 3 0 1 #timing (1356 1376) ps  polarity 0
net 38: (16 14)->(16 10) 3 1 0 1 #timing (1557 1434) ps  polarity 0
net 38: (16 10)->(16 10) 1 0 0 1 #timing (1651 1534) ps  polarity 1
net 38: (16 10)->(17 11) 0 3 0 1 #timing (1675 1775) ps  polarity 0
net 38: (12 12)->(14 12) 1 2 0 0 #timing (831 816) ps polarity 0
net 38: (14 12)->(14 8) 3 1 0 0 #timing (1096 1092) ps polarity 0
net 38: (14 8)->(14 10) 1 1 0 1 #timing (1368 1309) ps  polarity 1
net 38: (14 10)->(15 11) 0 3 0 1 #timing (1436 1505) ps  polarity 0
net 38: (12 12)->(12 13) 0 1 0 0 #timing (678 678) ps polarity 1
net 38: (12 13)->(12 13) 1 0 0 0 #timing (758 760) ps polarity 0
net 38: (12 13)->(12 17) 3 4 0 0 #timing (1046 989) ps polarity 0
net 38: (12 17)->(8 17) 4 2 0 0 #timing (1301 1234) ps polarity 0
net 38: (8 17)->(8 17) 1 0 1 1 #timing (1443 1483) ps  polarity 1
net 38: (8 17)->(8 17) 0 0 0 1 #timing (1614 1562) ps  polarity 0
net 38: (12 12)->(13 13) 0 3 0 0 #timing (674 674) ps polarity 1
net 38: (13 13)->(13 15) 1 1 0 0 #timing (792 787) ps polarity 0
net 38: (13 15)->(13 15) 1 0 1 1 #timing (1015 988) ps  polarity 1
net 38: (13 15)->(13 15) 0 0 0 1 #timing (1089 1117) ps  polarity 0
net 38: (13 15)->(13 11) 3 1 0 0 #timing (1068 1049) ps polarity 0
net 38: (13 11)->(13 11) 1 0 1 1 #timing (1279 1226) ps  polarity 1
net 38: (13 11)->(12 11) 0 2 0 1 #timing (1360 1399) ps  polarity 0
net 38: (13 11)->(17 11) 4 5 0 0 #timing (1400 1336) ps polarity 0
net 38: (17 11)->(17 11) 1 0 0 1 #timing (1531 1570) ps  polarity 1
net 38: (17 11)->(16 11) 0 2 0 1 #timing (1702 1650) ps  polarity 0
net 39: (14 15)->(14 15) 0 0 0 0 #timing (726 726) ps polarity 1
net 39: (14 15)->(12 13) 1 3 0 0 #timing (883 856) ps polarity 0
net 39: (12 13)->(12 15) 1 1 0 1 #timing (1154 1097) ps  polarity 1
net 39: (12 15)->(13 15) 0 2 0 1 #timing (1203 1278) ps  polarity 0
net 39: (12 13)->(12 9) 3 1 0 0 #timing (1146 1162) ps polarity 0
net 39: (12 9)->(14 11) 1 3 0 1 #timing (1435 1389) ps  polarity 1
net 39: (14 11)->(14 11) 0 0 0 1 #timing (1533 1610) ps  polarity 0
net 39: (14 11)->(15 11) 0 2 0 1 #timing (1531 1606) ps  polarity 0
net 39: (12 9)->(16 9) 4 5 0 0 #timing (1465 1449) ps polarity 0
net 39: (16 9)->(16 9) 1 0 1 1 #timing (1642 1634) ps  polarity 1
net 39: (16 9)->(16 9) 0 0 0 1 #timing (1746 1750) ps  polarity 0
net 39: (16 9)->(16 5) 3 4 0 1 #timing (1897 1800) ps  polarity 0
net 39: (16 5)->(18 7) 1 3 0 1 #timing (2061 1947) ps  polarity 1
net 39: (18 7)->(19 7) 0 2 0 1 #timing (2121 2264) ps  polarity 0
net 39: (16 9)->(16 9) 5 0 1 0 #timing (1589 1589) ps polarity 1
net 39: (16 9)->(1 9) 13 2 1 0 #timing (2208 2093) ps polarity 0
net 39: (1 9)->(9 9) 5 2 0 1 #timing (2781 2624) ps  polarity 1
net 39: (9 9)->(11 11) 1 3 0 1 #timing (2919 3009) ps  polarity 0
net 39: (11 11)->(10 11) 0 2 0 1 #timing (3128 3082) ps  polarity 1
net 39: (1 9)->(1 24) 13 1 1 0 #timing (2769 2786) ps polarity 1
net 39: (1 24)->(9 16) 5 3 0 1 #timing (3508 3495) ps  polarity 1
net 39: (9 16)->(9 16) 1 0 0 1 #timing (3685 3661) ps  polarity 1
net 39: (9 16)->(8 17) 0 3 0 1 #timing (3771 3792) ps  polarity 0
net 39: (9 16)->(13 16) 4 2 0 1 #timing (3819 3808) ps  polarity 0
net 39: (13 16)->(13 12) 3 4 0 1 #timing (4147 4064) ps  polarity 0
net 39: (13 12)->(15 14) 1 3 0 1 #timing (4329 4221) ps  polarity 1
net 39: (15 14)->(14 15) 0 3 0 1 #timing (4380 4497) ps  polarity 0
net 39: (12 13)->(16 13) 4 5 0 0 #timing (1165 1193) ps polarity 0
net 39: (16 13)->(16 13) 1 0 0 1 #timing (1393 1338) ps  polarity 1
net 39: (16 13)->(17 13) 0 2 0 1 #timing (1435 1493) ps  polarity 0
net 39: (16 13)->(17 12) 0 3 0 1 #timing (1456 1504) ps  polarity 0
net 39: (16 13)->(18 13) 1 2 0 1 #timing (1429 1362) ps  polarity 1
net 39: (18 13)->(19 12) 0 3 0 1 #timing (1498 1584) ps  polarity 0
net 41: (18 14)->(19 15) 0 3 0 0 #timing (191 191) ps polarity 1
net 41: (19 15)->(17 15) 1 2 0 0 #timing (332 315) ps polarity 0
net 41: (17 15)->(17 15) 1 0 0 1 #timing (557 518) ps  polarity 1
net 41: (17 15)->(16 15) 0 2 0 1 #timing (639 670) ps  polarity 0
net 42: (18 17)->(19 17) 0 2 0 0 #timing (174 174) ps polarity 1
net 42: (19 17)->(19 17) 1 0 0 0 #timing (262 264) ps polarity 0
net 42: (19 17)->(19 13) 3 4 0 1 #timing (668 573) ps  polarity 0
net 42: (19 13)->(17 15) 1 3 0 1 #timing (837 722) ps  polarity 1
net 42: (17 15)->(17 15) 0 0 0 1 #timing (863 1007) ps  polarity 0
net 63: (19 17)->(19 17) 0 0 0 0 #timing (156 156) ps polarity 1
net 63: (19 17)->(17 19) 1 3 0 0 #timing (301 279) ps polarity 0
net 63: (17 19)->(17 15) 3 4 0 0 #timing (612 612) ps polarity 0
net 63: (17 15)->(17 11) 3 1 0 1 #timing (1030 932) ps  polarity 0
net 63: (17 11)->(19 11) 1 2 0 1 #timing (1188 1075) ps  polarity 1
net 63: (19 11)->(19 11) 0 0 0 1 #timing (1211 1329) ps  polarity 0
net 64: (18 17)->(19 16) 0 3 0 0 #timing (182 182) ps polarity 1
net 64: (19 16)->(17 18) 1 3 0 0 #timing (345 316) ps polarity 0
net 64: (17 18)->(17 18) 5 0 1 0 #timing (449 533) ps polarity 1
net 64: (17 18)->(17 3) 13 1 1 0 #timing (1112 923) ps polarity 0
net 64: (17 3)->(17 11) 5 1 0 1 #timing (1569 1359) ps  polarity 1
net 64: (17 11)->(17 11) 1 0 1 1 #timing (1568 1741) ps  polarity 0
net 64: (17 11)->(17 11) 0 0 0 1 #timing (1866 1684) ps  polarity 1
net 65: (11 18)->(10 18) 0 2 0 0 #timing (664 664) ps polarity 1
net 65: (10 18)->(8 16) 1 3 0 0 #timing (841 798) ps polarity 0
net 65: (8 16)->(10 16) 1 2 0 1 #timing (1083 1011) ps  polarity 1
net 65: (10 16)->(11 17) 0 3 0 1 #timing (1140 1208) ps  polarity 0
net 65: (8 16)->(8 12) 3 4 0 0 #timing (1097 1114) ps polarity 0
net 65: (8 12)->(8 12) 5 0 0 0 #timing (1245 1272) ps polarity 1
net 65: (8 12)->(8 29) 13 1 1 0 #timing (1954 1789) ps polarity 0
net 65: (8 29)->(8 21) 5 1 0 1 #timing (2401 2222) ps  polarity 1
net 65: (8 21)->(8 17) 3 1 0 1 #timing (2743 2794) ps  polarity 1
net 65: (8 17)->(8 17) 1 0 0 1 #timing (2841 2898) ps  polarity 0
net 65: (8 17)->(9 17) 0 2 0 1 #timing (3023 2957) ps  polarity 1
net 65: (8 17)->(9 16) 0 3 0 1 #timing (3029 2959) ps  polarity 1
net 66: (14 18)->(14 19) 0 1 0 0 #timing (198 198) ps polarity 0
net 66: (14 19)->(12 17) 1 3 0 0 #timing (372 334) ps polarity 1
net 66: (12 17)->(8 17) 4 2 0 1 #timing (769 682) ps  polarity 1
net 66: (8 17)->(10 17) 1 2 0 1 #timing (995 874) ps  polarity 0
net 66: (10 17)->(11 17) 0 2 0 1 #timing (1004 1122) ps  polarity 1
net 67: (19 17)->(19 16) 0 1 0 0 #timing (201 201) ps polarity 1
net 67: (19 16)->(19 16) 1 0 0 0 #timing (280 282) ps polarity 0
net 67: (19 16)->(19 16) 5 0 1 0 #timing (387 402) ps polarity 1
net 67: (19 16)->(19 1) 13 1 1 0 #timing (1014 887) ps polarity 0
net 67: (19 1)->(19 9) 5 1 0 1 #timing (1452 1306) ps  polarity 1
net 67: (19 9)->(19 9) 1 0 1 1 #timing (1505 1618) ps  polarity 0
net 67: (19 9)->(19 9) 0 0 0 1 #timing (1718 1606) ps  polarity 1
net 72: (19 14)->(19 15) 0 1 0 0 #timing (174 174) ps polarity 1
net 72: (19 15)->(17 13) 1 3 0 0 #timing (344 312) ps polarity 0
net 72: (17 13)->(17 9) 3 1 0 1 #timing (814 684) ps  polarity 0
net 72: (17 9)->(19 11) 1 3 0 1 #timing (997 840) ps  polarity 1
net 72: (19 11)->(18 11) 0 2 0 1 #timing (992 1174) ps  polarity 0
net 73: (10 12)->(11 12) 0 2 0 0 #timing (204 204) ps polarity 0
net 73: (11 12)->(9 14) 1 3 0 0 #timing (341 328) ps polarity 1
net 73: (9 14)->(9 12) 1 1 0 1 #timing (632 585) ps  polarity 0
net 73: (9 12)->(8 13) 0 3 0 1 #timing (680 749) ps  polarity 1
net 73: (10 12)->(11 13) 0 3 0 0 #timing (202 202) ps polarity 0
net 73: (11 13)->(11 13) 1 0 0 0 #timing (292 295) ps polarity 1
net 73: (11 13)->(11 17) 3 4 0 1 #timing (690 601) ps  polarity 1
net 73: (11 17)->(11 19) 1 1 0 1 #timing (835 739) ps  polarity 0
net 73: (11 19)->(10 18) 0 3 0 1 #timing (874 982) ps  polarity 1
net 74: (8 17)->(9 17) 0 2 0 0 #timing (201 201) ps polarity 1
net 74: (9 17)->(9 17) 1 0 0 0 #timing (290 289) ps polarity 0
net 74: (9 17)->(9 19) 1 1 0 1 #timing (536 491) ps  polarity 1
net 74: (9 19)->(8 18) 0 3 0 1 #timing (585 652) ps  polarity 0
net 75: (13 15)->(13 14) 0 1 0 0 #timing (190 190) ps polarity 0
net 75: (13 14)->(13 14) 1 0 0 0 #timing (272 271) ps polarity 1
net 75: (13 14)->(13 12) 1 1 0 1 #timing (521 473) ps  polarity 0
net 75: (13 12)->(12 13) 0 3 0 1 #timing (631 682) ps  polarity 1
net 76: (17 14)->(17 15) 0 1 0 0 #timing (192 192) ps polarity 1
net 76: (17 15)->(19 15) 1 2 0 0 #timing (331 315) ps polarity 0
net 76: (19 15)->(19 11) 3 1 0 1 #timing (759 655) ps  polarity 0
net 76: (19 11)->(17 9) 1 3 0 1 #timing (948 816) ps  polarity 1
net 76: (17 9)->(16 9) 0 2 0 1 #timing (971 1120) ps  polarity 0
net 77: (17 13)->(17 13) 0 0 0 0 #timing (204 204) ps polarity 0
net 77: (17 13)->(19 13) 1 2 0 0 #timing (336 315) ps polarity 1
net 77: (19 13)->(19 13) 1 0 1 1 #timing (563 521) ps  polarity 0
net 77: (19 13)->(18 12) 0 3 0 1 #timing (671 689) ps  polarity 1
net 77: (19 13)->(17 13) 1 2 0 1 #timing (621 559) ps  polarity 0
net 77: (17 13)->(16 13) 0 2 0 1 #timing (706 779) ps  polarity 1
net 77: (17 13)->(16 12) 0 3 0 1 #timing (725 788) ps  polarity 1
net 77: (19 13)->(19 13) 5 0 0 0 #timing (436 497) ps polarity 0
net 77: (19 13)->(19 5) 5 1 0 1 #timing (790 851) ps  polarity 1
net 77: (19 5)->(19 7) 1 1 0 1 #timing (1094 989) ps  polarity 0
net 77: (19 7)->(18 7) 0 2 0 1 #timing (1133 1243) ps  polarity 1
net 78: (18 14)->(18 14) 0 0 0 0 #timing (166 166) ps polarity 1
net 78: (18 14)->(16 12) 1 3 0 0 #timing (339 305) ps polarity 0
net 78: (16 12)->(16 8) 3 1 0 1 #timing (774 653) ps  polarity 0
net 78: (16 8)->(16 10) 1 1 0 1 #timing (913 787) ps  polarity 1
net 78: (16 10)->(16 11) 0 1 0 1 #timing (917 1054) ps  polarity 0
net 79: (20 14)->(21 14) 0 2 0 0 #timing (180 180) ps polarity 1
net 79: (21 14)->(23 12) 1 3 0 0 #timing (349 314) ps polarity 0
net 79: (23 12)->(19 12) 4 2 0 0 #timing (564 608) ps polarity 0
net 79: (19 12)->(17 14) 1 3 0 1 #timing (886 797) ps  polarity 1
net 79: (17 14)->(17 15) 0 1 0 1 #timing (955 1060) ps  polarity 0
net 79: (17 14)->(16 15) 0 3 0 1 #timing (960 1062) ps  polarity 0
net 79: (19 12)->(19 8) 3 1 0 1 #timing (1076 910) ps  polarity 0
net 79: (19 8)->(19 8) 1 0 1 1 #timing (1172 1010) ps  polarity 1
net 79: (19 8)->(19 9) 0 1 0 1 #timing (1159 1299) ps  polarity 0
net 79: (19 8)->(18 9) 0 3 0 1 #timing (1154 1295) ps  polarity 0
net 79: (19 8)->(19 10) 1 1 0 1 #timing (1229 1049) ps  polarity 1
net 79: (19 10)->(19 11) 0 1 0 1 #timing (1210 1386) ps  polarity 0
net 79: (19 10)->(18 11) 0 3 0 1 #timing (1205 1384) ps  polarity 0
net 79: (19 8)->(17 10) 1 3 0 1 #timing (1251 1063) ps  polarity 1
net 79: (17 10)->(17 11) 0 1 0 1 #timing (1243 1449) ps  polarity 0
net 79: (17 10)->(16 11) 0 3 0 1 #timing (1238 1447) ps  polarity 0
net 79: (19 12)->(15 12) 4 5 0 1 #timing (892 891) ps  polarity 0
net 79: (15 12)->(13 12) 1 2 0 1 #timing (1122 1083) ps  polarity 1
net 79: (13 12)->(13 12) 0 0 0 1 #timing (1205 1264) ps  polarity 0
net 79: (19 12)->(19 12) 5 0 1 0 #timing (695 759) ps polarity 1
net 79: (19 12)->(19 4) 5 1 0 1 #timing (1043 1112) ps  polarity 0
net 79: (19 4)->(17 6) 1 3 0 1 #timing (1389 1260) ps  polarity 1
net 79: (17 6)->(17 7) 0 1 0 1 #timing (1452 1587) ps  polarity 0
net 79: (19 4)->(15 4) 4 5 0 1 #timing (1342 1364) ps  polarity 0
net 79: (15 4)->(15 6) 1 1 0 1 #timing (1575 1560) ps  polarity 1
net 79: (15 6)->(15 7) 0 1 0 1 #timing (1735 1739) ps  polarity 0
net 80: (14 14)->(14 14) 0 0 0 0 #timing (163 163) ps polarity 1
net 80: (14 14)->(14 14) 1 0 0 0 #timing (239 242) ps polarity 0
net 80: (14 14)->(10 14) 4 2 0 0 #timing (525 481) ps polarity 0
net 80: (10 14)->(10 12) 1 1 0 1 #timing (740 742) ps  polarity 1
net 80: (10 12)->(10 12) 0 0 0 1 #timing (865 885) ps  polarity 0
net 80: (14 14)->(12 14) 1 2 0 0 #timing (297 279) ps polarity 0
net 80: (12 14)->(12 14) 1 0 0 1 #timing (518 478) ps  polarity 1
net 80: (12 14)->(13 15) 0 3 0 1 #timing (592 626) ps  polarity 0
net 80: (14 14)->(14 15) 0 1 0 0 #timing (180 180) ps polarity 1
net 80: (14 15)->(14 15) 1 0 0 0 #timing (258 260) ps polarity 0
net 80: (14 15)->(10 15) 4 2 0 1 #timing (636 571) ps  polarity 0
net 80: (10 15)->(10 19) 3 4 0 1 #timing (898 786) ps  polarity 0
net 80: (10 19)->(8 19) 1 2 0 1 #timing (1010 898) ps  polarity 1
net 80: (8 19)->(9 18) 0 3 0 1 #timing (1018 1133) ps  polarity 0
net 80: (14 14)->(15 14) 0 2 0 0 #timing (180 180) ps polarity 1
net 80: (15 14)->(13 12) 1 3 0 0 #timing (368 329) ps polarity 0
net 80: (13 12)->(15 12) 1 2 0 1 #timing (643 571) ps  polarity 1
net 80: (15 12)->(14 12) 0 2 0 1 #timing (711 784) ps  polarity 0
net 80: (13 12)->(13 16) 3 4 0 0 #timing (637 654) ps polarity 0
net 80: (13 16)->(13 16) 5 0 1 0 #timing (765 795) ps polarity 1
net 80: (13 16)->(13 1) 13 1 1 0 #timing (1408 1265) ps polarity 0
net 80: (13 1)->(13 9) 5 1 0 1 #timing (1830 1671) ps  polarity 1
net 80: (13 9)->(13 13) 3 1 0 1 #timing (2076 2140) ps  polarity 1
net 80: (13 13)->(15 13) 1 2 0 1 #timing (2243 2287) ps  polarity 0
net 80: (15 13)->(15 13) 0 0 0 1 #timing (2409 2375) ps  polarity 1
net 80: (13 12)->(9 12) 4 2 0 0 #timing (636 682) ps polarity 0
net 80: (9 12)->(9 8) 3 1 0 1 #timing (1195 1033) ps  polarity 0
net 80: (9 8)->(9 10) 1 1 0 1 #timing (1343 1176) ps  polarity 1
net 80: (9 10)->(8 11) 0 3 0 1 #timing (1270 1459) ps  polarity 0
net 80: (13 12)->(17 12) 4 5 0 0 #timing (670 695) ps polarity 0
net 80: (17 12)->(17 12) 1 0 0 1 #timing (890 841) ps  polarity 1
net 80: (17 12)->(16 12) 0 2 0 1 #timing (971 1007) ps  polarity 0
net 80: (17 12)->(16 13) 0 3 0 1 #timing (986 1015) ps  polarity 0
net 80: (17 12)->(19 12) 1 2 0 1 #timing (947 879) ps  polarity 1
net 80: (19 12)->(18 12) 0 2 0 1 #timing (1020 1092) ps  polarity 0
net 80: (17 12)->(17 12) 5 0 0 0 #timing (789 831) ps polarity 1
net 80: (17 12)->(17 4) 5 1 0 1 #timing (1134 1183) ps  polarity 0
net 80: (17 4)->(17 6) 1 1 0 1 #timing (1441 1340) ps  polarity 1
net 80: (17 6)->(16 7) 0 3 0 1 #timing (1512 1600) ps  polarity 0
net 80: (17 4)->(19 6) 1 3 0 1 #timing (1476 1359) ps  polarity 1
net 80: (19 6)->(18 7) 0 3 0 1 #timing (1548 1673) ps  polarity 0
net 80: (17 4)->(13 4) 4 5 0 1 #timing (1434 1438) ps  polarity 0
net 80: (13 4)->(15 6) 1 3 0 1 #timing (1704 1656) ps  polarity 1
net 80: (15 6)->(14 7) 0 3 0 1 #timing (1838 1886) ps  polarity 0
net 86: (10 16)->(10 16) 0 0 0 0 #timing (649 649) ps polarity 1
net 86: (10 16)->(10 16) 1 0 0 0 #timing (720 726) ps polarity 0
net 86: (10 16)->(10 16) 1 0 1 1 #timing (923 896) ps  polarity 1
net 86: (10 16)->(11 16) 0 2 0 1 #timing (1016 1034) ps  polarity 0
net 86: (10 16)->(11 17) 0 3 0 0 #timing (667 667) ps polarity 1
net 86: (11 17)->(11 17) 1 0 0 0 #timing (757 756) ps polarity 0
net 86: (11 17)->(11 17) 1 0 1 1 #timing (962 927) ps  polarity 1
net 86: (11 17)->(10 16) 0 3 0 1 #timing (1048 1074) ps  polarity 0
net 87: (13 17)->(13 17) 0 0 0 0 #timing (156 156) ps polarity 1
net 87: (13 17)->(15 19) 1 3 0 0 #timing (314 287) ps polarity 0
net 87: (15 19)->(15 17) 1 1 0 1 #timing (596 539) ps  polarity 1
net 87: (15 17)->(14 17) 0 2 0 1 #timing (681 741) ps  polarity 0
net 87: (15 19)->(15 15) 3 4 0 0 #timing (588 600) ps polarity 0
net 87: (15 15)->(11 15) 4 2 0 0 #timing (858 854) ps polarity 0
net 87: (11 15)->(11 15) 1 0 0 1 #timing (1069 1043) ps  polarity 1
net 87: (11 15)->(11 14) 0 1 0 1 #timing (1157 1177) ps  polarity 0
net 87: (11 15)->(9 15) 1 2 0 1 #timing (1112 1073) ps  polarity 1
net 87: (9 15)->(9 14) 0 1 0 1 #timing (1210 1274) ps  polarity 0
net 87: (9 15)->(8 14) 0 3 0 1 #timing (1232 1287) ps  polarity 0
net 87: (11 15)->(11 15) 5 0 0 0 #timing (988 1001) ps polarity 1
net 87: (11 15)->(11 30) 13 1 1 0 #timing (1609 1478) ps polarity 0
net 87: (11 30)->(11 22) 5 1 0 1 #timing (2053 1905) ps  polarity 1
net 87: (11 22)->(11 18) 3 1 0 1 #timing (2334 2373) ps  polarity 1
net 87: (11 18)->(11 16) 1 1 0 1 #timing (2477 2505) ps  polarity 0
net 87: (11 16)->(10 16) 0 2 0 1 #timing (2649 2626) ps  polarity 1
net 88: (11 14)->(11 14) 0 0 0 0 #timing (162 162) ps polarity 1
net 88: (11 14)->(9 14) 1 2 0 0 #timing (302 282) ps polarity 0
net 88: (9 14)->(9 14) 1 0 1 1 #timing (525 483) ps  polarity 1
net 88: (9 14)->(8 14) 0 2 0 1 #timing (570 618) ps  polarity 0
net 88: (11 14)->(10 14) 0 2 0 0 #timing (173 173) ps polarity 1
net 88: (10 14)->(10 12) 1 1 0 0 #timing (311 293) ps polarity 0
net 88: (10 12)->(10 16) 3 4 0 1 #timing (716 613) ps  polarity 0
net 88: (10 16)->(10 16) 1 0 0 1 #timing (813 715) ps  polarity 1
net 88: (10 16)->(10 16) 0 0 0 1 #timing (840 927) ps  polarity 0
net 89: (19 20)->(19 20) 0 0 0 0 #timing (185 185) ps polarity 1
net 89: (19 20)->(17 22) 1 3 0 0 #timing (340 313) ps polarity 0
net 89: (17 22)->(13 22) 4 5 0 0 #timing (632 673) ps polarity 0
net 89: (13 22)->(13 22) 5 0 1 0 #timing (764 823) ps polarity 1
net 89: (13 22)->(13 7) 13 1 1 0 #timing (1449 1275) ps polarity 0
net 89: (13 7)->(13 7) 5 0 0 1 #timing (1670 1508) ps  polarity 0
net 89: (13 7)->(13 11) 3 4 0 1 #timing (2045 1803) ps  polarity 1
net 89: (13 11)->(15 11) 1 2 0 1 #timing (2189 1937) ps  polarity 0
net 89: (15 11)->(14 11) 0 2 0 1 #timing (2081 2333) ps  polarity 1
net 90: (9 18)->(9 18) 0 0 0 0 #timing (187 187) ps polarity 0
net 90: (9 18)->(11 16) 1 3 0 0 #timing (371 334) ps polarity 1
net 90: (11 16)->(11 16) 5 0 1 0 #timing (469 559) ps polarity 0
net 90: (11 16)->(3 24) 5 3 0 1 #timing (1055 1154) ps  polarity 0
net 90: (3 24)->(7 24) 4 2 0 1 #timing (1459 1357) ps  polarity 1
net 90: (7 24)->(7 28) 3 1 0 1 #timing (1781 1617) ps  polarity 1
net 90: (7 28)->(7 30) 1 1 0 1 #timing (1937 1765) ps  polarity 0
net 90: (7 30)->(6 31) 0 3 0 1 #timing (1884 2069) ps  polarity 1
net 91: (10 13)->(10 13) 0 0 0 0 #timing (406 406) ps polarity 0
net 91: (10 13)->(8 15) 1 3 0 0 #timing (543 526) ps polarity 1
net 91: (8 15)->(10 15) 1 2 0 1 #timing (791 748) ps  polarity 0
net 91: (10 15)->(10 15) 0 0 0 1 #timing (859 904) ps  polarity 1
net 91: (10 15)->(11 14) 0 3 0 1 #timing (887 919) ps  polarity 1
net 91: (8 15)->(8 19) 3 4 0 0 #timing (871 858) ps polarity 1
net 91: (8 19)->(10 19) 1 2 0 1 #timing (1103 1051) ps  polarity 0
net 91: (10 19)->(10 18) 0 1 0 1 #timing (1236 1253) ps  polarity 1
net 91: (8 15)->(12 15) 4 2 0 0 #timing (795 829) ps polarity 1
net 91: (12 15)->(12 15) 1 0 0 1 #timing (1034 973) ps  polarity 0
net 91: (12 15)->(12 15) 0 0 0 1 #timing (1087 1144) ps  polarity 1
net 91: (12 15)->(12 19) 3 4 0 1 #timing (1228 1102) ps  polarity 1
net 91: (12 19)->(14 17) 1 3 0 1 #timing (1413 1260) ps  polarity 0
net 91: (14 17)->(14 17) 0 0 0 1 #timing (1421 1592) ps  polarity 1
net 91: (10 13)->(10 12) 0 1 0 0 #timing (377 377) ps polarity 0
net 91: (10 12)->(10 14) 1 1 0 0 #timing (502 495) ps polarity 1
net 91: (10 14)->(10 14) 1 0 1 1 #timing (729 699) ps  polarity 0
net 91: (10 14)->(11 15) 0 3 0 1 #timing (816 838) ps  polarity 1
net 93: (9 15)->(9 14) 0 1 0 0 #timing (826 827) ps polarity 1
net 93: (9 14)->(9 14) 1 0 0 0 #timing (918 917) ps polarity 0
net 93: (9 14)->(9 14) 1 0 0 1 #timing (1125 1091) ps  polarity 1
net 93: (9 14)->(9 15) 0 1 0 1 #timing (1200 1231) ps  polarity 0
net 93: (9 15)->(8 15) 0 2 0 0 #timing (772 772) ps polarity 1
net 93: (8 15)->(10 13) 1 3 0 0 #timing (942 908) ps polarity 0
net 93: (10 13)->(10 17) 3 4 0 1 #timing (1379 1254) ps  polarity 0
net 93: (10 17)->(8 17) 1 2 0 1 #timing (1496 1369) ps  polarity 1
net 93: (8 17)->(8 16) 0 1 0 1 #timing (1484 1612) ps  polarity 0
net 94: (11 14)->(10 15) 0 3 0 0 #timing (204 204) ps polarity 1
net 94: (10 15)->(8 15) 1 2 0 0 #timing (349 327) ps polarity 0
net 94: (8 15)->(8 15) 1 0 0 1 #timing (564 518) ps  polarity 1
net 94: (8 15)->(9 15) 0 2 0 1 #timing (633 674) ps  polarity 0
net 96: (9 16)->(8 17) 0 3 0 0 #timing (197 197) ps polarity 0
net 96: (8 17)->(10 19) 1 3 0 0 #timing (369 334) ps polarity 1
net 96: (10 19)->(10 19) 5 0 1 0 #timing (465 549) ps polarity 0
net 96: (10 19)->(2 27) 5 3 0 1 #timing (1059 1151) ps  polarity 0
net 96: (2 27)->(6 27) 4 2 0 1 #timing (1461 1353) ps  polarity 1
net 96: (6 27)->(6 31) 3 1 0 1 #timing (1776 1606) ps  polarity 1
net 96: (6 31)->(6 31) 1 0 1 1 #timing (1882 1714) ps  polarity 0
net 96: (6 31)->(6 31) 0 0 0 1 #timing (1820 1986) ps  polarity 1
net 101: (8 18)->(9 18) 0 2 0 0 #timing (708 708) ps polarity 1
net 101: (9 18)->(9 18) 1 0 0 0 #timing (792 794) ps polarity 0
net 101: (9 18)->(9 16) 1 1 0 1 #timing (1043 999) ps  polarity 1
net 101: (9 16)->(9 17) 0 1 0 1 #timing (1118 1174) ps  polarity 0
net 102: (11 17)->(11 17) 0 0 0 0 #timing (182 182) ps polarity 1
net 102: (11 17)->(9 19) 1 3 0 0 #timing (343 314) ps polarity 0
net 102: (9 19)->(9 17) 1 1 0 1 #timing (634 572) ps  polarity 1
net 102: (9 17)->(9 17) 0 0 0 1 #timing (678 756) ps  polarity 0
net 102: (9 17)->(9 16) 0 1 0 1 #timing (691 764) ps  polarity 0
net 103: (8 17)->(9 16) 0 3 0 0 #timing (204 204) ps polarity 1
net 103: (9 16)->(11 18) 1 3 0 0 #timing (358 339) ps polarity 0
net 103: (11 18)->(9 18) 1 2 0 1 #timing (683 621) ps  polarity 1
net 103: (9 18)->(8 18) 0 2 0 1 #timing (769 841) ps  polarity 0
net 104: (8 16)->(8 16) 0 0 0 0 #timing (206 206) ps polarity 0
net 104: (8 16)->(8 16) 1 0 0 0 #timing (289 293) ps polarity 1
net 104: (8 16)->(8 16) 1 0 1 1 #timing (493 464) ps  polarity 0
net 104: (8 16)->(9 16) 0 2 0 1 #timing (564 594) ps  polarity 1
net 104: (8 16)->(9 17) 0 3 0 1 #timing (590 608) ps  polarity 1
net 105: (14 10)->(14 10) 0 0 0 0 #timing (649 649) ps polarity 1
net 105: (14 10)->(12 8) 1 3 0 0 #timing (815 785) ps polarity 0
net 105: (12 8)->(12 10) 1 1 0 1 #timing (1091 1030) ps  polarity 1
net 105: (12 10)->(12 11) 0 1 0 1 #timing (1160 1224) ps  polarity 0
net 105: (12 8)->(14 10) 1 3 0 1 #timing (1137 1053) ps  polarity 1
net 105: (14 10)->(14 10) 0 0 0 1 #timing (1185 1301) ps  polarity 0
net 105: (12 8)->(12 12) 3 1 0 0 #timing (1078 1099) ps polarity 0
net 105: (12 12)->(12 12) 1 0 0 1 #timing (1288 1274) ps  polarity 1
net 105: (12 12)->(12 13) 0 1 0 1 #timing (1419 1413) ps  polarity 0
net 105: (12 12)->(14 12) 1 2 0 1 #timing (1327 1302) ps  polarity 1
net 105: (14 12)->(14 12) 0 0 0 1 #timing (1448 1480) ps  polarity 0
net 105: (12 12)->(14 14) 1 3 0 1 #timing (1354 1319) ps  polarity 1
net 105: (14 14)->(14 15) 0 1 0 1 #timing (1490 1539) ps  polarity 0
net 105: (12 12)->(8 12) 4 2 0 0 #timing (1333 1341) ps polarity 0
net 105: (8 12)->(8 12) 1 0 1 1 #timing (1545 1511) ps  polarity 1
net 105: (8 12)->(8 13) 0 1 0 1 #timing (1699 1689) ps  polarity 0
net 105: (8 12)->(8 16) 3 4 0 1 #timing (1735 1641) ps  polarity 0
net 105: (8 16)->(8 18) 1 1 0 1 #timing (1881 1778) ps  polarity 1
net 105: (8 18)->(8 18) 0 0 0 1 #timing (1897 2013) ps  polarity 0
net 105: (8 16)->(10 18) 1 3 0 1 #timing (1880 1778) ps  polarity 1
net 105: (10 18)->(10 18) 0 0 0 1 #timing (1900 2020) ps  polarity 0
net 105: (12 12)->(16 12) 4 5 0 0 #timing (1368 1365) ps polarity 0
net 105: (16 12)->(16 12) 1 0 1 1 #timing (1562 1536) ps  polarity 1
net 105: (16 12)->(16 12) 0 0 0 1 #timing (1663 1679) ps  polarity 0
net 105: (16 12)->(16 13) 0 1 0 1 #timing (1692 1694) ps  polarity 0
net 105: (16 12)->(16 14) 1 1 0 1 #timing (1615 1574) ps  polarity 1
net 105: (16 14)->(17 14) 0 2 0 1 #timing (1685 1749) ps  polarity 0
net 105: (16 12)->(18 12) 1 2 0 1 #timing (1604 1567) ps  polarity 1
net 105: (18 12)->(18 12) 0 0 0 1 #timing (1711 1761) ps  polarity 0
net 105: (16 12)->(16 12) 5 0 1 0 #timing (1493 1505) ps polarity 1
net 105: (16 12)->(16 4) 5 1 0 1 #timing (1820 1841) ps  polarity 0
net 105: (16 4)->(18 6) 1 3 0 1 #timing (2118 2039) ps  polarity 1
net 105: (18 6)->(18 7) 0 1 0 1 #timing (2171 2285) ps  polarity 0
net 105: (16 4)->(20 4) 4 2 0 1 #timing (2077 2071) ps  polarity 0
net 105: (20 4)->(20 0) 3 1 0 1 #timing (2440 2334) ps  polarity 0
net 105: (20 0)->(22 0) 1 2 0 1 #timing (2579 2466) ps  polarity 1
net 105: (22 0)->(23 0) 0 2 0 1 #timing (2613 2756) ps  polarity 0
net 105: (12 12)->(12 12) 5 0 0 0 #timing (1200 1234) ps polarity 1
net 105: (12 12)->(12 28) 13 1 0 0 #timing (1893 1730) ps polarity 0
net 105: (12 28)->(4 28) 5 2 0 1 #timing (2393 2204) ps  polarity 1
net 105: (4 28)->(6 30) 1 3 0 1 #timing (2471 2605) ps  polarity 0
net 105: (6 30)->(6 31) 0 1 0 1 #timing (2731 2630) ps  polarity 1
net 105: (12 8)->(8 8) 4 2 0 0 #timing (1067 1106) ps polarity 0
net 105: (8 8)->(8 10) 1 1 0 1 #timing (1354 1278) ps  polarity 1
net 105: (8 10)->(8 11) 0 1 0 1 #timing (1402 1491) ps  polarity 0
net 106: (8 18)->(9 19) 0 3 0 0 #timing (200 200) ps polarity 0
net 106: (9 19)->(11 17) 1 3 0 0 #timing (358 334) ps polarity 1
net 106: (11 17)->(11 13) 3 4 0 0 #timing (674 669) ps polarity 1
net 106: (11 13)->(11 9) 3 1 0 1 #timing (1102 995) ps  polarity 1
net 106: (11 9)->(9 11) 1 3 0 1 #timing (1297 1163) ps  polarity 0
net 106: (9 11)->(8 11) 0 2 0 1 #timing (1321 1489) ps  polarity 1
net 110: (11 15)->(11 15) 0 0 0 0 #timing (423 423) ps polarity 0
net 110: (11 15)->(11 15) 1 0 0 0 #timing (497 502) ps polarity 1
net 110: (11 15)->(15 15) 4 2 0 1 #timing (882 816) ps  polarity 1
net 110: (15 15)->(13 15) 1 2 0 1 #timing (1134 1020) ps  polarity 0
net 110: (13 15)->(12 15) 0 2 0 1 #timing (1158 1287) ps  polarity 1
net 120: (9 13)->(9 13) 0 0 0 0 #timing (637 637) ps polarity 1
net 120: (9 13)->(9 15) 1 1 0 0 #timing (752 747) ps polarity 0
net 120: (9 15)->(9 19) 3 4 0 0 #timing (1101 1042) ps polarity 0
net 120: (9 19)->(9 19) 1 0 0 1 #timing (1321 1226) ps  polarity 1
net 120: (9 19)->(9 18) 0 1 0 1 #timing (1335 1427) ps  polarity 0
net 120: (9 13)->(8 13) 0 2 0 0 #timing (644 644) ps polarity 1
net 120: (8 13)->(10 13) 1 2 0 0 #timing (789 768) ps polarity 0
net 120: (10 13)->(8 15) 1 3 0 1 #timing (1055 996) ps  polarity 1
net 120: (8 15)->(9 14) 0 3 0 1 #timing (1136 1210) ps  polarity 0
net 121: (10 14)->(11 14) 0 2 0 0 #timing (180 180) ps polarity 1
net 121: (11 14)->(11 14) 1 0 0 0 #timing (261 262) ps polarity 0
net 121: (11 14)->(9 14) 1 2 0 1 #timing (529 476) ps  polarity 1
net 121: (9 14)->(9 14) 0 0 0 1 #timing (632 701) ps  polarity 0
net 122: (10 14)->(10 14) 0 0 0 0 #timing (163 163) ps polarity 1
net 122: (10 14)->(8 12) 1 3 0 0 #timing (343 305) ps polarity 0
net 122: (8 12)->(8 14) 1 1 0 1 #timing (623 546) ps  polarity 1
net 122: (8 14)->(8 15) 0 1 0 1 #timing (747 801) ps  polarity 0
net 122: (8 14)->(9 14) 0 2 0 1 #timing (671 765) ps  polarity 0
net 144: (22 12)->(22 12) 0 0 0 0 #timing (209 209) ps polarity 0
net 144: (22 12)->(22 12) 1 0 0 0 #timing (293 295) ps polarity 1
net 144: (22 12)->(20 14) 1 3 0 1 #timing (593 528) ps  polarity 0
net 144: (20 14)->(21 14) 0 2 0 1 #timing (661 752) ps  polarity 1
net 148: (11 16)->(11 16) 0 0 0 0 #timing (637 637) ps polarity 1
net 148: (11 16)->(11 16) 1 0 0 0 #timing (708 713) ps polarity 0
net 148: (11 16)->(11 16) 1 0 1 1 #timing (911 883) ps  polarity 1
net 148: (11 16)->(11 16) 0 0 0 1 #timing (1030 1037) ps  polarity 0
net 149: (15 11)->(15 11) 0 0 0 0 #timing (156 156) ps polarity 0
net 149: (15 11)->(13 11) 1 2 0 0 #timing (290 274) ps polarity 1
net 149: (13 11)->(13 15) 3 1 0 0 #timing (560 555) ps polarity 1
net 149: (13 15)->(9 15) 4 2 0 0 #timing (861 832) ps polarity 1
net 149: (9 15)->(9 15) 1 0 1 1 #timing (1044 1044) ps  polarity 0
net 149: (9 15)->(9 15) 0 0 0 1 #timing (1128 1135) ps  polarity 1
net 149: (9 15)->(11 15) 1 2 0 1 #timing (1102 1082) ps  polarity 0
net 149: (11 15)->(10 15) 0 2 0 1 #timing (1180 1232) ps  polarity 1
net 149: (9 15)->(9 19) 3 4 0 1 #timing (1252 1195) ps  polarity 1
net 149: (9 19)->(11 17) 1 3 0 1 #timing (1490 1393) ps  polarity 0
net 149: (11 17)->(11 16) 0 1 0 1 #timing (1530 1658) ps  polarity 1
net 149: (11 17)->(10 17) 0 2 0 1 #timing (1563 1679) ps  polarity 1
net 149: (13 15)->(17 15) 4 5 0 0 #timing (894 846) ps polarity 1
net 149: (17 15)->(17 15) 1 0 1 1 #timing (1040 1063) ps  polarity 0
net 149: (17 15)->(17 14) 0 1 0 1 #timing (1176 1147) ps  polarity 1
net 149: (15 11)->(13 9) 1 3 0 0 #timing (340 300) ps polarity 1
net 149: (13 9)->(13 13) 3 1 0 0 #timing (625 646) ps polarity 1
net 149: (13 13)->(9 13) 4 2 0 1 #timing (1029 976) ps  polarity 1
net 149: (9 13)->(9 17) 3 4 0 1 #timing (1336 1228) ps  polarity 1
net 149: (9 17)->(9 17) 1 0 1 1 #timing (1454 1349) ps  polarity 0
net 149: (9 17)->(8 17) 0 2 0 1 #timing (1445 1552) ps  polarity 1
net 149: (15 11)->(15 10) 0 1 0 0 #timing (157 157) ps polarity 0
net 149: (15 10)->(15 10) 1 0 0 0 #timing (236 237) ps polarity 1
net 149: (15 10)->(15 10) 1 0 1 1 #timing (439 408) ps  polarity 0
net 149: (15 10)->(14 10) 0 2 0 1 #timing (535 555) ps  polarity 1
net 149: (15 10)->(13 10) 1 2 0 1 #timing (482 438) ps  polarity 0
net 149: (13 10)->(12 11) 0 3 0 1 #timing (620 665) ps  polarity 1
net 149: (15 10)->(15 8) 1 1 0 0 #timing (281 267) ps polarity 1
net 149: (15 8)->(15 12) 3 1 0 0 #timing (552 535) ps polarity 1
net 149: (15 12)->(11 12) 4 2 0 0 #timing (824 784) ps polarity 1
net 149: (11 12)->(11 16) 3 4 0 1 #timing (1207 1154) ps  polarity 1
net 149: (11 16)->(11 16) 1 0 0 1 #timing (1302 1254) ps  polarity 0
net 149: (11 16)->(11 17) 0 1 0 1 #timing (1417 1436) ps  polarity 1
net 149: (15 11)->(14 11) 0 2 0 0 #timing (172 172) ps polarity 0
net 149: (14 11)->(12 11) 1 2 0 0 #timing (312 294) ps polarity 1
net 149: (12 11)->(12 15) 3 1 0 0 #timing (611 595) ps polarity 1
net 149: (12 15)->(8 15) 4 2 0 0 #timing (865 838) ps polarity 1
net 149: (8 15)->(8 15) 1 0 1 1 #timing (1046 1046) ps  polarity 0
net 149: (8 15)->(8 14) 0 1 0 1 #timing (1167 1158) ps  polarity 1
net 149: (8 15)->(8 19) 3 4 0 1 #timing (1234 1116) ps 
net 149: (12 15)->(8 15) 4 2 0 1 #timing (956 884) ps  polarity 1
net 149: (8 15)->(8 15) 1 0 1 1 #timing (926 926) ps 
net 149: (8 15)->(8 19) 3 4 0 1 #timing (1234 1116) ps  polarity 1
net 149: (8 19)->(10 17) 1 3 0 1 #timing (1398 1263) ps  polarity 0
net 149: (10 17)->(10 16) 0 1 0 1 #timing (1457 1569) ps  polarity 1
net 150: (12 17)->(12 17) 0 0 0 0 #timing (155 155) ps polarity 1
net 150: (12 17)->(14 19) 1 3 0 0 #timing (305 281) ps polarity 0
net 150: (14 19)->(10 19) 4 2 0 1 #timing (705 634) ps  polarity 0
net 150: (10 19)->(10 17) 1 1 0 1 #timing (934 827) ps  polarity 1
net 150: (10 17)->(10 17) 0 0 0 1 #timing (977 1089) ps  polarity 0
net 150: (10 17)->(11 16) 0 3 0 1 #timing (956 1077) ps  polarity 0
net 151: (20 12)->(21 13) 0 3 0 0 #timing (202 202) ps polarity 0
net 151: (21 13)->(23 15) 1 3 0 0 #timing (368 342) ps polarity 1
net 151: (23 15)->(19 15) 4 2 0 0 #timing (601 638) ps polarity 1
net 151: (19 15)->(15 15) 4 5 0 1 #timing (931 931) ps  polarity 1
net 151: (15 15)->(15 15) 1 0 1 1 #timing (1120 1096) ps  polarity 0
net 151: (15 15)->(15 14) 0 1 0 1 #timing (1212 1229) ps  polarity 1
net 155: (16 13)->(16 13) 0 0 0 0 #timing (186 186) ps polarity 0
net 155: (16 13)->(18 13) 1 2 0 0 #timing (315 301) ps polarity 1
net 155: (18 13)->(14 13) 4 5 0 0 #timing (627 617) ps polarity 1
net 155: (14 13)->(14 13) 1 0 1 1 #timing (816 802) ps  polarity 0
net 155: (14 13)->(14 13) 0 0 0 1 #timing (939 937) ps  polarity 1
