####   Resource Utilization Report   ####

    Top level module name: top

    Resource usage:

        CLB LUT5s:    67/1120 (5.98%)
            Lut5:                          67 (5.98%)
            Lut5 for Shift-register:       0 (0.00%)
            Lut5 for Distributed memory:   0 (0.00%)

        FFs:    25
        CLB FFs: 22/1120 (1.96%)
        IOB FFs: 3/736 (0.41%)

        CLBs:      18/140 (12.86%)
        Tiles:     1/1 (100.00%)

        RTL Input ports:     3 
        RTL Output ports:    1 
        GPIOs:               3/19 (15.79%)

        PLLs:        0/1 (0.00%)
        OSCs:        0/1 (0.00%)
        4k BRAMs:    0/8 (0.00%)

        1 Clock
           Clock 0: net    65, clk_BUFG_I_O, Fanout: 16 CLBs
           Total 1 unique clocks

####   Resource Utilization Complete   ####

TILE-REQ:		0		0		0		1

### Total FPGA resources from current floorplan: ###
                       184 IOBs
                       140 Logic 6-LUT CLBs
                              40 CLBs support RAM/SR

Usage of Logic CLBs is 12.9%.
    Logic-Memory CLB for RAM/Shift-Register is 0.0%.
Usage of LUTs is 8.2%.
    dual-LUTs is 1.8%.
Usage of FF is 3.4%.
    dual-FF is 0.5%.
Usage of IO CLB is 1.6%.
