


MINPLACER FLOW STARTS Wed Aug 26 00:28:47 2026
PARRAY=32x32
TILE_SIZE=1,1
MODULE_NAME=top
GRANDITER=-1
FLOW_STRING=eflxexp1500
COMMIT_NLEDIT_IMMEDIATELY=1
USE_NMAX=0
USE_FINDER=1
USE_RTABLE=0
LATENCY_AWARE=1
HAS_PPP=0
FAIL_AS_CRASH=0
RUNTIME_LIMITED=1
MAX_CPU=4 (16 16 4)
REPORT_HOLD=1
IGNORE_REGION=0
IGNORE_REGION_AFTER_WL=0
VERIFY=0
[                                                  ][    2] Running placer flow EXP (version=1500).
[                                                  ][    2] Start 4 jobs with MAX_CPU=4, POOLSIZE=4 and requested_winning_jobs=1.
[                                                  ][    2] Running placer flow WLTD (666).
[              minplacer\00001_pa01_00001_character][    2] Step character
[              minplacer\00001_pa01_00001_character][    2] Step MinPlacerChar minplacer_skip_dont_place=0 do_shortfd=0 do_shortfd_aggressive=0 do_precomb=0 do_precomb_aggressive=0 do_chain_to_tree=0 do_used_rbb_vacan=0 do_rep=1 do_reloc=0 do_repack=0 do_swabsorb=0 do_rplan=1
[              minplacer\00001_pa01_00001_character][    2] RbbUsage=24 PrePlaceTiming=44389.
[                  minplacer\00001_pa01_00002_setup][    2] Step setup
[                  minplacer\00001_pa01_00002_setup][    4] Step setup ends.
[                     minplacer\00001_pa01_00003_wl][    4] Step wl
[                     minplacer\00001_pa01_00003_wl][   10] Step wl returns 0. (timing=5253 cg=0)
[                     minplacer\00001_pa01_00003_wl][   10] Updating timing 5253 vs 2147483647.
[                 minplacer\00001_pa01_00004_repopt][   10] Step repopt
[                 minplacer\00001_pa01_00004_repopt][   20] Step repopt returns 0. (timing=5253 cg=0)
[                 minplacer\00001_pa01_00004_repopt][   20] Step has no netlist change.
[                   minplacer\00001_pa01_00005_post][   20] Step post
[                   minplacer\00001_pa01_00005_post][   30] Step post returns 0. (timing=9637R cg=0)
[                   minplacer\00001_pa01_00005_post][   30] Updating timing 9637R vs 5253.
[                  minplacer\00001_pa01_00006_rplan][   30] Step rplan
[                  minplacer\00001_pa01_00006_rplan][   40] Step rplan returns 0. (timing=9637R cg=50)
[                  minplacer\00001_pa01_00006_rplan][   40] Updating timing 9637R vs 9637R.
[                                                  ][   40] Running placer flow WLTD ends with TRUE.
[                  minplacer\00001_pa01_00006_rplan][   40] Placer job(1) finished okay with timing=9637.
[                                                  ][    2] Running placer flow WLTD (666).
[              minplacer\00003_pa03_00001_character][    2] Step character
[              minplacer\00003_pa03_00001_character][    2] Step MinPlacerChar minplacer_skip_dont_place=0 do_shortfd=0 do_shortfd_aggressive=0 do_precomb=0 do_precomb_aggressive=0 do_chain_to_tree=0 do_used_rbb_vacan=0 do_rep=1 do_reloc=0 do_repack=0 do_swabsorb=0 do_rplan=1
[              minplacer\00003_pa03_00001_character][    2] RbbUsage=24 PrePlaceTiming=44389.
[                  minplacer\00003_pa03_00002_setup][    2] Step setup
[                  minplacer\00003_pa03_00002_setup][    2] Step setup ends.
[                     minplacer\00003_pa03_00003_wl][    2] Step wl
[                     minplacer\00003_pa03_00003_wl][   15] Step wl returns 0. (timing=5225 cg=0)
[                     minplacer\00003_pa03_00003_wl][   15] Updating timing 5225 vs 2147483647.
[                 minplacer\00003_pa03_00004_repopt][   15] Step repopt
[                 minplacer\00003_pa03_00004_repopt][   25] Step repopt returns 0. (timing=5225 cg=0)
[                 minplacer\00003_pa03_00004_repopt][   25] Step has no netlist change.
[                   minplacer\00003_pa03_00005_post][   25] Step post
[                   minplacer\00003_pa03_00005_post][   35] Step post returns 0. (timing=9505R cg=0)
[                   minplacer\00003_pa03_00005_post][   35] Updating timing 9505R vs 5225.
[                  minplacer\00003_pa03_00006_rplan][   35] Step rplan
[                  minplacer\00003_pa03_00006_rplan][   45] Step rplan returns 0. (timing=9505R cg=50)
[                  minplacer\00003_pa03_00006_rplan][   45] Updating timing 9505R vs 9505R.
[                                                  ][   45] Running placer flow WLTD ends with TRUE.
[                  minplacer\00003_pa03_00006_rplan][   45] Placer job(3) finished okay with timing=9505.
[                                                  ][    2] Running placer flow WLTD (666).
[              minplacer\00002_pa02_00001_character][    2] Step character
[              minplacer\00002_pa02_00001_character][    2] Step MinPlacerChar minplacer_skip_dont_place=0 do_shortfd=0 do_shortfd_aggressive=0 do_precomb=0 do_precomb_aggressive=0 do_chain_to_tree=0 do_used_rbb_vacan=0 do_rep=1 do_reloc=0 do_repack=0 do_swabsorb=0 do_rplan=1
[              minplacer\00002_pa02_00001_character][    2] RbbUsage=24 PrePlaceTiming=44389.
[                  minplacer\00002_pa02_00002_setup][    2] Step setup
[                  minplacer\00002_pa02_00002_setup][    5] Step setup ends.
[                     minplacer\00002_pa02_00003_wl][    5] Step wl
[                     minplacer\00002_pa02_00003_wl][   15] Step wl returns 0. (timing=5128 cg=0)
[                     minplacer\00002_pa02_00003_wl][   15] Updating timing 5128 vs 2147483647.
[                 minplacer\00002_pa02_00004_repopt][   15] Step repopt
[                 minplacer\00002_pa02_00004_repopt][   25] Step repopt returns 0. (timing=5128 cg=0)
[                 minplacer\00002_pa02_00004_repopt][   25] Step has no netlist change.
[                   minplacer\00002_pa02_00005_post][   25] Step post
[                   minplacer\00002_pa02_00005_post][   35] Step post returns 0. (timing=10059R cg=0)
[                   minplacer\00002_pa02_00005_post][   35] Updating timing 10059R vs 5128.
[                  minplacer\00002_pa02_00006_rplan][   35] Step rplan
[                  minplacer\00002_pa02_00006_rplan][   45] Step rplan returns 0. (timing=10059R cg=50)
[                  minplacer\00002_pa02_00006_rplan][   45] Updating timing 10059R vs 10059R.
[                                                  ][   45] Running placer flow WLTD ends with TRUE.
[                  minplacer\00002_pa02_00006_rplan][   45] Placer job(2) finished okay with timing=10059.
[                                                  ][    2] Running placer flow WLTD (666).
[              minplacer\00000_pa00_00001_character][    2] Step character
[              minplacer\00000_pa00_00001_character][    2] Step MinPlacerChar minplacer_skip_dont_place=0 do_shortfd=0 do_shortfd_aggressive=0 do_precomb=0 do_precomb_aggressive=0 do_chain_to_tree=0 do_used_rbb_vacan=0 do_rep=1 do_reloc=0 do_repack=0 do_swabsorb=0 do_rplan=1
[              minplacer\00000_pa00_00001_character][    2] RbbUsage=24 PrePlaceTiming=44389.
[                  minplacer\00000_pa00_00002_setup][    2] Step setup
[                  minplacer\00000_pa00_00002_setup][    3] Step setup ends.
[                     minplacer\00000_pa00_00003_wl][    3] Step wl
[                     minplacer\00000_pa00_00003_wl][   15] Step wl returns 0. (timing=5225 cg=0)
[                     minplacer\00000_pa00_00003_wl][   15] Updating timing 5225 vs 2147483647.
[                 minplacer\00000_pa00_00004_repopt][   15] Step repopt
[                 minplacer\00000_pa00_00004_repopt][   25] Step repopt returns 0. (timing=5225 cg=0)
[                 minplacer\00000_pa00_00004_repopt][   25] Step has no netlist change.
[                   minplacer\00000_pa00_00005_post][   25] Step post
[                   minplacer\00000_pa00_00005_post][   35] Step post returns 0. (timing=9955R cg=0)
[                   minplacer\00000_pa00_00005_post][   35] Updating timing 9955R vs 5225.
[                  minplacer\00000_pa00_00006_rplan][   35] Step rplan
[                  minplacer\00000_pa00_00006_rplan][   45] Step rplan returns 0. (timing=9955R cg=50)
[                  minplacer\00000_pa00_00006_rplan][   45] Updating timing 9955R vs 9955R.
[                                                  ][   45] Running placer flow WLTD ends with TRUE.
[                  minplacer\00000_pa00_00006_rplan][   45] Placer job(0) finished okay with timing=9955.
[                                                  ][   47] End 4 jobs with 1 being accepted: [3,expjob_3]=minplacer\00003_pa03_00006_rplan
[                                                  ][   47] End 4 jobs with 3 being abandoned: [1,expjob_1]=minplacer\00001_pa01_00006_rplan [0,expjob_0]=minplacer\00000_pa00_00006_rplan [2,expjob_2]=minplacer\00002_pa02_00006_rplan
[                                                  ][   47] Running placer flow EXP receives (3).
[                  minplacer\00003_pa03_00006_rplan][   47] Updating timing 9505R vs 2147483647.
[                                                  ][   48] Running placer flow EXP ends with [minplacer\00003_pa03_00006_rplan] timing=9505.
[                  minplacer\00003_pa03_00006_rplan][   48] Step readback plc starts.
[                  minplacer\00003_pa03_00006_rplan][   48] Step readback plc ended.
MINPLACER FLOW QORSTAT REP=0 BUF=0 PPP=0 COMB=0 SHORTFD=0 RELOC=0 SWABSORB=0 PREABSORB=0
MINPLACER FLOW ENDS RET=PASS Wed Aug 26 00:29:33 2026
