#! /c/Source/iverilog-install/bin/vvp
:ivl_version "14.0 (devel)";
:ivl_delay_selection "TYPICAL";
:vpi_time_precision - 12;
:vpi_module "C:\iverilog\lib\ivl\system.vpi";
:vpi_module "C:\iverilog\lib\ivl\vhdl_sys.vpi";
:vpi_module "C:\iverilog\lib\ivl\vhdl_textio.vpi";
:vpi_module "C:\iverilog\lib\ivl\v2005_math.vpi";
:vpi_module "C:\iverilog\lib\ivl\va_math.vpi";
S_00000190DD371140 .scope module, "i2c_blink" "i2c_blink" 2 8;
 .timescale -9 -12;
    .port_info 0 /INPUT 1 "i_clk";
    .port_info 1 /INPUT 1 "i_rst";
    .port_info 2 /INPUT 1 "i_scl";
    .port_info 3 /INPUT 1 "i_sda";
    .port_info 4 /OUTPUT 1 "o_sda";
    .port_info 5 /OUTPUT 1 "o_led";
    .port_info 6 /OUTPUT 1 "o_sda_oe";
    .port_info 7 /OUTPUT 1 "o_clk_en";
    .port_info 8 /OUTPUT 1 "o_led_en";
P_00000190DD373240 .param/l "I2C_SLAVE_ADR" 0 2 8, C4<0110010>;
o00000190DD520C28 .functor BUFZ 1, c4<z>; HiZ drive
L_00000190DD3662F0 .functor NOT 1, o00000190DD520C28, C4<0>, C4<0>, C4<0>;
L_00000190DD366210 .functor BUFZ 1, v00000190DD34C250_0, C4<0>, C4<0>, C4<0>;
L_00000190DD577500 .functor BUFT 1, C4<00000000000000000000000000000001>, C4<0>, C4<0>, C4<0>;
v00000190DD34D970_0 .net/2s *"_ivl_6", 31 0, L_00000190DD577500;  1 drivers
o00000190DD520418 .functor BUFZ 1, c4<z>; HiZ drive
v00000190DD34DA10_0 .net "i_clk", 0 0, o00000190DD520418;  0 drivers
v00000190DD34DB50_0 .net "i_rst", 0 0, o00000190DD520C28;  0 drivers
o00000190DD5204D8 .functor BUFZ 1, c4<z>; HiZ drive
v00000190DD34C110_0 .net "i_scl", 0 0, o00000190DD5204D8;  0 drivers
o00000190DD520508 .functor BUFZ 1, c4<z>; HiZ drive
v00000190DD34CBB0_0 .net "i_sda", 0 0, o00000190DD520508;  0 drivers
v00000190DD34C250_0 .var "led_on", 0 0;
L_00000190DD577158 .functor BUFT 1, C4<1>, C4<0>, C4<0>, C4<0>;
v00000190DD34DDD0_0 .net "o_clk_en", 0 0, L_00000190DD577158;  1 drivers
v00000190DD34C1B0_0 .net "o_led", 0 0, L_00000190DD366210;  1 drivers
L_00000190DD5771A0 .functor BUFT 1, C4<1>, C4<0>, C4<0>, C4<0>;
v00000190DD34CC50_0 .net "o_led_en", 0 0, L_00000190DD5771A0;  1 drivers
L_00000190DD5774B8 .functor BUFT 1, C4<0>, C4<0>, C4<0>, C4<0>;
v00000190DD34CE30_0 .net "o_sda", 0 0, L_00000190DD5774B8;  1 drivers
v00000190DD34CCF0_0 .net "o_sda_oe", 0 0, v00000190DD36D310_0;  1 drivers
v00000190DD34C4D0_0 .var "r_data_tx", 7 0;
v00000190DD34C570_0 .net "w_busy", 0 0, L_00000190DD576770;  1 drivers
v00000190DD34C6B0_0 .net "w_data_rx", 7 0, v00000190DD36CEB0_0;  1 drivers
v00000190DD34C7F0_0 .net "w_int_rx", 0 0, v00000190DD36E170_0;  1 drivers
v00000190DD34CA70_0 .net "w_int_tx", 0 0, v00000190DD36E030_0;  1 drivers
L_00000190DD5752D0 .part L_00000190DD577500, 0, 1;
S_00000190DD373700 .scope module, "i2c_slave" "i2c_slave" 2 30, 3 36 0, S_00000190DD371140;
 .timescale -9 -12;
    .port_info 0 /INPUT 1 "i_clk";
    .port_info 1 /INPUT 1 "i_rst";
    .port_info 2 /INPUT 1 "i_en";
    .port_info 3 /OUTPUT 1 "o_busy";
    .port_info 4 /INPUT 1 "i_scl";
    .port_info 5 /INPUT 1 "i_sda";
    .port_info 6 /OUTPUT 1 "o_sda";
    .port_info 7 /OUTPUT 1 "o_sda_oe";
    .port_info 8 /INPUT 8 "i_data_tx";
    .port_info 9 /OUTPUT 8 "o_data_rx";
    .port_info 10 /OUTPUT 1 "o_int_tx";
    .port_info 11 /OUTPUT 1 "o_int_rx";
P_00000190DD31D0E0 .param/l "ACK_CMD" 1 3 60, C4<000001000>;
P_00000190DD31D118 .param/l "ACK_READ" 1 3 64, C4<010000000>;
P_00000190DD31D150 .param/l "ACK_WRITE" 1 3 62, C4<000100000>;
P_00000190DD31D188 .param/l "CMD" 1 3 59, C4<000000100>;
P_00000190DD31D1C0 .param/l "I2C_SLAVE_ADR" 0 3 37, C4<0110010>;
P_00000190DD31D1F8 .param/l "IDLE" 1 3 57, C4<000000001>;
P_00000190DD31D230 .param/l "READ" 1 3 63, C4<001000000>;
P_00000190DD31D268 .param/l "START" 1 3 58, C4<000000010>;
P_00000190DD31D2A0 .param/l "STOP" 1 3 65, C4<100000000>;
P_00000190DD31D2D8 .param/l "WRITE" 1 3 61, C4<000010000>;
L_00000190DD3661A0 .functor NOT 1, L_00000190DD5754B0, C4<0>, C4<0>, C4<0>;
L_00000190DD3667C0 .functor AND 1, L_00000190DD3661A0, L_00000190DD575870, C4<1>, C4<1>;
L_00000190DD366C20 .functor OR 1, L_00000190DD576950, L_00000190DD575B90, C4<0>, C4<0>;
L_00000190DD3664B0 .functor OR 1, L_00000190DD366C20, L_00000190DD575230, C4<0>, C4<0>;
v00000190DD36E2B0_0 .net *"_ivl_1", 0 0, L_00000190DD5754B0;  1 drivers
v00000190DD36E350_0 .net *"_ivl_10", 0 0, L_00000190DD576950;  1 drivers
L_00000190DD577230 .functor BUFT 1, C4<000010000>, C4<0>, C4<0>, C4<0>;
v00000190DD36DD10_0 .net/2u *"_ivl_12", 8 0, L_00000190DD577230;  1 drivers
v00000190DD36EB70_0 .net *"_ivl_14", 0 0, L_00000190DD575B90;  1 drivers
v00000190DD36DBD0_0 .net *"_ivl_17", 0 0, L_00000190DD366C20;  1 drivers
L_00000190DD577278 .functor BUFT 1, C4<001000000>, C4<0>, C4<0>, C4<0>;
v00000190DD36E530_0 .net/2u *"_ivl_18", 8 0, L_00000190DD577278;  1 drivers
v00000190DD36D8B0_0 .net *"_ivl_2", 0 0, L_00000190DD3661A0;  1 drivers
v00000190DD36DF90_0 .net *"_ivl_20", 0 0, L_00000190DD575230;  1 drivers
v00000190DD36D090_0 .net *"_ivl_23", 0 0, L_00000190DD3664B0;  1 drivers
L_00000190DD5772C0 .functor BUFT 1, C4<1>, C4<0>, C4<0>, C4<0>;
v00000190DD36E7B0_0 .net/2u *"_ivl_24", 0 0, L_00000190DD5772C0;  1 drivers
L_00000190DD577308 .functor BUFT 1, C4<0>, C4<0>, C4<0>, C4<0>;
v00000190DD36CF50_0 .net/2u *"_ivl_26", 0 0, L_00000190DD577308;  1 drivers
L_00000190DD577350 .functor BUFT 1, C4<000000001>, C4<0>, C4<0>, C4<0>;
v00000190DD36D450_0 .net/2u *"_ivl_30", 8 0, L_00000190DD577350;  1 drivers
v00000190DD36E710_0 .net *"_ivl_32", 0 0, L_00000190DD576C70;  1 drivers
L_00000190DD577398 .functor BUFT 1, C4<0>, C4<0>, C4<0>, C4<0>;
v00000190DD36E5D0_0 .net/2u *"_ivl_34", 0 0, L_00000190DD577398;  1 drivers
L_00000190DD5773E0 .functor BUFT 1, C4<1>, C4<0>, C4<0>, C4<0>;
v00000190DD36EC10_0 .net/2u *"_ivl_36", 0 0, L_00000190DD5773E0;  1 drivers
L_00000190DD577428 .functor BUFT 1, C4<0>, C4<0>, C4<0>, C4<0>;
v00000190DD36E0D0_0 .net/2u *"_ivl_40", 0 0, L_00000190DD577428;  1 drivers
L_00000190DD577470 .functor BUFT 1, C4<1>, C4<0>, C4<0>, C4<0>;
v00000190DD36DEF0_0 .net/2u *"_ivl_42", 0 0, L_00000190DD577470;  1 drivers
v00000190DD36D270_0 .net *"_ivl_5", 0 0, L_00000190DD575870;  1 drivers
L_00000190DD5771E8 .functor BUFT 1, C4<000000100>, C4<0>, C4<0>, C4<0>;
v00000190DD36D950_0 .net/2u *"_ivl_8", 8 0, L_00000190DD5771E8;  1 drivers
v00000190DD36EAD0_0 .net "i_clk", 0 0, o00000190DD520418;  alias, 0 drivers
v00000190DD36E3F0_0 .net "i_data_tx", 7 0, v00000190DD34C4D0_0;  1 drivers
v00000190DD36E8F0_0 .net "i_en", 0 0, L_00000190DD5752D0;  1 drivers
v00000190DD36D130_0 .net "i_rst", 0 0, L_00000190DD3662F0;  1 drivers
v00000190DD36E490_0 .net "i_scl", 0 0, o00000190DD5204D8;  alias, 0 drivers
v00000190DD36D9F0_0 .net "i_sda", 0 0, o00000190DD520508;  alias, 0 drivers
v00000190DD36D630_0 .var "latch_buff_tx", 0 0;
v00000190DD36DA90_0 .var "n_sda", 0 0;
v00000190DD36E990_0 .var "n_state", 8 0;
v00000190DD36E670_0 .net "o_busy", 0 0, L_00000190DD576770;  alias, 1 drivers
v00000190DD36CEB0_0 .var "o_data_rx", 7 0;
v00000190DD36E170_0 .var "o_int_rx", 0 0;
v00000190DD36E030_0 .var "o_int_tx", 0 0;
v00000190DD36E850_0 .net "o_sda", 0 0, L_00000190DD5774B8;  alias, 1 drivers
v00000190DD36D310_0 .var "o_sda_oe", 0 0;
v00000190DD36EA30_0 .var "r_ack_flag", 0 0;
v00000190DD36D3B0_0 .var "r_bit_cnt", 2 0;
v00000190DD36DB30_0 .var "r_buffer_rx", 7 0;
v00000190DD36D1D0_0 .var "r_buffer_tx", 7 0;
v00000190DD36D4F0_0 .net "r_cnt_en", 0 0, L_00000190DD5766D0;  1 drivers
v00000190DD36D590_0 .var "r_det_start", 0 0;
v00000190DD36D6D0_0 .var "r_det_stop", 0 0;
v00000190DD36CD70_0 .var "r_scl_in_fall", 0 0;
v00000190DD36D770_0 .net "r_scl_in_fall_prev", 0 0, L_00000190DD3667C0;  1 drivers
v00000190DD36CE10_0 .var "r_scl_in_rise", 0 0;
v00000190DD36D810_0 .var "r_scl_in_sync", 2 0;
v00000190DD36DC70_0 .var "r_sda", 0 0;
v00000190DD36DDB0_0 .var "r_sda_in_sync", 2 0;
v00000190DD36DE50_0 .var "r_state", 8 0;
v00000190DD34D650_0 .net "sda_oe_mux", 0 0, L_00000190DD575190;  1 drivers
E_00000190DD373280 .event posedge, v00000190DD36EAD0_0;
E_00000190DD372EC0/0 .event anyedge, v00000190DD36DE50_0, v00000190DD36E8F0_0, v00000190DD36D590_0, v00000190DD36CD70_0;
E_00000190DD372EC0/1 .event anyedge, v00000190DD36D3B0_0, v00000190DD36DB30_0, v00000190DD36D1D0_0, v00000190DD36D6D0_0;
E_00000190DD372EC0/2 .event anyedge, v00000190DD36EA30_0;
E_00000190DD372EC0 .event/or E_00000190DD372EC0/0, E_00000190DD372EC0/1, E_00000190DD372EC0/2;
L_00000190DD5754B0 .part v00000190DD36D810_0, 1, 1;
L_00000190DD575870 .part v00000190DD36D810_0, 2, 1;
L_00000190DD576950 .cmp/eq 9, v00000190DD36DE50_0, L_00000190DD5771E8;
L_00000190DD575B90 .cmp/eq 9, v00000190DD36DE50_0, L_00000190DD577230;
L_00000190DD575230 .cmp/eq 9, v00000190DD36DE50_0, L_00000190DD577278;
L_00000190DD5766D0 .functor MUXZ 1, L_00000190DD577308, L_00000190DD5772C0, L_00000190DD3664B0, C4<>;
L_00000190DD576C70 .cmp/eq 9, v00000190DD36DE50_0, L_00000190DD577350;
L_00000190DD576770 .functor MUXZ 1, L_00000190DD5773E0, L_00000190DD577398, L_00000190DD576C70, C4<>;
L_00000190DD575190 .functor MUXZ 1, L_00000190DD577470, L_00000190DD577428, v00000190DD36DC70_0, C4<>;
S_00000190DD373570 .scope module, "i2c_slave_tb" "i2c_slave_tb" 4 25;
 .timescale -9 -12;
P_00000190DD2E6250 .param/l "DATA_WIDTH" 1 4 30, +C4<00000000000000000000000000001000>;
P_00000190DD2E6288 .param/l "I2C_SLAVE_ADR" 0 4 28, C4<0110010>;
P_00000190DD2E62C0 .param/l "R_CLK_PERIOD" 1 4 31, +C4<00000000000000000000000000010100>;
P_00000190DD2E62F8 .param/l "SCL_CLK" 1 4 32, +C4<00000000000000000010011100010000>;
v00000190DD574760_0 .var "r_addr_ic", 6 0;
v00000190DD573C20_0 .var "r_clk", 0 0;
v00000190DD5748A0_0 .var "r_data_tx", 7 0;
v00000190DD574440_0 .var "r_en", 0 0;
v00000190DD574A80_0 .var "r_i2c_data_rx", 7 0;
v00000190DD574C60_0 .var "r_i2c_data_tx", 7 0;
v00000190DD5735E0_0 .var "r_i_scl", 0 0;
v00000190DD574D00_0 .var "r_i_scl_shift", 0 0;
v00000190DD573400_0 .var "r_i_sda", 0 0;
v00000190DD573680_0 .var "r_pause_scl", 0 0;
v00000190DD574DA0_0 .var "r_rst", 0 0;
v00000190DD5739A0_0 .var "r_start_scl", 0 0;
v00000190DD576E50_0 .net "w_busy", 0 0, L_00000190DD576810;  1 drivers
v00000190DD575910_0 .net "w_data_rx", 7 0, v00000190DD5734A0_0;  1 drivers
v00000190DD576630_0 .net "w_int_rx", 0 0, v00000190DD573D60_0;  1 drivers
v00000190DD575FF0_0 .net "w_int_tx", 0 0, v00000190DD5737C0_0;  1 drivers
L_00000190DD577818 .functor BUFT 1, C4<0>, C4<0>, C4<0>, C4<0>;
v00000190DD575C30_0 .net "w_o_sda", 0 0, L_00000190DD577818;  1 drivers
v00000190DD576EF0_0 .net "w_o_sda_oe", 0 0, v00000190DD574E40_0;  1 drivers
E_00000190DD372C80 .event anyedge, v00000190DD573860_0;
E_00000190DD372980 .event negedge, v00000190DD573AE0_0;
S_00000190DD2EE5C0 .scope task, "addr" "addr" 4 271, 4 271 0, S_00000190DD373570;
 .timescale -9 -12;
v00000190DD34C890_0 .var "wr_or_rd", 0 0;
TD_i2c_slave_tb.addr ;
    %fork t_1, S_00000190DD2EE750;
    %jmp t_0;
    .scope S_00000190DD2EE750;
t_1 ;
    %pushi/vec4 6, 0, 32;
    %store/vec4 v00000190DD34D010_0, 0, 32;
T_0.0 ; Top of for-loop
    %load/vec4 v00000190DD34D010_0;
    %cmpi/s 0, 0, 32;
    %flag_inv 5; GE is !LT
	  %jmp/0xz T_0.1, 5;
    %wait E_00000190DD372DC0;
    %load/vec4 v00000190DD574760_0;
    %load/vec4 v00000190DD34D010_0;
    %part/s 1;
    %store/vec4 v00000190DD573400_0, 0, 1;
T_0.2 ; for-loop step statement
    %load/vec4 v00000190DD34D010_0;
    %subi 1, 0, 32;
    %store/vec4 v00000190DD34D010_0, 0, 32;
    %jmp T_0.0;
T_0.1 ; for-loop exit label
    %load/vec4 v00000190DD34C890_0;
    %nor/r;
    %flag_set/vec4 8;
    %jmp/0xz  T_0.3, 8;
    %wait E_00000190DD372DC0;
    %pushi/vec4 0, 0, 1;
    %store/vec4 v00000190DD573400_0, 0, 1;
    %jmp T_0.4;
T_0.3 ;
    %wait E_00000190DD372DC0;
    %pushi/vec4 1, 0, 1;
    %store/vec4 v00000190DD573400_0, 0, 1;
T_0.4 ;
    %wait E_00000190DD372DC0;
    %pushi/vec4 1, 0, 1;
    %store/vec4 v00000190DD573400_0, 0, 1;
    %end;
    .scope S_00000190DD2EE5C0;
t_0 %join;
    %end;
S_00000190DD2EE750 .scope begin, "ADDRESS" "ADDRESS" 4 272, 4 272 0, S_00000190DD2EE5C0;
 .timescale -9 -12;
v00000190DD34D010_0 .var/i "i", 31 0;
E_00000190DD372DC0 .event posedge, v00000190DD574D00_0;
S_00000190DD2EE8E0 .scope task, "data_r" "data_r" 4 284, 4 284 0, S_00000190DD373570;
 .timescale -9 -12;
v00000190DD34CD90_0 .var "ack", 0 0;
v00000190DD34CED0_0 .var "data", 7 0;
TD_i2c_slave_tb.data_r ;
    %fork t_3, S_00000190DD2AC950;
    %jmp t_2;
    .scope S_00000190DD2AC950;
t_3 ;
    %fork TD_i2c_slave_tb.pause_scl_t, S_00000190DD374020;
    %join;
    %pushi/vec4 7, 0, 32;
    %store/vec4 v00000190DD34CB10_0, 0, 32;
T_1.5 ; Top of for-loop
    %load/vec4 v00000190DD34CB10_0;
    %cmpi/s 0, 0, 32;
    %flag_inv 5; GE is !LT
	  %jmp/0xz T_1.6, 5;
    %load/vec4 v00000190DD576EF0_0;
    %inv;
    %store/vec4 v00000190DD573400_0, 0, 1;
    %load/vec4 v00000190DD576EF0_0;
    %inv;
    %ix/getv/s 4, v00000190DD34CB10_0;
    %store/vec4 v00000190DD34CED0_0, 4, 1;
    %wait E_00000190DD372DC0;
T_1.7 ; for-loop step statement
    %load/vec4 v00000190DD34CB10_0;
    %subi 1, 0, 32;
    %store/vec4 v00000190DD34CB10_0, 0, 32;
    %jmp T_1.5;
T_1.6 ; for-loop exit label
    %load/vec4 v00000190DD34CD90_0;
    %store/vec4 v00000190DD573400_0, 0, 1;
    %end;
    .scope S_00000190DD2EE8E0;
t_2 %join;
    %end;
S_00000190DD2AC950 .scope begin, "DATA_READ" "DATA_READ" 4 285, 4 285 0, S_00000190DD2EE8E0;
 .timescale -9 -12;
v00000190DD34CB10_0 .var/i "i", 31 0;
S_00000190DD2ACAE0 .scope task, "data_w" "data_w" 4 298, 4 298 0, S_00000190DD373570;
 .timescale -9 -12;
v00000190DD32EA20_0 .var "ack", 0 0;
v00000190DD32FA60_0 .var "data", 7 0;
TD_i2c_slave_tb.data_w ;
    %fork t_5, S_00000190DD2ACC70;
    %jmp t_4;
    .scope S_00000190DD2ACC70;
t_5 ;
    %fork TD_i2c_slave_tb.pause_scl_t, S_00000190DD374020;
    %join;
    %pushi/vec4 7, 0, 32;
    %store/vec4 v00000190DD32F2E0_0, 0, 32;
T_2.8 ; Top of for-loop
    %load/vec4 v00000190DD32F2E0_0;
    %cmpi/s 0, 0, 32;
    %flag_inv 5; GE is !LT
	  %jmp/0xz T_2.9, 5;
    %load/vec4 v00000190DD32FA60_0;
    %load/vec4 v00000190DD32F2E0_0;
    %part/s 1;
    %store/vec4 v00000190DD573400_0, 0, 1;
    %wait E_00000190DD372DC0;
T_2.10 ; for-loop step statement
    %load/vec4 v00000190DD32F2E0_0;
    %subi 1, 0, 32;
    %store/vec4 v00000190DD32F2E0_0, 0, 32;
    %jmp T_2.8;
T_2.9 ; for-loop exit label
    %load/vec4 v00000190DD32EA20_0;
    %store/vec4 v00000190DD573400_0, 0, 1;
    %end;
    .scope S_00000190DD2ACAE0;
t_4 %join;
    %end;
S_00000190DD2ACC70 .scope begin, "DATA_WRITE" "DATA_WRITE" 4 299, 4 299 0, S_00000190DD2ACAE0;
 .timescale -9 -12;
v00000190DD32F2E0_0 .var/i "i", 31 0;
S_00000190DD373C50 .scope module, "dut" "i2c_slave" 4 220, 3 36 0, S_00000190DD373570;
 .timescale -9 -12;
    .port_info 0 /INPUT 1 "i_clk";
    .port_info 1 /INPUT 1 "i_rst";
    .port_info 2 /INPUT 1 "i_en";
    .port_info 3 /OUTPUT 1 "o_busy";
    .port_info 4 /INPUT 1 "i_scl";
    .port_info 5 /INPUT 1 "i_sda";
    .port_info 6 /OUTPUT 1 "o_sda";
    .port_info 7 /OUTPUT 1 "o_sda_oe";
    .port_info 8 /INPUT 8 "i_data_tx";
    .port_info 9 /OUTPUT 8 "o_data_rx";
    .port_info 10 /OUTPUT 1 "o_int_tx";
    .port_info 11 /OUTPUT 1 "o_int_rx";
P_00000190DD373DE0 .param/l "ACK_CMD" 1 3 60, C4<000001000>;
P_00000190DD373E18 .param/l "ACK_READ" 1 3 64, C4<010000000>;
P_00000190DD373E50 .param/l "ACK_WRITE" 1 3 62, C4<000100000>;
P_00000190DD373E88 .param/l "CMD" 1 3 59, C4<000000100>;
P_00000190DD373EC0 .param/l "I2C_SLAVE_ADR" 0 3 37, C4<0110010>;
P_00000190DD373EF8 .param/l "IDLE" 1 3 57, C4<000000001>;
P_00000190DD373F30 .param/l "READ" 1 3 63, C4<001000000>;
P_00000190DD373F68 .param/l "START" 1 3 58, C4<000000010>;
P_00000190DD373FA0 .param/l "STOP" 1 3 65, C4<100000000>;
P_00000190DD373FD8 .param/l "WRITE" 1 3 61, C4<000010000>;
L_00000190DD366AD0 .functor NOT 1, L_00000190DD575CD0, C4<0>, C4<0>, C4<0>;
L_00000190DD366670 .functor AND 1, L_00000190DD366AD0, L_00000190DD575550, C4<1>, C4<1>;
L_00000190DD365F70 .functor OR 1, L_00000190DD576D10, L_00000190DD575D70, C4<0>, C4<0>;
L_00000190DD365D40 .functor OR 1, L_00000190DD365F70, L_00000190DD5757D0, C4<0>, C4<0>;
v00000190DD32F380_0 .net *"_ivl_1", 0 0, L_00000190DD575CD0;  1 drivers
v00000190DD32E020_0 .net *"_ivl_10", 0 0, L_00000190DD576D10;  1 drivers
L_00000190DD577590 .functor BUFT 1, C4<000010000>, C4<0>, C4<0>, C4<0>;
v00000190DD32E7A0_0 .net/2u *"_ivl_12", 8 0, L_00000190DD577590;  1 drivers
v00000190DD32E660_0 .net *"_ivl_14", 0 0, L_00000190DD575D70;  1 drivers
v00000190DD32F420_0 .net *"_ivl_17", 0 0, L_00000190DD365F70;  1 drivers
L_00000190DD5775D8 .functor BUFT 1, C4<001000000>, C4<0>, C4<0>, C4<0>;
v00000190DD32E160_0 .net/2u *"_ivl_18", 8 0, L_00000190DD5775D8;  1 drivers
v00000190DD32F740_0 .net *"_ivl_2", 0 0, L_00000190DD366AD0;  1 drivers
v00000190DD32ECA0_0 .net *"_ivl_20", 0 0, L_00000190DD5757D0;  1 drivers
v00000190DD32FC40_0 .net *"_ivl_23", 0 0, L_00000190DD365D40;  1 drivers
L_00000190DD577620 .functor BUFT 1, C4<1>, C4<0>, C4<0>, C4<0>;
v00000190DD32E840_0 .net/2u *"_ivl_24", 0 0, L_00000190DD577620;  1 drivers
L_00000190DD577668 .functor BUFT 1, C4<0>, C4<0>, C4<0>, C4<0>;
v00000190DD32E8E0_0 .net/2u *"_ivl_26", 0 0, L_00000190DD577668;  1 drivers
L_00000190DD5776B0 .functor BUFT 1, C4<000000001>, C4<0>, C4<0>, C4<0>;
v00000190DD32ED40_0 .net/2u *"_ivl_30", 8 0, L_00000190DD5776B0;  1 drivers
v00000190DD575020_0 .net *"_ivl_32", 0 0, L_00000190DD575370;  1 drivers
L_00000190DD5776F8 .functor BUFT 1, C4<0>, C4<0>, C4<0>, C4<0>;
v00000190DD574580_0 .net/2u *"_ivl_34", 0 0, L_00000190DD5776F8;  1 drivers
L_00000190DD577740 .functor BUFT 1, C4<1>, C4<0>, C4<0>, C4<0>;
v00000190DD574EE0_0 .net/2u *"_ivl_36", 0 0, L_00000190DD577740;  1 drivers
L_00000190DD577788 .functor BUFT 1, C4<0>, C4<0>, C4<0>, C4<0>;
v00000190DD573540_0 .net/2u *"_ivl_40", 0 0, L_00000190DD577788;  1 drivers
L_00000190DD5777D0 .functor BUFT 1, C4<1>, C4<0>, C4<0>, C4<0>;
v00000190DD574F80_0 .net/2u *"_ivl_42", 0 0, L_00000190DD5777D0;  1 drivers
v00000190DD573720_0 .net *"_ivl_5", 0 0, L_00000190DD575550;  1 drivers
L_00000190DD577548 .functor BUFT 1, C4<000000100>, C4<0>, C4<0>, C4<0>;
v00000190DD5744E0_0 .net/2u *"_ivl_8", 8 0, L_00000190DD577548;  1 drivers
v00000190DD574120_0 .net "i_clk", 0 0, v00000190DD573C20_0;  1 drivers
v00000190DD574620_0 .net "i_data_tx", 7 0, v00000190DD5748A0_0;  1 drivers
v00000190DD574940_0 .net "i_en", 0 0, v00000190DD574440_0;  1 drivers
v00000190DD573860_0 .net "i_rst", 0 0, v00000190DD574DA0_0;  1 drivers
v00000190DD573AE0_0 .net "i_scl", 0 0, v00000190DD5735E0_0;  1 drivers
v00000190DD573E00_0 .net "i_sda", 0 0, v00000190DD573400_0;  1 drivers
v00000190DD5741C0_0 .var "latch_buff_tx", 0 0;
v00000190DD573180_0 .var "n_sda", 0 0;
v00000190DD573F40_0 .var "n_state", 8 0;
v00000190DD574800_0 .net "o_busy", 0 0, L_00000190DD576810;  alias, 1 drivers
v00000190DD5734A0_0 .var "o_data_rx", 7 0;
v00000190DD573D60_0 .var "o_int_rx", 0 0;
v00000190DD5737C0_0 .var "o_int_tx", 0 0;
v00000190DD574260_0 .net "o_sda", 0 0, L_00000190DD577818;  alias, 1 drivers
v00000190DD574E40_0 .var "o_sda_oe", 0 0;
v00000190DD573EA0_0 .var "r_ack_flag", 0 0;
v00000190DD573A40_0 .var "r_bit_cnt", 2 0;
v00000190DD573CC0_0 .var "r_buffer_rx", 7 0;
v00000190DD573B80_0 .var "r_buffer_tx", 7 0;
v00000190DD5732C0_0 .net "r_cnt_en", 0 0, L_00000190DD576310;  1 drivers
v00000190DD573FE0_0 .var "r_det_start", 0 0;
v00000190DD5746C0_0 .var "r_det_stop", 0 0;
v00000190DD573220_0 .var "r_scl_in_fall", 0 0;
v00000190DD574B20_0 .net "r_scl_in_fall_prev", 0 0, L_00000190DD366670;  1 drivers
v00000190DD573360_0 .var "r_scl_in_rise", 0 0;
v00000190DD574080_0 .var "r_scl_in_sync", 2 0;
v00000190DD5749E0_0 .var "r_sda", 0 0;
v00000190DD574300_0 .var "r_sda_in_sync", 2 0;
v00000190DD574BC0_0 .var "r_state", 8 0;
v00000190DD573900_0 .net "sda_oe_mux", 0 0, L_00000190DD576090;  1 drivers
E_00000190DD373380 .event posedge, v00000190DD574120_0;
E_00000190DD372840/0 .event anyedge, v00000190DD574BC0_0, v00000190DD574940_0, v00000190DD573FE0_0, v00000190DD573220_0;
E_00000190DD372840/1 .event anyedge, v00000190DD573A40_0, v00000190DD573CC0_0, v00000190DD573B80_0, v00000190DD5746C0_0;
E_00000190DD372840/2 .event anyedge, v00000190DD573EA0_0;
E_00000190DD372840 .event/or E_00000190DD372840/0, E_00000190DD372840/1, E_00000190DD372840/2;
L_00000190DD575CD0 .part v00000190DD574080_0, 1, 1;
L_00000190DD575550 .part v00000190DD574080_0, 2, 1;
L_00000190DD576D10 .cmp/eq 9, v00000190DD574BC0_0, L_00000190DD577548;
L_00000190DD575D70 .cmp/eq 9, v00000190DD574BC0_0, L_00000190DD577590;
L_00000190DD5757D0 .cmp/eq 9, v00000190DD574BC0_0, L_00000190DD5775D8;
L_00000190DD576310 .functor MUXZ 1, L_00000190DD577668, L_00000190DD577620, L_00000190DD365D40, C4<>;
L_00000190DD575370 .cmp/eq 9, v00000190DD574BC0_0, L_00000190DD5776B0;
L_00000190DD576810 .functor MUXZ 1, L_00000190DD577740, L_00000190DD5776F8, L_00000190DD575370, C4<>;
L_00000190DD576090 .functor MUXZ 1, L_00000190DD5777D0, L_00000190DD577788, v00000190DD5749E0_0, C4<>;
S_00000190DD374020 .scope task, "pause_scl_t" "pause_scl_t" 4 260, 4 260 0, S_00000190DD373570;
 .timescale -9 -12;
TD_i2c_slave_tb.pause_scl_t ;
    %pushi/vec4 0, 0, 1;
    %store/vec4 v00000190DD5739A0_0, 0, 1;
    %pushi/vec4 1, 0, 1;
    %store/vec4 v00000190DD573680_0, 0, 1;
    %delay 25000000, 0;
    %pushi/vec4 1, 0, 1;
    %store/vec4 v00000190DD5739A0_0, 0, 1;
    %pushi/vec4 0, 0, 1;
    %store/vec4 v00000190DD573680_0, 0, 1;
    %end;
S_00000190DD3741B0 .scope task, "start" "start" 4 238, 4 238 0, S_00000190DD373570;
 .timescale -9 -12;
v00000190DD5743A0_0 .var "wr_or_rd", 0 0;
TD_i2c_slave_tb.start ;
    %pushi/vec4 0, 0, 1;
    %store/vec4 v00000190DD573400_0, 0, 1;
    %delay 2500000, 0;
    %pushi/vec4 1, 0, 1;
    %store/vec4 v00000190DD5739A0_0, 0, 1;
    %load/vec4 v00000190DD5743A0_0;
    %store/vec4 v00000190DD34C890_0, 0, 1;
    %fork TD_i2c_slave_tb.addr, S_00000190DD2EE5C0;
    %join;
    %end;
S_00000190DD37E620 .scope task, "stop" "stop" 4 248, 4 248 0, S_00000190DD373570;
 .timescale -9 -12;
TD_i2c_slave_tb.stop ;
    %wait E_00000190DD372DC0;
    %pushi/vec4 0, 0, 1;
    %store/vec4 v00000190DD573400_0, 0, 1;
    %delay 2500000, 0;
    %pushi/vec4 0, 0, 1;
    %store/vec4 v00000190DD5739A0_0, 0, 1;
    %delay 2500000, 0;
    %pushi/vec4 1, 0, 1;
    %store/vec4 v00000190DD573400_0, 0, 1;
    %end;
    .scope S_00000190DD373700;
T_6 ;
    %wait E_00000190DD373280;
    %load/vec4 v00000190DD36D130_0;
    %flag_set/vec4 8;
    %jmp/0xz  T_6.0, 8;
    %pushi/vec4 7, 0, 3;
    %assign/vec4 v00000190DD36D810_0, 0;
    %jmp T_6.1;
T_6.0 ;
    %load/vec4 v00000190DD36E490_0;
    %ix/load 5, 0, 0;
    %ix/load 4, 0, 0;
    %flag_set/imm 4, 0;
    %assign/vec4/off/d v00000190DD36D810_0, 4, 5;
    %load/vec4 v00000190DD36D810_0;
    %parti/s 1, 0, 2;
    %ix/load 5, 0, 0;
    %ix/load 4, 1, 0;
    %flag_set/imm 4, 0;
    %assign/vec4/off/d v00000190DD36D810_0, 4, 5;
    %load/vec4 v00000190DD36D810_0;
    %parti/s 1, 1, 2;
    %ix/load 5, 0, 0;
    %ix/load 4, 2, 0;
    %flag_set/imm 4, 0;
    %assign/vec4/off/d v00000190DD36D810_0, 4, 5;
T_6.1 ;
    %jmp T_6;
    .thread T_6;
    .scope S_00000190DD373700;
T_7 ;
    %wait E_00000190DD373280;
    %load/vec4 v00000190DD36D130_0;
    %flag_set/vec4 8;
    %jmp/0xz  T_7.0, 8;
    %pushi/vec4 7, 0, 3;
    %assign/vec4 v00000190DD36DDB0_0, 0;
    %jmp T_7.1;
T_7.0 ;
    %load/vec4 v00000190DD36D9F0_0;
    %ix/load 5, 0, 0;
    %ix/load 4, 0, 0;
    %flag_set/imm 4, 0;
    %assign/vec4/off/d v00000190DD36DDB0_0, 4, 5;
    %load/vec4 v00000190DD36DDB0_0;
    %parti/s 1, 0, 2;
    %ix/load 5, 0, 0;
    %ix/load 4, 1, 0;
    %flag_set/imm 4, 0;
    %assign/vec4/off/d v00000190DD36DDB0_0, 4, 5;
    %load/vec4 v00000190DD36DDB0_0;
    %parti/s 1, 1, 2;
    %ix/load 5, 0, 0;
    %ix/load 4, 2, 0;
    %flag_set/imm 4, 0;
    %assign/vec4/off/d v00000190DD36DDB0_0, 4, 5;
T_7.1 ;
    %jmp T_7;
    .thread T_7;
    .scope S_00000190DD373700;
T_8 ;
    %wait E_00000190DD373280;
    %load/vec4 v00000190DD36D130_0;
    %flag_set/vec4 8;
    %jmp/0xz  T_8.0, 8;
    %pushi/vec4 0, 0, 1;
    %assign/vec4 v00000190DD36CE10_0, 0;
    %jmp T_8.1;
T_8.0 ;
    %load/vec4 v00000190DD36D810_0;
    %parti/s 1, 1, 2;
    %load/vec4 v00000190DD36D810_0;
    %parti/s 1, 2, 3;
    %inv;
    %and;
    %assign/vec4 v00000190DD36CE10_0, 0;
T_8.1 ;
    %jmp T_8;
    .thread T_8;
    .scope S_00000190DD373700;
T_9 ;
    %wait E_00000190DD373280;
    %load/vec4 v00000190DD36D130_0;
    %flag_set/vec4 8;
    %jmp/0xz  T_9.0, 8;
    %pushi/vec4 0, 0, 1;
    %assign/vec4 v00000190DD36CD70_0, 0;
    %jmp T_9.1;
T_9.0 ;
    %load/vec4 v00000190DD36D770_0;
    %assign/vec4 v00000190DD36CD70_0, 0;
T_9.1 ;
    %jmp T_9;
    .thread T_9;
    .scope S_00000190DD373700;
T_10 ;
    %wait E_00000190DD373280;
    %load/vec4 v00000190DD36D130_0;
    %flag_set/vec4 8;
    %jmp/0xz  T_10.0, 8;
    %pushi/vec4 0, 0, 1;
    %assign/vec4 v00000190DD36D590_0, 0;
    %jmp T_10.1;
T_10.0 ;
    %load/vec4 v00000190DD36DDB0_0;
    %parti/s 1, 1, 2;
    %inv;
    %load/vec4 v00000190DD36DDB0_0;
    %parti/s 1, 2, 3;
    %and;
    %load/vec4 v00000190DD36D810_0;
    %parti/s 1, 2, 3;
    %and;
    %assign/vec4 v00000190DD36D590_0, 0;
T_10.1 ;
    %jmp T_10;
    .thread T_10;
    .scope S_00000190DD373700;
T_11 ;
    %wait E_00000190DD373280;
    %load/vec4 v00000190DD36D130_0;
    %flag_set/vec4 8;
    %jmp/0xz  T_11.0, 8;
    %pushi/vec4 0, 0, 1;
    %assign/vec4 v00000190DD36D6D0_0, 0;
    %jmp T_11.1;
T_11.0 ;
    %load/vec4 v00000190DD36DDB0_0;
    %parti/s 1, 1, 2;
    %load/vec4 v00000190DD36DDB0_0;
    %parti/s 1, 2, 3;
    %inv;
    %and;
    %load/vec4 v00000190DD36D810_0;
    %parti/s 1, 2, 3;
    %and;
    %assign/vec4 v00000190DD36D6D0_0, 0;
T_11.1 ;
    %jmp T_11;
    .thread T_11;
    .scope S_00000190DD373700;
T_12 ;
    %wait E_00000190DD373280;
    %load/vec4 v00000190DD36D130_0;
    %flag_set/vec4 8;
    %jmp/0xz  T_12.0, 8;
    %pushi/vec4 7, 0, 3;
    %assign/vec4 v00000190DD36D3B0_0, 0;
    %jmp T_12.1;
T_12.0 ;
    %load/vec4 v00000190DD36DE50_0;
    %cmpi/e 1, 0, 9;
    %jmp/0xz  T_12.2, 4;
    %pushi/vec4 7, 0, 3;
    %assign/vec4 v00000190DD36D3B0_0, 0;
    %jmp T_12.3;
T_12.2 ;
    %load/vec4 v00000190DD36D4F0_0;
    %flag_set/vec4 9;
    %flag_get/vec4 9;
    %jmp/0 T_12.6, 9;
    %load/vec4 v00000190DD36CD70_0;
    %and;
T_12.6;
    %flag_set/vec4 8;
    %jmp/0xz  T_12.4, 8;
    %load/vec4 v00000190DD36D3B0_0;
    %subi 1, 0, 3;
    %assign/vec4 v00000190DD36D3B0_0, 0;
T_12.4 ;
T_12.3 ;
T_12.1 ;
    %jmp T_12;
    .thread T_12;
    .scope S_00000190DD373700;
T_13 ;
    %wait E_00000190DD373280;
    %load/vec4 v00000190DD36D130_0;
    %flag_set/vec4 8;
    %jmp/0xz  T_13.0, 8;
    %pushi/vec4 1, 0, 9;
    %assign/vec4 v00000190DD36DE50_0, 0;
    %jmp T_13.1;
T_13.0 ;
    %load/vec4 v00000190DD36E990_0;
    %assign/vec4 v00000190DD36DE50_0, 0;
T_13.1 ;
    %jmp T_13;
    .thread T_13;
    .scope S_00000190DD373700;
T_14 ;
    %wait E_00000190DD372EC0;
    %pushi/vec4 0, 0, 1;
    %store/vec4 v00000190DD36D630_0, 0, 1;
    %pushi/vec4 1, 0, 1;
    %store/vec4 v00000190DD36DA90_0, 0, 1;
    %pushi/vec4 1, 0, 9;
    %store/vec4 v00000190DD36E990_0, 0, 9;
    %load/vec4 v00000190DD36DE50_0;
    %dup/vec4;
    %pushi/vec4 1, 0, 9;
    %cmp/e;
    %jmp/1 T_14.0, 6;
    %dup/vec4;
    %pushi/vec4 2, 0, 9;
    %cmp/e;
    %jmp/1 T_14.1, 6;
    %dup/vec4;
    %pushi/vec4 4, 0, 9;
    %cmp/e;
    %jmp/1 T_14.2, 6;
    %dup/vec4;
    %pushi/vec4 8, 0, 9;
    %cmp/e;
    %jmp/1 T_14.3, 6;
    %dup/vec4;
    %pushi/vec4 16, 0, 9;
    %cmp/e;
    %jmp/1 T_14.4, 6;
    %dup/vec4;
    %pushi/vec4 32, 0, 9;
    %cmp/e;
    %jmp/1 T_14.5, 6;
    %dup/vec4;
    %pushi/vec4 64, 0, 9;
    %cmp/e;
    %jmp/1 T_14.6, 6;
    %dup/vec4;
    %pushi/vec4 128, 0, 9;
    %cmp/e;
    %jmp/1 T_14.7, 6;
    %dup/vec4;
    %pushi/vec4 256, 0, 9;
    %cmp/e;
    %jmp/1 T_14.8, 6;
    %pushi/vec4 0, 0, 1;
    %store/vec4 v00000190DD36D630_0, 0, 1;
    %pushi/vec4 1, 0, 1;
    %store/vec4 v00000190DD36DA90_0, 0, 1;
    %pushi/vec4 1, 0, 9;
    %store/vec4 v00000190DD36E990_0, 0, 9;
    %jmp T_14.10;
T_14.0 ;
    %load/vec4 v00000190DD36E8F0_0;
    %flag_set/vec4 9;
    %flag_get/vec4 9;
    %jmp/0 T_14.13, 9;
    %load/vec4 v00000190DD36D590_0;
    %and;
T_14.13;
    %flag_set/vec4 8;
    %jmp/0xz  T_14.11, 8;
    %pushi/vec4 2, 0, 9;
    %store/vec4 v00000190DD36E990_0, 0, 9;
    %jmp T_14.12;
T_14.11 ;
    %pushi/vec4 1, 0, 9;
    %store/vec4 v00000190DD36E990_0, 0, 9;
T_14.12 ;
    %jmp T_14.10;
T_14.1 ;
    %load/vec4 v00000190DD36CD70_0;
    %flag_set/vec4 8;
    %jmp/0xz  T_14.14, 8;
    %pushi/vec4 4, 0, 9;
    %store/vec4 v00000190DD36E990_0, 0, 9;
    %jmp T_14.15;
T_14.14 ;
    %pushi/vec4 2, 0, 9;
    %store/vec4 v00000190DD36E990_0, 0, 9;
T_14.15 ;
    %jmp T_14.10;
T_14.2 ;
    %load/vec4 v00000190DD36D3B0_0;
    %pad/u 32;
    %cmpi/e 0, 0, 32;
    %flag_get/vec4 4;
    %jmp/0 T_14.18, 4;
    %load/vec4 v00000190DD36CD70_0;
    %and;
T_14.18;
    %flag_set/vec4 8;
    %jmp/0xz  T_14.16, 8;
    %pushi/vec4 8, 0, 9;
    %store/vec4 v00000190DD36E990_0, 0, 9;
    %jmp T_14.17;
T_14.16 ;
    %pushi/vec4 4, 0, 9;
    %store/vec4 v00000190DD36E990_0, 0, 9;
T_14.17 ;
    %jmp T_14.10;
T_14.3 ;
    %load/vec4 v00000190DD36DB30_0;
    %parti/s 7, 1, 2;
    %cmpi/e 50, 0, 7;
    %jmp/0xz  T_14.19, 4;
    %pushi/vec4 0, 0, 1;
    %store/vec4 v00000190DD36DA90_0, 0, 1;
    %load/vec4 v00000190DD36CD70_0;
    %flag_set/vec4 8;
    %jmp/0xz  T_14.21, 8;
    %pushi/vec4 1, 0, 1;
    %store/vec4 v00000190DD36DA90_0, 0, 1;
    %load/vec4 v00000190DD36DB30_0;
    %parti/s 1, 0, 2;
    %flag_set/vec4 8;
    %jmp/0xz  T_14.23, 8;
    %pushi/vec4 1, 0, 1;
    %store/vec4 v00000190DD36D630_0, 0, 1;
    %pushi/vec4 16, 0, 9;
    %store/vec4 v00000190DD36E990_0, 0, 9;
    %jmp T_14.24;
T_14.23 ;
    %pushi/vec4 64, 0, 9;
    %store/vec4 v00000190DD36E990_0, 0, 9;
T_14.24 ;
    %jmp T_14.22;
T_14.21 ;
    %pushi/vec4 8, 0, 9;
    %store/vec4 v00000190DD36E990_0, 0, 9;
T_14.22 ;
    %jmp T_14.20;
T_14.19 ;
    %pushi/vec4 256, 0, 9;
    %store/vec4 v00000190DD36E990_0, 0, 9;
T_14.20 ;
    %jmp T_14.10;
T_14.4 ;
    %load/vec4 v00000190DD36D1D0_0;
    %load/vec4 v00000190DD36D3B0_0;
    %part/u 1;
    %store/vec4 v00000190DD36DA90_0, 0, 1;
    %load/vec4 v00000190DD36D3B0_0;
    %pad/u 32;
    %cmpi/e 0, 0, 32;
    %flag_get/vec4 4;
    %jmp/0 T_14.27, 4;
    %load/vec4 v00000190DD36CD70_0;
    %and;
T_14.27;
    %flag_set/vec4 8;
    %jmp/0xz  T_14.25, 8;
    %pushi/vec4 32, 0, 9;
    %store/vec4 v00000190DD36E990_0, 0, 9;
    %jmp T_14.26;
T_14.25 ;
    %load/vec4 v00000190DD36D590_0;
    %flag_set/vec4 8;
    %jmp/0xz  T_14.28, 8;
    %pushi/vec4 2, 0, 9;
    %store/vec4 v00000190DD36E990_0, 0, 9;
    %jmp T_14.29;
T_14.28 ;
    %load/vec4 v00000190DD36D6D0_0;
    %flag_set/vec4 8;
    %jmp/0xz  T_14.30, 8;
    %pushi/vec4 1, 0, 9;
    %store/vec4 v00000190DD36E990_0, 0, 9;
    %jmp T_14.31;
T_14.30 ;
    %pushi/vec4 16, 0, 9;
    %store/vec4 v00000190DD36E990_0, 0, 9;
T_14.31 ;
T_14.29 ;
T_14.26 ;
    %jmp T_14.10;
T_14.5 ;
    %load/vec4 v00000190DD36CD70_0;
    %flag_set/vec4 8;
    %jmp/0xz  T_14.32, 8;
    %load/vec4 v00000190DD36EA30_0;
    %flag_set/vec4 8;
    %jmp/0xz  T_14.34, 8;
    %pushi/vec4 1, 0, 1;
    %store/vec4 v00000190DD36D630_0, 0, 1;
    %pushi/vec4 16, 0, 9;
    %store/vec4 v00000190DD36E990_0, 0, 9;
    %jmp T_14.35;
T_14.34 ;
    %pushi/vec4 256, 0, 9;
    %store/vec4 v00000190DD36E990_0, 0, 9;
T_14.35 ;
    %jmp T_14.33;
T_14.32 ;
    %pushi/vec4 32, 0, 9;
    %store/vec4 v00000190DD36E990_0, 0, 9;
T_14.33 ;
    %jmp T_14.10;
T_14.6 ;
    %load/vec4 v00000190DD36D3B0_0;
    %pad/u 32;
    %cmpi/e 0, 0, 32;
    %flag_get/vec4 4;
    %jmp/0 T_14.38, 4;
    %load/vec4 v00000190DD36CD70_0;
    %and;
T_14.38;
    %flag_set/vec4 8;
    %jmp/0xz  T_14.36, 8;
    %pushi/vec4 128, 0, 9;
    %store/vec4 v00000190DD36E990_0, 0, 9;
    %jmp T_14.37;
T_14.36 ;
    %load/vec4 v00000190DD36D590_0;
    %flag_set/vec4 8;
    %jmp/0xz  T_14.39, 8;
    %pushi/vec4 2, 0, 9;
    %store/vec4 v00000190DD36E990_0, 0, 9;
    %jmp T_14.40;
T_14.39 ;
    %load/vec4 v00000190DD36D6D0_0;
    %flag_set/vec4 8;
    %jmp/0xz  T_14.41, 8;
    %pushi/vec4 1, 0, 9;
    %store/vec4 v00000190DD36E990_0, 0, 9;
    %jmp T_14.42;
T_14.41 ;
    %pushi/vec4 64, 0, 9;
    %store/vec4 v00000190DD36E990_0, 0, 9;
T_14.42 ;
T_14.40 ;
T_14.37 ;
    %jmp T_14.10;
T_14.7 ;
    %pushi/vec4 0, 0, 1;
    %store/vec4 v00000190DD36DA90_0, 0, 1;
    %load/vec4 v00000190DD36CD70_0;
    %flag_set/vec4 8;
    %jmp/0xz  T_14.43, 8;
    %pushi/vec4 1, 0, 1;
    %store/vec4 v00000190DD36DA90_0, 0, 1;
    %pushi/vec4 64, 0, 9;
    %store/vec4 v00000190DD36E990_0, 0, 9;
    %jmp T_14.44;
T_14.43 ;
    %pushi/vec4 128, 0, 9;
    %store/vec4 v00000190DD36E990_0, 0, 9;
T_14.44 ;
    %jmp T_14.10;
T_14.8 ;
    %load/vec4 v00000190DD36D6D0_0;
    %flag_set/vec4 8;
    %jmp/0xz  T_14.45, 8;
    %pushi/vec4 1, 0, 9;
    %store/vec4 v00000190DD36E990_0, 0, 9;
    %jmp T_14.46;
T_14.45 ;
    %pushi/vec4 256, 0, 9;
    %store/vec4 v00000190DD36E990_0, 0, 9;
T_14.46 ;
    %jmp T_14.10;
T_14.10 ;
    %pop/vec4 1;
    %jmp T_14;
    .thread T_14, $push;
    .scope S_00000190DD373700;
T_15 ;
    %wait E_00000190DD373280;
    %load/vec4 v00000190DD36D130_0;
    %flag_set/vec4 8;
    %jmp/0xz  T_15.0, 8;
    %pushi/vec4 0, 0, 8;
    %assign/vec4 v00000190DD36D1D0_0, 0;
    %jmp T_15.1;
T_15.0 ;
    %load/vec4 v00000190DD36D630_0;
    %flag_set/vec4 8;
    %jmp/0xz  T_15.2, 8;
    %load/vec4 v00000190DD36E3F0_0;
    %assign/vec4 v00000190DD36D1D0_0, 0;
T_15.2 ;
T_15.1 ;
    %jmp T_15;
    .thread T_15;
    .scope S_00000190DD373700;
T_16 ;
    %wait E_00000190DD373280;
    %load/vec4 v00000190DD36D130_0;
    %flag_set/vec4 8;
    %jmp/0xz  T_16.0, 8;
    %pushi/vec4 0, 0, 8;
    %assign/vec4 v00000190DD36DB30_0, 0;
    %jmp T_16.1;
T_16.0 ;
    %load/vec4 v00000190DD36DE50_0;
    %cmpi/e 4, 0, 9;
    %jmp/1 T_16.5, 4;
    %flag_mov 9, 4;
    %load/vec4 v00000190DD36DE50_0;
    %cmpi/e 64, 0, 9;
    %flag_or 4, 9;
T_16.5;
    %flag_get/vec4 4;
    %jmp/0 T_16.4, 4;
    %load/vec4 v00000190DD36CE10_0;
    %and;
T_16.4;
    %flag_set/vec4 8;
    %jmp/0xz  T_16.2, 8;
    %load/vec4 v00000190DD36DDB0_0;
    %parti/s 1, 2, 3;
    %ix/load 5, 0, 0;
    %ix/getv 4, v00000190DD36D3B0_0;
    %assign/vec4/off/d v00000190DD36DB30_0, 4, 5;
    %jmp T_16.3;
T_16.2 ;
    %load/vec4 v00000190DD36DE50_0;
    %cmpi/e 1, 0, 9;
    %jmp/0xz  T_16.6, 4;
    %pushi/vec4 0, 0, 8;
    %assign/vec4 v00000190DD36DB30_0, 0;
T_16.6 ;
T_16.3 ;
T_16.1 ;
    %jmp T_16;
    .thread T_16;
    .scope S_00000190DD373700;
T_17 ;
    %wait E_00000190DD373280;
    %load/vec4 v00000190DD36D130_0;
    %flag_set/vec4 8;
    %jmp/0xz  T_17.0, 8;
    %pushi/vec4 0, 0, 1;
    %assign/vec4 v00000190DD36E030_0, 0;
    %jmp T_17.1;
T_17.0 ;
    %load/vec4 v00000190DD36DE50_0;
    %cmpi/e 16, 0, 9;
    %flag_get/vec4 4;
    %jmp/0 T_17.4, 4;
    %load/vec4 v00000190DD36D3B0_0;
    %pad/u 32;
    %cmpi/e 0, 0, 32;
    %flag_get/vec4 4;
    %jmp/0 T_17.5, 4;
    %load/vec4 v00000190DD36CD70_0;
    %and;
T_17.5;
    %and;
T_17.4;
    %flag_set/vec4 8;
    %jmp/0xz  T_17.2, 8;
    %pushi/vec4 1, 0, 1;
    %assign/vec4 v00000190DD36E030_0, 0;
    %jmp T_17.3;
T_17.2 ;
    %pushi/vec4 0, 0, 1;
    %assign/vec4 v00000190DD36E030_0, 0;
T_17.3 ;
T_17.1 ;
    %jmp T_17;
    .thread T_17;
    .scope S_00000190DD373700;
T_18 ;
    %wait E_00000190DD373280;
    %load/vec4 v00000190DD36D130_0;
    %flag_set/vec4 8;
    %jmp/0xz  T_18.0, 8;
    %pushi/vec4 0, 0, 1;
    %assign/vec4 v00000190DD36E170_0, 0;
    %jmp T_18.1;
T_18.0 ;
    %load/vec4 v00000190DD36DE50_0;
    %cmpi/e 128, 0, 9;
    %flag_get/vec4 4;
    %jmp/0 T_18.4, 4;
    %load/vec4 v00000190DD36CE10_0;
    %and;
T_18.4;
    %flag_set/vec4 8;
    %jmp/0xz  T_18.2, 8;
    %pushi/vec4 1, 0, 1;
    %assign/vec4 v00000190DD36E170_0, 0;
    %jmp T_18.3;
T_18.2 ;
    %pushi/vec4 0, 0, 1;
    %assign/vec4 v00000190DD36E170_0, 0;
T_18.3 ;
T_18.1 ;
    %jmp T_18;
    .thread T_18;
    .scope S_00000190DD373700;
T_19 ;
    %wait E_00000190DD373280;
    %load/vec4 v00000190DD36D130_0;
    %flag_set/vec4 8;
    %jmp/0xz  T_19.0, 8;
    %pushi/vec4 0, 0, 1;
    %assign/vec4 v00000190DD36EA30_0, 0;
    %jmp T_19.1;
T_19.0 ;
    %load/vec4 v00000190DD36DE50_0;
    %cmpi/e 32, 0, 9;
    %jmp/0xz  T_19.2, 4;
    %load/vec4 v00000190DD36CE10_0;
    %flag_set/vec4 8;
    %jmp/0xz  T_19.4, 8;
    %load/vec4 v00000190DD36DDB0_0;
    %parti/s 1, 2, 3;
    %inv;
    %flag_set/vec4 8;
    %jmp/0xz  T_19.6, 8;
    %pushi/vec4 1, 0, 1;
    %assign/vec4 v00000190DD36EA30_0, 0;
    %jmp T_19.7;
T_19.6 ;
    %pushi/vec4 0, 0, 1;
    %assign/vec4 v00000190DD36EA30_0, 0;
T_19.7 ;
T_19.4 ;
    %jmp T_19.3;
T_19.2 ;
    %pushi/vec4 0, 0, 1;
    %assign/vec4 v00000190DD36EA30_0, 0;
T_19.3 ;
T_19.1 ;
    %jmp T_19;
    .thread T_19;
    .scope S_00000190DD373700;
T_20 ;
    %wait E_00000190DD373280;
    %load/vec4 v00000190DD36D130_0;
    %flag_set/vec4 8;
    %jmp/0xz  T_20.0, 8;
    %pushi/vec4 0, 0, 8;
    %assign/vec4 v00000190DD36CEB0_0, 0;
    %jmp T_20.1;
T_20.0 ;
    %load/vec4 v00000190DD36CE10_0;
    %flag_set/vec4 9;
    %flag_get/vec4 9;
    %jmp/0 T_20.4, 9;
    %load/vec4 v00000190DD36DE50_0;
    %pushi/vec4 128, 0, 9;
    %cmp/e;
    %flag_get/vec4 4;
    %and;
T_20.4;
    %flag_set/vec4 8;
    %jmp/0xz  T_20.2, 8;
    %load/vec4 v00000190DD36DB30_0;
    %assign/vec4 v00000190DD36CEB0_0, 0;
T_20.2 ;
T_20.1 ;
    %jmp T_20;
    .thread T_20;
    .scope S_00000190DD373700;
T_21 ;
    %wait E_00000190DD373280;
    %load/vec4 v00000190DD36D130_0;
    %flag_set/vec4 8;
    %jmp/0xz  T_21.0, 8;
    %pushi/vec4 1, 0, 1;
    %assign/vec4 v00000190DD36DC70_0, 0;
    %jmp T_21.1;
T_21.0 ;
    %load/vec4 v00000190DD36DA90_0;
    %assign/vec4 v00000190DD36DC70_0, 0;
T_21.1 ;
    %jmp T_21;
    .thread T_21;
    .scope S_00000190DD373700;
T_22 ;
    %wait E_00000190DD373280;
    %load/vec4 v00000190DD36D130_0;
    %flag_set/vec4 8;
    %jmp/0xz  T_22.0, 8;
    %pushi/vec4 0, 0, 1;
    %assign/vec4 v00000190DD36D310_0, 0;
    %jmp T_22.1;
T_22.0 ;
    %load/vec4 v00000190DD34D650_0;
    %assign/vec4 v00000190DD36D310_0, 0;
T_22.1 ;
    %jmp T_22;
    .thread T_22;
    .scope S_00000190DD371140;
T_23 ;
    %wait E_00000190DD373280;
    %load/vec4 v00000190DD34DB50_0;
    %inv;
    %flag_set/vec4 8;
    %jmp/0xz  T_23.0, 8;
    %pushi/vec4 0, 0, 1;
    %assign/vec4 v00000190DD34C250_0, 0;
T_23.0 ;
    %load/vec4 v00000190DD34C7F0_0;
    %flag_set/vec4 8;
    %jmp/0xz  T_23.2, 8;
    %load/vec4 v00000190DD34C6B0_0;
    %assign/vec4 v00000190DD34C4D0_0, 0;
    %load/vec4 v00000190DD34C6B0_0;
    %cmpi/e 170, 0, 8;
    %jmp/0xz  T_23.4, 4;
    %pushi/vec4 1, 0, 1;
    %assign/vec4 v00000190DD34C250_0, 0;
    %jmp T_23.5;
T_23.4 ;
    %load/vec4 v00000190DD34C6B0_0;
    %cmpi/e 255, 0, 8;
    %jmp/0xz  T_23.6, 4;
    %pushi/vec4 0, 0, 1;
    %assign/vec4 v00000190DD34C250_0, 0;
    %jmp T_23.7;
T_23.6 ;
    %load/vec4 v00000190DD34C250_0;
    %assign/vec4 v00000190DD34C250_0, 0;
T_23.7 ;
T_23.5 ;
T_23.2 ;
    %jmp T_23;
    .thread T_23;
    .scope S_00000190DD373C50;
T_24 ;
    %wait E_00000190DD373380;
    %load/vec4 v00000190DD573860_0;
    %flag_set/vec4 8;
    %jmp/0xz  T_24.0, 8;
    %pushi/vec4 7, 0, 3;
    %assign/vec4 v00000190DD574080_0, 0;
    %jmp T_24.1;
T_24.0 ;
    %load/vec4 v00000190DD573AE0_0;
    %ix/load 5, 0, 0;
    %ix/load 4, 0, 0;
    %flag_set/imm 4, 0;
    %assign/vec4/off/d v00000190DD574080_0, 4, 5;
    %load/vec4 v00000190DD574080_0;
    %parti/s 1, 0, 2;
    %ix/load 5, 0, 0;
    %ix/load 4, 1, 0;
    %flag_set/imm 4, 0;
    %assign/vec4/off/d v00000190DD574080_0, 4, 5;
    %load/vec4 v00000190DD574080_0;
    %parti/s 1, 1, 2;
    %ix/load 5, 0, 0;
    %ix/load 4, 2, 0;
    %flag_set/imm 4, 0;
    %assign/vec4/off/d v00000190DD574080_0, 4, 5;
T_24.1 ;
    %jmp T_24;
    .thread T_24;
    .scope S_00000190DD373C50;
T_25 ;
    %wait E_00000190DD373380;
    %load/vec4 v00000190DD573860_0;
    %flag_set/vec4 8;
    %jmp/0xz  T_25.0, 8;
    %pushi/vec4 7, 0, 3;
    %assign/vec4 v00000190DD574300_0, 0;
    %jmp T_25.1;
T_25.0 ;
    %load/vec4 v00000190DD573E00_0;
    %ix/load 5, 0, 0;
    %ix/load 4, 0, 0;
    %flag_set/imm 4, 0;
    %assign/vec4/off/d v00000190DD574300_0, 4, 5;
    %load/vec4 v00000190DD574300_0;
    %parti/s 1, 0, 2;
    %ix/load 5, 0, 0;
    %ix/load 4, 1, 0;
    %flag_set/imm 4, 0;
    %assign/vec4/off/d v00000190DD574300_0, 4, 5;
    %load/vec4 v00000190DD574300_0;
    %parti/s 1, 1, 2;
    %ix/load 5, 0, 0;
    %ix/load 4, 2, 0;
    %flag_set/imm 4, 0;
    %assign/vec4/off/d v00000190DD574300_0, 4, 5;
T_25.1 ;
    %jmp T_25;
    .thread T_25;
    .scope S_00000190DD373C50;
T_26 ;
    %wait E_00000190DD373380;
    %load/vec4 v00000190DD573860_0;
    %flag_set/vec4 8;
    %jmp/0xz  T_26.0, 8;
    %pushi/vec4 0, 0, 1;
    %assign/vec4 v00000190DD573360_0, 0;
    %jmp T_26.1;
T_26.0 ;
    %load/vec4 v00000190DD574080_0;
    %parti/s 1, 1, 2;
    %load/vec4 v00000190DD574080_0;
    %parti/s 1, 2, 3;
    %inv;
    %and;
    %assign/vec4 v00000190DD573360_0, 0;
T_26.1 ;
    %jmp T_26;
    .thread T_26;
    .scope S_00000190DD373C50;
T_27 ;
    %wait E_00000190DD373380;
    %load/vec4 v00000190DD573860_0;
    %flag_set/vec4 8;
    %jmp/0xz  T_27.0, 8;
    %pushi/vec4 0, 0, 1;
    %assign/vec4 v00000190DD573220_0, 0;
    %jmp T_27.1;
T_27.0 ;
    %load/vec4 v00000190DD574B20_0;
    %assign/vec4 v00000190DD573220_0, 0;
T_27.1 ;
    %jmp T_27;
    .thread T_27;
    .scope S_00000190DD373C50;
T_28 ;
    %wait E_00000190DD373380;
    %load/vec4 v00000190DD573860_0;
    %flag_set/vec4 8;
    %jmp/0xz  T_28.0, 8;
    %pushi/vec4 0, 0, 1;
    %assign/vec4 v00000190DD573FE0_0, 0;
    %jmp T_28.1;
T_28.0 ;
    %load/vec4 v00000190DD574300_0;
    %parti/s 1, 1, 2;
    %inv;
    %load/vec4 v00000190DD574300_0;
    %parti/s 1, 2, 3;
    %and;
    %load/vec4 v00000190DD574080_0;
    %parti/s 1, 2, 3;
    %and;
    %assign/vec4 v00000190DD573FE0_0, 0;
T_28.1 ;
    %jmp T_28;
    .thread T_28;
    .scope S_00000190DD373C50;
T_29 ;
    %wait E_00000190DD373380;
    %load/vec4 v00000190DD573860_0;
    %flag_set/vec4 8;
    %jmp/0xz  T_29.0, 8;
    %pushi/vec4 0, 0, 1;
    %assign/vec4 v00000190DD5746C0_0, 0;
    %jmp T_29.1;
T_29.0 ;
    %load/vec4 v00000190DD574300_0;
    %parti/s 1, 1, 2;
    %load/vec4 v00000190DD574300_0;
    %parti/s 1, 2, 3;
    %inv;
    %and;
    %load/vec4 v00000190DD574080_0;
    %parti/s 1, 2, 3;
    %and;
    %assign/vec4 v00000190DD5746C0_0, 0;
T_29.1 ;
    %jmp T_29;
    .thread T_29;
    .scope S_00000190DD373C50;
T_30 ;
    %wait E_00000190DD373380;
    %load/vec4 v00000190DD573860_0;
    %flag_set/vec4 8;
    %jmp/0xz  T_30.0, 8;
    %pushi/vec4 7, 0, 3;
    %assign/vec4 v00000190DD573A40_0, 0;
    %jmp T_30.1;
T_30.0 ;
    %load/vec4 v00000190DD574BC0_0;
    %cmpi/e 1, 0, 9;
    %jmp/0xz  T_30.2, 4;
    %pushi/vec4 7, 0, 3;
    %assign/vec4 v00000190DD573A40_0, 0;
    %jmp T_30.3;
T_30.2 ;
    %load/vec4 v00000190DD5732C0_0;
    %flag_set/vec4 9;
    %flag_get/vec4 9;
    %jmp/0 T_30.6, 9;
    %load/vec4 v00000190DD573220_0;
    %and;
T_30.6;
    %flag_set/vec4 8;
    %jmp/0xz  T_30.4, 8;
    %load/vec4 v00000190DD573A40_0;
    %subi 1, 0, 3;
    %assign/vec4 v00000190DD573A40_0, 0;
T_30.4 ;
T_30.3 ;
T_30.1 ;
    %jmp T_30;
    .thread T_30;
    .scope S_00000190DD373C50;
T_31 ;
    %wait E_00000190DD373380;
    %load/vec4 v00000190DD573860_0;
    %flag_set/vec4 8;
    %jmp/0xz  T_31.0, 8;
    %pushi/vec4 1, 0, 9;
    %assign/vec4 v00000190DD574BC0_0, 0;
    %jmp T_31.1;
T_31.0 ;
    %load/vec4 v00000190DD573F40_0;
    %assign/vec4 v00000190DD574BC0_0, 0;
T_31.1 ;
    %jmp T_31;
    .thread T_31;
    .scope S_00000190DD373C50;
T_32 ;
    %wait E_00000190DD372840;
    %pushi/vec4 0, 0, 1;
    %store/vec4 v00000190DD5741C0_0, 0, 1;
    %pushi/vec4 1, 0, 1;
    %store/vec4 v00000190DD573180_0, 0, 1;
    %pushi/vec4 1, 0, 9;
    %store/vec4 v00000190DD573F40_0, 0, 9;
    %load/vec4 v00000190DD574BC0_0;
    %dup/vec4;
    %pushi/vec4 1, 0, 9;
    %cmp/e;
    %jmp/1 T_32.0, 6;
    %dup/vec4;
    %pushi/vec4 2, 0, 9;
    %cmp/e;
    %jmp/1 T_32.1, 6;
    %dup/vec4;
    %pushi/vec4 4, 0, 9;
    %cmp/e;
    %jmp/1 T_32.2, 6;
    %dup/vec4;
    %pushi/vec4 8, 0, 9;
    %cmp/e;
    %jmp/1 T_32.3, 6;
    %dup/vec4;
    %pushi/vec4 16, 0, 9;
    %cmp/e;
    %jmp/1 T_32.4, 6;
    %dup/vec4;
    %pushi/vec4 32, 0, 9;
    %cmp/e;
    %jmp/1 T_32.5, 6;
    %dup/vec4;
    %pushi/vec4 64, 0, 9;
    %cmp/e;
    %jmp/1 T_32.6, 6;
    %dup/vec4;
    %pushi/vec4 128, 0, 9;
    %cmp/e;
    %jmp/1 T_32.7, 6;
    %dup/vec4;
    %pushi/vec4 256, 0, 9;
    %cmp/e;
    %jmp/1 T_32.8, 6;
    %pushi/vec4 0, 0, 1;
    %store/vec4 v00000190DD5741C0_0, 0, 1;
    %pushi/vec4 1, 0, 1;
    %store/vec4 v00000190DD573180_0, 0, 1;
    %pushi/vec4 1, 0, 9;
    %store/vec4 v00000190DD573F40_0, 0, 9;
    %jmp T_32.10;
T_32.0 ;
    %load/vec4 v00000190DD574940_0;
    %flag_set/vec4 9;
    %flag_get/vec4 9;
    %jmp/0 T_32.13, 9;
    %load/vec4 v00000190DD573FE0_0;
    %and;
T_32.13;
    %flag_set/vec4 8;
    %jmp/0xz  T_32.11, 8;
    %pushi/vec4 2, 0, 9;
    %store/vec4 v00000190DD573F40_0, 0, 9;
    %jmp T_32.12;
T_32.11 ;
    %pushi/vec4 1, 0, 9;
    %store/vec4 v00000190DD573F40_0, 0, 9;
T_32.12 ;
    %jmp T_32.10;
T_32.1 ;
    %load/vec4 v00000190DD573220_0;
    %flag_set/vec4 8;
    %jmp/0xz  T_32.14, 8;
    %pushi/vec4 4, 0, 9;
    %store/vec4 v00000190DD573F40_0, 0, 9;
    %jmp T_32.15;
T_32.14 ;
    %pushi/vec4 2, 0, 9;
    %store/vec4 v00000190DD573F40_0, 0, 9;
T_32.15 ;
    %jmp T_32.10;
T_32.2 ;
    %load/vec4 v00000190DD573A40_0;
    %pad/u 32;
    %cmpi/e 0, 0, 32;
    %flag_get/vec4 4;
    %jmp/0 T_32.18, 4;
    %load/vec4 v00000190DD573220_0;
    %and;
T_32.18;
    %flag_set/vec4 8;
    %jmp/0xz  T_32.16, 8;
    %pushi/vec4 8, 0, 9;
    %store/vec4 v00000190DD573F40_0, 0, 9;
    %jmp T_32.17;
T_32.16 ;
    %pushi/vec4 4, 0, 9;
    %store/vec4 v00000190DD573F40_0, 0, 9;
T_32.17 ;
    %jmp T_32.10;
T_32.3 ;
    %load/vec4 v00000190DD573CC0_0;
    %parti/s 7, 1, 2;
    %cmpi/e 50, 0, 7;
    %jmp/0xz  T_32.19, 4;
    %pushi/vec4 0, 0, 1;
    %store/vec4 v00000190DD573180_0, 0, 1;
    %load/vec4 v00000190DD573220_0;
    %flag_set/vec4 8;
    %jmp/0xz  T_32.21, 8;
    %pushi/vec4 1, 0, 1;
    %store/vec4 v00000190DD573180_0, 0, 1;
    %load/vec4 v00000190DD573CC0_0;
    %parti/s 1, 0, 2;
    %flag_set/vec4 8;
    %jmp/0xz  T_32.23, 8;
    %pushi/vec4 1, 0, 1;
    %store/vec4 v00000190DD5741C0_0, 0, 1;
    %pushi/vec4 16, 0, 9;
    %store/vec4 v00000190DD573F40_0, 0, 9;
    %jmp T_32.24;
T_32.23 ;
    %pushi/vec4 64, 0, 9;
    %store/vec4 v00000190DD573F40_0, 0, 9;
T_32.24 ;
    %jmp T_32.22;
T_32.21 ;
    %pushi/vec4 8, 0, 9;
    %store/vec4 v00000190DD573F40_0, 0, 9;
T_32.22 ;
    %jmp T_32.20;
T_32.19 ;
    %pushi/vec4 256, 0, 9;
    %store/vec4 v00000190DD573F40_0, 0, 9;
T_32.20 ;
    %jmp T_32.10;
T_32.4 ;
    %load/vec4 v00000190DD573B80_0;
    %load/vec4 v00000190DD573A40_0;
    %part/u 1;
    %store/vec4 v00000190DD573180_0, 0, 1;
    %load/vec4 v00000190DD573A40_0;
    %pad/u 32;
    %cmpi/e 0, 0, 32;
    %flag_get/vec4 4;
    %jmp/0 T_32.27, 4;
    %load/vec4 v00000190DD573220_0;
    %and;
T_32.27;
    %flag_set/vec4 8;
    %jmp/0xz  T_32.25, 8;
    %pushi/vec4 32, 0, 9;
    %store/vec4 v00000190DD573F40_0, 0, 9;
    %jmp T_32.26;
T_32.25 ;
    %load/vec4 v00000190DD573FE0_0;
    %flag_set/vec4 8;
    %jmp/0xz  T_32.28, 8;
    %pushi/vec4 2, 0, 9;
    %store/vec4 v00000190DD573F40_0, 0, 9;
    %jmp T_32.29;
T_32.28 ;
    %load/vec4 v00000190DD5746C0_0;
    %flag_set/vec4 8;
    %jmp/0xz  T_32.30, 8;
    %pushi/vec4 1, 0, 9;
    %store/vec4 v00000190DD573F40_0, 0, 9;
    %jmp T_32.31;
T_32.30 ;
    %pushi/vec4 16, 0, 9;
    %store/vec4 v00000190DD573F40_0, 0, 9;
T_32.31 ;
T_32.29 ;
T_32.26 ;
    %jmp T_32.10;
T_32.5 ;
    %load/vec4 v00000190DD573220_0;
    %flag_set/vec4 8;
    %jmp/0xz  T_32.32, 8;
    %load/vec4 v00000190DD573EA0_0;
    %flag_set/vec4 8;
    %jmp/0xz  T_32.34, 8;
    %pushi/vec4 1, 0, 1;
    %store/vec4 v00000190DD5741C0_0, 0, 1;
    %pushi/vec4 16, 0, 9;
    %store/vec4 v00000190DD573F40_0, 0, 9;
    %jmp T_32.35;
T_32.34 ;
    %pushi/vec4 256, 0, 9;
    %store/vec4 v00000190DD573F40_0, 0, 9;
T_32.35 ;
    %jmp T_32.33;
T_32.32 ;
    %pushi/vec4 32, 0, 9;
    %store/vec4 v00000190DD573F40_0, 0, 9;
T_32.33 ;
    %jmp T_32.10;
T_32.6 ;
    %load/vec4 v00000190DD573A40_0;
    %pad/u 32;
    %cmpi/e 0, 0, 32;
    %flag_get/vec4 4;
    %jmp/0 T_32.38, 4;
    %load/vec4 v00000190DD573220_0;
    %and;
T_32.38;
    %flag_set/vec4 8;
    %jmp/0xz  T_32.36, 8;
    %pushi/vec4 128, 0, 9;
    %store/vec4 v00000190DD573F40_0, 0, 9;
    %jmp T_32.37;
T_32.36 ;
    %load/vec4 v00000190DD573FE0_0;
    %flag_set/vec4 8;
    %jmp/0xz  T_32.39, 8;
    %pushi/vec4 2, 0, 9;
    %store/vec4 v00000190DD573F40_0, 0, 9;
    %jmp T_32.40;
T_32.39 ;
    %load/vec4 v00000190DD5746C0_0;
    %flag_set/vec4 8;
    %jmp/0xz  T_32.41, 8;
    %pushi/vec4 1, 0, 9;
    %store/vec4 v00000190DD573F40_0, 0, 9;
    %jmp T_32.42;
T_32.41 ;
    %pushi/vec4 64, 0, 9;
    %store/vec4 v00000190DD573F40_0, 0, 9;
T_32.42 ;
T_32.40 ;
T_32.37 ;
    %jmp T_32.10;
T_32.7 ;
    %pushi/vec4 0, 0, 1;
    %store/vec4 v00000190DD573180_0, 0, 1;
    %load/vec4 v00000190DD573220_0;
    %flag_set/vec4 8;
    %jmp/0xz  T_32.43, 8;
    %pushi/vec4 1, 0, 1;
    %store/vec4 v00000190DD573180_0, 0, 1;
    %pushi/vec4 64, 0, 9;
    %store/vec4 v00000190DD573F40_0, 0, 9;
    %jmp T_32.44;
T_32.43 ;
    %pushi/vec4 128, 0, 9;
    %store/vec4 v00000190DD573F40_0, 0, 9;
T_32.44 ;
    %jmp T_32.10;
T_32.8 ;
    %load/vec4 v00000190DD5746C0_0;
    %flag_set/vec4 8;
    %jmp/0xz  T_32.45, 8;
    %pushi/vec4 1, 0, 9;
    %store/vec4 v00000190DD573F40_0, 0, 9;
    %jmp T_32.46;
T_32.45 ;
    %pushi/vec4 256, 0, 9;
    %store/vec4 v00000190DD573F40_0, 0, 9;
T_32.46 ;
    %jmp T_32.10;
T_32.10 ;
    %pop/vec4 1;
    %jmp T_32;
    .thread T_32, $push;
    .scope S_00000190DD373C50;
T_33 ;
    %wait E_00000190DD373380;
    %load/vec4 v00000190DD573860_0;
    %flag_set/vec4 8;
    %jmp/0xz  T_33.0, 8;
    %pushi/vec4 0, 0, 8;
    %assign/vec4 v00000190DD573B80_0, 0;
    %jmp T_33.1;
T_33.0 ;
    %load/vec4 v00000190DD5741C0_0;
    %flag_set/vec4 8;
    %jmp/0xz  T_33.2, 8;
    %load/vec4 v00000190DD574620_0;
    %assign/vec4 v00000190DD573B80_0, 0;
T_33.2 ;
T_33.1 ;
    %jmp T_33;
    .thread T_33;
    .scope S_00000190DD373C50;
T_34 ;
    %wait E_00000190DD373380;
    %load/vec4 v00000190DD573860_0;
    %flag_set/vec4 8;
    %jmp/0xz  T_34.0, 8;
    %pushi/vec4 0, 0, 8;
    %assign/vec4 v00000190DD573CC0_0, 0;
    %jmp T_34.1;
T_34.0 ;
    %load/vec4 v00000190DD574BC0_0;
    %cmpi/e 4, 0, 9;
    %jmp/1 T_34.5, 4;
    %flag_mov 9, 4;
    %load/vec4 v00000190DD574BC0_0;
    %cmpi/e 64, 0, 9;
    %flag_or 4, 9;
T_34.5;
    %flag_get/vec4 4;
    %jmp/0 T_34.4, 4;
    %load/vec4 v00000190DD573360_0;
    %and;
T_34.4;
    %flag_set/vec4 8;
    %jmp/0xz  T_34.2, 8;
    %load/vec4 v00000190DD574300_0;
    %parti/s 1, 2, 3;
    %ix/load 5, 0, 0;
    %ix/getv 4, v00000190DD573A40_0;
    %assign/vec4/off/d v00000190DD573CC0_0, 4, 5;
    %jmp T_34.3;
T_34.2 ;
    %load/vec4 v00000190DD574BC0_0;
    %cmpi/e 1, 0, 9;
    %jmp/0xz  T_34.6, 4;
    %pushi/vec4 0, 0, 8;
    %assign/vec4 v00000190DD573CC0_0, 0;
T_34.6 ;
T_34.3 ;
T_34.1 ;
    %jmp T_34;
    .thread T_34;
    .scope S_00000190DD373C50;
T_35 ;
    %wait E_00000190DD373380;
    %load/vec4 v00000190DD573860_0;
    %flag_set/vec4 8;
    %jmp/0xz  T_35.0, 8;
    %pushi/vec4 0, 0, 1;
    %assign/vec4 v00000190DD5737C0_0, 0;
    %jmp T_35.1;
T_35.0 ;
    %load/vec4 v00000190DD574BC0_0;
    %cmpi/e 16, 0, 9;
    %flag_get/vec4 4;
    %jmp/0 T_35.4, 4;
    %load/vec4 v00000190DD573A40_0;
    %pad/u 32;
    %cmpi/e 0, 0, 32;
    %flag_get/vec4 4;
    %jmp/0 T_35.5, 4;
    %load/vec4 v00000190DD573220_0;
    %and;
T_35.5;
    %and;
T_35.4;
    %flag_set/vec4 8;
    %jmp/0xz  T_35.2, 8;
    %pushi/vec4 1, 0, 1;
    %assign/vec4 v00000190DD5737C0_0, 0;
    %jmp T_35.3;
T_35.2 ;
    %pushi/vec4 0, 0, 1;
    %assign/vec4 v00000190DD5737C0_0, 0;
T_35.3 ;
T_35.1 ;
    %jmp T_35;
    .thread T_35;
    .scope S_00000190DD373C50;
T_36 ;
    %wait E_00000190DD373380;
    %load/vec4 v00000190DD573860_0;
    %flag_set/vec4 8;
    %jmp/0xz  T_36.0, 8;
    %pushi/vec4 0, 0, 1;
    %assign/vec4 v00000190DD573D60_0, 0;
    %jmp T_36.1;
T_36.0 ;
    %load/vec4 v00000190DD574BC0_0;
    %cmpi/e 128, 0, 9;
    %flag_get/vec4 4;
    %jmp/0 T_36.4, 4;
    %load/vec4 v00000190DD573360_0;
    %and;
T_36.4;
    %flag_set/vec4 8;
    %jmp/0xz  T_36.2, 8;
    %pushi/vec4 1, 0, 1;
    %assign/vec4 v00000190DD573D60_0, 0;
    %jmp T_36.3;
T_36.2 ;
    %pushi/vec4 0, 0, 1;
    %assign/vec4 v00000190DD573D60_0, 0;
T_36.3 ;
T_36.1 ;
    %jmp T_36;
    .thread T_36;
    .scope S_00000190DD373C50;
T_37 ;
    %wait E_00000190DD373380;
    %load/vec4 v00000190DD573860_0;
    %flag_set/vec4 8;
    %jmp/0xz  T_37.0, 8;
    %pushi/vec4 0, 0, 1;
    %assign/vec4 v00000190DD573EA0_0, 0;
    %jmp T_37.1;
T_37.0 ;
    %load/vec4 v00000190DD574BC0_0;
    %cmpi/e 32, 0, 9;
    %jmp/0xz  T_37.2, 4;
    %load/vec4 v00000190DD573360_0;
    %flag_set/vec4 8;
    %jmp/0xz  T_37.4, 8;
    %load/vec4 v00000190DD574300_0;
    %parti/s 1, 2, 3;
    %inv;
    %flag_set/vec4 8;
    %jmp/0xz  T_37.6, 8;
    %pushi/vec4 1, 0, 1;
    %assign/vec4 v00000190DD573EA0_0, 0;
    %jmp T_37.7;
T_37.6 ;
    %pushi/vec4 0, 0, 1;
    %assign/vec4 v00000190DD573EA0_0, 0;
T_37.7 ;
T_37.4 ;
    %jmp T_37.3;
T_37.2 ;
    %pushi/vec4 0, 0, 1;
    %assign/vec4 v00000190DD573EA0_0, 0;
T_37.3 ;
T_37.1 ;
    %jmp T_37;
    .thread T_37;
    .scope S_00000190DD373C50;
T_38 ;
    %wait E_00000190DD373380;
    %load/vec4 v00000190DD573860_0;
    %flag_set/vec4 8;
    %jmp/0xz  T_38.0, 8;
    %pushi/vec4 0, 0, 8;
    %assign/vec4 v00000190DD5734A0_0, 0;
    %jmp T_38.1;
T_38.0 ;
    %load/vec4 v00000190DD573360_0;
    %flag_set/vec4 9;
    %flag_get/vec4 9;
    %jmp/0 T_38.4, 9;
    %load/vec4 v00000190DD574BC0_0;
    %pushi/vec4 128, 0, 9;
    %cmp/e;
    %flag_get/vec4 4;
    %and;
T_38.4;
    %flag_set/vec4 8;
    %jmp/0xz  T_38.2, 8;
    %load/vec4 v00000190DD573CC0_0;
    %assign/vec4 v00000190DD5734A0_0, 0;
T_38.2 ;
T_38.1 ;
    %jmp T_38;
    .thread T_38;
    .scope S_00000190DD373C50;
T_39 ;
    %wait E_00000190DD373380;
    %load/vec4 v00000190DD573860_0;
    %flag_set/vec4 8;
    %jmp/0xz  T_39.0, 8;
    %pushi/vec4 1, 0, 1;
    %assign/vec4 v00000190DD5749E0_0, 0;
    %jmp T_39.1;
T_39.0 ;
    %load/vec4 v00000190DD573180_0;
    %assign/vec4 v00000190DD5749E0_0, 0;
T_39.1 ;
    %jmp T_39;
    .thread T_39;
    .scope S_00000190DD373C50;
T_40 ;
    %wait E_00000190DD373380;
    %load/vec4 v00000190DD573860_0;
    %flag_set/vec4 8;
    %jmp/0xz  T_40.0, 8;
    %pushi/vec4 0, 0, 1;
    %assign/vec4 v00000190DD574E40_0, 0;
    %jmp T_40.1;
T_40.0 ;
    %load/vec4 v00000190DD573900_0;
    %assign/vec4 v00000190DD574E40_0, 0;
T_40.1 ;
    %jmp T_40;
    .thread T_40;
    .scope S_00000190DD373570;
T_41 ;
    %pushi/vec4 0, 0, 1;
    %store/vec4 v00000190DD573C20_0, 0, 1;
    %pushi/vec4 1, 0, 1;
    %store/vec4 v00000190DD574DA0_0, 0, 1;
    %pushi/vec4 0, 0, 1;
    %store/vec4 v00000190DD574440_0, 0, 1;
    %pushi/vec4 0, 0, 8;
    %store/vec4 v00000190DD5748A0_0, 0, 8;
    %pushi/vec4 1, 0, 1;
    %store/vec4 v00000190DD5735E0_0, 0, 1;
    %pushi/vec4 1, 0, 1;
    %store/vec4 v00000190DD573400_0, 0, 1;
    %pushi/vec4 0, 0, 1;
    %store/vec4 v00000190DD5739A0_0, 0, 1;
    %pushi/vec4 0, 0, 1;
    %store/vec4 v00000190DD573680_0, 0, 1;
    %pushi/vec4 0, 0, 1;
    %store/vec4 v00000190DD574D00_0, 0, 1;
    %pushi/vec4 0, 0, 8;
    %store/vec4 v00000190DD574C60_0, 0, 8;
    %pushi/vec4 0, 0, 8;
    %store/vec4 v00000190DD574A80_0, 0, 8;
    %end;
    .thread T_41;
    .scope S_00000190DD373570;
T_42 ;
    %pushi/vec4 0, 0, 1;
    %store/vec4 v00000190DD573C20_0, 0, 1;
    %delay 10000, 0;
    %pushi/vec4 1, 0, 1;
    %store/vec4 v00000190DD573C20_0, 0, 1;
    %delay 10000, 0;
    %jmp T_42;
    .thread T_42;
    .scope S_00000190DD373570;
T_43 ;
    %load/vec4 v00000190DD5739A0_0;
    %flag_set/vec4 8;
    %jmp/0xz  T_43.0, 8;
    %pushi/vec4 0, 0, 1;
    %store/vec4 v00000190DD5735E0_0, 0, 1;
    %delay 5000000, 0;
    %pushi/vec4 1, 0, 1;
    %store/vec4 v00000190DD5735E0_0, 0, 1;
    %delay 5000000, 0;
    %jmp T_43.1;
T_43.0 ;
    %load/vec4 v00000190DD573680_0;
    %flag_set/vec4 8;
    %jmp/0xz  T_43.2, 8;
    %pushi/vec4 0, 0, 1;
    %store/vec4 v00000190DD5735E0_0, 0, 1;
    %delay 1000, 0;
    %jmp T_43.3;
T_43.2 ;
    %pushi/vec4 1, 0, 1;
    %store/vec4 v00000190DD5735E0_0, 0, 1;
    %delay 1000, 0;
T_43.3 ;
T_43.1 ;
    %jmp T_43;
    .thread T_43;
    .scope S_00000190DD373570;
T_44 ;
    %wait E_00000190DD372980;
    %delay 2500000, 0;
    %pushi/vec4 1, 0, 1;
    %store/vec4 v00000190DD574D00_0, 0, 1;
    %delay 5000000, 0;
    %pushi/vec4 0, 0, 1;
    %store/vec4 v00000190DD574D00_0, 0, 1;
    %jmp T_44;
    .thread T_44;
    .scope S_00000190DD373570;
T_45 ;
    %pushi/vec4 1, 0, 1;
    %store/vec4 v00000190DD574DA0_0, 0, 1;
    %delay 50000, 0;
    %pushi/vec4 0, 0, 1;
    %store/vec4 v00000190DD574DA0_0, 0, 1;
    %end;
    .thread T_45;
    .scope S_00000190DD373570;
T_46 ;
    %vpi_call 4 92 "$dumpfile", "i2c_slave_tb.vcd" {0 0 0};
    %vpi_call 4 93 "$dumpvars", 32'sb00000000000000000000000000000000, S_00000190DD373570 {0 0 0};
    %pushi/vec4 50, 0, 7;
    %store/vec4 v00000190DD574760_0, 0, 7;
T_46.0 ;
    %load/vec4 v00000190DD574DA0_0;
    %nor/r;
    %cmpi/ne 1, 0, 1;
    %jmp/0xz T_46.1, 6;
    %wait E_00000190DD372C80;
    %jmp T_46.0;
T_46.1 ;
    %delay 1000000, 0;
    %pushi/vec4 1, 0, 1;
    %assign/vec4 v00000190DD574440_0, 0;
    %delay 1000000, 0;
    %pushi/vec4 165, 0, 8;
    %assign/vec4 v00000190DD5748A0_0, 0;
    %pushi/vec4 1, 0, 1;
    %store/vec4 v00000190DD5743A0_0, 0, 1;
    %fork TD_i2c_slave_tb.start, S_00000190DD3741B0;
    %join;
    %pushi/vec4 1, 0, 1;
    %store/vec4 v00000190DD34CD90_0, 0, 1;
    %fork TD_i2c_slave_tb.data_r, S_00000190DD2EE8E0;
    %join;
    %load/vec4 v00000190DD34CED0_0;
    %store/vec4 v00000190DD574C60_0, 0, 8;
    %fork TD_i2c_slave_tb.stop, S_00000190DD37E620;
    %join;
    %load/vec4 v00000190DD5748A0_0;
    %load/vec4 v00000190DD574C60_0;
    %cmp/e;
    %jmp/0xz  T_46.2, 4;
    %vpi_call 4 108 "$display", "Reading data was successful" {0 0 0};
    %jmp T_46.3;
T_46.2 ;
    %vpi_call 4 110 "$display", "Error reading data: Data from module = %0h; Read data = %0h", v00000190DD5748A0_0, v00000190DD574C60_0 {0 0 0};
T_46.3 ;
    %delay 50000000, 0;
    %pushi/vec4 101, 0, 8;
    %store/vec4 v00000190DD574A80_0, 0, 8;
    %pushi/vec4 0, 0, 1;
    %store/vec4 v00000190DD5743A0_0, 0, 1;
    %fork TD_i2c_slave_tb.start, S_00000190DD3741B0;
    %join;
    %load/vec4 v00000190DD574A80_0;
    %store/vec4 v00000190DD32FA60_0, 0, 8;
    %pushi/vec4 1, 0, 1;
    %store/vec4 v00000190DD32EA20_0, 0, 1;
    %fork TD_i2c_slave_tb.data_w, S_00000190DD2ACAE0;
    %join;
    %fork TD_i2c_slave_tb.stop, S_00000190DD37E620;
    %join;
    %load/vec4 v00000190DD575910_0;
    %load/vec4 v00000190DD574A80_0;
    %cmp/e;
    %jmp/0xz  T_46.4, 4;
    %vpi_call 4 120 "$display", "Reading data was successful" {0 0 0};
    %jmp T_46.5;
T_46.4 ;
    %vpi_call 4 122 "$display", "Error reading data: Data from module = %0h; Write data = %0h", v00000190DD575910_0, v00000190DD574A80_0 {0 0 0};
T_46.5 ;
    %delay 50000000, 0;
    %pushi/vec4 165, 0, 8;
    %assign/vec4 v00000190DD5748A0_0, 0;
    %pushi/vec4 1, 0, 1;
    %store/vec4 v00000190DD5743A0_0, 0, 1;
    %fork TD_i2c_slave_tb.start, S_00000190DD3741B0;
    %join;
    %pushi/vec4 0, 0, 1;
    %store/vec4 v00000190DD34CD90_0, 0, 1;
    %fork TD_i2c_slave_tb.data_r, S_00000190DD2EE8E0;
    %join;
    %load/vec4 v00000190DD34CED0_0;
    %store/vec4 v00000190DD574C60_0, 0, 8;
    %pushi/vec4 90, 0, 8;
    %assign/vec4 v00000190DD5748A0_0, 0;
    %pushi/vec4 0, 0, 1;
    %store/vec4 v00000190DD34CD90_0, 0, 1;
    %fork TD_i2c_slave_tb.data_r, S_00000190DD2EE8E0;
    %join;
    %load/vec4 v00000190DD34CED0_0;
    %store/vec4 v00000190DD574C60_0, 0, 8;
    %pushi/vec4 55, 0, 8;
    %assign/vec4 v00000190DD5748A0_0, 0;
    %pushi/vec4 1, 0, 1;
    %store/vec4 v00000190DD34CD90_0, 0, 1;
    %fork TD_i2c_slave_tb.data_r, S_00000190DD2EE8E0;
    %join;
    %load/vec4 v00000190DD34CED0_0;
    %store/vec4 v00000190DD574C60_0, 0, 8;
    %fork TD_i2c_slave_tb.stop, S_00000190DD37E620;
    %join;
    %delay 50000000, 0;
    %pushi/vec4 0, 0, 1;
    %store/vec4 v00000190DD5743A0_0, 0, 1;
    %fork TD_i2c_slave_tb.start, S_00000190DD3741B0;
    %join;
    %pushi/vec4 165, 0, 8;
    %store/vec4 v00000190DD32FA60_0, 0, 8;
    %pushi/vec4 1, 0, 1;
    %store/vec4 v00000190DD32EA20_0, 0, 1;
    %fork TD_i2c_slave_tb.data_w, S_00000190DD2ACAE0;
    %join;
    %pushi/vec4 90, 0, 8;
    %store/vec4 v00000190DD32FA60_0, 0, 8;
    %pushi/vec4 1, 0, 1;
    %store/vec4 v00000190DD32EA20_0, 0, 1;
    %fork TD_i2c_slave_tb.data_w, S_00000190DD2ACAE0;
    %join;
    %pushi/vec4 55, 0, 8;
    %store/vec4 v00000190DD32FA60_0, 0, 8;
    %pushi/vec4 1, 0, 1;
    %store/vec4 v00000190DD32EA20_0, 0, 1;
    %fork TD_i2c_slave_tb.data_w, S_00000190DD2ACAE0;
    %join;
    %fork TD_i2c_slave_tb.stop, S_00000190DD37E620;
    %join;
    %delay 50000000, 0;
    %pushi/vec4 0, 0, 1;
    %store/vec4 v00000190DD5743A0_0, 0, 1;
    %fork TD_i2c_slave_tb.start, S_00000190DD3741B0;
    %join;
    %pushi/vec4 1, 0, 8;
    %store/vec4 v00000190DD32FA60_0, 0, 8;
    %pushi/vec4 1, 0, 1;
    %store/vec4 v00000190DD32EA20_0, 0, 1;
    %fork TD_i2c_slave_tb.data_w, S_00000190DD2ACAE0;
    %join;
    %fork TD_i2c_slave_tb.pause_scl_t, S_00000190DD374020;
    %join;
    %pushi/vec4 0, 0, 1;
    %store/vec4 v00000190DD5739A0_0, 0, 1;
    %pushi/vec4 0, 0, 1;
    %store/vec4 v00000190DD573680_0, 0, 1;
    %delay 5000000, 0;
    %pushi/vec4 1, 0, 1;
    %store/vec4 v00000190DD5743A0_0, 0, 1;
    %fork TD_i2c_slave_tb.start, S_00000190DD3741B0;
    %join;
    %pushi/vec4 165, 0, 8;
    %assign/vec4 v00000190DD5748A0_0, 0;
    %pushi/vec4 0, 0, 1;
    %store/vec4 v00000190DD34CD90_0, 0, 1;
    %fork TD_i2c_slave_tb.data_r, S_00000190DD2EE8E0;
    %join;
    %load/vec4 v00000190DD34CED0_0;
    %store/vec4 v00000190DD574C60_0, 0, 8;
    %pushi/vec4 90, 0, 8;
    %assign/vec4 v00000190DD5748A0_0, 0;
    %pushi/vec4 1, 0, 1;
    %store/vec4 v00000190DD34CD90_0, 0, 1;
    %fork TD_i2c_slave_tb.data_r, S_00000190DD2EE8E0;
    %join;
    %load/vec4 v00000190DD34CED0_0;
    %store/vec4 v00000190DD574C60_0, 0, 8;
    %fork TD_i2c_slave_tb.stop, S_00000190DD37E620;
    %join;
    %delay 50000000, 0;
    %pushi/vec4 0, 0, 1;
    %store/vec4 v00000190DD5743A0_0, 0, 1;
    %fork TD_i2c_slave_tb.start, S_00000190DD3741B0;
    %join;
    %pushi/vec4 16, 0, 8;
    %store/vec4 v00000190DD32FA60_0, 0, 8;
    %pushi/vec4 1, 0, 1;
    %store/vec4 v00000190DD32EA20_0, 0, 1;
    %fork TD_i2c_slave_tb.data_w, S_00000190DD2ACAE0;
    %join;
    %fork TD_i2c_slave_tb.pause_scl_t, S_00000190DD374020;
    %join;
    %pushi/vec4 0, 0, 1;
    %store/vec4 v00000190DD5739A0_0, 0, 1;
    %pushi/vec4 0, 0, 1;
    %store/vec4 v00000190DD573680_0, 0, 1;
    %delay 5000000, 0;
    %pushi/vec4 0, 0, 1;
    %store/vec4 v00000190DD5743A0_0, 0, 1;
    %fork TD_i2c_slave_tb.start, S_00000190DD3741B0;
    %join;
    %pushi/vec4 165, 0, 8;
    %store/vec4 v00000190DD32FA60_0, 0, 8;
    %pushi/vec4 1, 0, 1;
    %store/vec4 v00000190DD32EA20_0, 0, 1;
    %fork TD_i2c_slave_tb.data_w, S_00000190DD2ACAE0;
    %join;
    %pushi/vec4 90, 0, 8;
    %store/vec4 v00000190DD32FA60_0, 0, 8;
    %pushi/vec4 1, 0, 1;
    %store/vec4 v00000190DD32EA20_0, 0, 1;
    %fork TD_i2c_slave_tb.data_w, S_00000190DD2ACAE0;
    %join;
    %fork TD_i2c_slave_tb.stop, S_00000190DD37E620;
    %join;
    %delay 50000000, 0;
    %pushi/vec4 24, 0, 7;
    %store/vec4 v00000190DD574760_0, 0, 7;
    %pushi/vec4 1, 0, 1;
    %store/vec4 v00000190DD5743A0_0, 0, 1;
    %fork TD_i2c_slave_tb.start, S_00000190DD3741B0;
    %join;
    %pushi/vec4 165, 0, 8;
    %assign/vec4 v00000190DD5748A0_0, 0;
    %pushi/vec4 1, 0, 1;
    %store/vec4 v00000190DD34CD90_0, 0, 1;
    %fork TD_i2c_slave_tb.data_r, S_00000190DD2EE8E0;
    %join;
    %load/vec4 v00000190DD34CED0_0;
    %store/vec4 v00000190DD574C60_0, 0, 8;
    %fork TD_i2c_slave_tb.stop, S_00000190DD37E620;
    %join;
    %delay 50000000, 0;
    %pushi/vec4 0, 0, 1;
    %store/vec4 v00000190DD5743A0_0, 0, 1;
    %fork TD_i2c_slave_tb.start, S_00000190DD3741B0;
    %join;
    %pushi/vec4 101, 0, 8;
    %store/vec4 v00000190DD32FA60_0, 0, 8;
    %pushi/vec4 1, 0, 1;
    %store/vec4 v00000190DD32EA20_0, 0, 1;
    %fork TD_i2c_slave_tb.data_w, S_00000190DD2ACAE0;
    %join;
    %fork TD_i2c_slave_tb.stop, S_00000190DD37E620;
    %join;
    %delay 50000000, 0;
    %pushi/vec4 50, 0, 7;
    %store/vec4 v00000190DD574760_0, 0, 7;
    %pushi/vec4 0, 0, 1;
    %store/vec4 v00000190DD5743A0_0, 0, 1;
    %fork TD_i2c_slave_tb.start, S_00000190DD3741B0;
    %join;
    %fork TD_i2c_slave_tb.pause_scl_t, S_00000190DD374020;
    %join;
    %pushi/vec4 0, 0, 1;
    %store/vec4 v00000190DD573400_0, 0, 1;
    %wait E_00000190DD372DC0;
    %pushi/vec4 1, 0, 1;
    %store/vec4 v00000190DD573400_0, 0, 1;
    %wait E_00000190DD372DC0;
    %pushi/vec4 0, 0, 1;
    %store/vec4 v00000190DD573400_0, 0, 1;
    %fork TD_i2c_slave_tb.stop, S_00000190DD37E620;
    %join;
    %delay 50000000, 0;
    %pushi/vec4 0, 0, 1;
    %store/vec4 v00000190DD5743A0_0, 0, 1;
    %fork TD_i2c_slave_tb.start, S_00000190DD3741B0;
    %join;
    %pushi/vec4 165, 0, 8;
    %store/vec4 v00000190DD32FA60_0, 0, 8;
    %pushi/vec4 1, 0, 1;
    %store/vec4 v00000190DD32EA20_0, 0, 1;
    %fork TD_i2c_slave_tb.data_w, S_00000190DD2ACAE0;
    %join;
    %fork TD_i2c_slave_tb.pause_scl_t, S_00000190DD374020;
    %join;
    %pushi/vec4 0, 0, 1;
    %store/vec4 v00000190DD573400_0, 0, 1;
    %wait E_00000190DD372DC0;
    %pushi/vec4 1, 0, 1;
    %store/vec4 v00000190DD573400_0, 0, 1;
    %wait E_00000190DD372DC0;
    %pushi/vec4 0, 0, 1;
    %store/vec4 v00000190DD573400_0, 0, 1;
    %fork TD_i2c_slave_tb.stop, S_00000190DD37E620;
    %join;
    %delay 50000000, 0;
    %delay 500000, 0;
    %pushi/vec4 0, 0, 1;
    %assign/vec4 v00000190DD574440_0, 0;
    %delay 50000, 0;
    %pushi/vec4 1, 0, 1;
    %assign/vec4 v00000190DD574DA0_0, 0;
    %delay 5000000, 0;
    %vpi_call 4 214 "$finish" {0 0 0};
    %end;
    .thread T_46;
# The file index is used to find the file name in the following table.
:file_names 5;
    "N/A";
    "<interactive>";
    "../../src/main.v";
    "../../lib/i2c_slave.v";
    "../../sim/i2c_slave_tb.vt";
