#! /c/Source/iverilog-install/bin/vvp
:ivl_version "14.0 (devel)";
:ivl_delay_selection "TYPICAL";
:vpi_time_precision - 12;
:vpi_module "C:\iverilog\lib\ivl\system.vpi";
:vpi_module "C:\iverilog\lib\ivl\vhdl_sys.vpi";
:vpi_module "C:\iverilog\lib\ivl\vhdl_textio.vpi";
:vpi_module "C:\iverilog\lib\ivl\v2005_math.vpi";
:vpi_module "C:\iverilog\lib\ivl\va_math.vpi";
S_000001F92B667640 .scope module, "tb" "tb" 2 25;
 .timescale -9 -12;
P_000001F92B65CFE0 .param/l "I2C_HALF_PERIOD" 0 2 30, +C4<00000000000000000001001110001000>;
P_000001F92B65D018 .param/l "SLAVE_ADDR" 0 2 27, C4<0110010>;
P_000001F92B65D050 .param/l "SYS_CLK_PERIOD" 0 2 29, +C4<00000000000000000000000000010100>;
L_000001F92B886138 .functor BUFT 1, C4<0>, C4<0>, C4<0>, C4<0>;
v000001F92B884490_0 .net/2u *"_ivl_0", 0 0, L_000001F92B886138;  1 drivers
o000001F92B66B078 .functor BUFZ 1, c4<z>; HiZ drive
; Elide local net with no drivers, v000001F92B885110_0 name=_ivl_2
L_000001F92B886180 .functor BUFT 1, C4<0>, C4<0>, C4<0>, C4<0>;
v000001F92B885F70_0 .net/2u *"_ivl_6", 0 0, L_000001F92B886180;  1 drivers
o000001F92B66B0D8 .functor BUFZ 1, c4<z>; HiZ drive
; Elide local net with no drivers, v000001F92B8843F0_0 name=_ivl_8
v000001F92B885BB0_0 .net "busy", 0 0, L_000001F92B884710;  1 drivers
v000001F92B884E90_0 .var "clk", 0 0;
L_000001F92B8861C8 .functor BUFT 1, C4<1>, C4<0>, C4<0>, C4<0>;
v000001F92B885390_0 .net "clk_en", 0 0, L_000001F92B8861C8;  1 drivers
v000001F92B884210_0 .net "data_rx", 7 0, v000001F92B64DA20_0;  1 drivers
v000001F92B885B10_0 .var "en", 0 0;
v000001F92B884F30_0 .net "int_rx", 0 0, v000001F92B64D520_0;  1 drivers
v000001F92B8857F0_0 .net "led", 0 0, v000001F92B64DAC0_0;  1 drivers
L_000001F92B886210 .functor BUFT 1, C4<1>, C4<0>, C4<0>, C4<0>;
v000001F92B884FD0_0 .net "led_en", 0 0, L_000001F92B886210;  1 drivers
v000001F92B885890_0 .var "master_scl", 0 0;
v000001F92B885070_0 .var "master_sda_oe", 0 0;
v000001F92B8845D0_0 .var "rst", 0 0;
RS_000001F92B66A958 .resolv tri1, L_000001F92B885930, L_000001F92B884850;
v000001F92B8856B0_0 .net8 "sda_bus", 0 0, RS_000001F92B66A958;  2 drivers, strength-aware
L_000001F92B886258 .functor BUFT 1, C4<0>, C4<0>, C4<0>, C4<0>;
v000001F92B884C10_0 .net "slave_sda", 0 0, L_000001F92B886258;  1 drivers
v000001F92B886010_0 .net "slave_sda_oe", 0 0, v000001F92B64DFC0_0;  1 drivers
L_000001F92B885930 .functor MUXZ 1, o000001F92B66B078, L_000001F92B886138, v000001F92B885070_0, C4<>;
L_000001F92B884850 .functor MUXZ 1, o000001F92B66B0D8, L_000001F92B886180, v000001F92B64DFC0_0, C4<>;
S_000001F92B6654A0 .scope module, "dut" "top" 2 95, 3 41 0, S_000001F92B667640;
 .timescale -9 -12;
    .port_info 0 /INPUT 1 "i_clk";
    .port_info 1 /INPUT 1 "i_rst";
    .port_info 2 /INPUT 1 "i_en";
    .port_info 3 /INPUT 1 "i_scl";
    .port_info 4 /INPUT 1 "i_sda";
    .port_info 5 /OUTPUT 1 "o_sda";
    .port_info 6 /OUTPUT 1 "o_sda_oe";
    .port_info 7 /OUTPUT 1 "o_led";
    .port_info 8 /OUTPUT 1 "o_led_en";
    .port_info 9 /OUTPUT 1 "o_clk_en";
    .port_info 10 /OUTPUT 8 "o_data_rx";
    .port_info 11 /OUTPUT 1 "o_int_rx";
    .port_info 12 /OUTPUT 1 "o_busy";
P_000001F92B5F94B0 .param/l "I2C_SLAVE_ADR" 0 3 43, C4<0110010>;
P_000001F92B5F94E8 .param/l "ST_ADDR" 1 3 143, C4<0001>;
P_000001F92B5F9520 .param/l "ST_ADDR_ACK" 1 3 145, C4<0011>;
P_000001F92B5F9558 .param/l "ST_ADDR_ACK_WAIT" 1 3 144, C4<0010>;
P_000001F92B5F9590 .param/l "ST_DATA" 1 3 146, C4<0100>;
P_000001F92B5F95C8 .param/l "ST_DATA_ACK" 1 3 148, C4<0110>;
P_000001F92B5F9600 .param/l "ST_DATA_ACK_WAIT" 1 3 147, C4<0101>;
P_000001F92B5F9638 .param/l "ST_IDLE" 1 3 142, C4<0000>;
P_000001F92B5F9670 .param/l "ST_READ" 1 3 149, C4<0111>;
P_000001F92B5F96A8 .param/l "ST_READ_ACK" 1 3 150, C4<1000>;
L_000001F92B6452B0 .functor NOT 1, L_000001F92B884350, C4<0>, C4<0>, C4<0>;
L_000001F92B6446E0 .functor AND 1, L_000001F92B6452B0, L_000001F92B8848F0, C4<1>, C4<1>;
L_000001F92B645470 .functor NOT 1, L_000001F92B885D90, C4<0>, C4<0>, C4<0>;
L_000001F92B645010 .functor AND 1, L_000001F92B884170, L_000001F92B645470, C4<1>, C4<1>;
L_000001F92B645390 .functor NOT 1, L_000001F92B885CF0, C4<0>, C4<0>, C4<0>;
L_000001F92B645400 .functor AND 1, L_000001F92B8842B0, L_000001F92B645390, C4<1>, C4<1>;
L_000001F92B644750 .functor AND 1, L_000001F92B645400, L_000001F92B884CB0, C4<1>, C4<1>;
L_000001F92B644670 .functor NOT 1, L_000001F92B885E30, C4<0>, C4<0>, C4<0>;
L_000001F92B6447C0 .functor AND 1, L_000001F92B644670, L_000001F92B8859D0, C4<1>, C4<1>;
L_000001F92B644830 .functor AND 1, L_000001F92B6447C0, L_000001F92B885C50, C4<1>, C4<1>;
v000001F92B64D480_0 .net *"_ivl_11", 0 0, L_000001F92B8848F0;  1 drivers
v000001F92B64D840_0 .net *"_ivl_15", 0 0, L_000001F92B884170;  1 drivers
v000001F92B64E1A0_0 .net *"_ivl_17", 0 0, L_000001F92B885D90;  1 drivers
v000001F92B64DB60_0 .net *"_ivl_18", 0 0, L_000001F92B645470;  1 drivers
v000001F92B64D980_0 .net *"_ivl_23", 0 0, L_000001F92B8842B0;  1 drivers
v000001F92B64E6A0_0 .net *"_ivl_25", 0 0, L_000001F92B885CF0;  1 drivers
v000001F92B64E420_0 .net *"_ivl_26", 0 0, L_000001F92B645390;  1 drivers
v000001F92B64DE80_0 .net *"_ivl_28", 0 0, L_000001F92B645400;  1 drivers
v000001F92B64DCA0_0 .net *"_ivl_31", 0 0, L_000001F92B884CB0;  1 drivers
v000001F92B64EC40_0 .net *"_ivl_35", 0 0, L_000001F92B885E30;  1 drivers
v000001F92B64D0C0_0 .net *"_ivl_36", 0 0, L_000001F92B644670;  1 drivers
v000001F92B64D160_0 .net *"_ivl_39", 0 0, L_000001F92B8859D0;  1 drivers
v000001F92B64DC00_0 .net *"_ivl_40", 0 0, L_000001F92B6447C0;  1 drivers
v000001F92B64E240_0 .net *"_ivl_43", 0 0, L_000001F92B885C50;  1 drivers
L_000001F92B8862A0 .functor BUFT 1, C4<0000>, C4<0>, C4<0>, C4<0>;
v000001F92B64E2E0_0 .net/2u *"_ivl_46", 3 0, L_000001F92B8862A0;  1 drivers
v000001F92B64E060_0 .net *"_ivl_7", 0 0, L_000001F92B884350;  1 drivers
v000001F92B64E100_0 .net *"_ivl_8", 0 0, L_000001F92B6452B0;  1 drivers
v000001F92B64E600_0 .var "addr_shift", 7 0;
v000001F92B64E380_0 .var "address_valid", 0 0;
v000001F92B64D5C0_0 .var "bit_count", 2 0;
v000001F92B64E4C0_0 .net "i_clk", 0 0, v000001F92B884E90_0;  1 drivers
v000001F92B64D8E0_0 .net "i_en", 0 0, v000001F92B885B10_0;  1 drivers
v000001F92B64DF20_0 .net "i_rst", 0 0, v000001F92B8845D0_0;  1 drivers
v000001F92B64D660_0 .net "i_scl", 0 0, v000001F92B885890_0;  1 drivers
v000001F92B64D340_0 .net8 "i_sda", 0 0, RS_000001F92B66A958;  alias, 2 drivers, strength-aware
v000001F92B64EB00_0 .net "o_busy", 0 0, L_000001F92B884710;  alias, 1 drivers
v000001F92B64D3E0_0 .net "o_clk_en", 0 0, L_000001F92B8861C8;  alias, 1 drivers
v000001F92B64DA20_0 .var "o_data_rx", 7 0;
v000001F92B64D520_0 .var "o_int_rx", 0 0;
v000001F92B64DAC0_0 .var "o_led", 0 0;
v000001F92B64EE20_0 .net "o_led_en", 0 0, L_000001F92B886210;  alias, 1 drivers
v000001F92B64E7E0_0 .net "o_sda", 0 0, L_000001F92B886258;  alias, 1 drivers
v000001F92B64DFC0_0 .var "o_sda_oe", 0 0;
v000001F92B64E560_0 .var "read_request", 0 0;
v000001F92B64D200_0 .var "rx_shift", 7 0;
v000001F92B64E880_0 .net "scl_fall", 0 0, L_000001F92B645010;  1 drivers
v000001F92B64E740_0 .net "scl_rise", 0 0, L_000001F92B6446E0;  1 drivers
v000001F92B64E9C0_0 .var "scl_sync", 2 0;
v000001F92B64ECE0_0 .var "sda_sync", 2 0;
v000001F92B64ED80_0 .net "start_detect", 0 0, L_000001F92B644750;  1 drivers
v000001F92B64EA60_0 .var "state", 3 0;
v000001F92B64EEC0_0 .net "stop_detect", 0 0, L_000001F92B644830;  1 drivers
v000001F92B64D020_0 .var "tx_shift", 7 0;
E_000001F92B654AB0 .event posedge, v000001F92B64E4C0_0;
E_000001F92B655270 .event anyedge, v000001F92B64EA60_0, v000001F92B64E380_0, v000001F92B64D020_0;
L_000001F92B884350 .part v000001F92B64E9C0_0, 2, 1;
L_000001F92B8848F0 .part v000001F92B64E9C0_0, 1, 1;
L_000001F92B884170 .part v000001F92B64E9C0_0, 2, 1;
L_000001F92B885D90 .part v000001F92B64E9C0_0, 1, 1;
L_000001F92B8842B0 .part v000001F92B64ECE0_0, 2, 1;
L_000001F92B885CF0 .part v000001F92B64ECE0_0, 1, 1;
L_000001F92B884CB0 .part v000001F92B64E9C0_0, 1, 1;
L_000001F92B885E30 .part v000001F92B64ECE0_0, 2, 1;
L_000001F92B8859D0 .part v000001F92B64ECE0_0, 1, 1;
L_000001F92B885C50 .part v000001F92B64E9C0_0, 1, 1;
L_000001F92B884710 .cmp/ne 4, v000001F92B64EA60_0, L_000001F92B8862A0;
S_000001F92B663280 .scope task, "i2c_read_ack" "i2c_read_ack" 2 524, 2 524 0, S_000001F92B667640;
 .timescale -9 -12;
v000001F92B64D2A0_0 .var "ack_value", 0 0;
TD_tb.i2c_read_ack ;
    %pushi/vec4 0, 0, 1;
    %store/vec4 v000001F92B885070_0, 0, 1;
    %delay 5000000, 0;
    %pushi/vec4 1, 0, 1;
    %store/vec4 v000001F92B885890_0, 0, 1;
    %delay 2000000, 0;
    %load/vec4 v000001F92B8856B0_0;
    %store/vec4 v000001F92B64D2A0_0, 0, 1;
    %load/vec4 v000001F92B64D2A0_0;
    %cmpi/e 0, 0, 1;
    %jmp/0xz  T_0.0, 6;
    %vpi_call 2 555 "$display", "[I2C] ACK received." {0 0 0};
    %jmp T_0.1;
T_0.0 ;
    %vpi_call 2 557 "$display", "[I2C] ERROR: NACK received. SDA=%b", v000001F92B64D2A0_0 {0 0 0};
T_0.1 ;
    %delay 3000000, 0;
    %pushi/vec4 0, 0, 1;
    %store/vec4 v000001F92B885890_0, 0, 1;
    %delay 5000000, 0;
    %end;
S_000001F92B5CC940 .scope task, "i2c_start" "i2c_start" 2 408, 2 408 0, S_000001F92B667640;
 .timescale -9 -12;
TD_tb.i2c_start ;
    %pushi/vec4 1, 0, 1;
    %store/vec4 v000001F92B885890_0, 0, 1;
    %pushi/vec4 0, 0, 1;
    %store/vec4 v000001F92B885070_0, 0, 1;
    %delay 5000000, 0;
    %pushi/vec4 1, 0, 1;
    %store/vec4 v000001F92B885070_0, 0, 1;
    %delay 5000000, 0;
    %pushi/vec4 0, 0, 1;
    %store/vec4 v000001F92B885890_0, 0, 1;
    %delay 5000000, 0;
    %end;
S_000001F92B5CCAD0 .scope task, "i2c_stop" "i2c_stop" 2 438, 2 438 0, S_000001F92B667640;
 .timescale -9 -12;
TD_tb.i2c_stop ;
    %pushi/vec4 0, 0, 1;
    %store/vec4 v000001F92B885890_0, 0, 1;
    %pushi/vec4 1, 0, 1;
    %store/vec4 v000001F92B885070_0, 0, 1;
    %delay 5000000, 0;
    %pushi/vec4 1, 0, 1;
    %store/vec4 v000001F92B885890_0, 0, 1;
    %delay 5000000, 0;
    %pushi/vec4 0, 0, 1;
    %store/vec4 v000001F92B885070_0, 0, 1;
    %delay 5000000, 0;
    %end;
S_000001F92B5CCC60 .scope task, "i2c_write" "i2c_write" 2 320, 2 320 0, S_000001F92B667640;
 .timescale -9 -12;
v000001F92B63C2E0_0 .var "address", 6 0;
v000001F92B63B520_0 .var "data", 7 0;
v000001F92B884990_0 .var/i "i", 31 0;
TD_tb.i2c_write ;
    %vpi_call 2 329 "$display", "[I2C WRITE] ADDR=0x%02h DATA=0x%02h", v000001F92B63C2E0_0, v000001F92B63B520_0 {0 0 0};
    %fork TD_tb.i2c_start, S_000001F92B5CC940;
    %join;
    %pushi/vec4 6, 0, 32;
    %store/vec4 v000001F92B884990_0, 0, 32;
T_3.2 ; Top of for-loop
    %load/vec4 v000001F92B884990_0;
    %cmpi/s 0, 0, 32;
    %flag_inv 5; GE is !LT
	  %jmp/0xz T_3.3, 5;
    %load/vec4 v000001F92B63C2E0_0;
    %load/vec4 v000001F92B884990_0;
    %part/s 1;
    %store/vec4 v000001F92B885570_0, 0, 1;
    %fork TD_tb.i2c_write_bit, S_000001F92B6625D0;
    %join;
T_3.4 ; for-loop step statement
    %load/vec4 v000001F92B884990_0;
    %subi 1, 0, 32;
    %store/vec4 v000001F92B884990_0, 0, 32;
    %jmp T_3.2;
T_3.3 ; for-loop exit label
    %pushi/vec4 0, 0, 1;
    %store/vec4 v000001F92B885570_0, 0, 1;
    %fork TD_tb.i2c_write_bit, S_000001F92B6625D0;
    %join;
    %fork TD_tb.i2c_read_ack, S_000001F92B663280;
    %join;
    %pushi/vec4 7, 0, 32;
    %store/vec4 v000001F92B884990_0, 0, 32;
T_3.5 ; Top of for-loop
    %load/vec4 v000001F92B884990_0;
    %cmpi/s 0, 0, 32;
    %flag_inv 5; GE is !LT
	  %jmp/0xz T_3.6, 5;
    %load/vec4 v000001F92B63B520_0;
    %load/vec4 v000001F92B884990_0;
    %part/s 1;
    %store/vec4 v000001F92B885570_0, 0, 1;
    %fork TD_tb.i2c_write_bit, S_000001F92B6625D0;
    %join;
T_3.7 ; for-loop step statement
    %load/vec4 v000001F92B884990_0;
    %subi 1, 0, 32;
    %store/vec4 v000001F92B884990_0, 0, 32;
    %jmp T_3.5;
T_3.6 ; for-loop exit label
    %fork TD_tb.i2c_read_ack, S_000001F92B663280;
    %join;
    %fork TD_tb.i2c_stop, S_000001F92B5CCAD0;
    %join;
    %vpi_call 2 393 "$display", "[I2C RX] DATA_RX=0x%02h LED=%b", v000001F92B884210_0, v000001F92B8857F0_0 {0 0 0};
    %end;
S_000001F92B6625D0 .scope task, "i2c_write_bit" "i2c_write_bit" 2 470, 2 470 0, S_000001F92B667640;
 .timescale -9 -12;
v000001F92B885570_0 .var "bit_value", 0 0;
TD_tb.i2c_write_bit ;
    %pushi/vec4 0, 0, 1;
    %store/vec4 v000001F92B885890_0, 0, 1;
    %load/vec4 v000001F92B885570_0;
    %cmpi/e 0, 0, 1;
    %jmp/0xz  T_4.8, 4;
    %pushi/vec4 1, 0, 1;
    %store/vec4 v000001F92B885070_0, 0, 1;
    %jmp T_4.9;
T_4.8 ;
    %pushi/vec4 0, 0, 1;
    %store/vec4 v000001F92B885070_0, 0, 1;
T_4.9 ;
    %delay 5000000, 0;
    %pushi/vec4 1, 0, 1;
    %store/vec4 v000001F92B885890_0, 0, 1;
    %delay 5000000, 0;
    %pushi/vec4 0, 0, 1;
    %store/vec4 v000001F92B885890_0, 0, 1;
    %delay 5000000, 0;
    %end;
    .scope S_000001F92B6654A0;
T_5 ;
    %wait E_000001F92B654AB0;
    %load/vec4 v000001F92B64DF20_0;
    %flag_set/vec4 8;
    %jmp/0xz  T_5.0, 8;
    %pushi/vec4 7, 0, 3;
    %assign/vec4 v000001F92B64E9C0_0, 0;
    %pushi/vec4 7, 0, 3;
    %assign/vec4 v000001F92B64ECE0_0, 0;
    %jmp T_5.1;
T_5.0 ;
    %load/vec4 v000001F92B64D660_0;
    %ix/load 5, 0, 0;
    %ix/load 4, 0, 0;
    %flag_set/imm 4, 0;
    %assign/vec4/off/d v000001F92B64E9C0_0, 4, 5;
    %load/vec4 v000001F92B64E9C0_0;
    %parti/s 1, 0, 2;
    %ix/load 5, 0, 0;
    %ix/load 4, 1, 0;
    %flag_set/imm 4, 0;
    %assign/vec4/off/d v000001F92B64E9C0_0, 4, 5;
    %load/vec4 v000001F92B64E9C0_0;
    %parti/s 1, 1, 2;
    %ix/load 5, 0, 0;
    %ix/load 4, 2, 0;
    %flag_set/imm 4, 0;
    %assign/vec4/off/d v000001F92B64E9C0_0, 4, 5;
    %load/vec4 v000001F92B64D340_0;
    %ix/load 5, 0, 0;
    %ix/load 4, 0, 0;
    %flag_set/imm 4, 0;
    %assign/vec4/off/d v000001F92B64ECE0_0, 4, 5;
    %load/vec4 v000001F92B64ECE0_0;
    %parti/s 1, 0, 2;
    %ix/load 5, 0, 0;
    %ix/load 4, 1, 0;
    %flag_set/imm 4, 0;
    %assign/vec4/off/d v000001F92B64ECE0_0, 4, 5;
    %load/vec4 v000001F92B64ECE0_0;
    %parti/s 1, 1, 2;
    %ix/load 5, 0, 0;
    %ix/load 4, 2, 0;
    %flag_set/imm 4, 0;
    %assign/vec4/off/d v000001F92B64ECE0_0, 4, 5;
T_5.1 ;
    %jmp T_5;
    .thread T_5;
    .scope S_000001F92B6654A0;
T_6 ;
    %wait E_000001F92B655270;
    %pushi/vec4 0, 0, 1;
    %store/vec4 v000001F92B64DFC0_0, 0, 1;
    %load/vec4 v000001F92B64EA60_0;
    %dup/vec4;
    %pushi/vec4 3, 0, 4;
    %cmp/e;
    %jmp/1 T_6.0, 6;
    %dup/vec4;
    %pushi/vec4 6, 0, 4;
    %cmp/e;
    %jmp/1 T_6.1, 6;
    %dup/vec4;
    %pushi/vec4 7, 0, 4;
    %cmp/e;
    %jmp/1 T_6.2, 6;
    %pushi/vec4 0, 0, 1;
    %store/vec4 v000001F92B64DFC0_0, 0, 1;
    %jmp T_6.4;
T_6.0 ;
    %load/vec4 v000001F92B64E380_0;
    %flag_set/vec4 8;
    %jmp/0xz  T_6.5, 8;
    %pushi/vec4 1, 0, 1;
    %store/vec4 v000001F92B64DFC0_0, 0, 1;
    %jmp T_6.6;
T_6.5 ;
    %pushi/vec4 0, 0, 1;
    %store/vec4 v000001F92B64DFC0_0, 0, 1;
T_6.6 ;
    %jmp T_6.4;
T_6.1 ;
    %pushi/vec4 1, 0, 1;
    %store/vec4 v000001F92B64DFC0_0, 0, 1;
    %jmp T_6.4;
T_6.2 ;
    %load/vec4 v000001F92B64D020_0;
    %parti/s 1, 7, 4;
    %cmpi/e 0, 0, 1;
    %jmp/0xz  T_6.7, 4;
    %pushi/vec4 1, 0, 1;
    %store/vec4 v000001F92B64DFC0_0, 0, 1;
    %jmp T_6.8;
T_6.7 ;
    %pushi/vec4 0, 0, 1;
    %store/vec4 v000001F92B64DFC0_0, 0, 1;
T_6.8 ;
    %jmp T_6.4;
T_6.4 ;
    %pop/vec4 1;
    %jmp T_6;
    .thread T_6, $push;
    .scope S_000001F92B6654A0;
T_7 ;
    %wait E_000001F92B654AB0;
    %load/vec4 v000001F92B64DF20_0;
    %flag_set/vec4 8;
    %jmp/0xz  T_7.0, 8;
    %pushi/vec4 0, 0, 4;
    %assign/vec4 v000001F92B64EA60_0, 0;
    %pushi/vec4 7, 0, 3;
    %assign/vec4 v000001F92B64D5C0_0, 0;
    %pushi/vec4 0, 0, 8;
    %assign/vec4 v000001F92B64E600_0, 0;
    %pushi/vec4 0, 0, 8;
    %assign/vec4 v000001F92B64D200_0, 0;
    %pushi/vec4 0, 0, 8;
    %assign/vec4 v000001F92B64D020_0, 0;
    %pushi/vec4 0, 0, 1;
    %assign/vec4 v000001F92B64E380_0, 0;
    %pushi/vec4 0, 0, 1;
    %assign/vec4 v000001F92B64E560_0, 0;
    %pushi/vec4 0, 0, 8;
    %assign/vec4 v000001F92B64DA20_0, 0;
    %pushi/vec4 0, 0, 1;
    %assign/vec4 v000001F92B64D520_0, 0;
    %pushi/vec4 0, 0, 1;
    %assign/vec4 v000001F92B64DAC0_0, 0;
    %jmp T_7.1;
T_7.0 ;
    %pushi/vec4 0, 0, 1;
    %assign/vec4 v000001F92B64D520_0, 0;
    %load/vec4 v000001F92B64EA60_0;
    %dup/vec4;
    %pushi/vec4 0, 0, 4;
    %cmp/e;
    %jmp/1 T_7.2, 6;
    %dup/vec4;
    %pushi/vec4 1, 0, 4;
    %cmp/e;
    %jmp/1 T_7.3, 6;
    %dup/vec4;
    %pushi/vec4 2, 0, 4;
    %cmp/e;
    %jmp/1 T_7.4, 6;
    %dup/vec4;
    %pushi/vec4 3, 0, 4;
    %cmp/e;
    %jmp/1 T_7.5, 6;
    %dup/vec4;
    %pushi/vec4 4, 0, 4;
    %cmp/e;
    %jmp/1 T_7.6, 6;
    %dup/vec4;
    %pushi/vec4 5, 0, 4;
    %cmp/e;
    %jmp/1 T_7.7, 6;
    %dup/vec4;
    %pushi/vec4 6, 0, 4;
    %cmp/e;
    %jmp/1 T_7.8, 6;
    %dup/vec4;
    %pushi/vec4 7, 0, 4;
    %cmp/e;
    %jmp/1 T_7.9, 6;
    %dup/vec4;
    %pushi/vec4 8, 0, 4;
    %cmp/e;
    %jmp/1 T_7.10, 6;
    %pushi/vec4 0, 0, 4;
    %assign/vec4 v000001F92B64EA60_0, 0;
    %pushi/vec4 7, 0, 3;
    %assign/vec4 v000001F92B64D5C0_0, 0;
    %pushi/vec4 0, 0, 1;
    %assign/vec4 v000001F92B64E380_0, 0;
    %jmp T_7.12;
T_7.2 ;
    %pushi/vec4 7, 0, 3;
    %assign/vec4 v000001F92B64D5C0_0, 0;
    %pushi/vec4 0, 0, 1;
    %assign/vec4 v000001F92B64E380_0, 0;
    %load/vec4 v000001F92B64D8E0_0;
    %flag_set/vec4 9;
    %flag_get/vec4 9;
    %jmp/0 T_7.15, 9;
    %load/vec4 v000001F92B64ED80_0;
    %and;
T_7.15;
    %flag_set/vec4 8;
    %jmp/0xz  T_7.13, 8;
    %pushi/vec4 1, 0, 4;
    %assign/vec4 v000001F92B64EA60_0, 0;
    %pushi/vec4 7, 0, 3;
    %assign/vec4 v000001F92B64D5C0_0, 0;
    %pushi/vec4 0, 0, 8;
    %assign/vec4 v000001F92B64E600_0, 0;
T_7.13 ;
    %jmp T_7.12;
T_7.3 ;
    %load/vec4 v000001F92B64EEC0_0;
    %flag_set/vec4 8;
    %jmp/0xz  T_7.16, 8;
    %pushi/vec4 0, 0, 4;
    %assign/vec4 v000001F92B64EA60_0, 0;
    %pushi/vec4 7, 0, 3;
    %assign/vec4 v000001F92B64D5C0_0, 0;
    %jmp T_7.17;
T_7.16 ;
    %load/vec4 v000001F92B64ED80_0;
    %flag_set/vec4 8;
    %jmp/0xz  T_7.18, 8;
    %pushi/vec4 1, 0, 4;
    %assign/vec4 v000001F92B64EA60_0, 0;
    %pushi/vec4 7, 0, 3;
    %assign/vec4 v000001F92B64D5C0_0, 0;
    %pushi/vec4 0, 0, 8;
    %assign/vec4 v000001F92B64E600_0, 0;
    %jmp T_7.19;
T_7.18 ;
    %load/vec4 v000001F92B64E740_0;
    %flag_set/vec4 8;
    %jmp/0xz  T_7.20, 8;
    %load/vec4 v000001F92B64ECE0_0;
    %parti/s 1, 2, 3;
    %ix/load 5, 0, 0;
    %ix/getv 4, v000001F92B64D5C0_0;
    %assign/vec4/off/d v000001F92B64E600_0, 4, 5;
    %load/vec4 v000001F92B64D5C0_0;
    %cmpi/e 0, 0, 3;
    %jmp/0xz  T_7.22, 4;
    %load/vec4 v000001F92B64E600_0;
    %parti/s 7, 1, 2;
    %cmpi/e 50, 0, 7;
    %jmp/0xz  T_7.24, 4;
    %pushi/vec4 1, 0, 1;
    %assign/vec4 v000001F92B64E380_0, 0;
    %jmp T_7.25;
T_7.24 ;
    %pushi/vec4 0, 0, 1;
    %assign/vec4 v000001F92B64E380_0, 0;
T_7.25 ;
    %load/vec4 v000001F92B64ECE0_0;
    %parti/s 1, 2, 3;
    %assign/vec4 v000001F92B64E560_0, 0;
    %pushi/vec4 2, 0, 4;
    %assign/vec4 v000001F92B64EA60_0, 0;
    %pushi/vec4 7, 0, 3;
    %assign/vec4 v000001F92B64D5C0_0, 0;
    %jmp T_7.23;
T_7.22 ;
    %load/vec4 v000001F92B64D5C0_0;
    %subi 1, 0, 3;
    %assign/vec4 v000001F92B64D5C0_0, 0;
T_7.23 ;
T_7.20 ;
T_7.19 ;
T_7.17 ;
    %jmp T_7.12;
T_7.4 ;
    %load/vec4 v000001F92B64EEC0_0;
    %flag_set/vec4 8;
    %jmp/0xz  T_7.26, 8;
    %pushi/vec4 0, 0, 4;
    %assign/vec4 v000001F92B64EA60_0, 0;
    %jmp T_7.27;
T_7.26 ;
    %load/vec4 v000001F92B64E880_0;
    %flag_set/vec4 8;
    %jmp/0xz  T_7.28, 8;
    %load/vec4 v000001F92B64E380_0;
    %flag_set/vec4 8;
    %jmp/0xz  T_7.30, 8;
    %pushi/vec4 3, 0, 4;
    %assign/vec4 v000001F92B64EA60_0, 0;
    %jmp T_7.31;
T_7.30 ;
    %pushi/vec4 0, 0, 4;
    %assign/vec4 v000001F92B64EA60_0, 0;
T_7.31 ;
T_7.28 ;
T_7.27 ;
    %jmp T_7.12;
T_7.5 ;
    %load/vec4 v000001F92B64EEC0_0;
    %flag_set/vec4 8;
    %jmp/0xz  T_7.32, 8;
    %pushi/vec4 0, 0, 4;
    %assign/vec4 v000001F92B64EA60_0, 0;
    %jmp T_7.33;
T_7.32 ;
    %load/vec4 v000001F92B64E880_0;
    %flag_set/vec4 8;
    %jmp/0xz  T_7.34, 8;
    %pushi/vec4 7, 0, 3;
    %assign/vec4 v000001F92B64D5C0_0, 0;
    %load/vec4 v000001F92B64E560_0;
    %flag_set/vec4 8;
    %jmp/0xz  T_7.36, 8;
    %load/vec4 v000001F92B64DA20_0;
    %assign/vec4 v000001F92B64D020_0, 0;
    %pushi/vec4 7, 0, 4;
    %assign/vec4 v000001F92B64EA60_0, 0;
    %jmp T_7.37;
T_7.36 ;
    %pushi/vec4 4, 0, 4;
    %assign/vec4 v000001F92B64EA60_0, 0;
T_7.37 ;
T_7.34 ;
T_7.33 ;
    %jmp T_7.12;
T_7.6 ;
    %load/vec4 v000001F92B64EEC0_0;
    %flag_set/vec4 8;
    %jmp/0xz  T_7.38, 8;
    %pushi/vec4 0, 0, 4;
    %assign/vec4 v000001F92B64EA60_0, 0;
    %pushi/vec4 7, 0, 3;
    %assign/vec4 v000001F92B64D5C0_0, 0;
    %jmp T_7.39;
T_7.38 ;
    %load/vec4 v000001F92B64ED80_0;
    %flag_set/vec4 8;
    %jmp/0xz  T_7.40, 8;
    %pushi/vec4 1, 0, 4;
    %assign/vec4 v000001F92B64EA60_0, 0;
    %pushi/vec4 7, 0, 3;
    %assign/vec4 v000001F92B64D5C0_0, 0;
    %jmp T_7.41;
T_7.40 ;
    %load/vec4 v000001F92B64E740_0;
    %flag_set/vec4 8;
    %jmp/0xz  T_7.42, 8;
    %load/vec4 v000001F92B64ECE0_0;
    %parti/s 1, 2, 3;
    %ix/load 5, 0, 0;
    %ix/getv 4, v000001F92B64D5C0_0;
    %assign/vec4/off/d v000001F92B64D200_0, 4, 5;
    %load/vec4 v000001F92B64D5C0_0;
    %cmpi/e 0, 0, 3;
    %jmp/0xz  T_7.44, 4;
    %load/vec4 v000001F92B64D200_0;
    %parti/s 7, 1, 2;
    %load/vec4 v000001F92B64ECE0_0;
    %parti/s 1, 2, 3;
    %concat/vec4; draw_concat_vec4
    %assign/vec4 v000001F92B64DA20_0, 0;
    %pushi/vec4 1, 0, 1;
    %assign/vec4 v000001F92B64D520_0, 0;
    %load/vec4 v000001F92B64D200_0;
    %parti/s 7, 1, 2;
    %load/vec4 v000001F92B64ECE0_0;
    %parti/s 1, 2, 3;
    %concat/vec4; draw_concat_vec4
    %cmpi/e 170, 0, 8;
    %jmp/0xz  T_7.46, 4;
    %pushi/vec4 1, 0, 1;
    %assign/vec4 v000001F92B64DAC0_0, 0;
    %jmp T_7.47;
T_7.46 ;
    %load/vec4 v000001F92B64D200_0;
    %parti/s 7, 1, 2;
    %load/vec4 v000001F92B64ECE0_0;
    %parti/s 1, 2, 3;
    %concat/vec4; draw_concat_vec4
    %cmpi/e 255, 0, 8;
    %jmp/0xz  T_7.48, 4;
    %pushi/vec4 0, 0, 1;
    %assign/vec4 v000001F92B64DAC0_0, 0;
T_7.48 ;
T_7.47 ;
    %pushi/vec4 5, 0, 4;
    %assign/vec4 v000001F92B64EA60_0, 0;
    %pushi/vec4 7, 0, 3;
    %assign/vec4 v000001F92B64D5C0_0, 0;
    %jmp T_7.45;
T_7.44 ;
    %load/vec4 v000001F92B64D5C0_0;
    %subi 1, 0, 3;
    %assign/vec4 v000001F92B64D5C0_0, 0;
T_7.45 ;
T_7.42 ;
T_7.41 ;
T_7.39 ;
    %jmp T_7.12;
T_7.7 ;
    %load/vec4 v000001F92B64EEC0_0;
    %flag_set/vec4 8;
    %jmp/0xz  T_7.50, 8;
    %pushi/vec4 0, 0, 4;
    %assign/vec4 v000001F92B64EA60_0, 0;
    %jmp T_7.51;
T_7.50 ;
    %load/vec4 v000001F92B64E880_0;
    %flag_set/vec4 8;
    %jmp/0xz  T_7.52, 8;
    %pushi/vec4 6, 0, 4;
    %assign/vec4 v000001F92B64EA60_0, 0;
T_7.52 ;
T_7.51 ;
    %jmp T_7.12;
T_7.8 ;
    %load/vec4 v000001F92B64EEC0_0;
    %flag_set/vec4 8;
    %jmp/0xz  T_7.54, 8;
    %pushi/vec4 0, 0, 4;
    %assign/vec4 v000001F92B64EA60_0, 0;
    %jmp T_7.55;
T_7.54 ;
    %load/vec4 v000001F92B64ED80_0;
    %flag_set/vec4 8;
    %jmp/0xz  T_7.56, 8;
    %pushi/vec4 1, 0, 4;
    %assign/vec4 v000001F92B64EA60_0, 0;
    %pushi/vec4 7, 0, 3;
    %assign/vec4 v000001F92B64D5C0_0, 0;
    %jmp T_7.57;
T_7.56 ;
    %load/vec4 v000001F92B64E880_0;
    %flag_set/vec4 8;
    %jmp/0xz  T_7.58, 8;
    %pushi/vec4 4, 0, 4;
    %assign/vec4 v000001F92B64EA60_0, 0;
    %pushi/vec4 7, 0, 3;
    %assign/vec4 v000001F92B64D5C0_0, 0;
T_7.58 ;
T_7.57 ;
T_7.55 ;
    %jmp T_7.12;
T_7.9 ;
    %load/vec4 v000001F92B64EEC0_0;
    %flag_set/vec4 8;
    %jmp/0xz  T_7.60, 8;
    %pushi/vec4 0, 0, 4;
    %assign/vec4 v000001F92B64EA60_0, 0;
    %jmp T_7.61;
T_7.60 ;
    %load/vec4 v000001F92B64ED80_0;
    %flag_set/vec4 8;
    %jmp/0xz  T_7.62, 8;
    %pushi/vec4 1, 0, 4;
    %assign/vec4 v000001F92B64EA60_0, 0;
    %pushi/vec4 7, 0, 3;
    %assign/vec4 v000001F92B64D5C0_0, 0;
    %jmp T_7.63;
T_7.62 ;
    %load/vec4 v000001F92B64E880_0;
    %flag_set/vec4 8;
    %jmp/0xz  T_7.64, 8;
    %load/vec4 v000001F92B64D5C0_0;
    %cmpi/e 0, 0, 3;
    %jmp/0xz  T_7.66, 4;
    %pushi/vec4 8, 0, 4;
    %assign/vec4 v000001F92B64EA60_0, 0;
    %pushi/vec4 7, 0, 3;
    %assign/vec4 v000001F92B64D5C0_0, 0;
    %jmp T_7.67;
T_7.66 ;
    %load/vec4 v000001F92B64D020_0;
    %parti/s 7, 0, 2;
    %concati/vec4 0, 0, 1;
    %assign/vec4 v000001F92B64D020_0, 0;
    %load/vec4 v000001F92B64D5C0_0;
    %subi 1, 0, 3;
    %assign/vec4 v000001F92B64D5C0_0, 0;
T_7.67 ;
T_7.64 ;
T_7.63 ;
T_7.61 ;
    %jmp T_7.12;
T_7.10 ;
    %load/vec4 v000001F92B64EEC0_0;
    %flag_set/vec4 8;
    %jmp/0xz  T_7.68, 8;
    %pushi/vec4 0, 0, 4;
    %assign/vec4 v000001F92B64EA60_0, 0;
    %jmp T_7.69;
T_7.68 ;
    %load/vec4 v000001F92B64ED80_0;
    %flag_set/vec4 8;
    %jmp/0xz  T_7.70, 8;
    %pushi/vec4 1, 0, 4;
    %assign/vec4 v000001F92B64EA60_0, 0;
    %pushi/vec4 7, 0, 3;
    %assign/vec4 v000001F92B64D5C0_0, 0;
    %jmp T_7.71;
T_7.70 ;
    %load/vec4 v000001F92B64E740_0;
    %flag_set/vec4 8;
    %jmp/0xz  T_7.72, 8;
    %load/vec4 v000001F92B64ECE0_0;
    %parti/s 1, 2, 3;
    %cmpi/e 0, 0, 1;
    %jmp/0xz  T_7.74, 4;
    %load/vec4 v000001F92B64DA20_0;
    %assign/vec4 v000001F92B64D020_0, 0;
    %pushi/vec4 7, 0, 3;
    %assign/vec4 v000001F92B64D5C0_0, 0;
    %pushi/vec4 7, 0, 4;
    %assign/vec4 v000001F92B64EA60_0, 0;
    %jmp T_7.75;
T_7.74 ;
    %pushi/vec4 0, 0, 4;
    %assign/vec4 v000001F92B64EA60_0, 0;
T_7.75 ;
T_7.72 ;
T_7.71 ;
T_7.69 ;
    %jmp T_7.12;
T_7.12 ;
    %pop/vec4 1;
T_7.1 ;
    %jmp T_7;
    .thread T_7;
    .scope S_000001F92B667640;
T_8 ;
    %pushi/vec4 0, 0, 1;
    %store/vec4 v000001F92B884E90_0, 0, 1;
T_8.0 ;
    %delay 10000, 0;
    %load/vec4 v000001F92B884E90_0;
    %inv;
    %store/vec4 v000001F92B884E90_0, 0, 1;
    %jmp T_8.0;
T_8.1 ;
    %end;
    .thread T_8;
    .scope S_000001F92B667640;
T_9 ;
    %vpi_call 2 143 "$dumpfile", "i2c_tb.vcd" {0 0 0};
    %vpi_call 2 145 "$dumpvars", 32'sb00000000000000000000000000000000, S_000001F92B667640 {0 0 0};
    %pushi/vec4 1, 0, 1;
    %store/vec4 v000001F92B885890_0, 0, 1;
    %pushi/vec4 0, 0, 1;
    %store/vec4 v000001F92B885070_0, 0, 1;
    %pushi/vec4 1, 0, 1;
    %store/vec4 v000001F92B8845D0_0, 0, 1;
    %pushi/vec4 0, 0, 1;
    %store/vec4 v000001F92B885B10_0, 0, 1;
    %vpi_call 2 159 "$display", "\000" {0 0 0};
    %vpi_call 2 160 "$display", "======================================================" {0 0 0};
    %vpi_call 2 161 "$display", "             I2C SLAVE LED TESTBENCH" {0 0 0};
    %vpi_call 2 162 "$display", "======================================================" {0 0 0};
    %vpi_call 2 169 "$display", "[TEST] Applying reset..." {0 0 0};
    %delay 200000, 0;
    %pushi/vec4 0, 0, 1;
    %store/vec4 v000001F92B8845D0_0, 0, 1;
    %delay 500000, 0;
    %pushi/vec4 1, 0, 1;
    %store/vec4 v000001F92B885B10_0, 0, 1;
    %delay 500000, 0;
    %vpi_call 2 181 "$display", "[TEST] Reset released." {0 0 0};
    %vpi_call 2 182 "$display", "\000" {0 0 0};
    %vpi_call 2 189 "$display", "----------------------------------------------" {0 0 0};
    %vpi_call 2 190 "$display", "TEST 1 : WRITE 0xAA" {0 0 0};
    %vpi_call 2 191 "$display", "Expected : LED ON" {0 0 0};
    %vpi_call 2 192 "$display", "----------------------------------------------" {0 0 0};
    %pushi/vec4 50, 0, 7;
    %store/vec4 v000001F92B63C2E0_0, 0, 7;
    %pushi/vec4 170, 0, 8;
    %store/vec4 v000001F92B63B520_0, 0, 8;
    %fork TD_tb.i2c_write, S_000001F92B5CCC60;
    %join;
    %delay 2000000, 0;
    %load/vec4 v000001F92B8857F0_0;
    %cmpi/e 1, 0, 1;
    %jmp/0xz  T_9.0, 6;
    %vpi_call 2 202 "$display", "[PASS] LED turned ON." {0 0 0};
    %jmp T_9.1;
T_9.0 ;
    %vpi_call 2 204 "$display", "[FAIL] LED did not turn ON. LED=%b", v000001F92B8857F0_0 {0 0 0};
T_9.1 ;
    %vpi_call 2 211 "$display", "\000" {0 0 0};
    %vpi_call 2 212 "$display", "----------------------------------------------" {0 0 0};
    %vpi_call 2 213 "$display", "TEST 2 : WRITE 0x55" {0 0 0};
    %vpi_call 2 214 "$display", "Expected : LED remains ON" {0 0 0};
    %vpi_call 2 215 "$display", "----------------------------------------------" {0 0 0};
    %pushi/vec4 50, 0, 7;
    %store/vec4 v000001F92B63C2E0_0, 0, 7;
    %pushi/vec4 85, 0, 8;
    %store/vec4 v000001F92B63B520_0, 0, 8;
    %fork TD_tb.i2c_write, S_000001F92B5CCC60;
    %join;
    %delay 2000000, 0;
    %load/vec4 v000001F92B8857F0_0;
    %cmpi/e 1, 0, 1;
    %jmp/0xz  T_9.2, 6;
    %vpi_call 2 225 "$display", "[PASS] LED remained ON." {0 0 0};
    %jmp T_9.3;
T_9.2 ;
    %vpi_call 2 227 "$display", "[FAIL] LED changed unexpectedly. LED=%b", v000001F92B8857F0_0 {0 0 0};
T_9.3 ;
    %vpi_call 2 234 "$display", "\000" {0 0 0};
    %vpi_call 2 235 "$display", "----------------------------------------------" {0 0 0};
    %vpi_call 2 236 "$display", "TEST 3 : WRITE 0xFF" {0 0 0};
    %vpi_call 2 237 "$display", "Expected : LED OFF" {0 0 0};
    %vpi_call 2 238 "$display", "----------------------------------------------" {0 0 0};
    %pushi/vec4 50, 0, 7;
    %store/vec4 v000001F92B63C2E0_0, 0, 7;
    %pushi/vec4 255, 0, 8;
    %store/vec4 v000001F92B63B520_0, 0, 8;
    %fork TD_tb.i2c_write, S_000001F92B5CCC60;
    %join;
    %delay 2000000, 0;
    %load/vec4 v000001F92B8857F0_0;
    %cmpi/e 0, 0, 1;
    %jmp/0xz  T_9.4, 6;
    %vpi_call 2 248 "$display", "[PASS] LED turned OFF." {0 0 0};
    %jmp T_9.5;
T_9.4 ;
    %vpi_call 2 250 "$display", "[FAIL] LED did not turn OFF. LED=%b", v000001F92B8857F0_0 {0 0 0};
T_9.5 ;
    %vpi_call 2 257 "$display", "\000" {0 0 0};
    %vpi_call 2 258 "$display", "----------------------------------------------" {0 0 0};
    %vpi_call 2 259 "$display", "TEST 4 : WRITE 0xAA AGAIN" {0 0 0};
    %vpi_call 2 260 "$display", "Expected : LED ON" {0 0 0};
    %vpi_call 2 261 "$display", "----------------------------------------------" {0 0 0};
    %pushi/vec4 50, 0, 7;
    %store/vec4 v000001F92B63C2E0_0, 0, 7;
    %pushi/vec4 170, 0, 8;
    %store/vec4 v000001F92B63B520_0, 0, 8;
    %fork TD_tb.i2c_write, S_000001F92B5CCC60;
    %join;
    %delay 2000000, 0;
    %load/vec4 v000001F92B8857F0_0;
    %cmpi/e 1, 0, 1;
    %jmp/0xz  T_9.6, 6;
    %vpi_call 2 271 "$display", "[PASS] LED turned ON again." {0 0 0};
    %jmp T_9.7;
T_9.6 ;
    %vpi_call 2 273 "$display", "[FAIL] LED did not turn ON again. LED=%b", v000001F92B8857F0_0 {0 0 0};
T_9.7 ;
    %vpi_call 2 280 "$display", "\000" {0 0 0};
    %vpi_call 2 281 "$display", "----------------------------------------------" {0 0 0};
    %vpi_call 2 282 "$display", "TEST 5 : WRONG SLAVE ADDRESS" {0 0 0};
    %vpi_call 2 283 "$display", "Expected : LED unchanged" {0 0 0};
    %vpi_call 2 284 "$display", "----------------------------------------------" {0 0 0};
    %pushi/vec4 24, 0, 7;
    %store/vec4 v000001F92B63C2E0_0, 0, 7;
    %pushi/vec4 255, 0, 8;
    %store/vec4 v000001F92B63B520_0, 0, 8;
    %fork TD_tb.i2c_write, S_000001F92B5CCC60;
    %join;
    %delay 2000000, 0;
    %load/vec4 v000001F92B8857F0_0;
    %cmpi/e 1, 0, 1;
    %jmp/0xz  T_9.8, 6;
    %vpi_call 2 294 "$display", "[PASS] Wrong address ignored." {0 0 0};
    %jmp T_9.9;
T_9.8 ;
    %vpi_call 2 296 "$display", "[FAIL] Wrong address changed LED. LED=%b", v000001F92B8857F0_0 {0 0 0};
T_9.9 ;
    %vpi_call 2 303 "$display", "\000" {0 0 0};
    %vpi_call 2 304 "$display", "======================================================" {0 0 0};
    %vpi_call 2 305 "$display", "             ALL I2C TESTS COMPLETE" {0 0 0};
    %vpi_call 2 306 "$display", "======================================================" {0 0 0};
    %vpi_call 2 307 "$display", "\000" {0 0 0};
    %delay 5000000, 0;
    %vpi_call 2 311 "$finish" {0 0 0};
    %end;
    .thread T_9;
# The file index is used to find the file name in the following table.
:file_names 4;
    "N/A";
    "<interactive>";
    "../../sim/tb_top.vt";
    "../../src/top";
