


MINPLACER FLOW STARTS Thu Aug 27 12:34:57 2026
PARRAY=32x32
TILE_SIZE=1,1
MODULE_NAME=top
GRANDITER=-1
FLOW_STRING=eflxexp1500
COMMIT_NLEDIT_IMMEDIATELY=1
USE_NMAX=0
USE_FINDER=1
USE_RTABLE=0
LATENCY_AWARE=1
HAS_PPP=0
FAIL_AS_CRASH=0
RUNTIME_LIMITED=1
MAX_CPU=4 (16 16 4)
REPORT_HOLD=1
IGNORE_REGION=0
IGNORE_REGION_AFTER_WL=0
VERIFY=0
[                                                  ][    1] Running placer flow EXP (version=1500).
[                                                  ][    1] Start 4 jobs with MAX_CPU=4, POOLSIZE=4 and requested_winning_jobs=1.
[                                                  ][    1] Running placer flow WLTD (666).
[              minplacer\00003_pa03_00001_character][    1] Step character
[              minplacer\00003_pa03_00001_character][    1] Step MinPlacerChar minplacer_skip_dont_place=0 do_shortfd=0 do_shortfd_aggressive=0 do_precomb=0 do_precomb_aggressive=0 do_chain_to_tree=0 do_used_rbb_vacan=0 do_rep=1 do_reloc=0 do_repack=0 do_swabsorb=0 do_rplan=1
[              minplacer\00003_pa03_00001_character][    1] RbbUsage=10 PrePlaceTiming=34638.
[                  minplacer\00003_pa03_00002_setup][    1] Step setup
[                  minplacer\00003_pa03_00002_setup][    2] Step setup ends.
[                     minplacer\00003_pa03_00003_wl][    2] Step wl
[                     minplacer\00003_pa03_00003_wl][    9] Step wl returns 0. (timing=4981 cg=0)
[                     minplacer\00003_pa03_00003_wl][    9] Updating timing 4981 vs 2147483647.
[                 minplacer\00003_pa03_00004_repopt][    9] Step repopt
[                 minplacer\00003_pa03_00004_repopt][   20] Step repopt returns 0. (timing=4981 cg=0)
[                 minplacer\00003_pa03_00004_repopt][   20] Step has no netlist change.
[                   minplacer\00003_pa03_00005_post][   20] Step post
[                   minplacer\00003_pa03_00005_post][   30] Step post returns 0. (timing=7621R cg=0)
[                   minplacer\00003_pa03_00005_post][   30] Updating timing 7621R vs 4981.
[                  minplacer\00003_pa03_00006_rplan][   30] Step rplan
[                  minplacer\00003_pa03_00006_rplan][   40] Step rplan returns 0. (timing=7621R cg=50)
[                  minplacer\00003_pa03_00006_rplan][   40] Updating timing 7621R vs 7621R.
[                                                  ][   40] Running placer flow WLTD ends with TRUE.
[                  minplacer\00003_pa03_00006_rplan][   40] Placer job(3) finished okay with timing=7621.
[                                                  ][    1] Running placer flow WLTD (666).
[              minplacer\00000_pa00_00001_character][    1] Step character
[              minplacer\00000_pa00_00001_character][    1] Step MinPlacerChar minplacer_skip_dont_place=0 do_shortfd=0 do_shortfd_aggressive=0 do_precomb=0 do_precomb_aggressive=0 do_chain_to_tree=0 do_used_rbb_vacan=0 do_rep=1 do_reloc=0 do_repack=0 do_swabsorb=0 do_rplan=1
[              minplacer\00000_pa00_00001_character][    1] RbbUsage=10 PrePlaceTiming=34638.
[                  minplacer\00000_pa00_00002_setup][    1] Step setup
[                  minplacer\00000_pa00_00002_setup][    3] Step setup ends.
[                     minplacer\00000_pa00_00003_wl][    3] Step wl
[                     minplacer\00000_pa00_00003_wl][   14] Step wl returns 0. (timing=4876 cg=0)
[                     minplacer\00000_pa00_00003_wl][   14] Updating timing 4876 vs 2147483647.
[                 minplacer\00000_pa00_00004_repopt][   14] Step repopt
[                 minplacer\00000_pa00_00004_repopt][   25] Step repopt returns 0. (timing=4876 cg=0)
[                 minplacer\00000_pa00_00004_repopt][   25] Step has no netlist change.
[                   minplacer\00000_pa00_00005_post][   25] Step post
[                   minplacer\00000_pa00_00005_post][   35] Step post returns 0. (timing=7966R cg=0)
[                   minplacer\00000_pa00_00005_post][   35] Updating timing 7966R vs 4876.
[                  minplacer\00000_pa00_00006_rplan][   35] Step rplan
[                  minplacer\00000_pa00_00006_rplan][   45] Step rplan returns 0. (timing=7966R cg=50)
[                  minplacer\00000_pa00_00006_rplan][   45] Updating timing 7966R vs 7966R.
[                                                  ][   45] Running placer flow WLTD ends with TRUE.
[                  minplacer\00000_pa00_00006_rplan][   45] Placer job(0) finished okay with timing=7966.
[                                                  ][    1] Running placer flow WLTD (666).
[              minplacer\00002_pa02_00001_character][    1] Step character
[              minplacer\00002_pa02_00001_character][    1] Step MinPlacerChar minplacer_skip_dont_place=0 do_shortfd=0 do_shortfd_aggressive=0 do_precomb=0 do_precomb_aggressive=0 do_chain_to_tree=0 do_used_rbb_vacan=0 do_rep=1 do_reloc=0 do_repack=0 do_swabsorb=0 do_rplan=1
[              minplacer\00002_pa02_00001_character][    1] RbbUsage=10 PrePlaceTiming=34638.
[                  minplacer\00002_pa02_00002_setup][    1] Step setup
[                  minplacer\00002_pa02_00002_setup][    4] Step setup ends.
[                     minplacer\00002_pa02_00003_wl][    4] Step wl
[                     minplacer\00002_pa02_00003_wl][   14] Step wl returns 0. (timing=4999 cg=0)
[                     minplacer\00002_pa02_00003_wl][   14] Updating timing 4999 vs 2147483647.
[                 minplacer\00002_pa02_00004_repopt][   14] Step repopt
[                 minplacer\00002_pa02_00004_repopt][   25] Step repopt returns 0. (timing=4999 cg=0)
[                 minplacer\00002_pa02_00004_repopt][   25] Step has no netlist change.
[                   minplacer\00002_pa02_00005_post][   25] Step post
[                   minplacer\00002_pa02_00005_post][   35] Step post returns 0. (timing=7489R cg=0)
[                   minplacer\00002_pa02_00005_post][   35] Updating timing 7489R vs 4999.
[                  minplacer\00002_pa02_00006_rplan][   35] Step rplan
[                  minplacer\00002_pa02_00006_rplan][   45] Step rplan returns 0. (timing=7489R cg=50)
[                  minplacer\00002_pa02_00006_rplan][   45] Updating timing 7489R vs 7489R.
[                                                  ][   45] Running placer flow WLTD ends with TRUE.
[                  minplacer\00002_pa02_00006_rplan][   45] Placer job(2) finished okay with timing=7489.
[                                                  ][    1] Running placer flow WLTD (666).
[              minplacer\00001_pa01_00001_character][    1] Step character
[              minplacer\00001_pa01_00001_character][    1] Step MinPlacerChar minplacer_skip_dont_place=0 do_shortfd=0 do_shortfd_aggressive=0 do_precomb=0 do_precomb_aggressive=0 do_chain_to_tree=0 do_used_rbb_vacan=0 do_rep=1 do_reloc=0 do_repack=0 do_swabsorb=0 do_rplan=1
[              minplacer\00001_pa01_00001_character][    1] RbbUsage=10 PrePlaceTiming=34638.
[                  minplacer\00001_pa01_00002_setup][    1] Step setup
[                  minplacer\00001_pa01_00002_setup][    4] Step setup ends.
[                     minplacer\00001_pa01_00003_wl][    4] Step wl
[                     minplacer\00001_pa01_00003_wl][   18] Step wl returns 0. (timing=4631 cg=0)
[                     minplacer\00001_pa01_00003_wl][   18] Updating timing 4631 vs 2147483647.
[                 minplacer\00001_pa01_00004_repopt][   18] Step repopt
[                 minplacer\00001_pa01_00004_repopt][   28] Step repopt returns 0. (timing=4631 cg=0)
[                 minplacer\00001_pa01_00004_repopt][   28] Step has no netlist change.
[                   minplacer\00001_pa01_00005_post][   28] Step post
[                   minplacer\00001_pa01_00005_post][   38] Step post returns 0. (timing=7794R cg=0)
[                   minplacer\00001_pa01_00005_post][   38] Updating timing 7794R vs 4631.
[                  minplacer\00001_pa01_00006_rplan][   38] Step rplan
[                  minplacer\00001_pa01_00006_rplan][   48] Step rplan returns 0. (timing=7794R cg=50)
[                  minplacer\00001_pa01_00006_rplan][   48] Updating timing 7794R vs 7794R.
[                                                  ][   48] Running placer flow WLTD ends with TRUE.
[                  minplacer\00001_pa01_00006_rplan][   48] Placer job(1) finished okay with timing=7794.
[                                                  ][   49] End 4 jobs with 1 being accepted: [2,expjob_2]=minplacer\00002_pa02_00006_rplan
[                                                  ][   49] End 4 jobs with 3 being abandoned: [3,expjob_3]=minplacer\00003_pa03_00006_rplan [1,expjob_1]=minplacer\00001_pa01_00006_rplan [0,expjob_0]=minplacer\00000_pa00_00006_rplan
[                                                  ][   49] Running placer flow EXP receives (2).
[                  minplacer\00002_pa02_00006_rplan][   49] Updating timing 7489R vs 2147483647.
[                                                  ][   49] Running placer flow EXP ends with [minplacer\00002_pa02_00006_rplan] timing=7489.
[                  minplacer\00002_pa02_00006_rplan][   49] Step readback plc starts.
[                  minplacer\00002_pa02_00006_rplan][   49] Step readback plc ended.
MINPLACER FLOW QORSTAT REP=0 BUF=0 PPP=0 COMB=0 SHORTFD=0 RELOC=0 SWABSORB=0 PREABSORB=0
MINPLACER FLOW ENDS RET=PASS Thu Aug 27 12:35:45 2026
