net 2: (6 6)->(6 6) 0 0 0 0 #timing (209 209) ps polarity 0
net 2: (6 6)->(6 6) 1 0 0 0 #timing (292 295) ps polarity 1
net 2: (6 6)->(6 6) 5 0 0 0 #timing (398 411) ps polarity 0
net 2: (6 6)->(6 23) 13 1 1 0 #timing (1034 901) ps polarity 1
net 2: (6 23)->(6 31) 5 1 0 1 #timing (1508 1355) ps  polarity 0
net 2: (6 31)->(6 31) 1 0 1 1 #timing (1563 1680) ps  polarity 1
net 2: (6 31)->(6 31) 0 0 0 1 #timing (1786 1667) ps  polarity 0
net 3: (13 6)->(12 6) 0 2 0 0 #timing (665 665) ps polarity 1
net 3: (12 6)->(14 4) 1 3 0 0 #timing (851 808) ps polarity 0
net 3: (14 4)->(12 4) 1 2 0 1 #timing (1128 1054) ps  polarity 1
net 3: (12 4)->(12 5) 0 1 0 1 #timing (1161 1252) ps  polarity 0
net 3: (12 4)->(13 5) 0 3 0 1 #timing (1206 1280) ps  polarity 0
net 3: (14 4)->(14 8) 3 4 0 0 #timing (1129 1149) ps polarity 0
net 3: (14 8)->(18 8) 4 5 0 0 #timing (1422 1421) ps polarity 0
net 3: (18 8)->(18 8) 5 0 1 0 #timing (1553 1566) ps polarity 1
net 3: (18 8)->(3 8) 13 2 1 0 #timing (2134 2021) ps polarity 0
net 3: (3 8)->(11 0) 5 3 0 1 #timing (2853 2719) ps  polarity 0
net 3: (11 0)->(11 2) 1 1 0 1 #timing (3078 2917) ps  polarity 0
net 3: (11 2)->(10 2) 0 2 0 1 #timing (3047 3216) ps  polarity 1
net 4: (12 6)->(12 7) 0 1 0 0 #timing (679 679) ps polarity 1
net 4: (12 7)->(12 7) 1 0 0 0 #timing (761 762) ps polarity 0
net 4: (12 7)->(12 3) 3 1 0 0 #timing (1028 983) ps polarity 0
net 4: (12 3)->(8 3) 4 2 0 0 #timing (1288 1229) ps polarity 0
net 4: (8 3)->(10 3) 1 2 0 1 #timing (1486 1502) ps  polarity 1
net 4: (10 3)->(11 3) 0 2 0 1 #timing (1619 1603) ps  polarity 0
net 4: (12 7)->(12 5) 1 1 0 0 #timing (812 796) ps polarity 0
net 4: (12 5)->(8 5) 4 2 0 0 #timing (1038 1061) ps polarity 0
net 4: (8 5)->(10 5) 1 2 0 1 #timing (1308 1246) ps  polarity 1
net 4: (10 5)->(11 4) 0 3 0 1 #timing (1379 1434) ps  polarity 0
net 4: (12 6)->(13 6) 0 2 0 0 #timing (704 704) ps polarity 1
net 4: (13 6)->(13 4) 1 1 0 0 #timing (835 821) ps polarity 0
net 4: (13 4)->(13 4) 1 0 1 1 #timing (1052 1012) ps  polarity 1
net 4: (13 4)->(12 5) 0 3 0 1 #timing (1174 1186) ps  polarity 0
net 5: (13 4)->(13 4) 0 0 0 0 #timing (637 637) ps polarity 1
net 5: (13 4)->(13 4) 1 0 0 0 #timing (709 714) ps polarity 0
net 5: (13 4)->(13 4) 1 0 0 1 #timing (913 885) ps  polarity 1
net 5: (13 4)->(13 4) 0 0 0 1 #timing (1033 1040) ps  polarity 0
net 5: (13 4)->(12 4) 0 2 0 1 #timing (1012 1030) ps  polarity 0
net 5: (13 4)->(13 5) 0 1 0 0 #timing (642 642) ps polarity 1
net 5: (13 5)->(13 5) 1 0 0 0 #timing (722 721) ps polarity 0
net 5: (13 5)->(13 5) 5 0 0 0 #timing (823 840) ps polarity 1
net 5: (13 5)->(5 5) 5 2 0 1 #timing (1187 1202) ps  polarity 0
net 5: (5 5)->(7 7) 1 3 0 1 #timing (1481 1408) ps  polarity 1
net 5: (7 7)->(6 7) 0 2 0 1 #timing (1561 1645) ps  polarity 0
net 6: (12 4)->(12 5) 0 1 0 0 #timing (656 656) ps polarity 1
net 6: (12 5)->(12 5) 1 0 0 0 #timing (738 736) ps polarity 0
net 6: (12 5)->(12 7) 1 1 0 1 #timing (984 936) ps  polarity 1
net 6: (12 7)->(12 6) 0 1 0 1 #timing (1058 1118) ps  polarity 0
net 6: (12 5)->(12 1) 3 1 0 0 #timing (1034 975) ps polarity 0
net 6: (12 1)->(8 1) 4 2 0 0 #timing (1297 1225) ps polarity 0
net 6: (8 1)->(10 3) 1 3 0 1 #timing (1501 1521) ps  polarity 1
net 6: (10 3)->(11 2) 0 3 0 1 #timing (1667 1654) ps  polarity 0
net 7: (10 6)->(10 6) 0 0 0 0 #timing (704 704) ps polarity 1
net 7: (10 6)->(10 4) 1 1 0 0 #timing (823 812) ps polarity 0
net 7: (10 4)->(10 4) 1 0 0 1 #timing (1042 1003) ps  polarity 1
net 7: (10 4)->(10 5) 0 1 0 1 #timing (1099 1139) ps  polarity 0
net 7: (10 6)->(11 7) 0 3 0 0 #timing (677 677) ps polarity 1
net 7: (11 7)->(11 5) 1 1 0 0 #timing (814 802) ps polarity 0
net 7: (11 5)->(11 1) 3 1 0 1 #timing (1302 1167) ps  polarity 0
net 7: (11 1)->(11 1) 1 0 0 1 #timing (1396 1267) ps  polarity 1
net 7: (11 1)->(10 1) 0 2 0 1 #timing (1399 1516) ps  polarity 0
net 8: (11 4)->(10 4) 0 2 0 0 #timing (643 643) ps polarity 1
net 8: (10 4)->(10 6) 1 1 0 0 #timing (754 748) ps polarity 0
net 8: (10 6)->(10 4) 1 1 0 1 #timing (1024 979) ps  polarity 1
net 8: (10 4)->(10 4) 0 0 0 1 #timing (1121 1171) ps  polarity 0
net 8: (10 4)->(11 4) 0 2 0 1 #timing (1087 1152) ps  polarity 0
net 8: (11 4)->(10 5) 0 3 0 0 #timing (653 653) ps polarity 1
net 8: (10 5)->(10 5) 1 0 0 0 #timing (739 740) ps polarity 0
net 8: (10 5)->(10 1) 3 1 0 0 #timing (1063 993) ps polarity 0
net 8: (10 1)->(10 3) 1 1 0 1 #timing (1328 1205) ps  polarity 1
net 8: (10 3)->(10 3) 0 0 0 1 #timing (1352 1476) ps  polarity 0
net 9: (10 4)->(10 5) 0 1 0 0 #timing (656 656) ps polarity 1
net 9: (10 5)->(8 7) 1 3 0 0 #timing (805 780) ps polarity 0
net 9: (8 7)->(10 5) 1 3 0 1 #timing (1085 1025) ps  polarity 1
net 9: (10 5)->(10 5) 0 0 0 1 #timing (1197 1248) ps  polarity 0
net 9: (10 5)->(10 4) 0 1 0 1 #timing (1228 1260) ps  polarity 0
net 9: (10 4)->(11 4) 0 2 0 0 #timing (658 658) ps polarity 1
net 9: (11 4)->(11 6) 1 1 0 0 #timing (771 763) ps polarity 0
net 9: (11 6)->(11 2) 3 1 0 0 #timing (1065 1042) ps polarity 0
net 9: (11 2)->(11 0) 1 1 0 1 #timing (1326 1253) ps  polarity 1
net 9: (11 0)->(10 1) 0 3 0 1 #timing (1407 1476) ps  polarity 0
net 10: (11 2)->(11 2) 0 0 0 0 #timing (162 162) ps polarity 1
net 10: (11 2)->(11 2) 1 0 0 0 #timing (237 240) ps polarity 0
net 10: (11 2)->(11 2) 1 0 1 1 #timing (440 411) ps  polarity 1
net 10: (11 2)->(11 3) 0 1 0 1 #timing (558 566) ps  polarity 0
net 10: (11 2)->(10 3) 0 3 0 1 #timing (555 563) ps  polarity 0
net 10: (11 2)->(10 3) 0 3 0 0 #timing (188 188) ps polarity 1
net 10: (10 3)->(8 3) 1 2 0 0 #timing (331 308) ps polarity 0
net 10: (8 3)->(8 3) 1 0 1 1 #timing (543 495) ps  polarity 1
net 10: (8 3)->(8 3) 0 0 0 1 #timing (603 648) ps  polarity 0
net 11: (11 3)->(11 3) 0 0 0 0 #timing (686 686) ps polarity 1
net 11: (11 3)->(11 3) 1 0 0 0 #timing (759 765) ps polarity 0
net 11: (11 3)->(11 3) 1 0 0 1 #timing (962 936) ps  polarity 1
net 11: (11 3)->(11 3) 0 0 0 1 #timing (1037 1064) ps  polarity 0
net 11: (11 3)->(10 2) 0 3 0 0 #timing (702 702) ps polarity 1
net 11: (10 2)->(10 2) 1 0 0 0 #timing (794 794) ps polarity 0
net 11: (10 2)->(10 2) 1 0 0 1 #timing (998 965) ps  polarity 1
net 11: (10 2)->(10 3) 0 1 0 1 #timing (1084 1109) ps  polarity 0
net 11: (10 2)->(8 0) 1 3 0 1 #timing (1053 1002) ps  polarity 1
net 11: (8 0)->(8 1) 0 1 0 1 #timing (1133 1193) ps  polarity 0
net 12: (10 1)->(10 1) 0 0 0 0 #timing (680 680) ps polarity 1
net 12: (10 1)->(8 1) 1 2 0 0 #timing (793 786) ps polarity 0
net 12: (8 1)->(8 1) 1 0 0 1 #timing (1012 981) ps  polarity 1
net 12: (8 1)->(8 1) 0 0 0 1 #timing (1141 1146) ps  polarity 0
net 12: (10 1)->(11 1) 0 2 0 0 #timing (688 688) ps polarity 1
net 12: (11 1)->(11 1) 1 0 0 0 #timing (767 763) ps polarity 0
net 12: (11 1)->(11 1) 1 0 1 1 #timing (970 933) ps  polarity 1
net 12: (11 1)->(11 1) 0 0 0 1 #timing (1046 1079) ps  polarity 0
net 13: (11 1)->(11 1) 0 0 0 0 #timing (762 762) ps polarity 1
net 13: (11 1)->(11 3) 1 1 0 0 #timing (867 858) ps polarity 0
net 13: (11 3)->(11 3) 1 0 1 1 #timing (1091 1058) ps  polarity 1
net 13: (11 3)->(10 3) 0 2 0 1 #timing (1181 1205) ps  polarity 0
net 13: (11 1)->(10 1) 0 2 0 0 #timing (712 712) ps polarity 1
net 13: (10 1)->(10 1) 1 0 0 0 #timing (792 795) ps polarity 0
net 13: (10 1)->(10 5) 3 1 0 0 #timing (1122 1049) ps polarity 0
net 13: (10 5)->(8 5) 1 2 0 1 #timing (1352 1239) ps  polarity 1
net 13: (8 5)->(9 4) 0 3 0 1 #timing (1372 1477) ps  polarity 0
net 13: (11 1)->(10 0) 0 3 0 0 #timing (723 723) ps polarity 1
net 13: (10 0)->(10 2) 1 1 0 0 #timing (841 834) ps polarity 0
net 13: (10 2)->(10 2) 1 0 1 1 #timing (1064 1035) ps  polarity 1
net 13: (10 2)->(11 3) 0 3 0 1 #timing (1154 1174) ps  polarity 0
net 18: (4 31)->(4 31) 0 0 0 0 #timing (0 0) ps polarity 1
net 18: (4 31)->(6 29) 1 3 0 0 #timing (167 134) ps polarity 0
net 18: (6 29)->(6 29) 5 0 1 0 #timing (260 341) ps polarity 1
net 18: (6 29)->(6 12) 13 1 1 0 #timing (1012 799) ps polarity 0
net 18: (6 12)->(6 12) 5 0 0 1 #timing (1275 1076) ps  polarity 0
net 18: (6 12)->(6 8) 3 1 0 1 #timing (1669 1386) ps  polarity 1
net 18: (6 8)->(6 8) 1 0 1 1 #timing (1768 1490) ps  polarity 0
net 18: (6 8)->(6 9) 0 1 0 1 #timing (1603 1876) ps  polarity 1
net 19: (22 0)->(22 0) 0 0 0 0 #timing (809 809) ps polarity 1
net 19: (22 0)->(22 0) 1 0 0 0 #timing (895 898) ps polarity 0
net 19: (22 0)->(18 0) 4 2 0 0 #timing (1230 1168) ps polarity 0
net 19: (18 0)->(14 0) 4 5 0 1 #timing (1655 1512) ps  polarity 0
net 19: (14 0)->(14 4) 3 1 0 1 #timing (1981 1772) ps  polarity 0
net 19: (14 4)->(14 6) 1 1 0 1 #timing (2125 1908) ps  polarity 1
net 19: (14 6)->(14 6) 0 0 0 1 #timing (2045 2265) ps  polarity 0
net 20: (15 6)->(14 6) 0 2 0 0 #timing (665 665) ps polarity 1
net 20: (14 6)->(12 4) 1 3 0 0 #timing (844 803) ps polarity 0
net 20: (12 4)->(12 4) 1 0 0 1 #timing (1077 1015) ps  polarity 1
net 20: (12 4)->(13 4) 0 2 0 1 #timing (1136 1189) ps  polarity 0
net 20: (15 6)->(14 7) 0 3 0 0 #timing (675 675) ps polarity 1
net 20: (14 7)->(14 7) 1 0 0 0 #timing (762 762) ps polarity 0
net 20: (14 7)->(14 7) 5 0 0 0 #timing (864 880) ps polarity 1
net 20: (14 7)->(6 7) 5 2 0 1 #timing (1247 1255) ps  polarity 0
net 20: (6 7)->(6 7) 1 0 1 1 #timing (1455 1415) ps  polarity 1
net 20: (6 7)->(6 7) 0 0 0 1 #timing (1577 1589) ps  polarity 0
net 21: (9 0)->(9 0) 0 0 0 0 #timing (767 767) ps polarity 1
net 21: (9 0)->(11 2) 1 3 0 0 #timing (949 915) ps polarity 0
net 21: (11 2)->(11 6) 3 1 0 0 #timing (1291 1296) ps polarity 0
net 21: (11 6)->(15 6) 4 2 0 0 #timing (1634 1597) ps polarity 0
net 21: (15 6)->(15 4) 1 1 0 1 #timing (1843 1840) ps  polarity 1
net 21: (15 4)->(15 5) 0 1 0 1 #timing (1980 1989) ps  polarity 0
net 23: (17 5)->(17 5) 0 0 0 0 #timing (182 182) ps polarity 1
net 23: (17 5)->(19 7) 1 3 0 0 #timing (351 319) ps polarity 0
net 23: (19 7)->(19 3) 3 1 0 0 #timing (620 649) ps polarity 0
net 23: (19 3)->(23 3) 4 2 0 0 #timing (915 931) ps polarity 0
net 23: (23 3)->(23 1) 1 1 0 1 #timing (1175 1120) ps  polarity 1
net 23: (23 1)->(23 0) 0 1 0 1 #timing (1234 1302) ps  polarity 0
net 24: (10 0)->(11 0) 0 2 0 0 #timing (844 844) ps polarity 0
net 24: (11 0)->(9 2) 1 3 0 0 #timing (995 976) ps polarity 1
net 24: (9 2)->(9 6) 3 1 0 1 #timing (1473 1372) ps  polarity 1
net 24: (9 6)->(11 6) 1 2 0 1 #timing (1670 1542) ps  polarity 0
net 24: (11 6)->(10 6) 0 2 0 1 #timing (1699 1849) ps  polarity 1
net 27: (17 5)->(17 4) 0 1 0 0 #timing (157 157) ps polarity 1
net 27: (17 4)->(17 4) 1 0 0 0 #timing (236 237) ps polarity 0
net 27: (17 4)->(17 4) 1 0 0 1 #timing (440 409) ps  polarity 1
net 27: (17 4)->(16 5) 0 3 0 1 #timing (570 573) ps  polarity 0
net 31: (11 6)->(11 6) 0 0 0 0 #timing (661 661) ps polarity 1
net 31: (11 6)->(11 6) 1 0 0 0 #timing (733 739) ps polarity 0
net 31: (11 6)->(11 4) 1 1 0 1 #timing (980 941) ps  polarity 1
net 31: (11 4)->(11 5) 0 1 0 1 #timing (1087 1126) ps  polarity 0
net 31: (11 6)->(7 6) 4 5 0 0 #timing (1110 1036) ps polarity 0
net 31: (7 6)->(7 4) 1 1 0 1 #timing (1281 1317) ps  polarity 1
net 31: (7 4)->(7 5) 0 1 0 1 #timing (1444 1417) ps  polarity 0
net 32: (9 6)->(8 7) 0 3 0 0 #timing (732 733) ps polarity 1
net 32: (8 7)->(10 7) 1 2 0 0 #timing (883 861) ps polarity 0
net 32: (10 7)->(6 7) 4 5 0 0 #timing (1219 1198) ps polarity 0
net 32: (6 7)->(6 5) 1 1 0 1 #timing (1450 1430) ps  polarity 1
net 32: (6 5)->(7 5) 0 2 0 1 #timing (1562 1600) ps  polarity 0
net 34: (14 5)->(14 5) 0 0 0 0 #timing (155 155) ps polarity 0
net 34: (14 5)->(14 7) 1 1 0 0 #timing (259 254) ps polarity 1
net 34: (14 7)->(14 3) 3 1 0 0 #timing (539 514) ps polarity 1
net 34: (14 3)->(14 3) 5 0 0 0 #timing (662 649) ps polarity 0
net 34: (14 3)->(6 3) 5 2 0 1 #timing (1083 1053) ps  polarity 1
net 34: (6 3)->(6 1) 1 1 0 1 #timing (1301 1285) ps  polarity 0
net 34: (6 1)->(7 1) 0 2 0 1 #timing (1411 1438) ps  polarity 1
net 34: (14 5)->(14 4) 0 1 0 0 #timing (161 161) ps polarity 0
net 34: (14 4)->(12 4) 1 2 0 0 #timing (293 275) ps polarity 1
net 34: (12 4)->(14 4) 1 2 0 1 #timing (579 519) ps  polarity 0
net 34: (14 4)->(14 5) 0 1 0 1 #timing (632 715) ps  polarity 1
net 34: (12 4)->(8 4) 4 2 0 0 #timing (555 574) ps polarity 1
net 34: (8 4)->(8 6) 1 1 0 1 #timing (816 763) ps  polarity 0
net 34: (8 6)->(9 6) 0 2 0 1 #timing (877 949) ps  polarity 1
net 34: (8 4)->(10 6) 1 3 0 1 #timing (848 779) ps  polarity 0
net 34: (10 6)->(10 6) 0 0 0 1 #timing (900 985) ps  polarity 1
net 34: (8 4)->(4 4) 4 5 0 1 #timing (891 875) ps  polarity 1
net 34: (4 4)->(6 6) 1 3 0 1 #timing (1143 1085) ps  polarity 0
net 34: (6 6)->(7 6) 0 2 0 1 #timing (1240 1326) ps  polarity 1
net 35: (8 6)->(8 7) 0 1 0 0 #timing (696 696) ps polarity 1
net 35: (8 7)->(10 5) 1 3 0 0 #timing (867 840) ps polarity 0
net 35: (10 5)->(10 5) 1 0 1 1 #timing (1098 1050) ps  polarity 1
net 35: (10 5)->(11 5) 0 2 0 1 #timing (1187 1220) ps  polarity 0
net 36: (10 5)->(10 5) 0 0 0 0 #timing (155 155) ps polarity 0
net 36: (10 5)->(10 7) 1 1 0 0 #timing (265 258) ps polarity 1
net 36: (10 7)->(10 7) 1 0 1 1 #timing (488 456) ps  polarity 0
net 36: (10 7)->(11 6) 0 3 0 1 #timing (578 600) ps  polarity 1
net 36: (10 7)->(14 7) 4 2 0 0 #timing (524 535) ps polarity 1
net 36: (14 7)->(14 7) 1 0 1 1 #timing (741 700) ps  polarity 0
net 36: (14 7)->(14 6) 0 1 0 1 #timing (846 866) ps  polarity 1
net 36: (14 7)->(12 5) 1 3 0 1 #timing (801 745) ps  polarity 0
net 36: (12 5)->(13 5) 0 2 0 1 #timing (864 950) ps  polarity 1
net 36: (14 7)->(18 7) 4 5 0 1 #timing (828 798) ps  polarity 1
net 36: (18 7)->(16 7) 1 2 0 1 #timing (1068 998) ps  polarity 0
net 36: (16 7)->(17 6) 0 3 0 1 #timing (1124 1201) ps  polarity 1
net 36: (10 5)->(10 4) 0 1 0 0 #timing (161 162) ps polarity 0
net 36: (10 4)->(10 4) 1 0 0 0 #timing (240 241) ps polarity 1
net 36: (10 4)->(14 4) 4 2 0 0 #timing (498 477) ps polarity 1
net 36: (14 4)->(14 4) 1 0 1 1 #timing (683 674) ps  polarity 0
net 36: (14 4)->(14 4) 0 0 0 1 #timing (801 800) ps  polarity 1
net 36: (14 4)->(15 4) 0 2 0 1 #timing (794 794) ps  polarity 1
net 36: (10 4)->(6 4) 4 5 0 1 #timing (689 598) ps  polarity 1
net 36: (6 4)->(6 4) 1 0 1 1 #timing (879 763) ps  polarity 0
net 36: (6 4)->(7 5) 0 3 0 1 #timing (891 995) ps  polarity 1
net 36: (10 4)->(8 4) 1 2 0 0 #timing (277 266) ps polarity 1
net 36: (8 4)->(12 4) 4 2 0 0 #timing (527 546) ps polarity 1
net 36: (12 4)->(12 4) 1 0 1 1 #timing (751 703) ps  polarity 0
net 36: (12 4)->(12 4) 0 0 0 1 #timing (829 867) ps  polarity 1
net 36: (10 5)->(11 5) 0 2 0 0 #timing (174 174) ps polarity 0
net 36: (11 5)->(11 5) 1 0 0 0 #timing (262 263) ps polarity 1
net 36: (11 5)->(15 5) 4 2 0 0 #timing (561 525) ps polarity 1
net 36: (15 5)->(13 5) 1 2 0 1 #timing (791 773) ps  polarity 0
net 36: (13 5)->(13 4) 0 1 0 1 #timing (909 946) ps  polarity 1
net 36: (13 5)->(12 5) 0 2 0 1 #timing (924 953) ps  polarity 1
net 36: (11 5)->(7 5) 4 5 0 0 #timing (629 561) ps polarity 1
net 36: (7 5)->(7 5) 1 0 0 1 #timing (769 807) ps  polarity 0
net 36: (7 5)->(7 4) 0 1 0 1 #timing (884 854) ps  polarity 1
net 36: (11 5)->(11 7) 1 1 0 0 #timing (302 292) ps polarity 1
net 36: (11 7)->(11 3) 3 1 0 0 #timing (580 558) ps polarity 1
net 36: (11 3)->(7 3) 4 5 0 0 #timing (952 872) ps polarity 1
net 36: (7 3)->(7 3) 1 0 1 1 #timing (1073 1126) ps  polarity 0
net 36: (7 3)->(7 3) 0 0 0 1 #timing (1209 1163) ps  polarity 1
net 36: (7 3)->(6 3) 0 2 0 1 #timing (1206 1161) ps  polarity 1
net 36: (7 3)->(6 2) 0 3 0 1 #timing (1228 1175) ps  polarity 1
net 36: (10 5)->(11 4) 0 3 0 0 #timing (174 174) ps polarity 0
net 36: (11 4)->(11 4) 1 0 0 0 #timing (257 258) ps polarity 1
net 36: (11 4)->(7 4) 4 5 0 0 #timing (612 551) ps polarity 1
net 36: (7 4)->(7 4) 1 0 1 1 #timing (757 789) ps  polarity 0
net 36: (7 4)->(6 4) 0 2 0 1 #timing (862 839) ps  polarity 1
net 36: (11 4)->(9 4) 1 2 0 0 #timing (303 293) ps polarity 1
net 36: (9 4)->(9 4) 1 0 1 1 #timing (529 499) ps  polarity 0
net 36: (9 4)->(9 4) 0 0 0 1 #timing (576 614) ps  polarity 1
net 36: (9 4)->(8 4) 0 2 0 1 #timing (573 612) ps  polarity 1
net 37: (15 6)->(15 6) 0 0 0 0 #timing (184 184) ps polarity 0
net 37: (15 6)->(13 6) 1 2 0 0 #timing (302 293) ps polarity 1
net 37: (13 6)->(13 6) 1 0 1 1 #timing (522 491) ps  polarity 0
net 37: (13 6)->(13 6) 0 0 0 1 #timing (598 626) ps  polarity 1
net 37: (15 6)->(15 7) 0 1 0 0 #timing (193 193) ps polarity 0
net 37: (15 7)->(15 5) 1 1 0 0 #timing (320 307) ps polarity 1
net 37: (15 5)->(15 5) 1 0 1 1 #timing (537 500) ps  polarity 0
net 37: (15 5)->(15 4) 0 1 0 1 #timing (619 647) ps  polarity 1
net 37: (15 5)->(14 5) 0 2 0 1 #timing (633 656) ps  polarity 1
net 37: (15 5)->(14 4) 0 3 0 1 #timing (623 650) ps  polarity 1
net 37: (15 5)->(11 5) 4 2 0 0 #timing (563 571) ps polarity 1
net 37: (11 5)->(11 5) 1 0 1 1 #timing (782 746) ps  polarity 0
net 37: (11 5)->(11 4) 0 1 0 1 #timing (865 893) ps  polarity 1
net 37: (11 5)->(10 5) 0 2 0 1 #timing (879 902) ps  polarity 1
net 37: (11 5)->(10 4) 0 3 0 1 #timing (867 894) ps  polarity 1
net 37: (15 5)->(19 5) 4 5 0 0 #timing (646 627) ps polarity 1
net 37: (19 5)->(17 5) 1 2 0 1 #timing (856 840) ps  polarity 0
net 37: (17 5)->(16 5) 0 2 0 1 #timing (989 1015) ps  polarity 1
net 38: (16 5)->(17 4) 0 3 0 0 #timing (174 174) ps polarity 1
net 38: (17 4)->(19 4) 1 2 0 0 #timing (315 295) ps polarity 0
net 38: (19 4)->(15 4) 4 5 0 0 #timing (573 586) ps polarity 0
net 38: (15 4)->(15 4) 1 0 1 1 #timing (787 748) ps  polarity 1
net 38: (15 4)->(15 4) 0 0 0 1 #timing (894 913) ps  polarity 0
net 38: (15 4)->(14 5) 0 3 0 1 #timing (908 919) ps  polarity 0
net 39: (8 4)->(8 5) 0 1 0 0 #timing (672 672) ps polarity 1
net 39: (8 5)->(8 5) 1 0 0 0 #timing (764 765) ps polarity 0
net 39: (8 5)->(4 5) 4 5 0 1 #timing (1234 1129) ps  polarity 0
net 39: (4 5)->(4 1) 3 1 0 1 #timing (1570 1390) ps  polarity 0
net 39: (4 1)->(6 3) 1 3 0 1 #timing (1753 1547) ps  polarity 1
net 39: (6 3)->(7 3) 0 2 0 1 #timing (1678 1923) ps  polarity 0
net 40: (6 1)->(7 0) 0 3 0 0 #timing (763 763) ps polarity 1
net 40: (7 0)->(5 0) 1 2 0 0 #timing (920 898) ps polarity 0
net 40: (5 0)->(7 2) 1 3 0 1 #timing (1198 1135) ps  polarity 1
net 40: (7 2)->(7 3) 0 1 0 1 #timing (1294 1375) ps  polarity 0
net 41: (6 9)->(6 9) 0 0 0 0 #timing (204 204) ps polarity 0
net 41: (6 9)->(6 11) 1 1 0 0 #timing (322 312) ps polarity 1
net 41: (6 11)->(6 15) 3 1 0 0 #timing (666 614) ps polarity 1
net 41: (6 15)->(6 15) 5 0 0 0 #timing (799 757) ps polarity 0
net 41: (6 15)->(6 30) 13 1 1 0 #timing (1352 1280) ps polarity 1
net 41: (6 30)->(6 30) 5 0 1 1 #timing (1588 1529) ps  polarity 1
net 41: (6 30)->(6 30) 1 0 0 1 #timing (1729 1668) ps  polarity 1
net 41: (6 30)->(6 31) 0 1 0 1 #timing (1784 1839) ps  polarity 0
net 41: (6 11)->(10 11) 4 5 0 0 #timing (609 609) ps polarity 1
net 41: (10 11)->(10 11) 5 0 0 0 #timing (734 749) ps polarity 0
net 41: (10 11)->(10 3) 5 1 0 1 #timing (1085 1103) ps  polarity 1
net 41: (10 3)->(10 1) 1 1 0 1 #timing (1352 1288) ps  polarity 0
net 41: (10 1)->(10 1) 0 0 0 1 #timing (1412 1486) ps  polarity 1
net 41: (6 9)->(6 8) 0 1 0 0 #timing (219 219) ps polarity 0
net 41: (6 8)->(6 8) 1 0 0 0 #timing (312 310) ps polarity 1
net 41: (6 8)->(6 4) 3 4 0 0 #timing (589 545) ps polarity 1
net 41: (6 4)->(10 4) 4 5 0 0 #timing (950 863) ps polarity 1
net 41: (10 4)->(8 6) 1 3 0 1 #timing (1142 1172) ps  polarity 0
net 41: (8 6)->(8 6) 0 0 0 1 #timing (1316 1297) ps  polarity 1
net 41: (6 8)->(10 8) 4 5 0 0 #timing (635 589) ps polarity 1
net 41: (10 8)->(10 8) 5 0 0 0 #timing (762 731) ps polarity 0
net 41: (10 8)->(10 0) 5 1 0 1 #timing (1109 1082) ps  polarity 1
net 41: (10 0)->(10 0) 1 0 1 1 #timing (1290 1279) ps  polarity 0
net 41: (10 0)->(10 0) 0 0 0 1 #timing (1378 1391) ps  polarity 1
net 41: (10 0)->(8 0) 1 2 0 1 #timing (1304 1290) ps  polarity 0
net 41: (8 0)->(9 0) 0 2 0 1 #timing (1418 1430) ps  polarity 1
net 41: (6 8)->(6 8) 5 0 0 0 #timing (413 432) ps polarity 0
net 41: (6 8)->(6 0) 5 1 0 1 #timing (815 825) ps  polarity 1
net 41: (6 0)->(6 0) 1 0 0 1 #timing (1035 989) ps  polarity 0
net 41: (6 0)->(6 1) 0 1 0 1 #timing (1173 1176) ps  polarity 1
net 41: (6 8)->(14 8) 5 2 0 1 #timing (789 799) ps  polarity 1
net 41: (14 8)->(18 8) 4 5 0 1 #timing (1110 1070) ps  polarity 1
net 41: (18 8)->(18 4) 3 4 0 1 #timing (1430 1314) ps  polarity 1
net 41: (18 4)->(16 6) 1 3 0 1 #timing (1606 1467) ps  polarity 0
net 41: (16 6)->(16 6) 0 0 0 1 #timing (1620 1783) ps  polarity 1
net 41: (6 9)->(7 9) 0 2 0 0 #timing (207 207) ps polarity 0
net 41: (7 9)->(7 11) 1 1 0 0 #timing (315 310) ps polarity 1
net 41: (7 11)->(7 7) 3 4 0 0 #timing (643 597) ps polarity 1
net 41: (7 7)->(7 7) 1 0 1 1 #timing (861 781) ps  polarity 0
net 41: (7 7)->(6 6) 0 3 0 1 #timing (923 984) ps  polarity 1
net 41: (7 7)->(11 7) 4 5 0 0 #timing (1012 912) ps polarity 1
net 41: (11 7)->(11 7) 1 0 1 1 #timing (1121 1194) ps  polarity 0
net 41: (11 7)->(10 6) 0 3 0 1 #timing (1334 1243) ps  polarity 1
net 41: (7 7)->(7 7) 5 0 0 0 #timing (777 744) ps polarity 0
net 41: (7 7)->(15 7) 5 2 0 1 #timing (1199 1145) ps  polarity 1
net 41: (15 7)->(15 7) 1 0 1 1 #timing (1370 1384) ps  polarity 0
net 41: (15 7)->(14 6) 0 3 0 1 #timing (1533 1494) ps  polarity 1
net 41: (15 7)->(13 7) 1 2 0 1 #timing (1398 1405) ps  polarity 0
net 41: (13 7)->(12 6) 0 3 0 1 #timing (1566 1554) ps  polarity 1
net 41: (7 9)->(5 9) 1 2 0 0 #timing (339 324) ps polarity 1
net 41: (5 9)->(5 9) 5 0 0 0 #timing (438 485) ps polarity 0
net 41: (5 9)->(5 1) 5 1 0 1 #timing (797 846) ps  polarity 1
net 41: (5 1)->(9 1) 4 5 0 1 #timing (1158 1140) ps  polarity 1
net 41: (9 1)->(9 1) 1 0 1 1 #timing (1348 1306) ps  polarity 0
net 41: (9 1)->(8 1) 0 2 0 1 #timing (1453 1476) ps  polarity 1
net 41: (5 9)->(20 9) 13 2 1 0 #timing (1107 938) ps polarity 1
net 41: (20 9)->(20 1) 5 1 0 1 #timing (1565 1380) ps  polarity 0
net 41: (20 1)->(22 1) 1 2 0 1 #timing (1628 1766) ps  polarity 1
net 41: (22 1)->(22 0) 0 1 0 1 #timing (1886 1767) ps  polarity 0
net 41: (22 1)->(23 0) 0 3 0 1 #timing (1918 1785) ps  polarity 0
net 41: (20 9)->(20 24) 13 1 1 0 #timing (1564 1643) ps polarity 0
net 41: (20 24)->(5 24) 13 2 1 0 #timing (2315 2142) ps polarity 1
net 41: (5 24)->(5 8) 13 1 0 0 #timing (2875 2934) ps polarity 0
net 41: (5 8)->(5 8) 5 0 0 1 #timing (3100 3168) ps  polarity 0
net 41: (5 8)->(5 4) 3 4 0 1 #timing (3519 3488) ps  polarity 1
net 41: (5 4)->(7 6) 1 3 0 1 #timing (3694 3641) ps  polarity 0
net 41: (7 6)->(6 7) 0 3 0 1 #timing (3825 3872) ps  polarity 1
net 44: (15 4)->(14 4) 0 2 0 0 #timing (190 190) ps polarity 0
net 44: (14 4)->(14 6) 1 1 0 0 #timing (300 295) ps polarity 1
net 44: (14 6)->(14 2) 3 1 0 0 #timing (593 568) ps polarity 1
net 44: (14 2)->(10 2) 4 2 0 0 #timing (924 849) ps polarity 1
net 44: (10 2)->(10 0) 1 1 0 1 #timing (1103 1138) ps  polarity 0
net 44: (10 0)->(10 1) 0 1 0 1 #timing (1268 1241) ps  polarity 1
net 44: (14 6)->(14 6) 5 0 0 0 #timing (409 451) ps polarity 0
net 44: (14 6)->(6 6) 5 2 0 1 #timing (793 827) ps  polarity 1
net 44: (6 6)->(6 6) 1 0 1 1 #timing (1028 961) ps  polarity 0
net 44: (6 6)->(6 7) 0 1 0 1 #timing (1150 1172) ps  polarity 1
net 47: (7 4)->(6 5) 0 3 0 0 #timing (673 673) ps polarity 1
net 47: (6 5)->(4 7) 1 3 0 0 #timing (830 808) ps polarity 0
net 47: (4 7)->(6 5) 1 3 0 1 #timing (1176 1103) ps  polarity 1
net 47: (6 5)->(6 4) 0 1 0 1 #timing (1272 1362) ps  polarity 0
net 48: (8 3)->(8 2) 0 1 0 0 #timing (700 700) ps polarity 1
net 48: (8 2)->(10 0) 1 3 0 0 #timing (866 838) ps polarity 0
net 48: (10 0)->(10 4) 3 1 0 0 #timing (1186 1172) ps polarity 0
net 48: (10 4)->(6 4) 4 5 0 0 #timing (1559 1466) ps polarity 0
net 48: (6 4)->(6 4) 1 0 0 1 #timing (1675 1739) ps  polarity 1
net 48: (6 4)->(6 4) 0 0 0 1 #timing (1847 1781) ps  polarity 0
net 49: (7 6)->(7 6) 0 0 0 0 #timing (733 733) ps polarity 1
net 49: (7 6)->(5 4) 1 3 0 0 #timing (886 863) ps polarity 0
net 49: (5 4)->(7 4) 1 2 0 1 #timing (1144 1090) ps  polarity 1
net 49: (7 4)->(7 4) 0 0 0 1 #timing (1245 1285) ps  polarity 0
net 50: (9 4)->(8 4) 0 2 0 0 #timing (677 677) ps polarity 1
net 50: (8 4)->(10 6) 1 3 0 0 #timing (843 816) ps polarity 0
net 50: (10 6)->(6 6) 4 5 0 1 #timing (1365 1248) ps  polarity 0
net 50: (6 6)->(6 4) 1 1 0 1 #timing (1606 1451) ps  polarity 1
net 50: (6 4)->(7 4) 0 2 0 1 #timing (1576 1745) ps  polarity 0
net 52: (15 5)->(14 5) 0 2 0 0 #timing (235 235) ps polarity 1
net 52: (14 5)->(14 5) 1 0 0 0 #timing (317 317) ps polarity 0
net 52: (14 5)->(14 5) 1 0 1 1 #timing (520 487) ps  polarity 1
net 52: (14 5)->(15 4) 0 3 0 1 #timing (617 637) ps  polarity 0
net 52: (14 5)->(18 5) 4 5 0 0 #timing (580 557) ps polarity 0
net 52: (18 5)->(16 5) 1 2 0 1 #timing (810 789) ps  polarity 1
net 52: (16 5)->(17 4) 0 3 0 1 #timing (932 960) ps  polarity 0
net 54: (9 4)->(9 4) 0 0 0 0 #timing (199 199) ps polarity 0
net 54: (9 4)->(11 6) 1 3 0 0 #timing (365 337) ps polarity 1
net 54: (11 6)->(7 6) 4 5 0 1 #timing (894 787) ps  polarity 1
net 54: (7 6)->(7 6) 1 0 0 1 #timing (1088 954) ps  polarity 0
net 54: (7 6)->(6 6) 0 2 0 1 #timing (1086 1208) ps  polarity 1
net 54: (7 6)->(7 2) 3 1 0 1 #timing (1278 1090) ps  polarity 1
net 54: (7 2)->(7 0) 1 1 0 1 #timing (1433 1240) ps  polarity 0
net 54: (7 0)->(6 1) 0 3 0 1 #timing (1333 1546) ps  polarity 1
net 54: (11 6)->(11 6) 5 0 0 0 #timing (468 548) ps polarity 0
net 54: (11 6)->(27 6) 13 2 0 0 #timing (1168 970) ps polarity 1
net 54: (27 6)->(27 6) 5 0 0 1 #timing (1403 1217) ps  polarity 1
net 54: (27 6)->(23 6) 4 5 0 1 #timing (1865 1589) ps  polarity 0
net 54: (23 6)->(23 2) 3 1 0 1 #timing (2306 1924) ps  polarity 0
net 54: (23 2)->(23 0) 1 1 0 1 #timing (2456 2069) ps  polarity 1
net 54: (23 0)->(23 0) 0 0 0 1 #timing (2174 2578) ps  polarity 0
net 55: (6 4)->(7 4) 0 2 0 0 #timing (678 678) ps polarity 1
net 55: (7 4)->(5 6) 1 3 0 0 #timing (837 809) ps polarity 0
net 55: (5 6)->(5 2) 3 1 0 1 #timing (1360 1187) ps  polarity 0
net 55: (5 2)->(7 2) 1 2 0 1 #timing (1506 1323) ps  polarity 1
net 55: (7 2)->(6 2) 0 2 0 1 #timing (1451 1633) ps  polarity 0
net 56: (8 2)->(8 3) 0 1 0 0 #timing (189 189) ps polarity 1
net 56: (8 3)->(10 1) 1 3 0 0 #timing (354 324) ps polarity 0
net 56: (10 1)->(6 1) 4 5 0 1 #timing (860 731) ps  polarity 0
net 56: (6 1)->(6 3) 1 1 0 1 #timing (1093 927) ps  polarity 1
net 56: (6 3)->(6 2) 0 1 0 1 #timing (1051 1228) ps  polarity 0
net 58: (14 4)->(14 4) 0 0 0 0 #timing (649 649) ps polarity 1
net 58: (14 4)->(14 4) 1 0 0 0 #timing (721 727) ps polarity 0
net 58: (14 4)->(10 4) 4 2 0 0 #timing (1013 968) ps polarity 0
net 58: (10 4)->(10 4) 1 0 1 1 #timing (1176 1194) ps  polarity 1
net 58: (10 4)->(11 5) 0 3 0 1 #timing (1336 1300) ps  polarity 0
net 58: (10 4)->(8 4) 1 2 0 1 #timing (1231 1228) ps  polarity 1
net 58: (8 4)->(9 4) 0 2 0 1 #timing (1351 1352) ps  polarity 0
net 58: (14 4)->(15 5) 0 3 0 0 #timing (667 667) ps polarity 1
net 58: (15 5)->(15 7) 1 1 0 0 #timing (791 780) ps polarity 0
net 58: (15 7)->(15 5) 1 1 0 1 #timing (1060 1010) ps  polarity 1
net 58: (15 5)->(15 5) 0 0 0 1 #timing (1133 1197) ps  polarity 0
net 59: (15 5)->(15 5) 0 0 0 0 #timing (156 156) ps polarity 1
net 59: (15 5)->(15 5) 1 0 0 0 #timing (232 235) ps polarity 0
net 59: (15 5)->(11 5) 4 2 0 1 #timing (631 559) ps  polarity 0
net 59: (11 5)->(11 5) 1 0 0 1 #timing (823 726) ps  polarity 1
net 59: (11 5)->(11 5) 0 0 0 1 #timing (852 939) ps  polarity 0
net 59: (11 5)->(9 5) 1 2 0 1 #timing (864 756) ps  polarity 1
net 59: (9 5)->(9 4) 0 1 0 1 #timing (903 1037) ps  polarity 0
net 59: (15 5)->(15 4) 0 1 0 0 #timing (157 157) ps polarity 1
net 59: (15 4)->(13 6) 1 3 0 0 #timing (307 284) ps polarity 0
net 59: (13 6)->(15 6) 1 2 0 1 #timing (610 552) ps  polarity 1
net 59: (15 6)->(14 6) 0 2 0 1 #timing (694 758) ps  polarity 0
net 59: (15 5)->(14 4) 0 3 0 0 #timing (180 180) ps polarity 1
net 59: (14 4)->(12 6) 1 3 0 0 #timing (335 312) ps polarity 0
net 59: (12 6)->(14 4) 1 3 0 1 #timing (673 599) ps  polarity 1
net 59: (14 4)->(15 5) 0 3 0 1 #timing (738 840) ps  polarity 0
net 60: (14 6)->(14 6) 0 0 0 0 #timing (704 704) ps polarity 1
net 60: (14 6)->(14 6) 1 0 0 0 #timing (775 780) ps polarity 0
net 60: (14 6)->(10 6) 4 2 0 0 #timing (1115 1047) ps polarity 0
net 60: (10 6)->(8 4) 1 3 0 1 #timing (1329 1344) ps  polarity 1
net 60: (8 4)->(9 5) 0 3 0 1 #timing (1473 1469) ps  polarity 0
net 60: (14 6)->(14 7) 0 1 0 0 #timing (678 678) ps polarity 1
net 60: (14 7)->(14 5) 1 1 0 0 #timing (811 794) ps polarity 0
net 60: (14 5)->(14 5) 1 0 0 1 #timing (1030 985) ps  polarity 1
net 60: (14 5)->(14 5) 0 0 0 1 #timing (1114 1148) ps  polarity 0
net 60: (14 5)->(15 5) 0 2 0 1 #timing (1121 1151) ps  polarity 0
net 61: (10 2)->(10 2) 0 0 0 0 #timing (163 163) ps polarity 1
net 61: (10 2)->(8 0) 1 3 0 0 #timing (311 287) ps polarity 0
net 61: (8 0)->(8 4) 3 1 0 0 #timing (655 635) ps polarity 0
net 61: (8 4)->(8 4) 1 0 1 1 #timing (863 753) ps 
net 61: (8 4)->(4 4) 4 5 0 0 #timing (1030 936) ps polarity 0
net 61: (4 4)->(6 4) 1 2 0 1 #timing (1167 1227) ps  polarity 1
net 61: (6 4)->(6 5) 0 1 0 1 #timing (1342 1306) ps  polarity 0
net 61: (8 0)->(8 4) 3 1 0 1 #timing (749 639) ps  polarity 0
net 61: (8 4)->(8 4) 1 0 1 1 #timing (863 753) ps  polarity 1
net 61: (8 4)->(8 4) 0 0 0 1 #timing (862 968) ps  polarity 0
net 61: (8 4)->(8 5) 0 1 0 1 #timing (881 979) ps  polarity 0
net 62: (10 3)->(11 3) 0 2 0 0 #timing (738 738) ps polarity 1
net 62: (11 3)->(9 3) 1 2 0 0 #timing (855 849) ps polarity 0
net 62: (9 3)->(9 7) 3 1 0 1 #timing (1301 1208) ps  polarity 0
net 62: (9 7)->(9 7) 1 0 0 1 #timing (1414 1324) ps  polarity 1
net 62: (9 7)->(9 6) 0 1 0 1 #timing (1433 1519) ps  polarity 0
net 62: (9 3)->(5 3) 4 5 0 0 #timing (1166 1167) ps polarity 0
net 62: (5 3)->(5 7) 3 1 0 1 #timing (1571 1482) ps  polarity 0
net 62: (5 7)->(7 5) 1 3 0 1 #timing (1757 1641) ps  polarity 1
net 62: (7 5)->(6 5) 0 2 0 1 #timing (1790 1915) ps  polarity 0
net 63: (7 9)->(7 9) 0 0 0 0 #timing (761 761) ps polarity 1
net 63: (7 9)->(5 11) 1 3 0 0 #timing (894 878) ps polarity 0
net 63: (5 11)->(5 7) 3 4 0 0 #timing (1226 1210) ps polarity 0
net 63: (5 7)->(9 7) 4 5 0 0 #timing (1601 1533) ps polarity 0
net 63: (9 7)->(9 5) 1 1 0 1 #timing (1774 1803) ps  polarity 1
net 63: (9 5)->(8 5) 0 2 0 1 #timing (1959 1926) ps  polarity 0
net 63: (7 9)->(6 9) 0 2 0 0 #timing (771 771) ps polarity 1
net 63: (6 9)->(6 9) 1 0 0 0 #timing (852 855) ps polarity 0
net 63: (6 9)->(6 5) 3 4 0 0 #timing (1167 1105) ps polarity 0
net 63: (6 5)->(6 5) 1 0 1 1 #timing (1387 1290) ps  polarity 1
net 63: (6 5)->(6 5) 0 0 0 1 #timing (1419 1505) ps  polarity 0
net 63: (6 5)->(10 5) 4 5 0 0 #timing (1512 1414) ps polarity 0
net 63: (10 5)->(8 7) 1 3 0 1 #timing (1697 1734) ps  polarity 1
net 63: (8 7)->(8 6) 0 1 0 1 #timing (1860 1841) ps  polarity 0
net 64: (6 9)->(7 8) 0 3 0 0 #timing (696 696) ps polarity 1
net 64: (7 8)->(5 10) 1 3 0 0 #timing (865 836) ps polarity 0
net 64: (5 10)->(5 6) 3 4 0 0 #timing (1185 1191) ps polarity 0
net 64: (5 6)->(7 4) 1 3 0 1 #timing (1472 1423) ps  polarity 1
net 64: (7 4)->(6 5) 0 3 0 1 #timing (1590 1639) ps  polarity 0
net 64: (5 6)->(9 6) 4 5 0 0 #timing (1566 1516) ps polarity 0
net 64: (9 6)->(9 6) 1 0 0 1 #timing (1712 1736) ps  polarity 1
net 64: (9 6)->(8 6) 0 2 0 1 #timing (1867 1831) ps  polarity 0
net 64: (9 6)->(9 4) 1 1 0 1 #timing (1755 1768) ps  polarity 1
net 64: (9 4)->(8 5) 0 3 0 1 #timing (1935 1907) ps  polarity 0
net 65: (10 3)->(10 3) 0 0 0 0 #timing (191 191) ps polarity 0
net 65: (10 3)->(10 3) 1 0 0 0 #timing (263 268) ps polarity 1
net 65: (10 3)->(6 3) 4 5 0 1 #timing (705 620) ps  polarity 1
net 65: (6 3)->(6 7) 3 1 0 1 #timing (981 850) ps  polarity 1
net 65: (6 7)->(6 7) 1 0 0 1 #timing (1093 962) ps  polarity 0
net 65: (6 7)->(7 6) 0 3 0 1 #timing (1095 1211) ps  polarity 1
net 66: (6 3)->(7 3) 0 2 0 0 #timing (801 801) ps polarity 1
net 66: (7 3)->(5 1) 1 3 0 0 #timing (970 937) ps polarity 0
net 66: (5 1)->(5 5) 3 1 0 0 #timing (1302 1285) ps polarity 0
net 66: (5 5)->(9 5) 4 5 0 0 #timing (1694 1614) ps polarity 0
net 66: (9 5)->(9 5) 1 0 0 1 #timing (1809 1863) ps  polarity 1
net 66: (9 5)->(8 4) 0 3 0 1 #timing (1949 1902) ps  polarity 0
net 67: (9 5)->(8 5) 0 2 0 0 #timing (227 227) ps polarity 1
net 67: (8 5)->(8 7) 1 1 0 0 #timing (342 333) ps polarity 0
net 67: (8 7)->(8 5) 1 1 0 1 #timing (618 570) ps  polarity 1
net 67: (8 5)->(8 4) 0 1 0 1 #timing (774 794) ps  polarity 0
net 70: (16 5)->(16 5) 0 0 0 0 #timing (161 161) ps polarity 1
net 70: (16 5)->(16 5) 1 0 0 0 #timing (236 239) ps polarity 0
net 70: (16 5)->(12 5) 4 5 0 0 #timing (564 501) ps polarity 0
net 70: (12 5)->(14 5) 1 2 0 1 #timing (750 774) ps  polarity 1
net 70: (14 5)->(14 4) 0 1 0 1 #timing (900 894) ps  polarity 0
net 74: (15 4)->(15 4) 0 0 0 0 #timing (637 637) ps polarity 1
net 74: (15 4)->(15 4) 1 0 0 0 #timing (708 713) ps polarity 0
net 74: (15 4)->(13 4) 1 2 0 1 #timing (968 922) ps  polarity 1
net 74: (13 4)->(13 5) 0 1 0 1 #timing (1101 1144) ps  polarity 0
net 74: (15 4)->(11 4) 4 2 0 0 #timing (966 935) ps polarity 0
net 74: (11 4)->(11 4) 1 0 1 1 #timing (1146 1148) ps  polarity 1
net 74: (11 4)->(11 4) 0 0 0 1 #timing (1296 1273) ps  polarity 0
net 74: (11 4)->(10 4) 0 2 0 1 #timing (1276 1263) ps  polarity 0
net 74: (11 4)->(10 5) 0 3 0 1 #timing (1313 1281) ps  polarity 0
net 74: (11 4)->(9 4) 1 2 0 1 #timing (1202 1186) ps  polarity 1
net 74: (9 4)->(9 5) 0 1 0 1 #timing (1370 1385) ps  polarity 0
net 74: (15 4)->(15 6) 1 1 0 0 #timing (740 737) ps polarity 0
net 74: (15 6)->(15 6) 1 0 0 1 #timing (961 933) ps  polarity 1
net 74: (15 6)->(15 6) 0 0 0 1 #timing (1039 1065) ps  polarity 0
net 74: (15 4)->(14 5) 0 3 0 0 #timing (653 653) ps polarity 1
net 74: (14 5)->(12 5) 1 2 0 0 #timing (811 784) ps polarity 0
net 74: (12 5)->(12 5) 1 0 0 1 #timing (1032 982) ps  polarity 1
net 74: (12 5)->(12 5) 0 0 0 1 #timing (1112 1150) ps  polarity 0
net 74: (12 5)->(12 4) 0 1 0 1 #timing (1093 1138) ps  polarity 0
net 74: (12 5)->(13 4) 0 3 0 1 #timing (1108 1147) ps  polarity 0
net 74: (12 5)->(16 5) 4 5 0 0 #timing (1068 1097) ps polarity 0
net 74: (16 5)->(16 5) 1 0 1 1 #timing (1296 1240) ps  polarity 1
net 74: (16 5)->(16 5) 0 0 0 1 #timing (1368 1414) ps  polarity 0
net 75: (16 6)->(16 6) 0 0 0 0 #timing (704 704) ps polarity 1
net 75: (16 6)->(16 6) 1 0 0 0 #timing (775 779) ps polarity 0
net 75: (16 6)->(16 4) 1 1 0 1 #timing (1026 983) ps  polarity 1
net 75: (16 4)->(16 5) 0 1 0 1 #timing (1141 1181) ps  polarity 0
net 75: (16 4)->(17 5) 0 3 0 1 #timing (1116 1167) ps  polarity 0
net 78: (9 6)->(9 6) 0 0 0 0 #timing (187 187) ps polarity 0
net 78: (9 6)->(9 4) 1 1 0 0 #timing (302 295) ps polarity 1
net 78: (9 4)->(9 0) 3 1 0 0 #timing (611 576) ps polarity 1
net 78: (9 0)->(9 0) 1 0 1 1 #timing (837 763) ps  polarity 0
net 78: (9 0)->(8 1) 0 3 0 1 #timing (929 969) ps  polarity 1
net 78: (9 6)->(9 7) 0 1 0 0 #timing (199 199) ps polarity 0
net 78: (9 7)->(9 7) 1 0 0 0 #timing (275 278) ps polarity 1
net 78: (9 7)->(9 7) 1 0 1 1 #timing (481 450) ps  polarity 0
net 78: (9 7)->(8 6) 0 3 0 1 #timing (602 608) ps  polarity 1
net 79: (11 3)->(10 3) 0 2 0 0 #timing (183 183) ps polarity 0
net 79: (10 3)->(8 1) 1 3 0 0 #timing (360 322) ps polarity 1
net 79: (8 1)->(8 5) 3 1 0 1 #timing (786 664) ps  polarity 1
net 79: (8 5)->(8 5) 1 0 0 1 #timing (892 775) ps  polarity 0
net 79: (8 5)->(8 5) 0 0 0 1 #timing (904 1010) ps  polarity 1
net 80: (8 6)->(9 6) 0 2 0 0 #timing (221 221) ps polarity 0
net 80: (9 6)->(9 6) 1 0 0 0 #timing (305 307) ps polarity 1
net 80: (9 6)->(5 6) 4 5 0 0 #timing (574 537) ps polarity 1
net 80: (5 6)->(5 6) 5 0 0 0 #timing (711 692) ps polarity 0
net 80: (5 6)->(5 23) 13 1 1 0 #timing (1307 1213) ps polarity 1
net 80: (5 23)->(5 31) 5 1 0 1 #timing (1750 1636) ps  polarity 0
net 80: (5 31)->(7 31) 1 2 0 1 #timing (1892 1954) ps  polarity 1
net 80: (7 31)->(6 31) 0 2 0 1 #timing (2079 2021) ps  polarity 0
net 84: (14 5)->(15 4) 0 3 0 0 #timing (182 182) ps polarity 1
net 84: (15 4)->(13 4) 1 2 0 0 #timing (324 306) ps polarity 0
net 84: (13 4)->(15 4) 1 2 0 1 #timing (603 546) ps  polarity 1
net 84: (15 4)->(14 4) 0 2 0 1 #timing (688 756) ps  polarity 0
net 84: (13 4)->(17 4) 4 5 0 0 #timing (652 646) ps polarity 0
net 84: (17 4)->(17 4) 1 0 1 1 #timing (838 820) ps  polarity 1
net 84: (17 4)->(16 4) 0 2 0 1 #timing (948 954) ps  polarity 0
net 88: (8 4)->(9 4) 0 2 0 0 #timing (214 214) ps polarity 0
net 88: (9 4)->(11 4) 1 2 0 0 #timing (334 327) ps polarity 1
net 88: (11 4)->(11 4) 5 0 1 0 #timing (455 508) ps polarity 0
net 88: (11 4)->(26 4) 13 2 1 0 #timing (1159 981) ps polarity 1
net 88: (26 4)->(26 4) 5 0 0 1 #timing (1404 1238) ps  polarity 1
net 88: (26 4)->(22 4) 4 5 0 1 #timing (1780 1552) ps  polarity 0
net 88: (22 4)->(22 0) 3 1 0 1 #timing (2202 1882) ps  polarity 0
net 88: (22 0)->(22 0) 1 0 1 1 #timing (2305 1990) ps  polarity 1
net 88: (22 0)->(23 0) 0 2 0 1 #timing (2094 2409) ps  polarity 0
net 89: (9 3)->(9 2) 0 1 0 0 #timing (827 827) ps polarity 1
net 89: (9 2)->(11 0) 1 3 0 0 #timing (1016 978) ps polarity 0
net 89: (11 0)->(7 0) 4 5 0 1 #timing (1596 1466) ps  polarity 0
net 89: (7 0)->(7 2) 1 1 0 1 #timing (1830 1660) ps  polarity 1
net 89: (7 2)->(6 3) 0 3 0 1 #timing (1830 1989) ps  polarity 0
net 90: (7 3)->(6 3) 0 2 0 0 #timing (771 771) ps polarity 1
net 90: (6 3)->(6 3) 1 0 0 0 #timing (853 855) ps polarity 0
net 90: (6 3)->(6 3) 1 0 0 1 #timing (1060 1027) ps  polarity 1
net 90: (6 3)->(6 3) 0 0 0 1 #timing (1135 1165) ps  polarity 0
