####   Post-Placement Resource Utilization Report   ####

                                                                  
   10 Logic 6-LUT RBBs                                            
         33 RBB LUTs utilized (up to 4 per RBB)                   
             3 of which are 6-input LUTs                          
             9 of which are dual 5-input LUTs                     
            42 LUTs total                                         
         31 RBB FFs utilized (up to 4 pairs per RBB)              
            28 of which are LUT-FF combination                    
             9 of which are dual-FFs                              
             1 of which are dual-LUT-dual-FF combination          
   7 I/O RBBs                                                     
          4  Input pins                                           
          5 Output pins                                           
          3 Input FFs utilized                                    
          2 Output FFs utilized                                   
   Usage of Logic RBBs is 8%.                                     
   Usage of LUTs is 6%.                                           
       dual-LUTs is 2%.                                           
   Usage of FF is 4%.                                             
       dual-FF is 2%.                                             
   Usage of IO RBB is 4%.                                         


 | ------------------------------------------------------------ | 
 | TILE X0Y0                                                    | 
 | 10 Logic 6-LUT RBBs                                          | 
 |       33 RBB LUTs utilized (up to 4 per RBB)                 | 
 |           3 of which are 6-input LUTs                        | 
 |           9 of which are dual 5-input LUTs                   | 
 |          42 LUTs total                                       | 
 |       31 RBB FFs utilized (up to 4 pairs per RBB)            | 
 |          28 of which are LUT-FF combination                  | 
 |           9 of which are dual-FFs                            | 
 |           1 of which are dual-LUT-dual-FF combination        | 
 | 7 I/O RBBs                                                   | 
 |        4  Input pins                                         | 
 |        5 Output pins                                         | 
 |        3 Input FFs utilized                                  | 
 |        2 Output FFs utilized                                 | 
 | Usage of Logic RBBs is 8%.                                   | 
 | Usage of LUTs is 6%.                                         | 
 |     dual-LUTs is 2%.                                         | 
 | Usage of FF is 4%.                                           | 
 |     dual-FF is 2%.                                           | 
 | Usage of IO RBB is 4%.                                       | 
 | ------------------------------------------------------------ | 
